<html>
<body>
<pre>
<h1>µVision Build Log</h1>
<h2>Tool Versions:</h2>
IDE-Version: ¦ÌVision V5.25.2.0
Copyright (C) 2018 ARM Ltd and ARM Germany GmbH. All rights reserved.
License Information: xiaoxiang jia, xihua, LIC=NQQMM-XI0AH-BSVYX-HGF6W-C1LVH-37P8E
 
Tool Versions:
Toolchain:       MDK-ARM Plus  Version: 5.25.2.0
Toolchain Path:  D:\tools\keil\ARM\ARMCC\Bin
C Compiler:      Armcc.exe V5.06 update 6 (build 750)
Assembler:       Armasm.exe V5.06 update 6 (build 750)
Linker/Locator:  ArmLink.exe V5.06 update 6 (build 750)
Library Manager: ArmAr.exe V5.06 update 6 (build 750)
Hex Converter:   FromElf.exe V5.06 update 6 (build 750)
CPU DLL:         SARMCM3.DLL V5.25.2.0
Dialog DLL:      DCM.DLL V1.17.1.0
Target DLL:      Segger\JL2CM3.dll V2.99.29.0
Dialog DLL:      TCM.DLL V1.35.1.0
 
<h2>Project:</h2>
G:\git_test\ShipLocation\HD-Vessel-Bootloader V1.0.0\USER\HD-Robot-Anchor.uvprojx
Project File Date:  12/10/2020

<h2>Output:</h2>
*** Using Compiler 'V5.06 update 6 (build 750)', folder: 'D:\tools\keil\ARM\ARMCC\Bin'
Build target 'HD-Robot-Anchor'
compiling system_stm32f4xx.c...
assembling startup_stm32f429xx.s...
compiling stm32f4xx_it.c...
compiling upgrade.c...
..\SYSTEM\sys\sys.h(126): warning:  #47-D: incompatible redefinition of macro "SYS_REBOOT"  (declared at line 7 of "..\USER\sys_Debug.h")
  #define SYS_REBOOT()\
..\HARDWARE\Libdw1000\libdw1000Reg.h(74): warning:  #1-D: last line of file ends without a newline
  #endif
.\DistanceHandle\DistanceHandle.h(36): warning:  #1-D: last line of file ends without a newline
  #endif  //!__DISTANCEHANDLE__H__
.\upgrade\upgrade.h(108): warning:  #1-D: last line of file ends without a newline
  #endif
upgrade\upgrade.h(108): warning:  #1-D: last line of file ends without a newline
  #endif
upgrade\upgrade.c(102): warning:  #177-D: variable "pData"  was declared but never referenced
  	uint8_t *pData = NULL;
upgrade\upgrade.c(103): warning:  #550-D: variable "temp_address"  was set but never used
  	uint32_t temp_address = 0;
upgrade\upgrade.c: 7 warnings, 0 errors
compiling main.c...
..\SYSTEM\sys\sys.h(126): warning:  #47-D: incompatible redefinition of macro "SYS_REBOOT"  (declared at line 7 of "sys_Debug.h")
  #define SYS_REBOOT()\
..\HARDWARE\Libdw1000\libdw1000Reg.h(74): warning:  #1-D: last line of file ends without a newline
  #endif
.\DistanceHandle\DistanceHandle.h(36): warning:  #1-D: last line of file ends without a newline
  #endif  //!__DISTANCEHANDLE__H__
.\upgrade\upgrade.h(108): warning:  #1-D: last line of file ends without a newline
  #endif
main.c: 4 warnings, 0 errors
compiling bsp_i2c_ee.c...
..\SYSTEM\sys\sys.h(126): warning:  #47-D: incompatible redefinition of macro "SYS_REBOOT"  (declared at line 7 of "..\USER\sys_Debug.h")
  #define SYS_REBOOT()\
..\HARDWARE\Libdw1000\libdw1000Reg.h(74): warning:  #1-D: last line of file ends without a newline
  #endif
.\DistanceHandle\DistanceHandle.h(36): warning:  #1-D: last line of file ends without a newline
  #endif  //!__DISTANCEHANDLE__H__
.\upgrade\upgrade.h(108): warning:  #1-D: last line of file ends without a newline
  #endif
..\HARDWARE\eeprom\bsp_i2c_ee.c: 4 warnings, 0 errors
compiling stm32f4xx_hal.c...
compiling stm32f4xx_hal_pwr_ex.c...
compiling stm32f4xx_hal_cortex.c...
compiling stm32f4xx_hal_pwr.c...
compiling stm32f4xx_hal_gpio.c...
compiling stm32f4xx_hal_uart.c...
compiling stm32f4xx_hal_rcc.c...
compiling stm32f4xx_hal_rcc_ex.c...
compiling stm32f4xx_hal_dma.c...
compiling stm32f4xx_hal_usart.c...
compiling stm32f4xx_hal_dma_ex.c...
compiling stm32f4xx_ll_fmc.c...
compiling stm32f4xx_hal_sram.c...
compiling stm32f4xx_hal_tim_ex.c...
compiling stm32f4xx_hal_tim.c...
compiling stm32f4xx_hal_sdram.c...
compiling stm32f4xx_hal_ltdc_ex.c...
compiling stm32f4xx_hal_dma2d.c...
compiling stm32f4xx_hal_ltdc.c...
compiling stm32f4xx_hal_eth.c...
compiling stm32f4xx_hal_spdifrx.c...
compiling stm32f4xx_hal_rtc.c...
compiling stm32f4xx_hal_adc_ex.c...
compiling stm32f4xx_hal_adc.c...
compiling stm32f4xx_hal_rtc_ex.c...
compiling stm32f4xx_hal_spi.c...
compiling stm32f4xx_hal_cec.c...
compiling stm32f4xx_hal_cryp.c...
compiling stm32f4xx_hal_crc.c...
compiling stm32f4xx_hal_can.c...
compiling stm32f4xx_hal_cryp_ex.c...
compiling stm32f4xx_hal_dac.c...
compiling stm32f4xx_hal_dac_ex.c...
compiling stm32f4xx_hal_dcmi_ex.c...
compiling stm32f4xx_hal_dcmi.c...
compiling stm32f4xx_hal_fmpi2c.c...
compiling stm32f4xx_hal_dsi.c...
compiling stm32f4xx_hal_flash_ramfunc.c...
compiling stm32f4xx_hal_flash.c...
compiling stm32f4xx_hal_flash_ex.c...
compiling stm32f4xx_hal_hash_ex.c...
compiling stm32f4xx_hal_hcd.c...
compiling stm32f4xx_hal_fmpi2c_ex.c...
compiling stm32f4xx_hal_hash.c...
compiling stm32f4xx_hal_i2c.c...
compiling stm32f4xx_hal_iwdg.c...
compiling stm32f4xx_hal_i2c_ex.c...
compiling stm32f4xx_hal_i2s.c...
compiling stm32f4xx_hal_irda.c...
compiling stm32f4xx_hal_i2s_ex.c...
compiling stm32f4xx_hal_nand.c...
compiling stm32f4xx_hal_lptim.c...
compiling stm32f4xx_hal_msp_template.c...
compiling stm32f4xx_hal_nor.c...
compiling stm32f4xx_hal_pccard.c...
compiling stm32f4xx_hal_pcd_ex.c...
compiling stm32f4xx_hal_qspi.c...
compiling stm32f4xx_hal_rng.c...
compiling stm32f4xx_hal_pcd.c...
compiling stm32f4xx_hal_sai.c...
compiling stm32f4xx_hal_wwdg.c...
compiling stm32f4xx_ll_fsmc.c...
compiling stm32f4xx_hal_sai_ex.c...
compiling stm32f4xx_hal_smartcard.c...
compiling stm32f4xx_hal_sd.c...
compiling stm32f4xx_ll_sdmmc.c...
compiling sys.c...
compiling stm32f4xx_ll_usb.c...
compiling delay.c...
compiling usart.c...
..\SYSTEM\usart\usart.c(93): warning:  #177-D: variable "data_to_write"  was declared but never referenced
      uint32_t data_to_write = data_length;
..\SYSTEM\usart\usart.c: 1 warning, 0 errors
compiling lan8720.c...
compiling malloc.c...
compiling stmflash.c...
..\SYSTEM\sys\sys.h(126): warning:  #47-D: incompatible redefinition of macro "SYS_REBOOT"  (declared at line 7 of "..\USER\sys_Debug.h")
  #define SYS_REBOOT()\
..\HARDWARE\Libdw1000\libdw1000Reg.h(74): warning:  #1-D: last line of file ends without a newline
  #endif
.\DistanceHandle\DistanceHandle.h(36): warning:  #1-D: last line of file ends without a newline
  #endif  //!__DISTANCEHANDLE__H__
.\upgrade\upgrade.h(108): warning:  #1-D: last line of file ends without a newline
  #endif
..\HARDWARE\stmflash\stmflash.c: 4 warnings, 0 errors
compiling timer.c...
..\SYSTEM\sys\sys.h(126): warning:  #47-D: incompatible redefinition of macro "SYS_REBOOT"  (declared at line 7 of "..\USER\sys_Debug.h")
  #define SYS_REBOOT()\
..\HARDWARE\Libdw1000\libdw1000Reg.h(74): warning:  #1-D: last line of file ends without a newline
  #endif
.\DistanceHandle\DistanceHandle.h(36): warning:  #1-D: last line of file ends without a newline
  #endif  //!__DISTANCEHANDLE__H__
.\upgrade\upgrade.h(108): warning:  #1-D: last line of file ends without a newline
  #endif
..\HARDWARE\TIMER\timer.c(36): warning:  #177-D: variable "sMasterConfig"  was declared but never referenced
    TIM_MasterConfigTypeDef sMasterConfig = {0};
..\HARDWARE\TIMER\timer.c: 5 warnings, 0 errors
compiling gpio.c...
..\SYSTEM\sys\sys.h(126): warning:  #47-D: incompatible redefinition of macro "SYS_REBOOT"  (declared at line 7 of "..\USER\sys_Debug.h")
  #define SYS_REBOOT()\
..\HARDWARE\Libdw1000\libdw1000Reg.h(74): warning:  #1-D: last line of file ends without a newline
  #endif
.\DistanceHandle\DistanceHandle.h(36): warning:  #1-D: last line of file ends without a newline
  #endif  //!__DISTANCEHANDLE__H__
.\upgrade\upgrade.h(108): warning:  #1-D: last line of file ends without a newline
  #endif
..\HARDWARE\gpio\gpio.c: 4 warnings, 0 errors
compiling fs.c...
compiling etharp.c...
compiling autoip.c...
compiling icmp.c...
compiling igmp.c...
compiling inet.c...
compiling inet_chksum.c...
compiling ip.c...
compiling ip_addr.c...
compiling ip_frag.c...
compiling lwip_comm.c...
..\USER\sys_Debug.h(7): warning:  #47-D: incompatible redefinition of macro "SYS_REBOOT"  (declared at line 126 of "..\SYSTEM\sys\sys.h")
  #define SYS_REBOOT()\
..\HARDWARE\Libdw1000\libdw1000Reg.h(74): warning:  #1-D: last line of file ends without a newline
  #endif
.\DistanceHandle\DistanceHandle.h(36): warning:  #1-D: last line of file ends without a newline
  #endif  //!__DISTANCEHANDLE__H__
.\upgrade\upgrade.h(108): warning:  #1-D: last line of file ends without a newline
  #endif
..\LWIP\lwip_app\lwip_comm\lwip_comm.c: 4 warnings, 0 errors
compiling udp_demo.c...
..\USER\sys_Debug.h(7): warning:  #47-D: incompatible redefinition of macro "SYS_REBOOT"  (declared at line 126 of "..\SYSTEM\sys\sys.h")
  #define SYS_REBOOT()\
..\HARDWARE\Libdw1000\libdw1000Reg.h(74): warning:  #1-D: last line of file ends without a newline
  #endif
.\DistanceHandle\DistanceHandle.h(36): warning:  #1-D: last line of file ends without a newline
  #endif  //!__DISTANCEHANDLE__H__
.\upgrade\upgrade.h(108): warning:  #1-D: last line of file ends without a newline
  #endif
..\LWIP\lwip_app\udp_demo\udp_demo.c: 4 warnings, 0 errors
compiling def.c...
compiling dhcp.c...
compiling dns.c...
compiling lwip_sys.c...
compiling init.c...
compiling mem.c...
compiling memp.c...
compiling netif.c...
compiling raw.c...
compiling pbuf.c...
compiling stats.c...
compiling ethernetif.c...
compiling tcp.c...
compiling timers.c...
compiling tcp_in.c...
compiling tcp_out.c...
compiling udp.c...
compiling api_lib.c...
compiling api_msg.c...
compiling err.c...
compiling netbuf.c...
compiling netdb.c...
compiling netifapi.c...
compiling sockets.c...
compiling tcpip.c...
compiling sys_arch.c...
..\SYSTEM\sys\sys.h(126): warning:  #47-D: incompatible redefinition of macro "SYS_REBOOT"  (declared at line 7 of "..\USER\sys_Debug.h")
  #define SYS_REBOOT()\
..\HARDWARE\Libdw1000\libdw1000Reg.h(74): warning:  #1-D: last line of file ends without a newline
  #endif
.\DistanceHandle\DistanceHandle.h(36): warning:  #1-D: last line of file ends without a newline
  #endif  //!__DISTANCEHANDLE__H__
.\upgrade\upgrade.h(108): warning:  #1-D: last line of file ends without a newline
  #endif
..\LWIP\arch\sys_arch.c: 4 warnings, 0 errors
linking...
Program Size: Code=54952 RO-data=928 RW-data=300 ZI-data=31701164  
FromELF: creating hex file...
After Build - User command #1: D:\tools\keil\ARM\ARMCC\bin\fromelf.exe --bin -o ..\output\HD-Vessel-AnchorBootloader.bin  ..\Output\HD-Vessel-AnchorBootloader.axf
"..\output\HD-Vessel-AnchorBootloader.axf" - 0 Error(s), 41 Warning(s).

<h2>Software Packages used:</h2>

Package Vendor: Keil
                http://www.keil.com/pack/Keil.STM32F4xx_DFP.2.12.0.pack
                Keil.STM32F4xx_DFP.2.12.0
                STMicroelectronics STM32F4 Series Device Support, Drivers and Examples

<h2>Collection of Component include folders:</h2>
  .\RTE\_HD-Robot-Anchor
  D:\tools\keil\ARM\PACK\Keil\STM32F4xx_DFP\2.12.0\Drivers\CMSIS\Device\ST\STM32F4xx\Include

<h2>Collection of Component Files used:</h2>
Build Time Elapsed:  00:00:45
</pre>
</body>
</html>
