<!doctype html public "-//w3c//dtd html 4.0 transitional//en">
<html><head>
<title>Static Call Graph - [..\output\HD-Vessel-AnchorBootloader.axf]</title></head>
<body><HR>
<H1>Static Call Graph for image ..\output\HD-Vessel-AnchorBootloader.axf</H1><HR>
<BR><P>#&#060CALLGRAPH&#062# ARM Linker, 5060750: Last Updated: Thu Dec 17 10:06:49 2020
<BR><P>
<H3>Maximum Stack Usage =        608 bytes + Unknown(Cycles, Untraceable Function Pointers)</H3><H3>
Call chain for Maximum Stack Depth:</H3>
ethernet_input &rArr; ip_input &rArr; tcp_input &rArr; tcp_listen_input &rArr; tcp_alloc &rArr; tcp_kill_prio &rArr; tcp_abort &rArr; tcp_abandon &rArr; tcp_pcb_remove &rArr; tcp_output &rArr; tcp_output_segment &rArr; ip_output &rArr; ip_output_if &rArr; ip_frag &rArr; pbuf_alloc &rArr; pbuf_free &rArr; mem_free &rArr; plug_holes &rArr; __2printf
<P>
<H3>
Mutually Recursive functions
</H3> <LI><a href="#[1e]">ADC_IRQHandler</a>&nbsp;&nbsp;&nbsp;&rArr;&nbsp;&nbsp;&nbsp;<a href="#[1e]">ADC_IRQHandler</a><BR>
</UL>
<P>
<H3>
Function Pointers
</H3><UL>
 <LI><a href="#[1e]">ADC_IRQHandler</a> from startup_stm32f429xx.o(.text) referenced from startup_stm32f429xx.o(RESET)
 <LI><a href="#[6]">BusFault_Handler</a> from stm32f4xx_it.o(i.BusFault_Handler) referenced from startup_stm32f429xx.o(RESET)
 <LI><a href="#[20]">CAN1_RX0_IRQHandler</a> from startup_stm32f429xx.o(.text) referenced from startup_stm32f429xx.o(RESET)
 <LI><a href="#[21]">CAN1_RX1_IRQHandler</a> from startup_stm32f429xx.o(.text) referenced from startup_stm32f429xx.o(RESET)
 <LI><a href="#[22]">CAN1_SCE_IRQHandler</a> from startup_stm32f429xx.o(.text) referenced from startup_stm32f429xx.o(RESET)
 <LI><a href="#[1f]">CAN1_TX_IRQHandler</a> from startup_stm32f429xx.o(.text) referenced from startup_stm32f429xx.o(RESET)
 <LI><a href="#[4c]">CAN2_RX0_IRQHandler</a> from startup_stm32f429xx.o(.text) referenced from startup_stm32f429xx.o(RESET)
 <LI><a href="#[4d]">CAN2_RX1_IRQHandler</a> from startup_stm32f429xx.o(.text) referenced from startup_stm32f429xx.o(RESET)
 <LI><a href="#[4e]">CAN2_SCE_IRQHandler</a> from startup_stm32f429xx.o(.text) referenced from startup_stm32f429xx.o(RESET)
 <LI><a href="#[4b]">CAN2_TX_IRQHandler</a> from startup_stm32f429xx.o(.text) referenced from startup_stm32f429xx.o(RESET)
 <LI><a href="#[5a]">DCMI_IRQHandler</a> from startup_stm32f429xx.o(.text) referenced from startup_stm32f429xx.o(RESET)
 <LI><a href="#[17]">DMA1_Stream0_IRQHandler</a> from startup_stm32f429xx.o(.text) referenced from startup_stm32f429xx.o(RESET)
 <LI><a href="#[18]">DMA1_Stream1_IRQHandler</a> from startup_stm32f429xx.o(.text) referenced from startup_stm32f429xx.o(RESET)
 <LI><a href="#[19]">DMA1_Stream2_IRQHandler</a> from startup_stm32f429xx.o(.text) referenced from startup_stm32f429xx.o(RESET)
 <LI><a href="#[1a]">DMA1_Stream3_IRQHandler</a> from startup_stm32f429xx.o(.text) referenced from startup_stm32f429xx.o(RESET)
 <LI><a href="#[1b]">DMA1_Stream4_IRQHandler</a> from startup_stm32f429xx.o(.text) referenced from startup_stm32f429xx.o(RESET)
 <LI><a href="#[1c]">DMA1_Stream5_IRQHandler</a> from startup_stm32f429xx.o(.text) referenced from startup_stm32f429xx.o(RESET)
 <LI><a href="#[1d]">DMA1_Stream6_IRQHandler</a> from startup_stm32f429xx.o(.text) referenced from startup_stm32f429xx.o(RESET)
 <LI><a href="#[3b]">DMA1_Stream7_IRQHandler</a> from startup_stm32f429xx.o(.text) referenced from startup_stm32f429xx.o(RESET)
 <LI><a href="#[65]">DMA2D_IRQHandler</a> from startup_stm32f429xx.o(.text) referenced from startup_stm32f429xx.o(RESET)
 <LI><a href="#[44]">DMA2_Stream0_IRQHandler</a> from startup_stm32f429xx.o(.text) referenced from startup_stm32f429xx.o(RESET)
 <LI><a href="#[45]">DMA2_Stream1_IRQHandler</a> from startup_stm32f429xx.o(.text) referenced from startup_stm32f429xx.o(RESET)
 <LI><a href="#[46]">DMA2_Stream2_IRQHandler</a> from startup_stm32f429xx.o(.text) referenced from startup_stm32f429xx.o(RESET)
 <LI><a href="#[47]">DMA2_Stream3_IRQHandler</a> from startup_stm32f429xx.o(.text) referenced from startup_stm32f429xx.o(RESET)
 <LI><a href="#[48]">DMA2_Stream4_IRQHandler</a> from startup_stm32f429xx.o(.text) referenced from startup_stm32f429xx.o(RESET)
 <LI><a href="#[50]">DMA2_Stream5_IRQHandler</a> from startup_stm32f429xx.o(.text) referenced from startup_stm32f429xx.o(RESET)
 <LI><a href="#[51]">DMA2_Stream6_IRQHandler</a> from startup_stm32f429xx.o(.text) referenced from startup_stm32f429xx.o(RESET)
 <LI><a href="#[52]">DMA2_Stream7_IRQHandler</a> from startup_stm32f429xx.o(.text) referenced from startup_stm32f429xx.o(RESET)
 <LI><a href="#[9]">DebugMon_Handler</a> from stm32f4xx_it.o(i.DebugMon_Handler) referenced from startup_stm32f429xx.o(RESET)
 <LI><a href="#[49]">ETH_IRQHandler</a> from lan8720.o(i.ETH_IRQHandler) referenced from startup_stm32f429xx.o(RESET)
 <LI><a href="#[4a]">ETH_WKUP_IRQHandler</a> from startup_stm32f429xx.o(.text) referenced from startup_stm32f429xx.o(RESET)
 <LI><a href="#[12]">EXTI0_IRQHandler</a> from startup_stm32f429xx.o(.text) referenced from startup_stm32f429xx.o(RESET)
 <LI><a href="#[34]">EXTI15_10_IRQHandler</a> from startup_stm32f429xx.o(.text) referenced from startup_stm32f429xx.o(RESET)
 <LI><a href="#[13]">EXTI1_IRQHandler</a> from startup_stm32f429xx.o(.text) referenced from startup_stm32f429xx.o(RESET)
 <LI><a href="#[14]">EXTI2_IRQHandler</a> from startup_stm32f429xx.o(.text) referenced from startup_stm32f429xx.o(RESET)
 <LI><a href="#[15]">EXTI3_IRQHandler</a> from startup_stm32f429xx.o(.text) referenced from startup_stm32f429xx.o(RESET)
 <LI><a href="#[16]">EXTI4_IRQHandler</a> from startup_stm32f429xx.o(.text) referenced from startup_stm32f429xx.o(RESET)
 <LI><a href="#[23]">EXTI9_5_IRQHandler</a> from stm32f4xx_it.o(i.EXTI9_5_IRQHandler) referenced from startup_stm32f429xx.o(RESET)
 <LI><a href="#[10]">FLASH_IRQHandler</a> from startup_stm32f429xx.o(.text) referenced from startup_stm32f429xx.o(RESET)
 <LI><a href="#[3c]">FMC_IRQHandler</a> from startup_stm32f429xx.o(.text) referenced from startup_stm32f429xx.o(RESET)
 <LI><a href="#[5c]">FPU_IRQHandler</a> from startup_stm32f429xx.o(.text) referenced from startup_stm32f429xx.o(RESET)
 <LI><a href="#[5b]">HASH_RNG_IRQHandler</a> from startup_stm32f429xx.o(.text) referenced from startup_stm32f429xx.o(RESET)
 <LI><a href="#[4]">HardFault_Handler</a> from stm32f4xx_it.o(i.HardFault_Handler) referenced from startup_stm32f429xx.o(RESET)
 <LI><a href="#[2c]">I2C1_ER_IRQHandler</a> from startup_stm32f429xx.o(.text) referenced from startup_stm32f429xx.o(RESET)
 <LI><a href="#[2b]">I2C1_EV_IRQHandler</a> from startup_stm32f429xx.o(.text) referenced from startup_stm32f429xx.o(RESET)
 <LI><a href="#[2e]">I2C2_ER_IRQHandler</a> from startup_stm32f429xx.o(.text) referenced from startup_stm32f429xx.o(RESET)
 <LI><a href="#[2d]">I2C2_EV_IRQHandler</a> from startup_stm32f429xx.o(.text) referenced from startup_stm32f429xx.o(RESET)
 <LI><a href="#[55]">I2C3_ER_IRQHandler</a> from startup_stm32f429xx.o(.text) referenced from startup_stm32f429xx.o(RESET)
 <LI><a href="#[54]">I2C3_EV_IRQHandler</a> from startup_stm32f429xx.o(.text) referenced from startup_stm32f429xx.o(RESET)
 <LI><a href="#[64]">LTDC_ER_IRQHandler</a> from startup_stm32f429xx.o(.text) referenced from startup_stm32f429xx.o(RESET)
 <LI><a href="#[63]">LTDC_IRQHandler</a> from startup_stm32f429xx.o(.text) referenced from startup_stm32f429xx.o(RESET)
 <LI><a href="#[5]">MemManage_Handler</a> from stm32f4xx_it.o(i.MemManage_Handler) referenced from startup_stm32f429xx.o(RESET)
 <LI><a href="#[3]">NMI_Handler</a> from stm32f4xx_it.o(i.NMI_Handler) referenced from startup_stm32f429xx.o(RESET)
 <LI><a href="#[4f]">OTG_FS_IRQHandler</a> from startup_stm32f429xx.o(.text) referenced from startup_stm32f429xx.o(RESET)
 <LI><a href="#[36]">OTG_FS_WKUP_IRQHandler</a> from startup_stm32f429xx.o(.text) referenced from startup_stm32f429xx.o(RESET)
 <LI><a href="#[57]">OTG_HS_EP1_IN_IRQHandler</a> from startup_stm32f429xx.o(.text) referenced from startup_stm32f429xx.o(RESET)
 <LI><a href="#[56]">OTG_HS_EP1_OUT_IRQHandler</a> from startup_stm32f429xx.o(.text) referenced from startup_stm32f429xx.o(RESET)
 <LI><a href="#[59]">OTG_HS_IRQHandler</a> from startup_stm32f429xx.o(.text) referenced from startup_stm32f429xx.o(RESET)
 <LI><a href="#[58]">OTG_HS_WKUP_IRQHandler</a> from startup_stm32f429xx.o(.text) referenced from startup_stm32f429xx.o(RESET)
 <LI><a href="#[d]">PVD_IRQHandler</a> from startup_stm32f429xx.o(.text) referenced from startup_stm32f429xx.o(RESET)
 <LI><a href="#[a]">PendSV_Handler</a> from stm32f4xx_it.o(i.PendSV_Handler) referenced from startup_stm32f429xx.o(RESET)
 <LI><a href="#[11]">RCC_IRQHandler</a> from startup_stm32f429xx.o(.text) referenced from startup_stm32f429xx.o(RESET)
 <LI><a href="#[35]">RTC_Alarm_IRQHandler</a> from startup_stm32f429xx.o(.text) referenced from startup_stm32f429xx.o(RESET)
 <LI><a href="#[f]">RTC_WKUP_IRQHandler</a> from startup_stm32f429xx.o(.text) referenced from startup_stm32f429xx.o(RESET)
 <LI><a href="#[2]">Reset_Handler</a> from startup_stm32f429xx.o(.text) referenced from startup_stm32f429xx.o(RESET)
 <LI><a href="#[62]">SAI1_IRQHandler</a> from startup_stm32f429xx.o(.text) referenced from startup_stm32f429xx.o(RESET)
 <LI><a href="#[3d]">SDIO_IRQHandler</a> from startup_stm32f429xx.o(.text) referenced from startup_stm32f429xx.o(RESET)
 <LI><a href="#[2f]">SPI1_IRQHandler</a> from startup_stm32f429xx.o(.text) referenced from startup_stm32f429xx.o(RESET)
 <LI><a href="#[30]">SPI2_IRQHandler</a> from startup_stm32f429xx.o(.text) referenced from startup_stm32f429xx.o(RESET)
 <LI><a href="#[3f]">SPI3_IRQHandler</a> from startup_stm32f429xx.o(.text) referenced from startup_stm32f429xx.o(RESET)
 <LI><a href="#[5f]">SPI4_IRQHandler</a> from startup_stm32f429xx.o(.text) referenced from startup_stm32f429xx.o(RESET)
 <LI><a href="#[60]">SPI5_IRQHandler</a> from startup_stm32f429xx.o(.text) referenced from startup_stm32f429xx.o(RESET)
 <LI><a href="#[61]">SPI6_IRQHandler</a> from startup_stm32f429xx.o(.text) referenced from startup_stm32f429xx.o(RESET)
 <LI><a href="#[8]">SVC_Handler</a> from stm32f4xx_it.o(i.SVC_Handler) referenced from startup_stm32f429xx.o(RESET)
 <LI><a href="#[b]">SysTick_Handler</a> from stm32f4xx_it.o(i.SysTick_Handler) referenced from startup_stm32f429xx.o(RESET)
 <LI><a href="#[67]">SystemInit</a> from system_stm32f4xx.o(i.SystemInit) referenced from startup_stm32f429xx.o(.text)
 <LI><a href="#[e]">TAMP_STAMP_IRQHandler</a> from startup_stm32f429xx.o(.text) referenced from startup_stm32f429xx.o(RESET)
 <LI><a href="#[24]">TIM1_BRK_TIM9_IRQHandler</a> from startup_stm32f429xx.o(.text) referenced from startup_stm32f429xx.o(RESET)
 <LI><a href="#[27]">TIM1_CC_IRQHandler</a> from startup_stm32f429xx.o(.text) referenced from startup_stm32f429xx.o(RESET)
 <LI><a href="#[26]">TIM1_TRG_COM_TIM11_IRQHandler</a> from startup_stm32f429xx.o(.text) referenced from startup_stm32f429xx.o(RESET)
 <LI><a href="#[25]">TIM1_UP_TIM10_IRQHandler</a> from startup_stm32f429xx.o(.text) referenced from startup_stm32f429xx.o(RESET)
 <LI><a href="#[28]">TIM2_IRQHandler</a> from startup_stm32f429xx.o(.text) referenced from startup_stm32f429xx.o(RESET)
 <LI><a href="#[29]">TIM3_IRQHandler</a> from timer.o(i.TIM3_IRQHandler) referenced from startup_stm32f429xx.o(RESET)
 <LI><a href="#[2a]">TIM4_IRQHandler</a> from startup_stm32f429xx.o(.text) referenced from startup_stm32f429xx.o(RESET)
 <LI><a href="#[3e]">TIM5_IRQHandler</a> from startup_stm32f429xx.o(.text) referenced from startup_stm32f429xx.o(RESET)
 <LI><a href="#[42]">TIM6_DAC_IRQHandler</a> from timer.o(i.TIM6_DAC_IRQHandler) referenced from startup_stm32f429xx.o(RESET)
 <LI><a href="#[43]">TIM7_IRQHandler</a> from startup_stm32f429xx.o(.text) referenced from startup_stm32f429xx.o(RESET)
 <LI><a href="#[37]">TIM8_BRK_TIM12_IRQHandler</a> from startup_stm32f429xx.o(.text) referenced from startup_stm32f429xx.o(RESET)
 <LI><a href="#[3a]">TIM8_CC_IRQHandler</a> from startup_stm32f429xx.o(.text) referenced from startup_stm32f429xx.o(RESET)
 <LI><a href="#[39]">TIM8_TRG_COM_TIM14_IRQHandler</a> from startup_stm32f429xx.o(.text) referenced from startup_stm32f429xx.o(RESET)
 <LI><a href="#[38]">TIM8_UP_TIM13_IRQHandler</a> from startup_stm32f429xx.o(.text) referenced from startup_stm32f429xx.o(RESET)
 <LI><a href="#[40]">UART4_IRQHandler</a> from startup_stm32f429xx.o(.text) referenced from startup_stm32f429xx.o(RESET)
 <LI><a href="#[41]">UART5_IRQHandler</a> from startup_stm32f429xx.o(.text) referenced from startup_stm32f429xx.o(RESET)
 <LI><a href="#[5d]">UART7_IRQHandler</a> from startup_stm32f429xx.o(.text) referenced from startup_stm32f429xx.o(RESET)
 <LI><a href="#[5e]">UART8_IRQHandler</a> from startup_stm32f429xx.o(.text) referenced from startup_stm32f429xx.o(RESET)
 <LI><a href="#[31]">USART1_IRQHandler</a> from startup_stm32f429xx.o(.text) referenced from startup_stm32f429xx.o(RESET)
 <LI><a href="#[32]">USART2_IRQHandler</a> from startup_stm32f429xx.o(.text) referenced from startup_stm32f429xx.o(RESET)
 <LI><a href="#[33]">USART3_IRQHandler</a> from startup_stm32f429xx.o(.text) referenced from startup_stm32f429xx.o(RESET)
 <LI><a href="#[53]">USART6_IRQHandler</a> from startup_stm32f429xx.o(.text) referenced from startup_stm32f429xx.o(RESET)
 <LI><a href="#[7]">UsageFault_Handler</a> from stm32f4xx_it.o(i.UsageFault_Handler) referenced from startup_stm32f429xx.o(RESET)
 <LI><a href="#[c]">WWDG_IRQHandler</a> from startup_stm32f429xx.o(.text) referenced from startup_stm32f429xx.o(RESET)
 <LI><a href="#[68]">__main</a> from entry.o(.ARM.Collect$$$$00000000) referenced from startup_stm32f429xx.o(.text)
 <LI><a href="#[6a]">arp_timer</a> from timers.o(i.arp_timer) referenced from timers.o(i.arp_timer)
 <LI><a href="#[6a]">arp_timer</a> from timers.o(i.arp_timer) referenced from timers.o(i.sys_timeouts_init)
 <LI><a href="#[6b]">etharp_output</a> from etharp.o(i.etharp_output) referenced from ethernetif.o(i.ethernetif_init)
 <LI><a href="#[6f]">ethernet_input</a> from etharp.o(i.ethernet_input) referenced from lwip_comm.o(i.lwip_comm_init)
 <LI><a href="#[70]">ethernetif_init</a> from ethernetif.o(i.ethernetif_init) referenced from lwip_comm.o(i.lwip_comm_init)
 <LI><a href="#[69]">fputc</a> from usart.o(i.fputc) referenced from printf5.o(i.__0printf$5)
 <LI><a href="#[6e]">ip_reass_timer</a> from timers.o(i.ip_reass_timer) referenced from timers.o(i.ip_reass_timer)
 <LI><a href="#[6e]">ip_reass_timer</a> from timers.o(i.ip_reass_timer) referenced from timers.o(i.sys_timeouts_init)
 <LI><a href="#[6d]">ipfrag_free_pbuf_custom</a> from ip_frag.o(i.ipfrag_free_pbuf_custom) referenced from ip_frag.o(i.ip_frag)
 <LI><a href="#[6c]">low_level_output</a> from ethernetif.o(i.low_level_output) referenced from ethernetif.o(i.ethernetif_init)
 <LI><a href="#[66]">main</a> from main.o(i.main) referenced from entry9a.o(.ARM.Collect$$$$0000000B)
 <LI><a href="#[0]">my_mem_init</a> from malloc.o(i.my_mem_init) referenced 2 times from malloc.o(.data)
 <LI><a href="#[1]">my_mem_perused</a> from malloc.o(i.my_mem_perused) referenced 2 times from malloc.o(.data)
 <LI><a href="#[71]">tcp_recv_null</a> from tcp.o(i.tcp_recv_null) referenced from tcp.o(i.tcp_alloc)
 <LI><a href="#[72]">tcpip_tcp_timer</a> from timers.o(i.tcpip_tcp_timer) referenced from timers.o(i.tcp_timer_needed)
 <LI><a href="#[72]">tcpip_tcp_timer</a> from timers.o(i.tcpip_tcp_timer) referenced from timers.o(i.tcpip_tcp_timer)
 <LI><a href="#[73]">udp_demo_recv</a> from udp_demo.o(i.udp_demo_recv) referenced from udp_demo.o(i.udp_create)
</UL>
<P>
<H3>
Global Symbols
</H3>
<P><STRONG><a name="[68]"></a>__main</STRONG> (Thumb, 0 bytes, Stack size unknown bytes, entry.o(.ARM.Collect$$$$00000000))
<BR>[Address Reference Count : 1]<UL><LI> startup_stm32f429xx.o(.text)
</UL>
<P><STRONG><a name="[187]"></a>_main_stk</STRONG> (Thumb, 0 bytes, Stack size unknown bytes, entry2.o(.ARM.Collect$$$$00000001))

<P><STRONG><a name="[74]"></a>_main_scatterload</STRONG> (Thumb, 0 bytes, Stack size unknown bytes, entry5.o(.ARM.Collect$$$$00000004))
<BR><BR>[Calls]<UL><LI><a href="#[75]">&gt;&gt;</a>&nbsp;&nbsp;&nbsp;__scatterload
</UL>

<P><STRONG><a name="[7c]"></a>__main_after_scatterload</STRONG> (Thumb, 0 bytes, Stack size unknown bytes, entry5.o(.ARM.Collect$$$$00000004))
<BR><BR>[Called By]<UL><LI><a href="#[75]">&gt;&gt;</a>&nbsp;&nbsp;&nbsp;__scatterload
</UL>

<P><STRONG><a name="[188]"></a>_main_clock</STRONG> (Thumb, 0 bytes, Stack size unknown bytes, entry7b.o(.ARM.Collect$$$$00000008))

<P><STRONG><a name="[189]"></a>_main_cpp_init</STRONG> (Thumb, 0 bytes, Stack size unknown bytes, entry8b.o(.ARM.Collect$$$$0000000A))

<P><STRONG><a name="[18a]"></a>_main_init</STRONG> (Thumb, 0 bytes, Stack size unknown bytes, entry9a.o(.ARM.Collect$$$$0000000B))

<P><STRONG><a name="[18b]"></a>__rt_final_cpp</STRONG> (Thumb, 0 bytes, Stack size unknown bytes, entry10a.o(.ARM.Collect$$$$0000000D))

<P><STRONG><a name="[18c]"></a>__rt_final_exit</STRONG> (Thumb, 0 bytes, Stack size unknown bytes, entry11a.o(.ARM.Collect$$$$0000000F))

<P><STRONG><a name="[81]"></a>MSR_MSP</STRONG> (Thumb, 6 bytes, Stack size 0 bytes, upgrade.o(.emb_text))
<BR><BR>[Called By]<UL><LI><a href="#[7d]">&gt;&gt;</a>&nbsp;&nbsp;&nbsp;BootLoad_to_App
</UL>

<P><STRONG><a name="[18d]"></a>WFI_SET</STRONG> (Thumb, 2 bytes, Stack size 0 bytes, sys.o(.emb_text), UNUSED)

<P><STRONG><a name="[da]"></a>INTX_DISABLE</STRONG> (Thumb, 4 bytes, Stack size 0 bytes, sys.o(.emb_text))
<BR><BR>[Called By]<UL><LI><a href="#[d9]">&gt;&gt;</a>&nbsp;&nbsp;&nbsp;LAN8720_Init
</UL>

<P><STRONG><a name="[dc]"></a>INTX_ENABLE</STRONG> (Thumb, 4 bytes, Stack size 0 bytes, sys.o(.emb_text))
<BR><BR>[Called By]<UL><LI><a href="#[d9]">&gt;&gt;</a>&nbsp;&nbsp;&nbsp;LAN8720_Init
</UL>

<P><STRONG><a name="[2]"></a>Reset_Handler</STRONG> (Thumb, 8 bytes, Stack size 0 bytes, startup_stm32f429xx.o(.text))
<BR>[Address Reference Count : 1]<UL><LI> startup_stm32f429xx.o(RESET)
</UL>
<P><STRONG><a name="[1e]"></a>ADC_IRQHandler</STRONG> (Thumb, 0 bytes, Stack size 0 bytes, startup_stm32f429xx.o(.text))
<BR><BR>[Calls]<UL><LI><a href="#[1e]">&gt;&gt;</a>&nbsp;&nbsp;&nbsp;ADC_IRQHandler
</UL>
<BR>[Called By]<UL><LI><a href="#[1e]">&gt;&gt;</a>&nbsp;&nbsp;&nbsp;ADC_IRQHandler
</UL>
<BR>[Address Reference Count : 1]<UL><LI> startup_stm32f429xx.o(RESET)
</UL>
<P><STRONG><a name="[20]"></a>CAN1_RX0_IRQHandler</STRONG> (Thumb, 0 bytes, Stack size 0 bytes, startup_stm32f429xx.o(.text))
<BR>[Address Reference Count : 1]<UL><LI> startup_stm32f429xx.o(RESET)
</UL>
<P><STRONG><a name="[21]"></a>CAN1_RX1_IRQHandler</STRONG> (Thumb, 0 bytes, Stack size 0 bytes, startup_stm32f429xx.o(.text))
<BR>[Address Reference Count : 1]<UL><LI> startup_stm32f429xx.o(RESET)
</UL>
<P><STRONG><a name="[22]"></a>CAN1_SCE_IRQHandler</STRONG> (Thumb, 0 bytes, Stack size 0 bytes, startup_stm32f429xx.o(.text))
<BR>[Address Reference Count : 1]<UL><LI> startup_stm32f429xx.o(RESET)
</UL>
<P><STRONG><a name="[1f]"></a>CAN1_TX_IRQHandler</STRONG> (Thumb, 0 bytes, Stack size 0 bytes, startup_stm32f429xx.o(.text))
<BR>[Address Reference Count : 1]<UL><LI> startup_stm32f429xx.o(RESET)
</UL>
<P><STRONG><a name="[4c]"></a>CAN2_RX0_IRQHandler</STRONG> (Thumb, 0 bytes, Stack size 0 bytes, startup_stm32f429xx.o(.text))
<BR>[Address Reference Count : 1]<UL><LI> startup_stm32f429xx.o(RESET)
</UL>
<P><STRONG><a name="[4d]"></a>CAN2_RX1_IRQHandler</STRONG> (Thumb, 0 bytes, Stack size 0 bytes, startup_stm32f429xx.o(.text))
<BR>[Address Reference Count : 1]<UL><LI> startup_stm32f429xx.o(RESET)
</UL>
<P><STRONG><a name="[4e]"></a>CAN2_SCE_IRQHandler</STRONG> (Thumb, 0 bytes, Stack size 0 bytes, startup_stm32f429xx.o(.text))
<BR>[Address Reference Count : 1]<UL><LI> startup_stm32f429xx.o(RESET)
</UL>
<P><STRONG><a name="[4b]"></a>CAN2_TX_IRQHandler</STRONG> (Thumb, 0 bytes, Stack size 0 bytes, startup_stm32f429xx.o(.text))
<BR>[Address Reference Count : 1]<UL><LI> startup_stm32f429xx.o(RESET)
</UL>
<P><STRONG><a name="[5a]"></a>DCMI_IRQHandler</STRONG> (Thumb, 0 bytes, Stack size 0 bytes, startup_stm32f429xx.o(.text))
<BR>[Address Reference Count : 1]<UL><LI> startup_stm32f429xx.o(RESET)
</UL>
<P><STRONG><a name="[17]"></a>DMA1_Stream0_IRQHandler</STRONG> (Thumb, 0 bytes, Stack size 0 bytes, startup_stm32f429xx.o(.text))
<BR>[Address Reference Count : 1]<UL><LI> startup_stm32f429xx.o(RESET)
</UL>
<P><STRONG><a name="[18]"></a>DMA1_Stream1_IRQHandler</STRONG> (Thumb, 0 bytes, Stack size 0 bytes, startup_stm32f429xx.o(.text))
<BR>[Address Reference Count : 1]<UL><LI> startup_stm32f429xx.o(RESET)
</UL>
<P><STRONG><a name="[19]"></a>DMA1_Stream2_IRQHandler</STRONG> (Thumb, 0 bytes, Stack size 0 bytes, startup_stm32f429xx.o(.text))
<BR>[Address Reference Count : 1]<UL><LI> startup_stm32f429xx.o(RESET)
</UL>
<P><STRONG><a name="[1a]"></a>DMA1_Stream3_IRQHandler</STRONG> (Thumb, 0 bytes, Stack size 0 bytes, startup_stm32f429xx.o(.text))
<BR>[Address Reference Count : 1]<UL><LI> startup_stm32f429xx.o(RESET)
</UL>
<P><STRONG><a name="[1b]"></a>DMA1_Stream4_IRQHandler</STRONG> (Thumb, 0 bytes, Stack size 0 bytes, startup_stm32f429xx.o(.text))
<BR>[Address Reference Count : 1]<UL><LI> startup_stm32f429xx.o(RESET)
</UL>
<P><STRONG><a name="[1c]"></a>DMA1_Stream5_IRQHandler</STRONG> (Thumb, 0 bytes, Stack size 0 bytes, startup_stm32f429xx.o(.text))
<BR>[Address Reference Count : 1]<UL><LI> startup_stm32f429xx.o(RESET)
</UL>
<P><STRONG><a name="[1d]"></a>DMA1_Stream6_IRQHandler</STRONG> (Thumb, 0 bytes, Stack size 0 bytes, startup_stm32f429xx.o(.text))
<BR>[Address Reference Count : 1]<UL><LI> startup_stm32f429xx.o(RESET)
</UL>
<P><STRONG><a name="[3b]"></a>DMA1_Stream7_IRQHandler</STRONG> (Thumb, 0 bytes, Stack size 0 bytes, startup_stm32f429xx.o(.text))
<BR>[Address Reference Count : 1]<UL><LI> startup_stm32f429xx.o(RESET)
</UL>
<P><STRONG><a name="[65]"></a>DMA2D_IRQHandler</STRONG> (Thumb, 0 bytes, Stack size 0 bytes, startup_stm32f429xx.o(.text))
<BR>[Address Reference Count : 1]<UL><LI> startup_stm32f429xx.o(RESET)
</UL>
<P><STRONG><a name="[44]"></a>DMA2_Stream0_IRQHandler</STRONG> (Thumb, 0 bytes, Stack size 0 bytes, startup_stm32f429xx.o(.text))
<BR>[Address Reference Count : 1]<UL><LI> startup_stm32f429xx.o(RESET)
</UL>
<P><STRONG><a name="[45]"></a>DMA2_Stream1_IRQHandler</STRONG> (Thumb, 0 bytes, Stack size 0 bytes, startup_stm32f429xx.o(.text))
<BR>[Address Reference Count : 1]<UL><LI> startup_stm32f429xx.o(RESET)
</UL>
<P><STRONG><a name="[46]"></a>DMA2_Stream2_IRQHandler</STRONG> (Thumb, 0 bytes, Stack size 0 bytes, startup_stm32f429xx.o(.text))
<BR>[Address Reference Count : 1]<UL><LI> startup_stm32f429xx.o(RESET)
</UL>
<P><STRONG><a name="[47]"></a>DMA2_Stream3_IRQHandler</STRONG> (Thumb, 0 bytes, Stack size 0 bytes, startup_stm32f429xx.o(.text))
<BR>[Address Reference Count : 1]<UL><LI> startup_stm32f429xx.o(RESET)
</UL>
<P><STRONG><a name="[48]"></a>DMA2_Stream4_IRQHandler</STRONG> (Thumb, 0 bytes, Stack size 0 bytes, startup_stm32f429xx.o(.text))
<BR>[Address Reference Count : 1]<UL><LI> startup_stm32f429xx.o(RESET)
</UL>
<P><STRONG><a name="[50]"></a>DMA2_Stream5_IRQHandler</STRONG> (Thumb, 0 bytes, Stack size 0 bytes, startup_stm32f429xx.o(.text))
<BR>[Address Reference Count : 1]<UL><LI> startup_stm32f429xx.o(RESET)
</UL>
<P><STRONG><a name="[51]"></a>DMA2_Stream6_IRQHandler</STRONG> (Thumb, 0 bytes, Stack size 0 bytes, startup_stm32f429xx.o(.text))
<BR>[Address Reference Count : 1]<UL><LI> startup_stm32f429xx.o(RESET)
</UL>
<P><STRONG><a name="[52]"></a>DMA2_Stream7_IRQHandler</STRONG> (Thumb, 0 bytes, Stack size 0 bytes, startup_stm32f429xx.o(.text))
<BR>[Address Reference Count : 1]<UL><LI> startup_stm32f429xx.o(RESET)
</UL>
<P><STRONG><a name="[4a]"></a>ETH_WKUP_IRQHandler</STRONG> (Thumb, 0 bytes, Stack size 0 bytes, startup_stm32f429xx.o(.text))
<BR>[Address Reference Count : 1]<UL><LI> startup_stm32f429xx.o(RESET)
</UL>
<P><STRONG><a name="[12]"></a>EXTI0_IRQHandler</STRONG> (Thumb, 0 bytes, Stack size 0 bytes, startup_stm32f429xx.o(.text))
<BR>[Address Reference Count : 1]<UL><LI> startup_stm32f429xx.o(RESET)
</UL>
<P><STRONG><a name="[34]"></a>EXTI15_10_IRQHandler</STRONG> (Thumb, 0 bytes, Stack size 0 bytes, startup_stm32f429xx.o(.text))
<BR>[Address Reference Count : 1]<UL><LI> startup_stm32f429xx.o(RESET)
</UL>
<P><STRONG><a name="[13]"></a>EXTI1_IRQHandler</STRONG> (Thumb, 0 bytes, Stack size 0 bytes, startup_stm32f429xx.o(.text))
<BR>[Address Reference Count : 1]<UL><LI> startup_stm32f429xx.o(RESET)
</UL>
<P><STRONG><a name="[14]"></a>EXTI2_IRQHandler</STRONG> (Thumb, 0 bytes, Stack size 0 bytes, startup_stm32f429xx.o(.text))
<BR>[Address Reference Count : 1]<UL><LI> startup_stm32f429xx.o(RESET)
</UL>
<P><STRONG><a name="[15]"></a>EXTI3_IRQHandler</STRONG> (Thumb, 0 bytes, Stack size 0 bytes, startup_stm32f429xx.o(.text))
<BR>[Address Reference Count : 1]<UL><LI> startup_stm32f429xx.o(RESET)
</UL>
<P><STRONG><a name="[16]"></a>EXTI4_IRQHandler</STRONG> (Thumb, 0 bytes, Stack size 0 bytes, startup_stm32f429xx.o(.text))
<BR>[Address Reference Count : 1]<UL><LI> startup_stm32f429xx.o(RESET)
</UL>
<P><STRONG><a name="[10]"></a>FLASH_IRQHandler</STRONG> (Thumb, 0 bytes, Stack size 0 bytes, startup_stm32f429xx.o(.text))
<BR>[Address Reference Count : 1]<UL><LI> startup_stm32f429xx.o(RESET)
</UL>
<P><STRONG><a name="[3c]"></a>FMC_IRQHandler</STRONG> (Thumb, 0 bytes, Stack size 0 bytes, startup_stm32f429xx.o(.text))
<BR>[Address Reference Count : 1]<UL><LI> startup_stm32f429xx.o(RESET)
</UL>
<P><STRONG><a name="[5c]"></a>FPU_IRQHandler</STRONG> (Thumb, 0 bytes, Stack size 0 bytes, startup_stm32f429xx.o(.text))
<BR>[Address Reference Count : 1]<UL><LI> startup_stm32f429xx.o(RESET)
</UL>
<P><STRONG><a name="[5b]"></a>HASH_RNG_IRQHandler</STRONG> (Thumb, 0 bytes, Stack size 0 bytes, startup_stm32f429xx.o(.text))
<BR>[Address Reference Count : 1]<UL><LI> startup_stm32f429xx.o(RESET)
</UL>
<P><STRONG><a name="[2c]"></a>I2C1_ER_IRQHandler</STRONG> (Thumb, 0 bytes, Stack size 0 bytes, startup_stm32f429xx.o(.text))
<BR>[Address Reference Count : 1]<UL><LI> startup_stm32f429xx.o(RESET)
</UL>
<P><STRONG><a name="[2b]"></a>I2C1_EV_IRQHandler</STRONG> (Thumb, 0 bytes, Stack size 0 bytes, startup_stm32f429xx.o(.text))
<BR>[Address Reference Count : 1]<UL><LI> startup_stm32f429xx.o(RESET)
</UL>
<P><STRONG><a name="[2e]"></a>I2C2_ER_IRQHandler</STRONG> (Thumb, 0 bytes, Stack size 0 bytes, startup_stm32f429xx.o(.text))
<BR>[Address Reference Count : 1]<UL><LI> startup_stm32f429xx.o(RESET)
</UL>
<P><STRONG><a name="[2d]"></a>I2C2_EV_IRQHandler</STRONG> (Thumb, 0 bytes, Stack size 0 bytes, startup_stm32f429xx.o(.text))
<BR>[Address Reference Count : 1]<UL><LI> startup_stm32f429xx.o(RESET)
</UL>
<P><STRONG><a name="[55]"></a>I2C3_ER_IRQHandler</STRONG> (Thumb, 0 bytes, Stack size 0 bytes, startup_stm32f429xx.o(.text))
<BR>[Address Reference Count : 1]<UL><LI> startup_stm32f429xx.o(RESET)
</UL>
<P><STRONG><a name="[54]"></a>I2C3_EV_IRQHandler</STRONG> (Thumb, 0 bytes, Stack size 0 bytes, startup_stm32f429xx.o(.text))
<BR>[Address Reference Count : 1]<UL><LI> startup_stm32f429xx.o(RESET)
</UL>
<P><STRONG><a name="[64]"></a>LTDC_ER_IRQHandler</STRONG> (Thumb, 0 bytes, Stack size 0 bytes, startup_stm32f429xx.o(.text))
<BR>[Address Reference Count : 1]<UL><LI> startup_stm32f429xx.o(RESET)
</UL>
<P><STRONG><a name="[63]"></a>LTDC_IRQHandler</STRONG> (Thumb, 0 bytes, Stack size 0 bytes, startup_stm32f429xx.o(.text))
<BR>[Address Reference Count : 1]<UL><LI> startup_stm32f429xx.o(RESET)
</UL>
<P><STRONG><a name="[4f]"></a>OTG_FS_IRQHandler</STRONG> (Thumb, 0 bytes, Stack size 0 bytes, startup_stm32f429xx.o(.text))
<BR>[Address Reference Count : 1]<UL><LI> startup_stm32f429xx.o(RESET)
</UL>
<P><STRONG><a name="[36]"></a>OTG_FS_WKUP_IRQHandler</STRONG> (Thumb, 0 bytes, Stack size 0 bytes, startup_stm32f429xx.o(.text))
<BR>[Address Reference Count : 1]<UL><LI> startup_stm32f429xx.o(RESET)
</UL>
<P><STRONG><a name="[57]"></a>OTG_HS_EP1_IN_IRQHandler</STRONG> (Thumb, 0 bytes, Stack size 0 bytes, startup_stm32f429xx.o(.text))
<BR>[Address Reference Count : 1]<UL><LI> startup_stm32f429xx.o(RESET)
</UL>
<P><STRONG><a name="[56]"></a>OTG_HS_EP1_OUT_IRQHandler</STRONG> (Thumb, 0 bytes, Stack size 0 bytes, startup_stm32f429xx.o(.text))
<BR>[Address Reference Count : 1]<UL><LI> startup_stm32f429xx.o(RESET)
</UL>
<P><STRONG><a name="[59]"></a>OTG_HS_IRQHandler</STRONG> (Thumb, 0 bytes, Stack size 0 bytes, startup_stm32f429xx.o(.text))
<BR>[Address Reference Count : 1]<UL><LI> startup_stm32f429xx.o(RESET)
</UL>
<P><STRONG><a name="[58]"></a>OTG_HS_WKUP_IRQHandler</STRONG> (Thumb, 0 bytes, Stack size 0 bytes, startup_stm32f429xx.o(.text))
<BR>[Address Reference Count : 1]<UL><LI> startup_stm32f429xx.o(RESET)
</UL>
<P><STRONG><a name="[d]"></a>PVD_IRQHandler</STRONG> (Thumb, 0 bytes, Stack size 0 bytes, startup_stm32f429xx.o(.text))
<BR>[Address Reference Count : 1]<UL><LI> startup_stm32f429xx.o(RESET)
</UL>
<P><STRONG><a name="[11]"></a>RCC_IRQHandler</STRONG> (Thumb, 0 bytes, Stack size 0 bytes, startup_stm32f429xx.o(.text))
<BR>[Address Reference Count : 1]<UL><LI> startup_stm32f429xx.o(RESET)
</UL>
<P><STRONG><a name="[35]"></a>RTC_Alarm_IRQHandler</STRONG> (Thumb, 0 bytes, Stack size 0 bytes, startup_stm32f429xx.o(.text))
<BR>[Address Reference Count : 1]<UL><LI> startup_stm32f429xx.o(RESET)
</UL>
<P><STRONG><a name="[f]"></a>RTC_WKUP_IRQHandler</STRONG> (Thumb, 0 bytes, Stack size 0 bytes, startup_stm32f429xx.o(.text))
<BR>[Address Reference Count : 1]<UL><LI> startup_stm32f429xx.o(RESET)
</UL>
<P><STRONG><a name="[62]"></a>SAI1_IRQHandler</STRONG> (Thumb, 0 bytes, Stack size 0 bytes, startup_stm32f429xx.o(.text))
<BR>[Address Reference Count : 1]<UL><LI> startup_stm32f429xx.o(RESET)
</UL>
<P><STRONG><a name="[3d]"></a>SDIO_IRQHandler</STRONG> (Thumb, 0 bytes, Stack size 0 bytes, startup_stm32f429xx.o(.text))
<BR>[Address Reference Count : 1]<UL><LI> startup_stm32f429xx.o(RESET)
</UL>
<P><STRONG><a name="[2f]"></a>SPI1_IRQHandler</STRONG> (Thumb, 0 bytes, Stack size 0 bytes, startup_stm32f429xx.o(.text))
<BR>[Address Reference Count : 1]<UL><LI> startup_stm32f429xx.o(RESET)
</UL>
<P><STRONG><a name="[30]"></a>SPI2_IRQHandler</STRONG> (Thumb, 0 bytes, Stack size 0 bytes, startup_stm32f429xx.o(.text))
<BR>[Address Reference Count : 1]<UL><LI> startup_stm32f429xx.o(RESET)
</UL>
<P><STRONG><a name="[3f]"></a>SPI3_IRQHandler</STRONG> (Thumb, 0 bytes, Stack size 0 bytes, startup_stm32f429xx.o(.text))
<BR>[Address Reference Count : 1]<UL><LI> startup_stm32f429xx.o(RESET)
</UL>
<P><STRONG><a name="[5f]"></a>SPI4_IRQHandler</STRONG> (Thumb, 0 bytes, Stack size 0 bytes, startup_stm32f429xx.o(.text))
<BR>[Address Reference Count : 1]<UL><LI> startup_stm32f429xx.o(RESET)
</UL>
<P><STRONG><a name="[60]"></a>SPI5_IRQHandler</STRONG> (Thumb, 0 bytes, Stack size 0 bytes, startup_stm32f429xx.o(.text))
<BR>[Address Reference Count : 1]<UL><LI> startup_stm32f429xx.o(RESET)
</UL>
<P><STRONG><a name="[61]"></a>SPI6_IRQHandler</STRONG> (Thumb, 0 bytes, Stack size 0 bytes, startup_stm32f429xx.o(.text))
<BR>[Address Reference Count : 1]<UL><LI> startup_stm32f429xx.o(RESET)
</UL>
<P><STRONG><a name="[e]"></a>TAMP_STAMP_IRQHandler</STRONG> (Thumb, 0 bytes, Stack size 0 bytes, startup_stm32f429xx.o(.text))
<BR>[Address Reference Count : 1]<UL><LI> startup_stm32f429xx.o(RESET)
</UL>
<P><STRONG><a name="[24]"></a>TIM1_BRK_TIM9_IRQHandler</STRONG> (Thumb, 0 bytes, Stack size 0 bytes, startup_stm32f429xx.o(.text))
<BR>[Address Reference Count : 1]<UL><LI> startup_stm32f429xx.o(RESET)
</UL>
<P><STRONG><a name="[27]"></a>TIM1_CC_IRQHandler</STRONG> (Thumb, 0 bytes, Stack size 0 bytes, startup_stm32f429xx.o(.text))
<BR>[Address Reference Count : 1]<UL><LI> startup_stm32f429xx.o(RESET)
</UL>
<P><STRONG><a name="[26]"></a>TIM1_TRG_COM_TIM11_IRQHandler</STRONG> (Thumb, 0 bytes, Stack size 0 bytes, startup_stm32f429xx.o(.text))
<BR>[Address Reference Count : 1]<UL><LI> startup_stm32f429xx.o(RESET)
</UL>
<P><STRONG><a name="[25]"></a>TIM1_UP_TIM10_IRQHandler</STRONG> (Thumb, 0 bytes, Stack size 0 bytes, startup_stm32f429xx.o(.text))
<BR>[Address Reference Count : 1]<UL><LI> startup_stm32f429xx.o(RESET)
</UL>
<P><STRONG><a name="[28]"></a>TIM2_IRQHandler</STRONG> (Thumb, 0 bytes, Stack size 0 bytes, startup_stm32f429xx.o(.text))
<BR>[Address Reference Count : 1]<UL><LI> startup_stm32f429xx.o(RESET)
</UL>
<P><STRONG><a name="[2a]"></a>TIM4_IRQHandler</STRONG> (Thumb, 0 bytes, Stack size 0 bytes, startup_stm32f429xx.o(.text))
<BR>[Address Reference Count : 1]<UL><LI> startup_stm32f429xx.o(RESET)
</UL>
<P><STRONG><a name="[3e]"></a>TIM5_IRQHandler</STRONG> (Thumb, 0 bytes, Stack size 0 bytes, startup_stm32f429xx.o(.text))
<BR>[Address Reference Count : 1]<UL><LI> startup_stm32f429xx.o(RESET)
</UL>
<P><STRONG><a name="[43]"></a>TIM7_IRQHandler</STRONG> (Thumb, 0 bytes, Stack size 0 bytes, startup_stm32f429xx.o(.text))
<BR>[Address Reference Count : 1]<UL><LI> startup_stm32f429xx.o(RESET)
</UL>
<P><STRONG><a name="[37]"></a>TIM8_BRK_TIM12_IRQHandler</STRONG> (Thumb, 0 bytes, Stack size 0 bytes, startup_stm32f429xx.o(.text))
<BR>[Address Reference Count : 1]<UL><LI> startup_stm32f429xx.o(RESET)
</UL>
<P><STRONG><a name="[3a]"></a>TIM8_CC_IRQHandler</STRONG> (Thumb, 0 bytes, Stack size 0 bytes, startup_stm32f429xx.o(.text))
<BR>[Address Reference Count : 1]<UL><LI> startup_stm32f429xx.o(RESET)
</UL>
<P><STRONG><a name="[39]"></a>TIM8_TRG_COM_TIM14_IRQHandler</STRONG> (Thumb, 0 bytes, Stack size 0 bytes, startup_stm32f429xx.o(.text))
<BR>[Address Reference Count : 1]<UL><LI> startup_stm32f429xx.o(RESET)
</UL>
<P><STRONG><a name="[38]"></a>TIM8_UP_TIM13_IRQHandler</STRONG> (Thumb, 0 bytes, Stack size 0 bytes, startup_stm32f429xx.o(.text))
<BR>[Address Reference Count : 1]<UL><LI> startup_stm32f429xx.o(RESET)
</UL>
<P><STRONG><a name="[40]"></a>UART4_IRQHandler</STRONG> (Thumb, 0 bytes, Stack size 0 bytes, startup_stm32f429xx.o(.text))
<BR>[Address Reference Count : 1]<UL><LI> startup_stm32f429xx.o(RESET)
</UL>
<P><STRONG><a name="[41]"></a>UART5_IRQHandler</STRONG> (Thumb, 0 bytes, Stack size 0 bytes, startup_stm32f429xx.o(.text))
<BR>[Address Reference Count : 1]<UL><LI> startup_stm32f429xx.o(RESET)
</UL>
<P><STRONG><a name="[5d]"></a>UART7_IRQHandler</STRONG> (Thumb, 0 bytes, Stack size 0 bytes, startup_stm32f429xx.o(.text))
<BR>[Address Reference Count : 1]<UL><LI> startup_stm32f429xx.o(RESET)
</UL>
<P><STRONG><a name="[5e]"></a>UART8_IRQHandler</STRONG> (Thumb, 0 bytes, Stack size 0 bytes, startup_stm32f429xx.o(.text))
<BR>[Address Reference Count : 1]<UL><LI> startup_stm32f429xx.o(RESET)
</UL>
<P><STRONG><a name="[31]"></a>USART1_IRQHandler</STRONG> (Thumb, 0 bytes, Stack size 0 bytes, startup_stm32f429xx.o(.text))
<BR>[Address Reference Count : 1]<UL><LI> startup_stm32f429xx.o(RESET)
</UL>
<P><STRONG><a name="[32]"></a>USART2_IRQHandler</STRONG> (Thumb, 0 bytes, Stack size 0 bytes, startup_stm32f429xx.o(.text))
<BR>[Address Reference Count : 1]<UL><LI> startup_stm32f429xx.o(RESET)
</UL>
<P><STRONG><a name="[33]"></a>USART3_IRQHandler</STRONG> (Thumb, 0 bytes, Stack size 0 bytes, startup_stm32f429xx.o(.text))
<BR>[Address Reference Count : 1]<UL><LI> startup_stm32f429xx.o(RESET)
</UL>
<P><STRONG><a name="[53]"></a>USART6_IRQHandler</STRONG> (Thumb, 0 bytes, Stack size 0 bytes, startup_stm32f429xx.o(.text))
<BR>[Address Reference Count : 1]<UL><LI> startup_stm32f429xx.o(RESET)
</UL>
<P><STRONG><a name="[c]"></a>WWDG_IRQHandler</STRONG> (Thumb, 0 bytes, Stack size 0 bytes, startup_stm32f429xx.o(.text))
<BR>[Address Reference Count : 1]<UL><LI> startup_stm32f429xx.o(RESET)
</UL>
<P><STRONG><a name="[76]"></a>__aeabi_uldivmod</STRONG> (Thumb, 98 bytes, Stack size 40 bytes, uldiv.o(.text), UNUSED)
<BR><BR>[Calls]<UL><LI><a href="#[77]">&gt;&gt;</a>&nbsp;&nbsp;&nbsp;__aeabi_llsr
<LI><a href="#[78]">&gt;&gt;</a>&nbsp;&nbsp;&nbsp;__aeabi_llsl
</UL>
<BR>[Called By]<UL><LI><a href="#[f4]">&gt;&gt;</a>&nbsp;&nbsp;&nbsp;_printf_core
</UL>

<P><STRONG><a name="[e9]"></a>__aeabi_memcpy</STRONG> (Thumb, 36 bytes, Stack size 0 bytes, memcpya.o(.text))
<BR><BR>[Called By]<UL><LI><a href="#[e8]">&gt;&gt;</a>&nbsp;&nbsp;&nbsp;UDP_RecvData_Handle
<LI><a href="#[12c]">&gt;&gt;</a>&nbsp;&nbsp;&nbsp;ip_reass_free_complete_datagram
<LI><a href="#[128]">&gt;&gt;</a>&nbsp;&nbsp;&nbsp;ip_reass_enqueue_new_datagram
<LI><a href="#[121]">&gt;&gt;</a>&nbsp;&nbsp;&nbsp;ip_reass
<LI><a href="#[118]">&gt;&gt;</a>&nbsp;&nbsp;&nbsp;ip_frag
<LI><a href="#[110]">&gt;&gt;</a>&nbsp;&nbsp;&nbsp;icmp_send_response
<LI><a href="#[6c]">&gt;&gt;</a>&nbsp;&nbsp;&nbsp;low_level_output
<LI><a href="#[10e]">&gt;&gt;</a>&nbsp;&nbsp;&nbsp;low_level_input
<LI><a href="#[107]">&gt;&gt;</a>&nbsp;&nbsp;&nbsp;pbuf_copy
<LI><a href="#[73]">&gt;&gt;</a>&nbsp;&nbsp;&nbsp;udp_demo_recv
<LI><a href="#[155]">&gt;&gt;</a>&nbsp;&nbsp;&nbsp;pbuf_copy_partial
</UL>

<P><STRONG><a name="[18e]"></a>__aeabi_memcpy4</STRONG> (Thumb, 0 bytes, Stack size 0 bytes, memcpya.o(.text), UNUSED)

<P><STRONG><a name="[18f]"></a>__aeabi_memcpy8</STRONG> (Thumb, 0 bytes, Stack size 0 bytes, memcpya.o(.text), UNUSED)

<P><STRONG><a name="[7a]"></a>__aeabi_memset</STRONG> (Thumb, 14 bytes, Stack size 0 bytes, memseta.o(.text))
<BR><BR>[Called By]<UL><LI><a href="#[7b]">&gt;&gt;</a>&nbsp;&nbsp;&nbsp;_memset$wrapper
<LI><a href="#[79]">&gt;&gt;</a>&nbsp;&nbsp;&nbsp;__aeabi_memclr
</UL>

<P><STRONG><a name="[190]"></a>__aeabi_memset4</STRONG> (Thumb, 0 bytes, Stack size 0 bytes, memseta.o(.text), UNUSED)

<P><STRONG><a name="[191]"></a>__aeabi_memset8</STRONG> (Thumb, 0 bytes, Stack size 0 bytes, memseta.o(.text), UNUSED)

<P><STRONG><a name="[79]"></a>__aeabi_memclr</STRONG> (Thumb, 4 bytes, Stack size 0 bytes, memseta.o(.text))
<BR><BR>[Calls]<UL><LI><a href="#[7a]">&gt;&gt;</a>&nbsp;&nbsp;&nbsp;__aeabi_memset
</UL>
<BR>[Called By]<UL><LI><a href="#[f2]">&gt;&gt;</a>&nbsp;&nbsp;&nbsp;UDP_SendUpgradeReq
<LI><a href="#[e8]">&gt;&gt;</a>&nbsp;&nbsp;&nbsp;UDP_RecvData_Handle
<LI><a href="#[eb]">&gt;&gt;</a>&nbsp;&nbsp;&nbsp;UDP_SendGetUpgradePacketReq
<LI><a href="#[73]">&gt;&gt;</a>&nbsp;&nbsp;&nbsp;udp_demo_recv
</UL>

<P><STRONG><a name="[12b]"></a>__aeabi_memclr4</STRONG> (Thumb, 0 bytes, Stack size 0 bytes, memseta.o(.text))
<BR><BR>[Called By]<UL><LI><a href="#[128]">&gt;&gt;</a>&nbsp;&nbsp;&nbsp;ip_reass_enqueue_new_datagram
<LI><a href="#[181]">&gt;&gt;</a>&nbsp;&nbsp;&nbsp;udp_new
<LI><a href="#[15b]">&gt;&gt;</a>&nbsp;&nbsp;&nbsp;tcp_alloc
</UL>

<P><STRONG><a name="[192]"></a>__aeabi_memclr8</STRONG> (Thumb, 0 bytes, Stack size 0 bytes, memseta.o(.text), UNUSED)

<P><STRONG><a name="[7b]"></a>_memset$wrapper</STRONG> (Thumb, 18 bytes, Stack size 8 bytes, memseta.o(.text), UNUSED)
<BR><BR>[Calls]<UL><LI><a href="#[7a]">&gt;&gt;</a>&nbsp;&nbsp;&nbsp;__aeabi_memset
</UL>

<P><STRONG><a name="[10a]"></a>memcmp</STRONG> (Thumb, 26 bytes, Stack size 12 bytes, memcmp.o(.text))
<BR><BR>[Stack]<UL><LI>Max Depth = 12<LI>Call Chain = memcmp
</UL>
<BR>[Called By]<UL><LI><a href="#[6f]">&gt;&gt;</a>&nbsp;&nbsp;&nbsp;ethernet_input
</UL>

<P><STRONG><a name="[78]"></a>__aeabi_llsl</STRONG> (Thumb, 30 bytes, Stack size 0 bytes, llshl.o(.text), UNUSED)
<BR><BR>[Called By]<UL><LI><a href="#[76]">&gt;&gt;</a>&nbsp;&nbsp;&nbsp;__aeabi_uldivmod
</UL>

<P><STRONG><a name="[193]"></a>_ll_shift_l</STRONG> (Thumb, 0 bytes, Stack size 0 bytes, llshl.o(.text), UNUSED)

<P><STRONG><a name="[77]"></a>__aeabi_llsr</STRONG> (Thumb, 32 bytes, Stack size 0 bytes, llushr.o(.text), UNUSED)
<BR><BR>[Called By]<UL><LI><a href="#[76]">&gt;&gt;</a>&nbsp;&nbsp;&nbsp;__aeabi_uldivmod
</UL>

<P><STRONG><a name="[194]"></a>_ll_ushift_r</STRONG> (Thumb, 0 bytes, Stack size 0 bytes, llushr.o(.text), UNUSED)

<P><STRONG><a name="[75]"></a>__scatterload</STRONG> (Thumb, 28 bytes, Stack size 0 bytes, init.o(.text))
<BR><BR>[Calls]<UL><LI><a href="#[7c]">&gt;&gt;</a>&nbsp;&nbsp;&nbsp;__main_after_scatterload
</UL>
<BR>[Called By]<UL><LI><a href="#[74]">&gt;&gt;</a>&nbsp;&nbsp;&nbsp;_main_scatterload
</UL>

<P><STRONG><a name="[195]"></a>__scatterload_rt2</STRONG> (Thumb, 0 bytes, Stack size 0 bytes, init.o(.text), UNUSED)

<P><STRONG><a name="[196]"></a>__decompress</STRONG> (Thumb, 0 bytes, Stack size unknown bytes, __dczerorl.o(.text), UNUSED)

<P><STRONG><a name="[197]"></a>__decompress0</STRONG> (Thumb, 58 bytes, Stack size unknown bytes, __dczerorl.o(.text), UNUSED)

<P><STRONG><a name="[7d]"></a>BootLoad_to_App</STRONG> (Thumb, 314 bytes, Stack size 8 bytes, upgrade.o(i.BootLoad_to_App))
<BR><BR>[Stack]<UL><LI>Max Depth = 32<LI>Call Chain = BootLoad_to_App &rArr; __2printf
</UL>
<BR>[Calls]<UL><LI><a href="#[81]">&gt;&gt;</a>&nbsp;&nbsp;&nbsp;MSR_MSP
<LI><a href="#[80]">&gt;&gt;</a>&nbsp;&nbsp;&nbsp;HAL_NVIC_DisableIRQ
<LI><a href="#[7f]">&gt;&gt;</a>&nbsp;&nbsp;&nbsp;HAL_GPIO_DeInit
<LI><a href="#[7e]">&gt;&gt;</a>&nbsp;&nbsp;&nbsp;__2printf
</UL>
<BR>[Called By]<UL><LI><a href="#[66]">&gt;&gt;</a>&nbsp;&nbsp;&nbsp;main
</UL>

<P><STRONG><a name="[6]"></a>BusFault_Handler</STRONG> (Thumb, 4 bytes, Stack size 0 bytes, stm32f4xx_it.o(i.BusFault_Handler))
<BR>[Address Reference Count : 1]<UL><LI> startup_stm32f429xx.o(RESET)
</UL>
<P><STRONG><a name="[9]"></a>DebugMon_Handler</STRONG> (Thumb, 2 bytes, Stack size 0 bytes, stm32f4xx_it.o(i.DebugMon_Handler))
<BR>[Address Reference Count : 1]<UL><LI> startup_stm32f429xx.o(RESET)
</UL>
<P><STRONG><a name="[82]"></a>Debug_USART1_Init</STRONG> (Thumb, 50 bytes, Stack size 8 bytes, usart.o(i.Debug_USART1_Init))
<BR><BR>[Stack]<UL><LI>Max Depth = 96<LI>Call Chain = Debug_USART1_Init &rArr; HAL_UART_Init &rArr; HAL_UART_MspInit &rArr; HAL_NVIC_SetPriority &rArr; NVIC_SetPriority
</UL>
<BR>[Calls]<UL><LI><a href="#[84]">&gt;&gt;</a>&nbsp;&nbsp;&nbsp;_Error_Handler
<LI><a href="#[83]">&gt;&gt;</a>&nbsp;&nbsp;&nbsp;HAL_UART_Init
</UL>
<BR>[Called By]<UL><LI><a href="#[66]">&gt;&gt;</a>&nbsp;&nbsp;&nbsp;main
</UL>

<P><STRONG><a name="[85]"></a>EE_Network_Read</STRONG> (Thumb, 14 bytes, Stack size 8 bytes, bsp_i2c_ee.o(i.EE_Network_Read))
<BR><BR>[Stack]<UL><LI>Max Depth = 136<LI>Call Chain = EE_Network_Read &rArr; I2C_EE_BufferRead &rArr; HAL_I2C_Mem_Read &rArr; I2C_RequestMemoryRead &rArr; I2C_WaitOnMasterAddressFlagUntilTimeout
</UL>
<BR>[Calls]<UL><LI><a href="#[86]">&gt;&gt;</a>&nbsp;&nbsp;&nbsp;I2C_EE_BufferRead
</UL>
<BR>[Called By]<UL><LI><a href="#[66]">&gt;&gt;</a>&nbsp;&nbsp;&nbsp;main
</UL>

<P><STRONG><a name="[87]"></a>EE_Version_Write</STRONG> (Thumb, 14 bytes, Stack size 8 bytes, bsp_i2c_ee.o(i.EE_Version_Write))
<BR><BR>[Stack]<UL><LI>Max Depth = 168<LI>Call Chain = EE_Version_Write &rArr; I2C_EE_BufferWrite &rArr; I2C_EE_PageWrite &rArr; HAL_I2C_Mem_Write &rArr; I2C_RequestMemoryWrite &rArr; I2C_WaitOnMasterAddressFlagUntilTimeout
</UL>
<BR>[Calls]<UL><LI><a href="#[88]">&gt;&gt;</a>&nbsp;&nbsp;&nbsp;I2C_EE_BufferWrite
</UL>
<BR>[Called By]<UL><LI><a href="#[e8]">&gt;&gt;</a>&nbsp;&nbsp;&nbsp;UDP_RecvData_Handle
</UL>

<P><STRONG><a name="[89]"></a>EE_upgrateFlag_Read</STRONG> (Thumb, 14 bytes, Stack size 8 bytes, bsp_i2c_ee.o(i.EE_upgrateFlag_Read))
<BR><BR>[Stack]<UL><LI>Max Depth = 136<LI>Call Chain = EE_upgrateFlag_Read &rArr; I2C_EE_BufferRead &rArr; HAL_I2C_Mem_Read &rArr; I2C_RequestMemoryRead &rArr; I2C_WaitOnMasterAddressFlagUntilTimeout
</UL>
<BR>[Calls]<UL><LI><a href="#[86]">&gt;&gt;</a>&nbsp;&nbsp;&nbsp;I2C_EE_BufferRead
</UL>
<BR>[Called By]<UL><LI><a href="#[66]">&gt;&gt;</a>&nbsp;&nbsp;&nbsp;main
</UL>

<P><STRONG><a name="[8d]"></a>ETH_GetRxPktSize</STRONG> (Thumb, 36 bytes, Stack size 0 bytes, lan8720.o(i.ETH_GetRxPktSize))
<BR><BR>[Called By]<UL><LI><a href="#[49]">&gt;&gt;</a>&nbsp;&nbsp;&nbsp;ETH_IRQHandler
</UL>

<P><STRONG><a name="[49]"></a>ETH_IRQHandler</STRONG> (Thumb, 48 bytes, Stack size 8 bytes, lan8720.o(i.ETH_IRQHandler))
<BR><BR>[Stack]<UL><LI>Max Depth = 200<LI>Call Chain = ETH_IRQHandler &rArr; lwip_pkt_handle &rArr; ethernetif_input &rArr; low_level_input &rArr; pbuf_alloc &rArr; pbuf_free &rArr; mem_free &rArr; plug_holes &rArr; __2printf
</UL>
<BR>[Calls]<UL><LI><a href="#[8c]">&gt;&gt;</a>&nbsp;&nbsp;&nbsp;lwip_pkt_handle
<LI><a href="#[8d]">&gt;&gt;</a>&nbsp;&nbsp;&nbsp;ETH_GetRxPktSize
</UL>
<BR>[Address Reference Count : 1]<UL><LI> startup_stm32f429xx.o(RESET)
</UL>
<P><STRONG><a name="[92]"></a>ETH_Mem_Malloc</STRONG> (Thumb, 68 bytes, Stack size 8 bytes, lan8720.o(i.ETH_Mem_Malloc))
<BR><BR>[Stack]<UL><LI>Max Depth = 56<LI>Call Chain = ETH_Mem_Malloc &rArr; mymalloc &rArr; my_mem_malloc
</UL>
<BR>[Calls]<UL><LI><a href="#[93]">&gt;&gt;</a>&nbsp;&nbsp;&nbsp;mymalloc
</UL>
<BR>[Called By]<UL><LI><a href="#[132]">&gt;&gt;</a>&nbsp;&nbsp;&nbsp;lwip_comm_init
</UL>

<P><STRONG><a name="[23]"></a>EXTI9_5_IRQHandler</STRONG> (Thumb, 12 bytes, Stack size 8 bytes, stm32f4xx_it.o(i.EXTI9_5_IRQHandler))
<BR><BR>[Stack]<UL><LI>Max Depth = 24<LI>Call Chain = EXTI9_5_IRQHandler &rArr; HAL_GPIO_EXTI_IRQHandler &rArr; HAL_GPIO_EXTI_Callback
</UL>
<BR>[Calls]<UL><LI><a href="#[94]">&gt;&gt;</a>&nbsp;&nbsp;&nbsp;HAL_GPIO_EXTI_IRQHandler
</UL>
<BR>[Address Reference Count : 1]<UL><LI> startup_stm32f429xx.o(RESET)
</UL>
<P><STRONG><a name="[a6]"></a>FLASH_Erase_Sector</STRONG> (Thumb, 104 bytes, Stack size 8 bytes, stm32f4xx_hal_flash_ex.o(i.FLASH_Erase_Sector))
<BR><BR>[Stack]<UL><LI>Max Depth = 8<LI>Call Chain = FLASH_Erase_Sector
</UL>
<BR>[Called By]<UL><LI><a href="#[a4]">&gt;&gt;</a>&nbsp;&nbsp;&nbsp;HAL_FLASHEx_Erase
</UL>

<P><STRONG><a name="[a7]"></a>FLASH_FlushCaches</STRONG> (Thumb, 114 bytes, Stack size 0 bytes, stm32f4xx_hal_flash_ex.o(i.FLASH_FlushCaches))
<BR><BR>[Called By]<UL><LI><a href="#[a4]">&gt;&gt;</a>&nbsp;&nbsp;&nbsp;HAL_FLASHEx_Erase
</UL>

<P><STRONG><a name="[95]"></a>FLASH_WaitForLastOperation</STRONG> (Thumb, 102 bytes, Stack size 16 bytes, stm32f4xx_hal_flash.o(i.FLASH_WaitForLastOperation))
<BR><BR>[Stack]<UL><LI>Max Depth = 16<LI>Call Chain = FLASH_WaitForLastOperation
</UL>
<BR>[Calls]<UL><LI><a href="#[96]">&gt;&gt;</a>&nbsp;&nbsp;&nbsp;HAL_GetTick
<LI><a href="#[97]">&gt;&gt;</a>&nbsp;&nbsp;&nbsp;FLASH_SetErrorCode
</UL>
<BR>[Called By]<UL><LI><a href="#[e0]">&gt;&gt;</a>&nbsp;&nbsp;&nbsp;STMFLASH_Write
<LI><a href="#[a4]">&gt;&gt;</a>&nbsp;&nbsp;&nbsp;HAL_FLASHEx_Erase
<LI><a href="#[a8]">&gt;&gt;</a>&nbsp;&nbsp;&nbsp;HAL_FLASH_Program
</UL>

<P><STRONG><a name="[8b]"></a>HAL_Delay</STRONG> (Thumb, 26 bytes, Stack size 16 bytes, stm32f4xx_hal.o(i.HAL_Delay))
<BR><BR>[Stack]<UL><LI>Max Depth = 16<LI>Call Chain = HAL_Delay
</UL>
<BR>[Calls]<UL><LI><a href="#[96]">&gt;&gt;</a>&nbsp;&nbsp;&nbsp;HAL_GetTick
</UL>
<BR>[Called By]<UL><LI><a href="#[91]">&gt;&gt;</a>&nbsp;&nbsp;&nbsp;ETH_MACTransmissionEnable
<LI><a href="#[90]">&gt;&gt;</a>&nbsp;&nbsp;&nbsp;ETH_MACReceptionEnable
<LI><a href="#[8e]">&gt;&gt;</a>&nbsp;&nbsp;&nbsp;ETH_MACDMAConfig
<LI><a href="#[8a]">&gt;&gt;</a>&nbsp;&nbsp;&nbsp;ETH_FlushTransmitFIFO
<LI><a href="#[98]">&gt;&gt;</a>&nbsp;&nbsp;&nbsp;HAL_ETH_Init
</UL>

<P><STRONG><a name="[12f]"></a>HAL_ETH_DMARxDescListInit</STRONG> (Thumb, 140 bytes, Stack size 16 bytes, stm32f4xx_hal_eth.o(i.HAL_ETH_DMARxDescListInit))
<BR><BR>[Stack]<UL><LI>Max Depth = 16<LI>Call Chain = HAL_ETH_DMARxDescListInit
</UL>
<BR>[Called By]<UL><LI><a href="#[10c]">&gt;&gt;</a>&nbsp;&nbsp;&nbsp;low_level_init
</UL>

<P><STRONG><a name="[12e]"></a>HAL_ETH_DMATxDescListInit</STRONG> (Thumb, 132 bytes, Stack size 16 bytes, stm32f4xx_hal_eth.o(i.HAL_ETH_DMATxDescListInit))
<BR><BR>[Stack]<UL><LI>Max Depth = 16<LI>Call Chain = HAL_ETH_DMATxDescListInit
</UL>
<BR>[Called By]<UL><LI><a href="#[10c]">&gt;&gt;</a>&nbsp;&nbsp;&nbsp;low_level_init
</UL>

<P><STRONG><a name="[130]"></a>HAL_ETH_GetReceivedFrame</STRONG> (Thumb, 178 bytes, Stack size 0 bytes, stm32f4xx_hal_eth.o(i.HAL_ETH_GetReceivedFrame))
<BR><BR>[Called By]<UL><LI><a href="#[10e]">&gt;&gt;</a>&nbsp;&nbsp;&nbsp;low_level_input
</UL>

<P><STRONG><a name="[98]"></a>HAL_ETH_Init</STRONG> (Thumb, 598 bytes, Stack size 32 bytes, stm32f4xx_hal_eth.o(i.HAL_ETH_Init))
<BR><BR>[Stack]<UL><LI>Max Depth = 248<LI>Call Chain = HAL_ETH_Init &rArr; ETH_MACDMAConfig &rArr; HAL_Delay
</UL>
<BR>[Calls]<UL><LI><a href="#[96]">&gt;&gt;</a>&nbsp;&nbsp;&nbsp;HAL_GetTick
<LI><a href="#[8b]">&gt;&gt;</a>&nbsp;&nbsp;&nbsp;HAL_Delay
<LI><a href="#[9a]">&gt;&gt;</a>&nbsp;&nbsp;&nbsp;HAL_RCC_GetHCLKFreq
<LI><a href="#[8e]">&gt;&gt;</a>&nbsp;&nbsp;&nbsp;ETH_MACDMAConfig
<LI><a href="#[9b]">&gt;&gt;</a>&nbsp;&nbsp;&nbsp;HAL_ETH_WritePHYRegister
<LI><a href="#[9c]">&gt;&gt;</a>&nbsp;&nbsp;&nbsp;HAL_ETH_ReadPHYRegister
<LI><a href="#[99]">&gt;&gt;</a>&nbsp;&nbsp;&nbsp;HAL_ETH_MspInit
</UL>
<BR>[Called By]<UL><LI><a href="#[d9]">&gt;&gt;</a>&nbsp;&nbsp;&nbsp;LAN8720_Init
</UL>

<P><STRONG><a name="[99]"></a>HAL_ETH_MspInit</STRONG> (Thumb, 298 bytes, Stack size 32 bytes, lan8720.o(i.HAL_ETH_MspInit))
<BR><BR>[Stack]<UL><LI>Max Depth = 80<LI>Call Chain = HAL_ETH_MspInit &rArr; HAL_NVIC_SetPriority &rArr; NVIC_SetPriority
</UL>
<BR>[Calls]<UL><LI><a href="#[9e]">&gt;&gt;</a>&nbsp;&nbsp;&nbsp;HAL_GPIO_WritePin
<LI><a href="#[a0]">&gt;&gt;</a>&nbsp;&nbsp;&nbsp;HAL_NVIC_EnableIRQ
<LI><a href="#[9f]">&gt;&gt;</a>&nbsp;&nbsp;&nbsp;HAL_NVIC_SetPriority
<LI><a href="#[9d]">&gt;&gt;</a>&nbsp;&nbsp;&nbsp;HAL_GPIO_Init
</UL>
<BR>[Called By]<UL><LI><a href="#[98]">&gt;&gt;</a>&nbsp;&nbsp;&nbsp;HAL_ETH_Init
</UL>

<P><STRONG><a name="[9c]"></a>HAL_ETH_ReadPHYRegister</STRONG> (Thumb, 146 bytes, Stack size 24 bytes, stm32f4xx_hal_eth.o(i.HAL_ETH_ReadPHYRegister))
<BR><BR>[Stack]<UL><LI>Max Depth = 24<LI>Call Chain = HAL_ETH_ReadPHYRegister
</UL>
<BR>[Calls]<UL><LI><a href="#[96]">&gt;&gt;</a>&nbsp;&nbsp;&nbsp;HAL_GetTick
</UL>
<BR>[Called By]<UL><LI><a href="#[98]">&gt;&gt;</a>&nbsp;&nbsp;&nbsp;HAL_ETH_Init
</UL>

<P><STRONG><a name="[a1]"></a>HAL_ETH_Start</STRONG> (Thumb, 82 bytes, Stack size 8 bytes, stm32f4xx_hal_eth.o(i.HAL_ETH_Start))
<BR><BR>[Stack]<UL><LI>Max Depth = 40<LI>Call Chain = HAL_ETH_Start &rArr; ETH_MACTransmissionEnable &rArr; HAL_Delay
</UL>
<BR>[Calls]<UL><LI><a href="#[91]">&gt;&gt;</a>&nbsp;&nbsp;&nbsp;ETH_MACTransmissionEnable
<LI><a href="#[90]">&gt;&gt;</a>&nbsp;&nbsp;&nbsp;ETH_MACReceptionEnable
<LI><a href="#[8a]">&gt;&gt;</a>&nbsp;&nbsp;&nbsp;ETH_FlushTransmitFIFO
<LI><a href="#[a2]">&gt;&gt;</a>&nbsp;&nbsp;&nbsp;ETH_DMATransmissionEnable
<LI><a href="#[a3]">&gt;&gt;</a>&nbsp;&nbsp;&nbsp;ETH_DMAReceptionEnable
</UL>
<BR>[Called By]<UL><LI><a href="#[10c]">&gt;&gt;</a>&nbsp;&nbsp;&nbsp;low_level_init
</UL>

<P><STRONG><a name="[131]"></a>HAL_ETH_TransmitFrame</STRONG> (Thumb, 318 bytes, Stack size 16 bytes, stm32f4xx_hal_eth.o(i.HAL_ETH_TransmitFrame))
<BR><BR>[Stack]<UL><LI>Max Depth = 16<LI>Call Chain = HAL_ETH_TransmitFrame
</UL>
<BR>[Called By]<UL><LI><a href="#[6c]">&gt;&gt;</a>&nbsp;&nbsp;&nbsp;low_level_output
</UL>

<P><STRONG><a name="[9b]"></a>HAL_ETH_WritePHYRegister</STRONG> (Thumb, 144 bytes, Stack size 24 bytes, stm32f4xx_hal_eth.o(i.HAL_ETH_WritePHYRegister))
<BR><BR>[Stack]<UL><LI>Max Depth = 24<LI>Call Chain = HAL_ETH_WritePHYRegister
</UL>
<BR>[Calls]<UL><LI><a href="#[96]">&gt;&gt;</a>&nbsp;&nbsp;&nbsp;HAL_GetTick
</UL>
<BR>[Called By]<UL><LI><a href="#[98]">&gt;&gt;</a>&nbsp;&nbsp;&nbsp;HAL_ETH_Init
</UL>

<P><STRONG><a name="[a4]"></a>HAL_FLASHEx_Erase</STRONG> (Thumb, 166 bytes, Stack size 24 bytes, stm32f4xx_hal_flash_ex.o(i.HAL_FLASHEx_Erase))
<BR><BR>[Stack]<UL><LI>Max Depth = 40<LI>Call Chain = HAL_FLASHEx_Erase &rArr; FLASH_WaitForLastOperation
</UL>
<BR>[Calls]<UL><LI><a href="#[a5]">&gt;&gt;</a>&nbsp;&nbsp;&nbsp;FLASH_MassErase
<LI><a href="#[a7]">&gt;&gt;</a>&nbsp;&nbsp;&nbsp;FLASH_FlushCaches
<LI><a href="#[a6]">&gt;&gt;</a>&nbsp;&nbsp;&nbsp;FLASH_Erase_Sector
<LI><a href="#[95]">&gt;&gt;</a>&nbsp;&nbsp;&nbsp;FLASH_WaitForLastOperation
</UL>
<BR>[Called By]<UL><LI><a href="#[e0]">&gt;&gt;</a>&nbsp;&nbsp;&nbsp;STMFLASH_Write
</UL>

<P><STRONG><a name="[e4]"></a>HAL_FLASH_Lock</STRONG> (Thumb, 16 bytes, Stack size 0 bytes, stm32f4xx_hal_flash.o(i.HAL_FLASH_Lock))
<BR><BR>[Called By]<UL><LI><a href="#[e0]">&gt;&gt;</a>&nbsp;&nbsp;&nbsp;STMFLASH_Write
</UL>

<P><STRONG><a name="[a8]"></a>HAL_FLASH_Program</STRONG> (Thumb, 142 bytes, Stack size 24 bytes, stm32f4xx_hal_flash.o(i.HAL_FLASH_Program))
<BR><BR>[Stack]<UL><LI>Max Depth = 40<LI>Call Chain = HAL_FLASH_Program &rArr; FLASH_WaitForLastOperation
</UL>
<BR>[Calls]<UL><LI><a href="#[95]">&gt;&gt;</a>&nbsp;&nbsp;&nbsp;FLASH_WaitForLastOperation
<LI><a href="#[ab]">&gt;&gt;</a>&nbsp;&nbsp;&nbsp;FLASH_Program_Word
<LI><a href="#[aa]">&gt;&gt;</a>&nbsp;&nbsp;&nbsp;FLASH_Program_HalfWord
<LI><a href="#[ac]">&gt;&gt;</a>&nbsp;&nbsp;&nbsp;FLASH_Program_DoubleWord
<LI><a href="#[a9]">&gt;&gt;</a>&nbsp;&nbsp;&nbsp;FLASH_Program_Byte
</UL>
<BR>[Called By]<UL><LI><a href="#[e0]">&gt;&gt;</a>&nbsp;&nbsp;&nbsp;STMFLASH_Write
</UL>

<P><STRONG><a name="[e1]"></a>HAL_FLASH_Unlock</STRONG> (Thumb, 32 bytes, Stack size 0 bytes, stm32f4xx_hal_flash.o(i.HAL_FLASH_Unlock))
<BR><BR>[Called By]<UL><LI><a href="#[e0]">&gt;&gt;</a>&nbsp;&nbsp;&nbsp;STMFLASH_Write
</UL>

<P><STRONG><a name="[7f]"></a>HAL_GPIO_DeInit</STRONG> (Thumb, 336 bytes, Stack size 20 bytes, stm32f4xx_hal_gpio.o(i.HAL_GPIO_DeInit))
<BR><BR>[Stack]<UL><LI>Max Depth = 20<LI>Call Chain = HAL_GPIO_DeInit
</UL>
<BR>[Called By]<UL><LI><a href="#[7d]">&gt;&gt;</a>&nbsp;&nbsp;&nbsp;BootLoad_to_App
</UL>

<P><STRONG><a name="[ad]"></a>HAL_GPIO_EXTI_Callback</STRONG> (Thumb, 10 bytes, Stack size 8 bytes, stm32f4xx_hal_gpio.o(i.HAL_GPIO_EXTI_Callback))
<BR><BR>[Stack]<UL><LI>Max Depth = 8<LI>Call Chain = HAL_GPIO_EXTI_Callback
</UL>
<BR>[Called By]<UL><LI><a href="#[94]">&gt;&gt;</a>&nbsp;&nbsp;&nbsp;HAL_GPIO_EXTI_IRQHandler
</UL>

<P><STRONG><a name="[94]"></a>HAL_GPIO_EXTI_IRQHandler</STRONG> (Thumb, 24 bytes, Stack size 8 bytes, stm32f4xx_hal_gpio.o(i.HAL_GPIO_EXTI_IRQHandler))
<BR><BR>[Stack]<UL><LI>Max Depth = 16<LI>Call Chain = HAL_GPIO_EXTI_IRQHandler &rArr; HAL_GPIO_EXTI_Callback
</UL>
<BR>[Calls]<UL><LI><a href="#[ad]">&gt;&gt;</a>&nbsp;&nbsp;&nbsp;HAL_GPIO_EXTI_Callback
</UL>
<BR>[Called By]<UL><LI><a href="#[23]">&gt;&gt;</a>&nbsp;&nbsp;&nbsp;EXTI9_5_IRQHandler
</UL>

<P><STRONG><a name="[9d]"></a>HAL_GPIO_Init</STRONG> (Thumb, 486 bytes, Stack size 24 bytes, stm32f4xx_hal_gpio.o(i.HAL_GPIO_Init))
<BR><BR>[Stack]<UL><LI>Max Depth = 24<LI>Call Chain = HAL_GPIO_Init
</UL>
<BR>[Called By]<UL><LI><a href="#[dd]">&gt;&gt;</a>&nbsp;&nbsp;&nbsp;LED_Status_Init
<LI><a href="#[af]">&gt;&gt;</a>&nbsp;&nbsp;&nbsp;HAL_I2C_MspInit
<LI><a href="#[99]">&gt;&gt;</a>&nbsp;&nbsp;&nbsp;HAL_ETH_MspInit
<LI><a href="#[cf]">&gt;&gt;</a>&nbsp;&nbsp;&nbsp;HAL_UART_MspInit
</UL>

<P><STRONG><a name="[147]"></a>HAL_GPIO_TogglePin</STRONG> (Thumb, 8 bytes, Stack size 0 bytes, stm32f4xx_hal_gpio.o(i.HAL_GPIO_TogglePin))
<BR><BR>[Called By]<UL><LI><a href="#[145]">&gt;&gt;</a>&nbsp;&nbsp;&nbsp;udp_create
<LI><a href="#[66]">&gt;&gt;</a>&nbsp;&nbsp;&nbsp;main
</UL>

<P><STRONG><a name="[9e]"></a>HAL_GPIO_WritePin</STRONG> (Thumb, 12 bytes, Stack size 0 bytes, stm32f4xx_hal_gpio.o(i.HAL_GPIO_WritePin))
<BR><BR>[Called By]<UL><LI><a href="#[d9]">&gt;&gt;</a>&nbsp;&nbsp;&nbsp;LAN8720_Init
<LI><a href="#[99]">&gt;&gt;</a>&nbsp;&nbsp;&nbsp;HAL_ETH_MspInit
</UL>

<P><STRONG><a name="[96]"></a>HAL_GetTick</STRONG> (Thumb, 6 bytes, Stack size 0 bytes, stm32f4xx_hal.o(i.HAL_GetTick))
<BR><BR>[Called By]<UL><LI><a href="#[66]">&gt;&gt;</a>&nbsp;&nbsp;&nbsp;main
<LI><a href="#[be]">&gt;&gt;</a>&nbsp;&nbsp;&nbsp;HAL_PWREx_EnableOverDrive
<LI><a href="#[8b]">&gt;&gt;</a>&nbsp;&nbsp;&nbsp;HAL_Delay
<LI><a href="#[b1]">&gt;&gt;</a>&nbsp;&nbsp;&nbsp;HAL_I2C_IsDeviceReady
<LI><a href="#[d2]">&gt;&gt;</a>&nbsp;&nbsp;&nbsp;UART_WaitOnFlagUntilTimeout
<LI><a href="#[c2]">&gt;&gt;</a>&nbsp;&nbsp;&nbsp;HAL_RCC_OscConfig
<LI><a href="#[bf]">&gt;&gt;</a>&nbsp;&nbsp;&nbsp;HAL_RCC_ClockConfig
<LI><a href="#[d8]">&gt;&gt;</a>&nbsp;&nbsp;&nbsp;I2C_WaitOnMasterAddressFlagUntilTimeout
<LI><a href="#[b2]">&gt;&gt;</a>&nbsp;&nbsp;&nbsp;I2C_WaitOnFlagUntilTimeout
<LI><a href="#[95]">&gt;&gt;</a>&nbsp;&nbsp;&nbsp;FLASH_WaitForLastOperation
<LI><a href="#[9b]">&gt;&gt;</a>&nbsp;&nbsp;&nbsp;HAL_ETH_WritePHYRegister
<LI><a href="#[9c]">&gt;&gt;</a>&nbsp;&nbsp;&nbsp;HAL_ETH_ReadPHYRegister
<LI><a href="#[98]">&gt;&gt;</a>&nbsp;&nbsp;&nbsp;HAL_ETH_Init
</UL>

<P><STRONG><a name="[d7]"></a>HAL_I2CEx_ConfigAnalogFilter</STRONG> (Thumb, 90 bytes, Stack size 8 bytes, stm32f4xx_hal_i2c_ex.o(i.HAL_I2CEx_ConfigAnalogFilter))
<BR><BR>[Stack]<UL><LI>Max Depth = 8<LI>Call Chain = HAL_I2CEx_ConfigAnalogFilter
</UL>
<BR>[Called By]<UL><LI><a href="#[d5]">&gt;&gt;</a>&nbsp;&nbsp;&nbsp;I2C_Mode_Config
</UL>

<P><STRONG><a name="[d6]"></a>HAL_I2C_GetState</STRONG> (Thumb, 8 bytes, Stack size 0 bytes, stm32f4xx_hal_i2c.o(i.HAL_I2C_GetState))
<BR><BR>[Called By]<UL><LI><a href="#[d3]">&gt;&gt;</a>&nbsp;&nbsp;&nbsp;I2C_EE_PageWrite
</UL>

<P><STRONG><a name="[ae]"></a>HAL_I2C_Init</STRONG> (Thumb, 278 bytes, Stack size 16 bytes, stm32f4xx_hal_i2c.o(i.HAL_I2C_Init))
<BR><BR>[Stack]<UL><LI>Max Depth = 72<LI>Call Chain = HAL_I2C_Init &rArr; HAL_I2C_MspInit &rArr; HAL_GPIO_Init
</UL>
<BR>[Calls]<UL><LI><a href="#[af]">&gt;&gt;</a>&nbsp;&nbsp;&nbsp;HAL_I2C_MspInit
<LI><a href="#[b0]">&gt;&gt;</a>&nbsp;&nbsp;&nbsp;HAL_RCC_GetPCLK1Freq
</UL>
<BR>[Called By]<UL><LI><a href="#[d5]">&gt;&gt;</a>&nbsp;&nbsp;&nbsp;I2C_Mode_Config
</UL>

<P><STRONG><a name="[b1]"></a>HAL_I2C_IsDeviceReady</STRONG> (Thumb, 396 bytes, Stack size 48 bytes, stm32f4xx_hal_i2c.o(i.HAL_I2C_IsDeviceReady))
<BR><BR>[Stack]<UL><LI>Max Depth = 72<LI>Call Chain = HAL_I2C_IsDeviceReady &rArr; I2C_WaitOnFlagUntilTimeout
</UL>
<BR>[Calls]<UL><LI><a href="#[96]">&gt;&gt;</a>&nbsp;&nbsp;&nbsp;HAL_GetTick
<LI><a href="#[b2]">&gt;&gt;</a>&nbsp;&nbsp;&nbsp;I2C_WaitOnFlagUntilTimeout
</UL>
<BR>[Called By]<UL><LI><a href="#[d3]">&gt;&gt;</a>&nbsp;&nbsp;&nbsp;I2C_EE_PageWrite
</UL>

<P><STRONG><a name="[b3]"></a>HAL_I2C_Mem_Read</STRONG> (Thumb, 560 bytes, Stack size 40 bytes, stm32f4xx_hal_i2c.o(i.HAL_I2C_Mem_Read))
<BR><BR>[Stack]<UL><LI>Max Depth = 96<LI>Call Chain = HAL_I2C_Mem_Read &rArr; I2C_RequestMemoryRead &rArr; I2C_WaitOnMasterAddressFlagUntilTimeout
</UL>
<BR>[Calls]<UL><LI><a href="#[b2]">&gt;&gt;</a>&nbsp;&nbsp;&nbsp;I2C_WaitOnFlagUntilTimeout
<LI><a href="#[b4]">&gt;&gt;</a>&nbsp;&nbsp;&nbsp;I2C_RequestMemoryRead
</UL>
<BR>[Called By]<UL><LI><a href="#[86]">&gt;&gt;</a>&nbsp;&nbsp;&nbsp;I2C_EE_BufferRead
</UL>

<P><STRONG><a name="[b5]"></a>HAL_I2C_Mem_Write</STRONG> (Thumb, 262 bytes, Stack size 40 bytes, stm32f4xx_hal_i2c.o(i.HAL_I2C_Mem_Write))
<BR><BR>[Stack]<UL><LI>Max Depth = 96<LI>Call Chain = HAL_I2C_Mem_Write &rArr; I2C_RequestMemoryWrite &rArr; I2C_WaitOnMasterAddressFlagUntilTimeout
</UL>
<BR>[Calls]<UL><LI><a href="#[b2]">&gt;&gt;</a>&nbsp;&nbsp;&nbsp;I2C_WaitOnFlagUntilTimeout
<LI><a href="#[b6]">&gt;&gt;</a>&nbsp;&nbsp;&nbsp;I2C_RequestMemoryWrite
</UL>
<BR>[Called By]<UL><LI><a href="#[d3]">&gt;&gt;</a>&nbsp;&nbsp;&nbsp;I2C_EE_PageWrite
</UL>

<P><STRONG><a name="[af]"></a>HAL_I2C_MspInit</STRONG> (Thumb, 180 bytes, Stack size 32 bytes, bsp_i2c_ee.o(i.HAL_I2C_MspInit))
<BR><BR>[Stack]<UL><LI>Max Depth = 56<LI>Call Chain = HAL_I2C_MspInit &rArr; HAL_GPIO_Init
</UL>
<BR>[Calls]<UL><LI><a href="#[9d]">&gt;&gt;</a>&nbsp;&nbsp;&nbsp;HAL_GPIO_Init
</UL>
<BR>[Called By]<UL><LI><a href="#[ae]">&gt;&gt;</a>&nbsp;&nbsp;&nbsp;HAL_I2C_Init
</UL>

<P><STRONG><a name="[e6]"></a>HAL_IncTick</STRONG> (Thumb, 12 bytes, Stack size 0 bytes, stm32f4xx_hal.o(i.HAL_IncTick))
<BR><BR>[Called By]<UL><LI><a href="#[b]">&gt;&gt;</a>&nbsp;&nbsp;&nbsp;SysTick_Handler
</UL>

<P><STRONG><a name="[b7]"></a>HAL_Init</STRONG> (Thumb, 54 bytes, Stack size 8 bytes, stm32f4xx_hal.o(i.HAL_Init))
<BR><BR>[Stack]<UL><LI>Max Depth = 72<LI>Call Chain = HAL_Init &rArr; HAL_InitTick &rArr; HAL_NVIC_SetPriority &rArr; NVIC_SetPriority
</UL>
<BR>[Calls]<UL><LI><a href="#[b8]">&gt;&gt;</a>&nbsp;&nbsp;&nbsp;HAL_NVIC_SetPriorityGrouping
<LI><a href="#[b9]">&gt;&gt;</a>&nbsp;&nbsp;&nbsp;HAL_InitTick
<LI><a href="#[ba]">&gt;&gt;</a>&nbsp;&nbsp;&nbsp;HAL_MspInit
</UL>
<BR>[Called By]<UL><LI><a href="#[66]">&gt;&gt;</a>&nbsp;&nbsp;&nbsp;main
</UL>

<P><STRONG><a name="[b9]"></a>HAL_InitTick</STRONG> (Thumb, 36 bytes, Stack size 16 bytes, stm32f4xx_hal.o(i.HAL_InitTick))
<BR><BR>[Stack]<UL><LI>Max Depth = 64<LI>Call Chain = HAL_InitTick &rArr; HAL_NVIC_SetPriority &rArr; NVIC_SetPriority
</UL>
<BR>[Calls]<UL><LI><a href="#[bb]">&gt;&gt;</a>&nbsp;&nbsp;&nbsp;HAL_SYSTICK_Config
<LI><a href="#[9a]">&gt;&gt;</a>&nbsp;&nbsp;&nbsp;HAL_RCC_GetHCLKFreq
<LI><a href="#[9f]">&gt;&gt;</a>&nbsp;&nbsp;&nbsp;HAL_NVIC_SetPriority
</UL>
<BR>[Called By]<UL><LI><a href="#[b7]">&gt;&gt;</a>&nbsp;&nbsp;&nbsp;HAL_Init
<LI><a href="#[bf]">&gt;&gt;</a>&nbsp;&nbsp;&nbsp;HAL_RCC_ClockConfig
</UL>

<P><STRONG><a name="[ba]"></a>HAL_MspInit</STRONG> (Thumb, 2 bytes, Stack size 0 bytes, stm32f4xx_hal_msp_template.o(i.HAL_MspInit))
<BR><BR>[Called By]<UL><LI><a href="#[b7]">&gt;&gt;</a>&nbsp;&nbsp;&nbsp;HAL_Init
</UL>

<P><STRONG><a name="[80]"></a>HAL_NVIC_DisableIRQ</STRONG> (Thumb, 22 bytes, Stack size 0 bytes, stm32f4xx_hal_cortex.o(i.HAL_NVIC_DisableIRQ))
<BR><BR>[Called By]<UL><LI><a href="#[7d]">&gt;&gt;</a>&nbsp;&nbsp;&nbsp;BootLoad_to_App
</UL>

<P><STRONG><a name="[a0]"></a>HAL_NVIC_EnableIRQ</STRONG> (Thumb, 26 bytes, Stack size 0 bytes, stm32f4xx_hal_cortex.o(i.HAL_NVIC_EnableIRQ))
<BR><BR>[Called By]<UL><LI><a href="#[c4]">&gt;&gt;</a>&nbsp;&nbsp;&nbsp;HAL_TIM_Base_MspInit
<LI><a href="#[99]">&gt;&gt;</a>&nbsp;&nbsp;&nbsp;HAL_ETH_MspInit
<LI><a href="#[cf]">&gt;&gt;</a>&nbsp;&nbsp;&nbsp;HAL_UART_MspInit
</UL>

<P><STRONG><a name="[9f]"></a>HAL_NVIC_SetPriority</STRONG> (Thumb, 124 bytes, Stack size 40 bytes, stm32f4xx_hal_cortex.o(i.HAL_NVIC_SetPriority))
<BR><BR>[Stack]<UL><LI>Max Depth = 48<LI>Call Chain = HAL_NVIC_SetPriority &rArr; NVIC_SetPriority
</UL>
<BR>[Calls]<UL><LI><a href="#[bd]">&gt;&gt;</a>&nbsp;&nbsp;&nbsp;NVIC_SetPriority
<LI><a href="#[bc]">&gt;&gt;</a>&nbsp;&nbsp;&nbsp;NVIC_GetPriorityGrouping
</UL>
<BR>[Called By]<UL><LI><a href="#[b9]">&gt;&gt;</a>&nbsp;&nbsp;&nbsp;HAL_InitTick
<LI><a href="#[c4]">&gt;&gt;</a>&nbsp;&nbsp;&nbsp;HAL_TIM_Base_MspInit
<LI><a href="#[99]">&gt;&gt;</a>&nbsp;&nbsp;&nbsp;HAL_ETH_MspInit
<LI><a href="#[cf]">&gt;&gt;</a>&nbsp;&nbsp;&nbsp;HAL_UART_MspInit
</UL>

<P><STRONG><a name="[b8]"></a>HAL_NVIC_SetPriorityGrouping</STRONG> (Thumb, 32 bytes, Stack size 0 bytes, stm32f4xx_hal_cortex.o(i.HAL_NVIC_SetPriorityGrouping))
<BR><BR>[Called By]<UL><LI><a href="#[b7]">&gt;&gt;</a>&nbsp;&nbsp;&nbsp;HAL_Init
<LI><a href="#[66]">&gt;&gt;</a>&nbsp;&nbsp;&nbsp;main
</UL>

<P><STRONG><a name="[be]"></a>HAL_PWREx_EnableOverDrive</STRONG> (Thumb, 152 bytes, Stack size 16 bytes, stm32f4xx_hal_pwr_ex.o(i.HAL_PWREx_EnableOverDrive))
<BR><BR>[Stack]<UL><LI>Max Depth = 16<LI>Call Chain = HAL_PWREx_EnableOverDrive
</UL>
<BR>[Calls]<UL><LI><a href="#[96]">&gt;&gt;</a>&nbsp;&nbsp;&nbsp;HAL_GetTick
</UL>
<BR>[Called By]<UL><LI><a href="#[e5]">&gt;&gt;</a>&nbsp;&nbsp;&nbsp;Stm32_Clock_Init
</UL>

<P><STRONG><a name="[bf]"></a>HAL_RCC_ClockConfig</STRONG> (Thumb, 680 bytes, Stack size 16 bytes, stm32f4xx_hal_rcc.o(i.HAL_RCC_ClockConfig))
<BR><BR>[Stack]<UL><LI>Max Depth = 80<LI>Call Chain = HAL_RCC_ClockConfig &rArr; HAL_InitTick &rArr; HAL_NVIC_SetPriority &rArr; NVIC_SetPriority
</UL>
<BR>[Calls]<UL><LI><a href="#[96]">&gt;&gt;</a>&nbsp;&nbsp;&nbsp;HAL_GetTick
<LI><a href="#[b9]">&gt;&gt;</a>&nbsp;&nbsp;&nbsp;HAL_InitTick
</UL>
<BR>[Called By]<UL><LI><a href="#[e5]">&gt;&gt;</a>&nbsp;&nbsp;&nbsp;Stm32_Clock_Init
</UL>

<P><STRONG><a name="[9a]"></a>HAL_RCC_GetHCLKFreq</STRONG> (Thumb, 42 bytes, Stack size 8 bytes, stm32f4xx_hal_rcc.o(i.HAL_RCC_GetHCLKFreq))
<BR><BR>[Stack]<UL><LI>Max Depth = 24<LI>Call Chain = HAL_RCC_GetHCLKFreq &rArr; HAL_RCC_GetSysClockFreq
</UL>
<BR>[Calls]<UL><LI><a href="#[c0]">&gt;&gt;</a>&nbsp;&nbsp;&nbsp;HAL_RCC_GetSysClockFreq
</UL>
<BR>[Called By]<UL><LI><a href="#[b9]">&gt;&gt;</a>&nbsp;&nbsp;&nbsp;HAL_InitTick
<LI><a href="#[c1]">&gt;&gt;</a>&nbsp;&nbsp;&nbsp;HAL_RCC_GetPCLK2Freq
<LI><a href="#[b0]">&gt;&gt;</a>&nbsp;&nbsp;&nbsp;HAL_RCC_GetPCLK1Freq
<LI><a href="#[98]">&gt;&gt;</a>&nbsp;&nbsp;&nbsp;HAL_ETH_Init
</UL>

<P><STRONG><a name="[b0]"></a>HAL_RCC_GetPCLK1Freq</STRONG> (Thumb, 36 bytes, Stack size 8 bytes, stm32f4xx_hal_rcc.o(i.HAL_RCC_GetPCLK1Freq))
<BR><BR>[Stack]<UL><LI>Max Depth = 32<LI>Call Chain = HAL_RCC_GetPCLK1Freq &rArr; HAL_RCC_GetHCLKFreq &rArr; HAL_RCC_GetSysClockFreq
</UL>
<BR>[Calls]<UL><LI><a href="#[9a]">&gt;&gt;</a>&nbsp;&nbsp;&nbsp;HAL_RCC_GetHCLKFreq
</UL>
<BR>[Called By]<UL><LI><a href="#[ae]">&gt;&gt;</a>&nbsp;&nbsp;&nbsp;HAL_I2C_Init
<LI><a href="#[d0]">&gt;&gt;</a>&nbsp;&nbsp;&nbsp;UART_SetConfig
</UL>

<P><STRONG><a name="[c1]"></a>HAL_RCC_GetPCLK2Freq</STRONG> (Thumb, 36 bytes, Stack size 8 bytes, stm32f4xx_hal_rcc.o(i.HAL_RCC_GetPCLK2Freq))
<BR><BR>[Stack]<UL><LI>Max Depth = 32<LI>Call Chain = HAL_RCC_GetPCLK2Freq &rArr; HAL_RCC_GetHCLKFreq &rArr; HAL_RCC_GetSysClockFreq
</UL>
<BR>[Calls]<UL><LI><a href="#[9a]">&gt;&gt;</a>&nbsp;&nbsp;&nbsp;HAL_RCC_GetHCLKFreq
</UL>
<BR>[Called By]<UL><LI><a href="#[d0]">&gt;&gt;</a>&nbsp;&nbsp;&nbsp;UART_SetConfig
</UL>

<P><STRONG><a name="[c0]"></a>HAL_RCC_GetSysClockFreq</STRONG> (Thumb, 168 bytes, Stack size 16 bytes, stm32f4xx_hal_rcc.o(i.HAL_RCC_GetSysClockFreq))
<BR><BR>[Stack]<UL><LI>Max Depth = 16<LI>Call Chain = HAL_RCC_GetSysClockFreq
</UL>
<BR>[Called By]<UL><LI><a href="#[9a]">&gt;&gt;</a>&nbsp;&nbsp;&nbsp;HAL_RCC_GetHCLKFreq
</UL>

<P><STRONG><a name="[c2]"></a>HAL_RCC_OscConfig</STRONG> (Thumb, 1032 bytes, Stack size 16 bytes, stm32f4xx_hal_rcc.o(i.HAL_RCC_OscConfig))
<BR><BR>[Stack]<UL><LI>Max Depth = 16<LI>Call Chain = HAL_RCC_OscConfig
</UL>
<BR>[Calls]<UL><LI><a href="#[96]">&gt;&gt;</a>&nbsp;&nbsp;&nbsp;HAL_GetTick
</UL>
<BR>[Called By]<UL><LI><a href="#[e5]">&gt;&gt;</a>&nbsp;&nbsp;&nbsp;Stm32_Clock_Init
</UL>

<P><STRONG><a name="[f8]"></a>HAL_SYSTICK_CLKSourceConfig</STRONG> (Thumb, 40 bytes, Stack size 0 bytes, stm32f4xx_hal_cortex.o(i.HAL_SYSTICK_CLKSourceConfig))
<BR><BR>[Called By]<UL><LI><a href="#[f7]">&gt;&gt;</a>&nbsp;&nbsp;&nbsp;delay_init
</UL>

<P><STRONG><a name="[bb]"></a>HAL_SYSTICK_Config</STRONG> (Thumb, 52 bytes, Stack size 16 bytes, stm32f4xx_hal_cortex.o(i.HAL_SYSTICK_Config))
<BR><BR>[Stack]<UL><LI>Max Depth = 24<LI>Call Chain = HAL_SYSTICK_Config &rArr; NVIC_SetPriority
</UL>
<BR>[Calls]<UL><LI><a href="#[bd]">&gt;&gt;</a>&nbsp;&nbsp;&nbsp;NVIC_SetPriority
</UL>
<BR>[Called By]<UL><LI><a href="#[b9]">&gt;&gt;</a>&nbsp;&nbsp;&nbsp;HAL_InitTick
</UL>

<P><STRONG><a name="[cb]"></a>HAL_TIMEx_BreakCallback</STRONG> (Thumb, 2 bytes, Stack size 0 bytes, stm32f4xx_hal_tim_ex.o(i.HAL_TIMEx_BreakCallback))
<BR><BR>[Called By]<UL><LI><a href="#[c6]">&gt;&gt;</a>&nbsp;&nbsp;&nbsp;HAL_TIM_IRQHandler
</UL>

<P><STRONG><a name="[cd]"></a>HAL_TIMEx_CommutationCallback</STRONG> (Thumb, 2 bytes, Stack size 0 bytes, stm32f4xx_hal_tim_ex.o(i.HAL_TIMEx_CommutationCallback))
<BR><BR>[Called By]<UL><LI><a href="#[c6]">&gt;&gt;</a>&nbsp;&nbsp;&nbsp;HAL_TIM_IRQHandler
</UL>

<P><STRONG><a name="[c3]"></a>HAL_TIM_Base_Init</STRONG> (Thumb, 52 bytes, Stack size 8 bytes, stm32f4xx_hal_tim.o(i.HAL_TIM_Base_Init))
<BR><BR>[Stack]<UL><LI>Max Depth = 72<LI>Call Chain = HAL_TIM_Base_Init &rArr; HAL_TIM_Base_MspInit &rArr; HAL_NVIC_SetPriority &rArr; NVIC_SetPriority
</UL>
<BR>[Calls]<UL><LI><a href="#[c5]">&gt;&gt;</a>&nbsp;&nbsp;&nbsp;TIM_Base_SetConfig
<LI><a href="#[c4]">&gt;&gt;</a>&nbsp;&nbsp;&nbsp;HAL_TIM_Base_MspInit
</UL>
<BR>[Called By]<UL><LI><a href="#[e7]">&gt;&gt;</a>&nbsp;&nbsp;&nbsp;TIM3_Init
<LI><a href="#[de]">&gt;&gt;</a>&nbsp;&nbsp;&nbsp;MX_TIM6_Init
</UL>

<P><STRONG><a name="[c4]"></a>HAL_TIM_Base_MspInit</STRONG> (Thumb, 102 bytes, Stack size 16 bytes, timer.o(i.HAL_TIM_Base_MspInit))
<BR><BR>[Stack]<UL><LI>Max Depth = 64<LI>Call Chain = HAL_TIM_Base_MspInit &rArr; HAL_NVIC_SetPriority &rArr; NVIC_SetPriority
</UL>
<BR>[Calls]<UL><LI><a href="#[a0]">&gt;&gt;</a>&nbsp;&nbsp;&nbsp;HAL_NVIC_EnableIRQ
<LI><a href="#[9f]">&gt;&gt;</a>&nbsp;&nbsp;&nbsp;HAL_NVIC_SetPriority
</UL>
<BR>[Called By]<UL><LI><a href="#[c3]">&gt;&gt;</a>&nbsp;&nbsp;&nbsp;HAL_TIM_Base_Init
</UL>

<P><STRONG><a name="[df]"></a>HAL_TIM_Base_Start_IT</STRONG> (Thumb, 30 bytes, Stack size 0 bytes, stm32f4xx_hal_tim.o(i.HAL_TIM_Base_Start_IT))
<BR><BR>[Called By]<UL><LI><a href="#[e7]">&gt;&gt;</a>&nbsp;&nbsp;&nbsp;TIM3_Init
<LI><a href="#[de]">&gt;&gt;</a>&nbsp;&nbsp;&nbsp;MX_TIM6_Init
</UL>

<P><STRONG><a name="[c7]"></a>HAL_TIM_IC_CaptureCallback</STRONG> (Thumb, 2 bytes, Stack size 0 bytes, stm32f4xx_hal_tim.o(i.HAL_TIM_IC_CaptureCallback))
<BR><BR>[Called By]<UL><LI><a href="#[c6]">&gt;&gt;</a>&nbsp;&nbsp;&nbsp;HAL_TIM_IRQHandler
</UL>

<P><STRONG><a name="[c6]"></a>HAL_TIM_IRQHandler</STRONG> (Thumb, 406 bytes, Stack size 8 bytes, stm32f4xx_hal_tim.o(i.HAL_TIM_IRQHandler))
<BR><BR>[Stack]<UL><LI>Max Depth = 96<LI>Call Chain = HAL_TIM_IRQHandler &rArr; HAL_TIM_PeriodElapsedCallback &rArr; lwip_periodic_handle &rArr; sys_check_timeouts &rArr; memp_free &rArr; __2printf
</UL>
<BR>[Calls]<UL><LI><a href="#[cc]">&gt;&gt;</a>&nbsp;&nbsp;&nbsp;HAL_TIM_TriggerCallback
<LI><a href="#[c9]">&gt;&gt;</a>&nbsp;&nbsp;&nbsp;HAL_TIM_PWM_PulseFinishedCallback
<LI><a href="#[c8]">&gt;&gt;</a>&nbsp;&nbsp;&nbsp;HAL_TIM_OC_DelayElapsedCallback
<LI><a href="#[c7]">&gt;&gt;</a>&nbsp;&nbsp;&nbsp;HAL_TIM_IC_CaptureCallback
<LI><a href="#[cd]">&gt;&gt;</a>&nbsp;&nbsp;&nbsp;HAL_TIMEx_CommutationCallback
<LI><a href="#[cb]">&gt;&gt;</a>&nbsp;&nbsp;&nbsp;HAL_TIMEx_BreakCallback
<LI><a href="#[ca]">&gt;&gt;</a>&nbsp;&nbsp;&nbsp;HAL_TIM_PeriodElapsedCallback
</UL>
<BR>[Called By]<UL><LI><a href="#[42]">&gt;&gt;</a>&nbsp;&nbsp;&nbsp;TIM6_DAC_IRQHandler
<LI><a href="#[29]">&gt;&gt;</a>&nbsp;&nbsp;&nbsp;TIM3_IRQHandler
</UL>

<P><STRONG><a name="[c8]"></a>HAL_TIM_OC_DelayElapsedCallback</STRONG> (Thumb, 2 bytes, Stack size 0 bytes, stm32f4xx_hal_tim.o(i.HAL_TIM_OC_DelayElapsedCallback))
<BR><BR>[Called By]<UL><LI><a href="#[c6]">&gt;&gt;</a>&nbsp;&nbsp;&nbsp;HAL_TIM_IRQHandler
</UL>

<P><STRONG><a name="[c9]"></a>HAL_TIM_PWM_PulseFinishedCallback</STRONG> (Thumb, 2 bytes, Stack size 0 bytes, stm32f4xx_hal_tim.o(i.HAL_TIM_PWM_PulseFinishedCallback))
<BR><BR>[Called By]<UL><LI><a href="#[c6]">&gt;&gt;</a>&nbsp;&nbsp;&nbsp;HAL_TIM_IRQHandler
</UL>

<P><STRONG><a name="[ca]"></a>HAL_TIM_PeriodElapsedCallback</STRONG> (Thumb, 40 bytes, Stack size 8 bytes, timer.o(i.HAL_TIM_PeriodElapsedCallback))
<BR><BR>[Stack]<UL><LI>Max Depth = 88<LI>Call Chain = HAL_TIM_PeriodElapsedCallback &rArr; lwip_periodic_handle &rArr; sys_check_timeouts &rArr; memp_free &rArr; __2printf
</UL>
<BR>[Calls]<UL><LI><a href="#[ce]">&gt;&gt;</a>&nbsp;&nbsp;&nbsp;lwip_periodic_handle
</UL>
<BR>[Called By]<UL><LI><a href="#[c6]">&gt;&gt;</a>&nbsp;&nbsp;&nbsp;HAL_TIM_IRQHandler
</UL>

<P><STRONG><a name="[cc]"></a>HAL_TIM_TriggerCallback</STRONG> (Thumb, 2 bytes, Stack size 0 bytes, stm32f4xx_hal_tim.o(i.HAL_TIM_TriggerCallback))
<BR><BR>[Called By]<UL><LI><a href="#[c6]">&gt;&gt;</a>&nbsp;&nbsp;&nbsp;HAL_TIM_IRQHandler
</UL>

<P><STRONG><a name="[83]"></a>HAL_UART_Init</STRONG> (Thumb, 110 bytes, Stack size 8 bytes, stm32f4xx_hal_uart.o(i.HAL_UART_Init))
<BR><BR>[Stack]<UL><LI>Max Depth = 88<LI>Call Chain = HAL_UART_Init &rArr; HAL_UART_MspInit &rArr; HAL_NVIC_SetPriority &rArr; NVIC_SetPriority
</UL>
<BR>[Calls]<UL><LI><a href="#[d0]">&gt;&gt;</a>&nbsp;&nbsp;&nbsp;UART_SetConfig
<LI><a href="#[cf]">&gt;&gt;</a>&nbsp;&nbsp;&nbsp;HAL_UART_MspInit
</UL>
<BR>[Called By]<UL><LI><a href="#[82]">&gt;&gt;</a>&nbsp;&nbsp;&nbsp;Debug_USART1_Init
</UL>

<P><STRONG><a name="[cf]"></a>HAL_UART_MspInit</STRONG> (Thumb, 130 bytes, Stack size 32 bytes, usart.o(i.HAL_UART_MspInit))
<BR><BR>[Stack]<UL><LI>Max Depth = 80<LI>Call Chain = HAL_UART_MspInit &rArr; HAL_NVIC_SetPriority &rArr; NVIC_SetPriority
</UL>
<BR>[Calls]<UL><LI><a href="#[a0]">&gt;&gt;</a>&nbsp;&nbsp;&nbsp;HAL_NVIC_EnableIRQ
<LI><a href="#[9f]">&gt;&gt;</a>&nbsp;&nbsp;&nbsp;HAL_NVIC_SetPriority
<LI><a href="#[9d]">&gt;&gt;</a>&nbsp;&nbsp;&nbsp;HAL_GPIO_Init
</UL>
<BR>[Called By]<UL><LI><a href="#[83]">&gt;&gt;</a>&nbsp;&nbsp;&nbsp;HAL_UART_Init
</UL>

<P><STRONG><a name="[d1]"></a>HAL_UART_Transmit</STRONG> (Thumb, 240 bytes, Stack size 32 bytes, stm32f4xx_hal_uart.o(i.HAL_UART_Transmit))
<BR><BR>[Stack]<UL><LI>Max Depth = 56<LI>Call Chain = HAL_UART_Transmit &rArr; UART_WaitOnFlagUntilTimeout
</UL>
<BR>[Calls]<UL><LI><a href="#[d2]">&gt;&gt;</a>&nbsp;&nbsp;&nbsp;UART_WaitOnFlagUntilTimeout
</UL>
<BR>[Called By]<UL><LI><a href="#[69]">&gt;&gt;</a>&nbsp;&nbsp;&nbsp;fputc
</UL>

<P><STRONG><a name="[4]"></a>HardFault_Handler</STRONG> (Thumb, 4 bytes, Stack size 0 bytes, stm32f4xx_it.o(i.HardFault_Handler))
<BR>[Address Reference Count : 1]<UL><LI> startup_stm32f429xx.o(RESET)
</UL>
<P><STRONG><a name="[86]"></a>I2C_EE_BufferRead</STRONG> (Thumb, 38 bytes, Stack size 32 bytes, bsp_i2c_ee.o(i.I2C_EE_BufferRead))
<BR><BR>[Stack]<UL><LI>Max Depth = 128<LI>Call Chain = I2C_EE_BufferRead &rArr; HAL_I2C_Mem_Read &rArr; I2C_RequestMemoryRead &rArr; I2C_WaitOnMasterAddressFlagUntilTimeout
</UL>
<BR>[Calls]<UL><LI><a href="#[b3]">&gt;&gt;</a>&nbsp;&nbsp;&nbsp;HAL_I2C_Mem_Read
</UL>
<BR>[Called By]<UL><LI><a href="#[89]">&gt;&gt;</a>&nbsp;&nbsp;&nbsp;EE_upgrateFlag_Read
<LI><a href="#[85]">&gt;&gt;</a>&nbsp;&nbsp;&nbsp;EE_Network_Read
</UL>

<P><STRONG><a name="[88]"></a>I2C_EE_BufferWrite</STRONG> (Thumb, 270 bytes, Stack size 32 bytes, bsp_i2c_ee.o(i.I2C_EE_BufferWrite))
<BR><BR>[Stack]<UL><LI>Max Depth = 160<LI>Call Chain = I2C_EE_BufferWrite &rArr; I2C_EE_PageWrite &rArr; HAL_I2C_Mem_Write &rArr; I2C_RequestMemoryWrite &rArr; I2C_WaitOnMasterAddressFlagUntilTimeout
</UL>
<BR>[Calls]<UL><LI><a href="#[d3]">&gt;&gt;</a>&nbsp;&nbsp;&nbsp;I2C_EE_PageWrite
</UL>
<BR>[Called By]<UL><LI><a href="#[87]">&gt;&gt;</a>&nbsp;&nbsp;&nbsp;EE_Version_Write
</UL>

<P><STRONG><a name="[d4]"></a>I2C_EE_Init</STRONG> (Thumb, 8 bytes, Stack size 8 bytes, bsp_i2c_ee.o(i.I2C_EE_Init))
<BR><BR>[Stack]<UL><LI>Max Depth = 88<LI>Call Chain = I2C_EE_Init &rArr; I2C_Mode_Config &rArr; HAL_I2C_Init &rArr; HAL_I2C_MspInit &rArr; HAL_GPIO_Init
</UL>
<BR>[Calls]<UL><LI><a href="#[d5]">&gt;&gt;</a>&nbsp;&nbsp;&nbsp;I2C_Mode_Config
</UL>
<BR>[Called By]<UL><LI><a href="#[66]">&gt;&gt;</a>&nbsp;&nbsp;&nbsp;main
</UL>

<P><STRONG><a name="[d3]"></a>I2C_EE_PageWrite</STRONG> (Thumb, 80 bytes, Stack size 32 bytes, bsp_i2c_ee.o(i.I2C_EE_PageWrite))
<BR><BR>[Stack]<UL><LI>Max Depth = 128<LI>Call Chain = I2C_EE_PageWrite &rArr; HAL_I2C_Mem_Write &rArr; I2C_RequestMemoryWrite &rArr; I2C_WaitOnMasterAddressFlagUntilTimeout
</UL>
<BR>[Calls]<UL><LI><a href="#[b5]">&gt;&gt;</a>&nbsp;&nbsp;&nbsp;HAL_I2C_Mem_Write
<LI><a href="#[b1]">&gt;&gt;</a>&nbsp;&nbsp;&nbsp;HAL_I2C_IsDeviceReady
<LI><a href="#[d6]">&gt;&gt;</a>&nbsp;&nbsp;&nbsp;HAL_I2C_GetState
</UL>
<BR>[Called By]<UL><LI><a href="#[88]">&gt;&gt;</a>&nbsp;&nbsp;&nbsp;I2C_EE_BufferWrite
</UL>

<P><STRONG><a name="[d9]"></a>LAN8720_Init</STRONG> (Thumb, 146 bytes, Stack size 16 bytes, lan8720.o(i.LAN8720_Init))
<BR><BR>[Stack]<UL><LI>Max Depth = 264<LI>Call Chain = LAN8720_Init &rArr; HAL_ETH_Init &rArr; ETH_MACDMAConfig &rArr; HAL_Delay
</UL>
<BR>[Calls]<UL><LI><a href="#[db]">&gt;&gt;</a>&nbsp;&nbsp;&nbsp;delay_ms
<LI><a href="#[9e]">&gt;&gt;</a>&nbsp;&nbsp;&nbsp;HAL_GPIO_WritePin
<LI><a href="#[98]">&gt;&gt;</a>&nbsp;&nbsp;&nbsp;HAL_ETH_Init
<LI><a href="#[dc]">&gt;&gt;</a>&nbsp;&nbsp;&nbsp;INTX_ENABLE
<LI><a href="#[da]">&gt;&gt;</a>&nbsp;&nbsp;&nbsp;INTX_DISABLE
</UL>
<BR>[Called By]<UL><LI><a href="#[132]">&gt;&gt;</a>&nbsp;&nbsp;&nbsp;lwip_comm_init
</UL>

<P><STRONG><a name="[dd]"></a>LED_Status_Init</STRONG> (Thumb, 62 bytes, Stack size 32 bytes, gpio.o(i.LED_Status_Init))
<BR><BR>[Stack]<UL><LI>Max Depth = 56<LI>Call Chain = LED_Status_Init &rArr; HAL_GPIO_Init
</UL>
<BR>[Calls]<UL><LI><a href="#[9d]">&gt;&gt;</a>&nbsp;&nbsp;&nbsp;HAL_GPIO_Init
</UL>
<BR>[Called By]<UL><LI><a href="#[66]">&gt;&gt;</a>&nbsp;&nbsp;&nbsp;main
</UL>

<P><STRONG><a name="[de]"></a>MX_TIM6_Init</STRONG> (Thumb, 44 bytes, Stack size 16 bytes, timer.o(i.MX_TIM6_Init))
<BR><BR>[Stack]<UL><LI>Max Depth = 88<LI>Call Chain = MX_TIM6_Init &rArr; HAL_TIM_Base_Init &rArr; HAL_TIM_Base_MspInit &rArr; HAL_NVIC_SetPriority &rArr; NVIC_SetPriority
</UL>
<BR>[Calls]<UL><LI><a href="#[df]">&gt;&gt;</a>&nbsp;&nbsp;&nbsp;HAL_TIM_Base_Start_IT
<LI><a href="#[c3]">&gt;&gt;</a>&nbsp;&nbsp;&nbsp;HAL_TIM_Base_Init
</UL>
<BR>[Called By]<UL><LI><a href="#[66]">&gt;&gt;</a>&nbsp;&nbsp;&nbsp;main
</UL>

<P><STRONG><a name="[5]"></a>MemManage_Handler</STRONG> (Thumb, 4 bytes, Stack size 0 bytes, stm32f4xx_it.o(i.MemManage_Handler))
<BR>[Address Reference Count : 1]<UL><LI> startup_stm32f429xx.o(RESET)
</UL>
<P><STRONG><a name="[3]"></a>NMI_Handler</STRONG> (Thumb, 2 bytes, Stack size 0 bytes, stm32f4xx_it.o(i.NMI_Handler))
<BR>[Address Reference Count : 1]<UL><LI> startup_stm32f429xx.o(RESET)
</UL>
<P><STRONG><a name="[ec]"></a>OTA_StringCopy</STRONG> (Thumb, 30 bytes, Stack size 16 bytes, upgrade.o(i.OTA_StringCopy))
<BR><BR>[Stack]<UL><LI>Max Depth = 16<LI>Call Chain = OTA_StringCopy
</UL>
<BR>[Called By]<UL><LI><a href="#[e8]">&gt;&gt;</a>&nbsp;&nbsp;&nbsp;UDP_RecvData_Handle
</UL>

<P><STRONG><a name="[a]"></a>PendSV_Handler</STRONG> (Thumb, 2 bytes, Stack size 0 bytes, stm32f4xx_it.o(i.PendSV_Handler))
<BR>[Address Reference Count : 1]<UL><LI> startup_stm32f429xx.o(RESET)
</UL>
<P><STRONG><a name="[e3]"></a>STMFLASH_GetFlashSector</STRONG> (Thumb, 236 bytes, Stack size 0 bytes, stmflash.o(i.STMFLASH_GetFlashSector))
<BR><BR>[Called By]<UL><LI><a href="#[e0]">&gt;&gt;</a>&nbsp;&nbsp;&nbsp;STMFLASH_Write
</UL>

<P><STRONG><a name="[e2]"></a>STMFLASH_ReadWord</STRONG> (Thumb, 6 bytes, Stack size 0 bytes, stmflash.o(i.STMFLASH_ReadWord))
<BR><BR>[Called By]<UL><LI><a href="#[e0]">&gt;&gt;</a>&nbsp;&nbsp;&nbsp;STMFLASH_Write
</UL>

<P><STRONG><a name="[e0]"></a>STMFLASH_Write</STRONG> (Thumb, 174 bytes, Stack size 56 bytes, stmflash.o(i.STMFLASH_Write))
<BR><BR>[Stack]<UL><LI>Max Depth = 96<LI>Call Chain = STMFLASH_Write &rArr; HAL_FLASHEx_Erase &rArr; FLASH_WaitForLastOperation
</UL>
<BR>[Calls]<UL><LI><a href="#[a4]">&gt;&gt;</a>&nbsp;&nbsp;&nbsp;HAL_FLASHEx_Erase
<LI><a href="#[e1]">&gt;&gt;</a>&nbsp;&nbsp;&nbsp;HAL_FLASH_Unlock
<LI><a href="#[a8]">&gt;&gt;</a>&nbsp;&nbsp;&nbsp;HAL_FLASH_Program
<LI><a href="#[e4]">&gt;&gt;</a>&nbsp;&nbsp;&nbsp;HAL_FLASH_Lock
<LI><a href="#[95]">&gt;&gt;</a>&nbsp;&nbsp;&nbsp;FLASH_WaitForLastOperation
<LI><a href="#[e2]">&gt;&gt;</a>&nbsp;&nbsp;&nbsp;STMFLASH_ReadWord
<LI><a href="#[e3]">&gt;&gt;</a>&nbsp;&nbsp;&nbsp;STMFLASH_GetFlashSector
</UL>
<BR>[Called By]<UL><LI><a href="#[ed]">&gt;&gt;</a>&nbsp;&nbsp;&nbsp;iap_write_appbin
</UL>

<P><STRONG><a name="[8]"></a>SVC_Handler</STRONG> (Thumb, 2 bytes, Stack size 0 bytes, stm32f4xx_it.o(i.SVC_Handler))
<BR>[Address Reference Count : 1]<UL><LI> startup_stm32f429xx.o(RESET)
</UL>
<P><STRONG><a name="[e5]"></a>Stm32_Clock_Init</STRONG> (Thumb, 176 bytes, Stack size 96 bytes, sys.o(i.Stm32_Clock_Init))
<BR><BR>[Stack]<UL><LI>Max Depth = 176<LI>Call Chain = Stm32_Clock_Init &rArr; HAL_RCC_ClockConfig &rArr; HAL_InitTick &rArr; HAL_NVIC_SetPriority &rArr; NVIC_SetPriority
</UL>
<BR>[Calls]<UL><LI><a href="#[be]">&gt;&gt;</a>&nbsp;&nbsp;&nbsp;HAL_PWREx_EnableOverDrive
<LI><a href="#[c2]">&gt;&gt;</a>&nbsp;&nbsp;&nbsp;HAL_RCC_OscConfig
<LI><a href="#[bf]">&gt;&gt;</a>&nbsp;&nbsp;&nbsp;HAL_RCC_ClockConfig
</UL>
<BR>[Called By]<UL><LI><a href="#[66]">&gt;&gt;</a>&nbsp;&nbsp;&nbsp;main
</UL>

<P><STRONG><a name="[b]"></a>SysTick_Handler</STRONG> (Thumb, 8 bytes, Stack size 8 bytes, stm32f4xx_it.o(i.SysTick_Handler))
<BR><BR>[Stack]<UL><LI>Max Depth = 8<LI>Call Chain = SysTick_Handler
</UL>
<BR>[Calls]<UL><LI><a href="#[e6]">&gt;&gt;</a>&nbsp;&nbsp;&nbsp;HAL_IncTick
</UL>
[...]
</UL>
<BR>[Calls]<UL><LI><a href="#[130]">&gt;&gt;</a>&nbsp;&nbsp;&nbsp;HAL_ETH_GetReceivedFrame
<LI><a href="#[106]">&gt;&gt;</a>&nbsp;&nbsp;&nbsp;pbuf_alloc
<LI><a href="#[e9]">&gt;&gt;</a>&nbsp;&nbsp;&nbsp;__aeabi_memcpy
</UL>
<BR>[Called By]<UL><LI><a href="#[10d]">&gt;&gt;</a>&nbsp;&nbsp;&nbsp;ethernetif_input
</UL>

<P><STRONG><a name="[6c]"></a>low_level_output</STRONG> (Thumb, 226 bytes, Stack size 40 bytes, ethernetif.o(i.low_level_output))
<BR><BR>[Stack]<UL><LI>Max Depth = 56<LI>Call Chain = low_level_output &rArr; HAL_ETH_TransmitFrame
</UL>
<BR>[Calls]<UL><LI><a href="#[131]">&gt;&gt;</a>&nbsp;&nbsp;&nbsp;HAL_ETH_TransmitFrame
<LI><a href="#[e9]">&gt;&gt;</a>&nbsp;&nbsp;&nbsp;__aeabi_memcpy
</UL>
<BR>[Address Reference Count : 1]<UL><LI> ethernetif.o(i.ethernetif_init)
</UL>
<P><STRONG><a name="[110]"></a>icmp_send_response</STRONG> (Thumb, 136 bytes, Stack size 40 bytes, icmp.o(i.icmp_send_response))
<BR><BR>[Stack]<UL><LI>Max Depth = 352<LI>Call Chain = icmp_send_response &rArr; ip_output &rArr; ip_output_if &rArr; ip_frag &rArr; pbuf_alloc &rArr; pbuf_free &rArr; mem_free &rArr; plug_holes &rArr; __2printf
</UL>
<BR>[Calls]<UL><LI><a href="#[115]">&gt;&gt;</a>&nbsp;&nbsp;&nbsp;ip_output
<LI><a href="#[114]">&gt;&gt;</a>&nbsp;&nbsp;&nbsp;inet_chksum
<LI><a href="#[fb]">&gt;&gt;</a>&nbsp;&nbsp;&nbsp;pbuf_free
<LI><a href="#[106]">&gt;&gt;</a>&nbsp;&nbsp;&nbsp;pbuf_alloc
<LI><a href="#[e9]">&gt;&gt;</a>&nbsp;&nbsp;&nbsp;__aeabi_memcpy
<LI><a href="#[7e]">&gt;&gt;</a>&nbsp;&nbsp;&nbsp;__2printf
</UL>
<BR>[Called By]<UL><LI><a href="#[116]">&gt;&gt;</a>&nbsp;&nbsp;&nbsp;icmp_time_exceeded
<LI><a href="#[10f]">&gt;&gt;</a>&nbsp;&nbsp;&nbsp;icmp_dest_unreach
</UL>

<P><STRONG><a name="[117]"></a>lwip_standard_chksum</STRONG> (Thumb, 94 bytes, Stack size 24 bytes, inet_chksum.o(i.lwip_standard_chksum))
<BR><BR>[Stack]<UL><LI>Max Depth = 24<LI>Call Chain = lwip_standard_chksum
</UL>
<BR>[Called By]<UL><LI><a href="#[112]">&gt;&gt;</a>&nbsp;&nbsp;&nbsp;inet_chksum_pbuf
<LI><a href="#[114]">&gt;&gt;</a>&nbsp;&nbsp;&nbsp;inet_chksum
</UL>

<P><STRONG><a name="[11a]"></a>ip_frag_alloc_pbuf_custom_ref</STRONG> (Thumb, 10 bytes, Stack size 8 bytes, ip_frag.o(i.ip_frag_alloc_pbuf_custom_ref))
<BR><BR>[Stack]<UL><LI>Max Depth = 48<LI>Call Chain = ip_frag_alloc_pbuf_custom_ref &rArr; memp_malloc &rArr; __2printf
</UL>
<BR>[Calls]<UL><LI><a href="#[11e]">&gt;&gt;</a>&nbsp;&nbsp;&nbsp;memp_malloc
</UL>
<BR>[Called By]<UL><LI><a href="#[118]">&gt;&gt;</a>&nbsp;&nbsp;&nbsp;ip_frag
</UL>

<P><STRONG><a name="[11c]"></a>ip_frag_free_pbuf_custom_ref</STRONG> (Thumb, 38 bytes, Stack size 8 bytes, ip_frag.o(i.ip_frag_free_pbuf_custom_ref))
<BR><BR>[Stack]<UL><LI>Max Depth = 48<LI>Call Chain = ip_frag_free_pbuf_custom_ref &rArr; memp_free &rArr; __2printf
</UL>
<BR>[Calls]<UL><LI><a href="#[11f]">&gt;&gt;</a>&nbsp;&nbsp;&nbsp;memp_free
<LI><a href="#[7e]">&gt;&gt;</a>&nbsp;&nbsp;&nbsp;__2printf
</UL>
<BR>[Called By]<UL><LI><a href="#[6d]">&gt;&gt;</a>&nbsp;&nbsp;&nbsp;ipfrag_free_pbuf_custom
<LI><a href="#[118]">&gt;&gt;</a>&nbsp;&nbsp;&nbsp;ip_frag
</UL>

<P><STRONG><a name="[129]"></a>ip_reass_chain_frag_into_datagram_and_validate</STRONG> (Thumb, 502 bytes, Stack size 48 bytes, ip_frag.o(i.ip_reass_chain_frag_into_datagram_and_validate))
<BR><BR>[Stack]<UL><LI>Max Depth = 136<LI>Call Chain = ip_reass_chain_frag_into_datagram_and_validate &rArr; pbuf_free &rArr; mem_free &rArr; plug_holes &rArr; __2printf
</UL>
<BR>[Calls]<UL><LI><a href="#[126]">&gt;&gt;</a>&nbsp;&nbsp;&nbsp;pbuf_clen
<LI><a href="#[119]">&gt;&gt;</a>&nbsp;&nbsp;&nbsp;lwip_ntohs
<LI><a href="#[fb]">&gt;&gt;</a>&nbsp;&nbsp;&nbsp;pbuf_free
<LI><a href="#[7e]">&gt;&gt;</a>&nbsp;&nbsp;&nbsp;__2printf
</UL>
<BR>[Called By]<UL><LI><a href="#[121]">&gt;&gt;</a>&nbsp;&nbsp;&nbsp;ip_reass
</UL>

<P><STRONG><a name="[12a]"></a>ip_reass_dequeue_datagram</STRONG> (Thumb, 62 bytes, Stack size 16 bytes, ip_frag.o(i.ip_reass_dequeue_datagram))
<BR><BR>[Stack]<UL><LI>Max Depth = 56<LI>Call Chain = ip_reass_dequeue_datagram &rArr; memp_free &rArr; __2printf
</UL>
<BR>[Calls]<UL><LI><a href="#[11f]">&gt;&gt;</a>&nbsp;&nbsp;&nbsp;memp_free
<LI><a href="#[7e]">&gt;&gt;</a>&nbsp;&nbsp;&nbsp;__2printf
</UL>
<BR>[Called By]<UL><LI><a href="#[12c]">&gt;&gt;</a>&nbsp;&nbsp;&nbsp;ip_reass_free_complete_datagram
<LI><a href="#[121]">&gt;&gt;</a>&nbsp;&nbsp;&nbsp;ip_reass
</UL>

<P><STRONG><a name="[128]"></a>ip_reass_enqueue_new_datagram</STRONG> (Thumb, 80 bytes, Stack size 16 bytes, ip_frag.o(i.ip_reass_enqueue_new_datagram))
<BR><BR>[Stack]<UL><LI>Max Depth = 456<LI>Call Chain = ip_reass_enqueue_new_datagram &rArr; ip_reass_remove_oldest_datagram &rArr; ip_reass_free_complete_datagram &rArr; icmp_time_exceeded &rArr; icmp_send_response &rArr; ip_output &rArr; ip_output_if &rArr; ip_frag &rArr; pbuf_alloc &rArr; pbuf_free &rArr; mem_free &rArr; plug_holes &rArr; __2printf
</UL>
<BR>[Calls]<UL><LI><a href="#[11e]">&gt;&gt;</a>&nbsp;&nbsp;&nbsp;memp_malloc
<LI><a href="#[127]">&gt;&gt;</a>&nbsp;&nbsp;&nbsp;ip_reass_remove_oldest_datagram
<LI><a href="#[12b]">&gt;&gt;</a>&nbsp;&nbsp;&nbsp;__aeabi_memclr4
<LI><a href="#[e9]">&gt;&gt;</a>&nbsp;&nbsp;&nbsp;__aeabi_memcpy
</UL>
<BR>[Called By]<UL><LI><a href="#[121]">&gt;&gt;</a>&nbsp;&nbsp;&nbsp;ip_reass
</UL>

<P><STRONG><a name="[12c]"></a>ip_reass_free_complete_datagram</STRONG> (Thumb, 274 bytes, Stack size 32 bytes, ip_frag.o(i.ip_reass_free_complete_datagram))
<BR><BR>[Stack]<UL><LI>Max Depth = 400<LI>Call Chain = ip_reass_free_complete_datagram &rArr; icmp_time_exceeded &rArr; icmp_send_response &rArr; ip_output &rArr; ip_output_if &rArr; ip_frag &rArr; pbuf_alloc &rArr; pbuf_free &rArr; mem_free &rArr; plug_holes &rArr; __2printf
</UL>
<BR>[Calls]<UL><LI><a href="#[126]">&gt;&gt;</a>&nbsp;&nbsp;&nbsp;pbuf_clen
<LI><a href="#[12a]">&gt;&gt;</a>&nbsp;&nbsp;&nbsp;ip_reass_dequeue_datagram
<LI><a href="#[116]">&gt;&gt;</a>&nbsp;&nbsp;&nbsp;icmp_time_exceeded
<LI><a href="#[fb]">&gt;&gt;</a>&nbsp;&nbsp;&nbsp;pbuf_free
<LI><a href="#[e9]">&gt;&gt;</a>&nbsp;&nbsp;&nbsp;__aeabi_memcpy
<LI><a href="#[7e]">&gt;&gt;</a>&nbsp;&nbsp;&nbsp;__2printf
</UL>
<BR>[Called By]<UL><LI><a href="#[12d]">&gt;&gt;</a>&nbsp;&nbsp;&nbsp;ip_reass_tmr
<LI><a href="#[127]">&gt;&gt;</a>&nbsp;&nbsp;&nbsp;ip_reass_remove_oldest_datagram
</UL>

<P><STRONG><a name="[127]"></a>ip_reass_remove_oldest_datagram</STRONG> (Thumb, 118 bytes, Stack size 40 bytes, ip_frag.o(i.ip_reass_remove_oldest_datagram))
<BR><BR>[Stack]<UL><LI>Max Depth = 440<LI>Call Chain = ip_reass_remove_oldest_datagram &rArr; ip_reass_free_complete_datagram &rArr; icmp_time_exceeded &rArr; icmp_send_response &rArr; ip_output &rArr; ip_output_if &rArr; ip_frag &rArr; pbuf_alloc &rArr; pbuf_free &rArr; mem_free &rArr; plug_holes &rArr; __2printf
</UL>
<BR>[Calls]<UL><LI><a href="#[12c]">&gt;&gt;</a>&nbsp;&nbsp;&nbsp;ip_reass_free_complete_datagram
</UL>
<BR>[Called By]<UL><LI><a href="#[128]">&gt;&gt;</a>&nbsp;&nbsp;&nbsp;ip_reass_enqueue_new_datagram
<LI><a href="#[121]">&gt;&gt;</a>&nbsp;&nbsp;&nbsp;ip_reass
</UL>

<P><STRONG><a name="[6d]"></a>ipfrag_free_pbuf_custom</STRONG> (Thumb, 74 bytes, Stack size 16 bytes, ip_frag.o(i.ipfrag_free_pbuf_custom))
<BR><BR>[Stack]<UL><LI>Max Depth = 104<LI>Call Chain = ipfrag_free_pbuf_custom &rArr; pbuf_free &rArr; mem_free &rArr; plug_holes &rArr; __2printf
</UL>
<BR>[Calls]<UL><LI><a href="#[11c]">&gt;&gt;</a>&nbsp;&nbsp;&nbsp;ip_frag_free_pbuf_custom_ref
<LI><a href="#[fb]">&gt;&gt;</a>&nbsp;&nbsp;&nbsp;pbuf_free
<LI><a href="#[7e]">&gt;&gt;</a>&nbsp;&nbsp;&nbsp;__2printf
</UL>
<BR>[Address Reference Count : 1]<UL><LI> ip_frag.o(i.ip_frag)
</UL>
<P><STRONG><a name="[149]"></a>plug_holes</STRONG> (Thumb, 218 bytes, Stack size 16 bytes, mem.o(i.plug_holes))
<BR><BR>[Stack]<UL><LI>Max Depth = 40<LI>Call Chain = plug_holes &rArr; __2printf
</UL>
<BR>[Calls]<UL><LI><a href="#[7e]">&gt;&gt;</a>&nbsp;&nbsp;&nbsp;__2printf
</UL>
<BR>[Called By]<UL><LI><a href="#[148]">&gt;&gt;</a>&nbsp;&nbsp;&nbsp;mem_free
</UL>

<P><STRONG><a name="[160]"></a>tcp_close_shutdown</STRONG> (Thumb, 456 bytes, Stack size 24 bytes, tcp.o(i.tcp_close_shutdown))
<BR><BR>[Stack]<UL><LI>Max Depth = 424<LI>Call Chain = tcp_close_shutdown &rArr; tcp_pcb_remove &rArr; tcp_output &rArr; tcp_output_segment &rArr; ip_output &rArr; ip_output_if &rArr; ip_frag &rArr; pbuf_alloc &rArr; pbuf_free &rArr; mem_free &rArr; plug_holes &rArr; __2printf
</UL>
<BR>[Calls]<UL><LI><a href="#[11f]">&gt;&gt;</a>&nbsp;&nbsp;&nbsp;memp_free
<LI><a href="#[162]">&gt;&gt;</a>&nbsp;&nbsp;&nbsp;tcp_timer_needed
<LI><a href="#[163]">&gt;&gt;</a>&nbsp;&nbsp;&nbsp;tcp_send_fin
<LI><a href="#[15a]">&gt;&gt;</a>&nbsp;&nbsp;&nbsp;tcp_rst
<LI><a href="#[164]">&gt;&gt;</a>&nbsp;&nbsp;&nbsp;tcp_output
<LI><a href="#[158]">&gt;&gt;</a>&nbsp;&nbsp;&nbsp;tcp_pcb_remove
<LI><a href="#[161]">&gt;&gt;</a>&nbsp;&nbsp;&nbsp;tcp_pcb_purge
<LI><a href="#[7e]">&gt;&gt;</a>&nbsp;&nbsp;&nbsp;__2printf
</UL>
<BR>[Called By]<UL><LI><a href="#[15f]">&gt;&gt;</a>&nbsp;&nbsp;&nbsp;tcp_close
</UL>

<P><STRONG><a name="[15d]"></a>tcp_kill_prio</STRONG> (Thumb, 76 bytes, Stack size 24 bytes, tcp.o(i.tcp_kill_prio))
<BR><BR>[Stack]<UL><LI>Max Depth = 472<LI>Call Chain = tcp_kill_prio &rArr; tcp_abort &rArr; tcp_abandon &rArr; tcp_pcb_remove &rArr; tcp_output &rArr; tcp_output_segment &rArr; ip_output &rArr; ip_output_if &rArr; ip_frag &rArr; pbuf_alloc &rArr; pbuf_free &rArr; mem_free &rArr; plug_holes &rArr; __2printf
</UL>
<BR>[Calls]<UL><LI><a href="#[153]">&gt;&gt;</a>&nbsp;&nbsp;&nbsp;tcp_abort
</UL>
<BR>[Called By]<UL><LI><a href="#[15b]">&gt;&gt;</a>&nbsp;&nbsp;&nbsp;tcp_alloc
</UL>

<P><STRONG><a name="[15c]"></a>tcp_kill_timewait</STRONG> (Thumb, 50 bytes, Stack size 16 bytes, tcp.o(i.tcp_kill_timewait))
<BR><BR>[Stack]<UL><LI>Max Depth = 464<LI>Call Chain = tcp_kill_timewait &rArr; tcp_abort &rArr; tcp_abandon &rArr; tcp_pcb_remove &rArr; tcp_output &rArr; tcp_output_segment &rArr; ip_output &rArr; ip_output_if &rArr; ip_frag &rArr; pbuf_alloc &rArr; pbuf_free &rArr; mem_free &rArr; plug_holes &rArr; __2printf
</UL>
<BR>[Calls]<UL><LI><a href="#[153]">&gt;&gt;</a>&nbsp;&nbsp;&nbsp;tcp_abort
</UL>
<BR>[Called By]<UL><LI><a href="#[15b]">&gt;&gt;</a>&nbsp;&nbsp;&nbsp;tcp_alloc
</UL>

<P><STRONG><a name="[16c]"></a>tcp_listen_input</STRONG> (Thumb, 268 bytes, Stack size 24 bytes, tcp_in.o(i.tcp_listen_input))
<BR><BR>[Stack]<UL><LI>Max Depth = 512<LI>Call Chain = tcp_listen_input &rArr; tcp_alloc &rArr; tcp_kill_prio &rArr; tcp_abort &rArr; tcp_abandon &rArr; tcp_pcb_remove &rArr; tcp_output &rArr; tcp_output_segment &rArr; ip_output &rArr; ip_output_if &rArr; ip_frag &rArr; pbuf_alloc &rArr; pbuf_free &rArr; mem_free &rArr; plug_holes &rArr; __2printf
</UL>
<BR>[Calls]<UL><LI><a href="#[170]">&gt;&gt;</a>&nbsp;&nbsp;&nbsp;tcp_parseopt
<LI><a href="#[162]">&gt;&gt;</a>&nbsp;&nbsp;&nbsp;tcp_timer_needed
<LI><a href="#[15a]">&gt;&gt;</a>&nbsp;&nbsp;&nbsp;tcp_rst
<LI><a href="#[164]">&gt;&gt;</a>&nbsp;&nbsp;&nbsp;tcp_output
<LI><a href="#[168]">&gt;&gt;</a>&nbsp;&nbsp;&nbsp;tcp_enqueue_flags
<LI><a href="#[167]">&gt;&gt;</a>&nbsp;&nbsp;&nbsp;tcp_eff_send_mss
<LI><a href="#[15b]">&gt;&gt;</a>&nbsp;&nbsp;&nbsp;tcp_alloc
<LI><a href="#[157]">&gt;&gt;</a>&nbsp;&nbsp;&nbsp;tcp_abandon
</UL>
<BR>[Called By]<UL><LI><a href="#[124]">&gt;&gt;</a>&nbsp;&nbsp;&nbsp;tcp_input
</UL>

<P><STRONG><a name="[170]"></a>tcp_parseopt</STRONG> (Thumb, 178 bytes, Stack size 32 bytes, tcp_in.o(i.tcp_parseopt))
<BR><BR>[Stack]<UL><LI>Max Depth = 36<LI>Call Chain = tcp_parseopt &rArr; lwip_ntohs
</UL>
<BR>[Calls]<UL><LI><a href="#[119]">&gt;&gt;</a>&nbsp;&nbsp;&nbsp;lwip_ntohs
</UL>
<BR>[Called By]<UL><LI><a href="#[16d]">&gt;&gt;</a>&nbsp;&nbsp;&nbsp;tcp_process
<LI><a href="#[16c]">&gt;&gt;</a>&nbsp;&nbsp;&nbsp;tcp_listen_input
</UL>

<P><STRONG><a name="[16d]"></a>tcp_process</STRONG> (Thumb, 1622 bytes, Stack size 32 bytes, tcp_in.o(i.tcp_process))
<BR><BR>[Stack]<UL><LI>Max Depth = 480<LI>Call Chain = tcp_process &rArr; tcp_abort &rArr; tcp_abandon &rArr; tcp_pcb_remove &rArr; tcp_output &rArr; tcp_output_segment &rArr; ip_output &rArr; ip_output_if &rArr; ip_frag &rArr; pbuf_alloc &rArr; pbuf_free &rArr; mem_free &rArr; plug_holes &rArr; __2printf
</UL>
<BR>[Calls]<UL><LI><a href="#[153]">&gt;&gt;</a>&nbsp;&nbsp;&nbsp;tcp_abort
<LI><a href="#[141]">&gt;&gt;</a>&nbsp;&nbsp;&nbsp;lwip_ntohl
<LI><a href="#[174]">&gt;&gt;</a>&nbsp;&nbsp;&nbsp;tcp_rexmit
<LI><a href="#[173]">&gt;&gt;</a>&nbsp;&nbsp;&nbsp;tcp_receive
<LI><a href="#[170]">&gt;&gt;</a>&nbsp;&nbsp;&nbsp;tcp_parseopt
<LI><a href="#[162]">&gt;&gt;</a>&nbsp;&nbsp;&nbsp;tcp_timer_needed
<LI><a href="#[15a]">&gt;&gt;</a>&nbsp;&nbsp;&nbsp;tcp_rst
<LI><a href="#[166]">&gt;&gt;</a>&nbsp;&nbsp;&nbsp;tcp_seg_free
<LI><a href="#[161]">&gt;&gt;</a>&nbsp;&nbsp;&nbsp;tcp_pcb_purge
<LI><a href="#[167]">&gt;&gt;</a>&nbsp;&nbsp;&nbsp;tcp_eff_send_mss
<LI><a href="#[7e]">&gt;&gt;</a>&nbsp;&nbsp;&nbsp;__2printf
</UL>
<BR>[Called By]<UL><LI><a href="#[124]">&gt;&gt;</a>&nbsp;&nbsp;&nbsp;tcp_input
</UL>

<P><STRONG><a name="[173]"></a>tcp_receive</STRONG> (Thumb, 2092 bytes, Stack size 40 bytes, tcp_in.o(i.tcp_receive))
<BR><BR>[Stack]<UL><LI>Max Depth = 384<LI>Call Chain = tcp_receive &rArr; tcp_send_empty_ack &rArr; ip_output &rArr; ip_output_if &rArr; ip_frag &rArr; pbuf_alloc &rArr; pbuf_free &rArr; mem_free &rArr; plug_holes &rArr; __2printf
</UL>
<BR>[Calls]<UL><LI><a href="#[141]">&gt;&gt;</a>&nbsp;&nbsp;&nbsp;lwip_ntohl
<LI><a href="#[126]">&gt;&gt;</a>&nbsp;&nbsp;&nbsp;pbuf_clen
<LI><a href="#[120]">&gt;&gt;</a>&nbsp;&nbsp;&nbsp;pbuf_realloc
<LI><a href="#[119]">&gt;&gt;</a>&nbsp;&nbsp;&nbsp;lwip_ntohs
<LI><a href="#[100]">&gt;&gt;</a>&nbsp;&nbsp;&nbsp;pbuf_header
<LI><a href="#[fd]">&gt;&gt;</a>&nbsp;&nbsp;&nbsp;lwip_htons
<LI><a href="#[171]">&gt;&gt;</a>&nbsp;&nbsp;&nbsp;tcp_send_empty_ack
<LI><a href="#[175]">&gt;&gt;</a>&nbsp;&nbsp;&nbsp;tcp_rexmit_fast
<LI><a href="#[176]">&gt;&gt;</a>&nbsp;&nbsp;&nbsp;tcp_update_rcv_ann_wnd
<LI><a href="#[166]">&gt;&gt;</a>&nbsp;&nbsp;&nbsp;tcp_seg_free
<LI><a href="#[7e]">&gt;&gt;</a>&nbsp;&nbsp;&nbsp;__2printf
</UL>
<BR>[Called By]<UL><LI><a href="#[16d]">&gt;&gt;</a>&nbsp;&nbsp;&nbsp;tcp_process
</UL>

<P><STRONG><a name="[16b]"></a>tcp_timewait_input</STRONG> (Thumb, 140 bytes, Stack size 16 bytes, tcp_in.o(i.tcp_timewait_input))
<BR><BR>[Stack]<UL><LI>Max Depth = 400<LI>Call Chain = tcp_timewait_input &rArr; tcp_output &rArr; tcp_output_segment &rArr; ip_output &rArr; ip_output_if &rArr; ip_frag &rArr; pbuf_alloc &rArr; pbuf_free &rArr; mem_free &rArr; plug_holes &rArr; __2printf
</UL>
<BR>[Calls]<UL><LI><a href="#[15a]">&gt;&gt;</a>&nbsp;&nbsp;&nbsp;tcp_rst
<LI><a href="#[164]">&gt;&gt;</a>&nbsp;&nbsp;&nbsp;tcp_output
</UL>
<BR>[Called By]<UL><LI><a href="#[124]">&gt;&gt;</a>&nbsp;&nbsp;&nbsp;tcp_input
</UL>

<P><STRONG><a name="[165]"></a>tcp_create_segment</STRONG> (Thumb, 172 bytes, Stack size 40 bytes, tcp_out.o(i.tcp_create_segment))
<BR><BR>[Stack]<UL><LI>Max Depth = 136<LI>Call Chain = tcp_create_segment &rArr; tcp_seg_free &rArr; pbuf_free &rArr; mem_free &rArr; plug_holes &rArr; __2printf
</UL>
<BR>[Calls]<UL><LI><a href="#[11e]">&gt;&gt;</a>&nbsp;&nbsp;&nbsp;memp_malloc
<LI><a href="#[142]">&gt;&gt;</a>&nbsp;&nbsp;&nbsp;lwip_htonl
<LI><a href="#[100]">&gt;&gt;</a>&nbsp;&nbsp;&nbsp;pbuf_header
<LI><a href="#[fd]">&gt;&gt;</a>&nbsp;&nbsp;&nbsp;lwip_htons
<LI><a href="#[fb]">&gt;&gt;</a>&nbsp;&nbsp;&nbsp;pbuf_free
<LI><a href="#[166]">&gt;&gt;</a>&nbsp;&nbsp;&nbsp;tcp_seg_free
</UL>
<BR>[Called By]<UL><LI><a href="#[168]">&gt;&gt;</a>&nbsp;&nbsp;&nbsp;tcp_enqueue_flags
</UL>

<P><STRONG><a name="[16f]"></a>tcp_output_alloc_header</STRONG> (Thumb, 148 bytes, Stack size 32 bytes, tcp_out.o(i.tcp_output_alloc_header))
<BR><BR>[Stack]<UL><LI>Max Depth = 160<LI>Call Chain = tcp_output_alloc_header &rArr; pbuf_alloc &rArr; pbuf_free &rArr; mem_free &rArr; plug_holes &rArr; __2printf
</UL>
<BR>[Calls]<UL><LI><a href="#[142]">&gt;&gt;</a>&nbsp;&nbsp;&nbsp;lwip_htonl
<LI><a href="#[fd]">&gt;&gt;</a>&nbsp;&nbsp;&nbsp;lwip_htons
<LI><a href="#[106]">&gt;&gt;</a>&nbsp;&nbsp;&nbsp;pbuf_alloc
<LI><a href="#[7e]">&gt;&gt;</a>&nbsp;&nbsp;&nbsp;__2printf
</UL>
<BR>[Called By]<UL><LI><a href="#[171]">&gt;&gt;</a>&nbsp;&nbsp;&nbsp;tcp_send_empty_ack
<LI><a href="#[17a]">&gt;&gt;</a>&nbsp;&nbsp;&nbsp;tcp_zero_window_probe
<LI><a href="#[16e]">&gt;&gt;</a>&nbsp;&nbsp;&nbsp;tcp_keepalive
</UL>

<P><STRONG><a name="[172]"></a>tcp_output_segment</STRONG> (Thumb, 202 bytes, Stack size 40 bytes, tcp_out.o(i.tcp_output_segment))
<BR><BR>[Stack]<UL><LI>Max Depth = 352<LI>Call Chain = tcp_output_segment &rArr; ip_output &rArr; ip_output_if &rArr; ip_frag &rArr; pbuf_alloc &rArr; pbuf_free &rArr; mem_free &rArr; plug_holes &rArr; __2printf
</UL>
<BR>[Calls]<UL><LI><a href="#[141]">&gt;&gt;</a>&nbsp;&nbsp;&nbsp;lwip_ntohl
<LI><a href="#[142]">&gt;&gt;</a>&nbsp;&nbsp;&nbsp;lwip_htonl
<LI><a href="#[125]">&gt;&gt;</a>&nbsp;&nbsp;&nbsp;ip_route
<LI><a href="#[115]">&gt;&gt;</a>&nbsp;&nbsp;&nbsp;ip_output
<LI><a href="#[fd]">&gt;&gt;</a>&nbsp;&nbsp;&nbsp;lwip_htons
<LI><a href="#[167]">&gt;&gt;</a>&nbsp;&nbsp;&nbsp;tcp_eff_send_mss
</UL>
<BR>[Called By]<UL><LI><a href="#[164]">&gt;&gt;</a>&nbsp;&nbsp;&nbsp;tcp_output
</UL>

<P><STRONG><a name="[6a]"></a>arp_timer</STRONG> (Thumb, 22 bytes, Stack size 8 bytes, timers.o(i.arp_timer))
<BR><BR>[Stack]<UL><LI>Max Depth = 120<LI>Call Chain = arp_timer &rArr; etharp_tmr &rArr; etharp_free_entry &rArr; pbuf_free &rArr; mem_free &rArr; plug_holes &rArr; __2printf
</UL>
<BR>[Calls]<UL><LI><a href="#[f5]">&gt;&gt;</a>&nbsp;&nbsp;&nbsp;etharp_tmr
<LI><a href="#[f6]">&gt;&gt;</a>&nbsp;&nbsp;&nbsp;sys_timeout
</UL>
<BR>[Address Reference Count : 2]<UL><LI> timers.o(i.arp_timer)
<LI> timers.o(i.sys_timeouts_init)
</UL>
<P><STRONG><a name="[6e]"></a>ip_reass_timer</STRONG> (Thumb, 22 bytes, Stack size 8 bytes, timers.o(i.ip_reass_timer))
<BR><BR>[Stack]<UL><LI>Max Depth = 424<LI>Call Chain = ip_reass_timer &rArr; ip_reass_tmr &rArr; ip_reass_free_complete_datagram &rArr; icmp_time_exceeded &rArr; icmp_send_response &rArr; ip_output &rArr; ip_output_if &rArr; ip_frag &rArr; pbuf_alloc &rArr; pbuf_free &rArr; mem_free &rArr; plug_holes &rArr; __2printf
</UL>
<BR>[Calls]<UL><LI><a href="#[12d]">&gt;&gt;</a>&nbsp;&nbsp;&nbsp;ip_reass_tmr
<LI><a href="#[f6]">&gt;&gt;</a>&nbsp;&nbsp;&nbsp;sys_timeout
</UL>
<BR>[Address Reference Count : 2]<UL><LI> timers.o(i.ip_reass_timer)
<LI> timers.o(i.sys_timeouts_init)
</UL>
<P><STRONG><a name="[72]"></a>tcpip_tcp_timer</STRONG> (Thumb, 40 bytes, Stack size 8 bytes, timers.o(i.tcpip_tcp_timer))
<BR><BR>[Stack]<UL><LI>Max Depth = 512<LI>Call Chain = tcpip_tcp_timer &rArr; tcp_tmr &rArr; tcp_fasttmr &rArr; tcp_process_refused_data &rArr; tcp_recv_null &rArr; tcp_close &rArr; tcp_close_shutdown &rArr; tcp_pcb_remove &rArr; tcp_output &rArr; tcp_output_segment &rArr; ip_output &rArr; ip_output_if &rArr; ip_frag &rArr; pbuf_alloc &rArr; pbuf_free &rArr; mem_free &rArr; plug_holes &rArr; __2printf
</UL>
<BR>[Calls]<UL><LI><a href="#[f6]">&gt;&gt;</a>&nbsp;&nbsp;&nbsp;sys_timeout
<LI><a href="#[17b]">&gt;&gt;</a>&nbsp;&nbsp;&nbsp;tcp_tmr
</UL>
<BR>[Address Reference Count : 2]<UL><LI> timers.o(i.tcp_timer_needed)
<LI> timers.o(i.tcpip_tcp_timer)
</UL>
<P><STRONG><a name="[17e]"></a>udp_new_port</STRONG> (Thumb, 80 bytes, Stack size 8 bytes, udp.o(i.udp_new_port))
<BR><BR>[Stack]<UL><LI>Max Depth = 8<LI>Call Chain = udp_new_port
</UL>
<BR>[Called By]<UL><LI><a href="#[17d]">&gt;&gt;</a>&nbsp;&nbsp;&nbsp;udp_bind
</UL>

<P><STRONG><a name="[f4]"></a>_printf_core</STRONG> (Thumb, 658 bytes, Stack size 104 bytes, printf5.o(i._printf_core), UNUSED)
<BR><BR>[Calls]<UL><LI><a href="#[76]">&gt;&gt;</a>&nbsp;&nbsp;&nbsp;__aeabi_uldivmod
</UL>
<BR>[Called By]<UL><LI><a href="#[f3]">&gt;&gt;</a>&nbsp;&nbsp;&nbsp;__0printf$5
</UL>
<P>
<H3>
Undefined Global Symbols
</H3><HR></body></html>
