<!doctype html public "-//w3c//dtd html 4.0 transitional//en">
<html><head>
<title>Static Call Graph - [..\Output\HD-Vessel-Anchor.axf]</title></head>
<body><HR>
<H1>Static Call Graph for image ..\Output\HD-Vessel-Anchor.axf</H1><HR>
<BR><P>#&#060CALLGRAPH&#062# ARM Linker, 5060750: Last Updated: Mon Dec 21 15:22:37 2020
<BR><P>
<H3>Maximum Stack Usage =        736 bytes + Unknown(Cycles, Untraceable Function Pointers)</H3><H3>
Call chain for Maximum Stack Depth:</H3>
ethernet_input &rArr; ip4_input &rArr; tcp_input &rArr; tcp_listen_input &rArr; tcp_alloc &rArr; tcp_kill_state &rArr; tcp_abandon &rArr; tcp_pcb_remove &rArr; tcp_output &rArr; tcp_send_empty_ack &rArr; tcp_output_control_segment &rArr; ip4_output_if &rArr; ip4_output_if_src &rArr; ip4_frag &rArr; pbuf_alloc &rArr; pbuf_free &rArr; mem_free &rArr; sys_mutex_unlock &rArr; xQueueGenericSend &rArr; xTaskResumeAll &rArr; xTaskIncrementTick &rArr; __2printf
<P>
<H3>
Mutually Recursive functions
</H3> <LI><a href="#[25]">ADC_IRQHandler</a>&nbsp;&nbsp;&nbsp;&rArr;&nbsp;&nbsp;&nbsp;<a href="#[25]">ADC_IRQHandler</a><BR>
 <LI><a href="#[1df]">netconn_drain</a>&nbsp;&nbsp;&nbsp;&rArr;&nbsp;&nbsp;&nbsp;<a href="#[1df]">netconn_drain</a><BR>
 <LI><a href="#[204]">lwip_send</a>&nbsp;&nbsp;&nbsp;&rArr;&nbsp;&nbsp;&nbsp;<a href="#[171]">lwip_sendto</a><BR>
 <LI><a href="#[8d]">NetworkMessage_Task</a>&nbsp;&nbsp;&nbsp;&rArr;&nbsp;&nbsp;&nbsp;<a href="#[8d]">NetworkMessage_Task</a><BR>
</UL>
<P>
<H3>
Function Pointers
</H3><UL>
 <LI><a href="#[25]">ADC_IRQHandler</a> from startup_stm32f429xx.o(.text) referenced from startup_stm32f429xx.o(RESET)
 <LI><a href="#[7e]">AppTaskCreate</a> from main.o(i.AppTaskCreate) referenced from main.o(i.main)
 <LI><a href="#[d]">BusFault_Handler</a> from stm32f4xx_it.o(i.BusFault_Handler) referenced from startup_stm32f429xx.o(RESET)
 <LI><a href="#[27]">CAN1_RX0_IRQHandler</a> from startup_stm32f429xx.o(.text) referenced from startup_stm32f429xx.o(RESET)
 <LI><a href="#[28]">CAN1_RX1_IRQHandler</a> from startup_stm32f429xx.o(.text) referenced from startup_stm32f429xx.o(RESET)
 <LI><a href="#[29]">CAN1_SCE_IRQHandler</a> from startup_stm32f429xx.o(.text) referenced from startup_stm32f429xx.o(RESET)
 <LI><a href="#[26]">CAN1_TX_IRQHandler</a> from startup_stm32f429xx.o(.text) referenced from startup_stm32f429xx.o(RESET)
 <LI><a href="#[53]">CAN2_RX0_IRQHandler</a> from startup_stm32f429xx.o(.text) referenced from startup_stm32f429xx.o(RESET)
 <LI><a href="#[54]">CAN2_RX1_IRQHandler</a> from startup_stm32f429xx.o(.text) referenced from startup_stm32f429xx.o(RESET)
 <LI><a href="#[55]">CAN2_SCE_IRQHandler</a> from startup_stm32f429xx.o(.text) referenced from startup_stm32f429xx.o(RESET)
 <LI><a href="#[52]">CAN2_TX_IRQHandler</a> from startup_stm32f429xx.o(.text) referenced from startup_stm32f429xx.o(RESET)
 <LI><a href="#[61]">DCMI_IRQHandler</a> from startup_stm32f429xx.o(.text) referenced from startup_stm32f429xx.o(RESET)
 <LI><a href="#[1e]">DMA1_Stream0_IRQHandler</a> from startup_stm32f429xx.o(.text) referenced from startup_stm32f429xx.o(RESET)
 <LI><a href="#[1f]">DMA1_Stream1_IRQHandler</a> from startup_stm32f429xx.o(.text) referenced from startup_stm32f429xx.o(RESET)
 <LI><a href="#[20]">DMA1_Stream2_IRQHandler</a> from startup_stm32f429xx.o(.text) referenced from startup_stm32f429xx.o(RESET)
 <LI><a href="#[21]">DMA1_Stream3_IRQHandler</a> from startup_stm32f429xx.o(.text) referenced from startup_stm32f429xx.o(RESET)
 <LI><a href="#[22]">DMA1_Stream4_IRQHandler</a> from startup_stm32f429xx.o(.text) referenced from startup_stm32f429xx.o(RESET)
 <LI><a href="#[23]">DMA1_Stream5_IRQHandler</a> from startup_stm32f429xx.o(.text) referenced from startup_stm32f429xx.o(RESET)
 <LI><a href="#[24]">DMA1_Stream6_IRQHandler</a> from startup_stm32f429xx.o(.text) referenced from startup_stm32f429xx.o(RESET)
 <LI><a href="#[42]">DMA1_Stream7_IRQHandler</a> from startup_stm32f429xx.o(.text) referenced from startup_stm32f429xx.o(RESET)
 <LI><a href="#[6c]">DMA2D_IRQHandler</a> from startup_stm32f429xx.o(.text) referenced from startup_stm32f429xx.o(RESET)
 <LI><a href="#[4b]">DMA2_Stream0_IRQHandler</a> from startup_stm32f429xx.o(.text) referenced from startup_stm32f429xx.o(RESET)
 <LI><a href="#[4c]">DMA2_Stream1_IRQHandler</a> from startup_stm32f429xx.o(.text) referenced from startup_stm32f429xx.o(RESET)
 <LI><a href="#[4d]">DMA2_Stream2_IRQHandler</a> from startup_stm32f429xx.o(.text) referenced from startup_stm32f429xx.o(RESET)
 <LI><a href="#[4e]">DMA2_Stream3_IRQHandler</a> from startup_stm32f429xx.o(.text) referenced from startup_stm32f429xx.o(RESET)
 <LI><a href="#[4f]">DMA2_Stream4_IRQHandler</a> from startup_stm32f429xx.o(.text) referenced from startup_stm32f429xx.o(RESET)
 <LI><a href="#[57]">DMA2_Stream5_IRQHandler</a> from startup_stm32f429xx.o(.text) referenced from startup_stm32f429xx.o(RESET)
 <LI><a href="#[58]">DMA2_Stream6_IRQHandler</a> from startup_stm32f429xx.o(.text) referenced from startup_stm32f429xx.o(RESET)
 <LI><a href="#[59]">DMA2_Stream7_IRQHandler</a> from startup_stm32f429xx.o(.text) referenced from startup_stm32f429xx.o(RESET)
 <LI><a href="#[10]">DebugMon_Handler</a> from stm32f4xx_it.o(i.DebugMon_Handler) referenced from startup_stm32f429xx.o(RESET)
 <LI><a href="#[50]">ETH_IRQHandler</a> from bsp_eth.o(i.ETH_IRQHandler) referenced from startup_stm32f429xx.o(RESET)
 <LI><a href="#[51]">ETH_WKUP_IRQHandler</a> from startup_stm32f429xx.o(.text) referenced from startup_stm32f429xx.o(RESET)
 <LI><a href="#[19]">EXTI0_IRQHandler</a> from startup_stm32f429xx.o(.text) referenced from startup_stm32f429xx.o(RESET)
 <LI><a href="#[3b]">EXTI15_10_IRQHandler</a> from startup_stm32f429xx.o(.text) referenced from startup_stm32f429xx.o(RESET)
 <LI><a href="#[1a]">EXTI1_IRQHandler</a> from startup_stm32f429xx.o(.text) referenced from startup_stm32f429xx.o(RESET)
 <LI><a href="#[1b]">EXTI2_IRQHandler</a> from startup_stm32f429xx.o(.text) referenced from startup_stm32f429xx.o(RESET)
 <LI><a href="#[1c]">EXTI3_IRQHandler</a> from startup_stm32f429xx.o(.text) referenced from startup_stm32f429xx.o(RESET)
 <LI><a href="#[1d]">EXTI4_IRQHandler</a> from startup_stm32f429xx.o(.text) referenced from startup_stm32f429xx.o(RESET)
 <LI><a href="#[2a]">EXTI9_5_IRQHandler</a> from startup_stm32f429xx.o(.text) referenced from startup_stm32f429xx.o(RESET)
 <LI><a href="#[17]">FLASH_IRQHandler</a> from startup_stm32f429xx.o(.text) referenced from startup_stm32f429xx.o(RESET)
 <LI><a href="#[43]">FMC_IRQHandler</a> from startup_stm32f429xx.o(.text) referenced from startup_stm32f429xx.o(RESET)
 <LI><a href="#[63]">FPU_IRQHandler</a> from startup_stm32f429xx.o(.text) referenced from startup_stm32f429xx.o(RESET)
 <LI><a href="#[8e]">GeneralSignal_Task</a> from apptask.o(i.GeneralSignal_Task) referenced from apptask.o(i.startup_App_Task)
 <LI><a href="#[62]">HASH_RNG_IRQHandler</a> from startup_stm32f429xx.o(.text) referenced from startup_stm32f429xx.o(RESET)
 <LI><a href="#[b]">HardFault_Handler</a> from cmb_fault.o(.text) referenced from startup_stm32f429xx.o(RESET)
 <LI><a href="#[90]">HeartPacketMessage_Task</a> from apptask.o(i.HeartPacketMessage_Task) referenced from apptask.o(i.startup_App_Task)
 <LI><a href="#[33]">I2C1_ER_IRQHandler</a> from startup_stm32f429xx.o(.text) referenced from startup_stm32f429xx.o(RESET)
 <LI><a href="#[32]">I2C1_EV_IRQHandler</a> from startup_stm32f429xx.o(.text) referenced from startup_stm32f429xx.o(RESET)
 <LI><a href="#[35]">I2C2_ER_IRQHandler</a> from startup_stm32f429xx.o(.text) referenced from startup_stm32f429xx.o(RESET)
 <LI><a href="#[34]">I2C2_EV_IRQHandler</a> from startup_stm32f429xx.o(.text) referenced from startup_stm32f429xx.o(RESET)
 <LI><a href="#[5c]">I2C3_ER_IRQHandler</a> from startup_stm32f429xx.o(.text) referenced from startup_stm32f429xx.o(RESET)
 <LI><a href="#[5b]">I2C3_EV_IRQHandler</a> from startup_stm32f429xx.o(.text) referenced from startup_stm32f429xx.o(RESET)
 <LI><a href="#[6b]">LTDC_ER_IRQHandler</a> from startup_stm32f429xx.o(.text) referenced from startup_stm32f429xx.o(RESET)
 <LI><a href="#[6a]">LTDC_IRQHandler</a> from startup_stm32f429xx.o(.text) referenced from startup_stm32f429xx.o(RESET)
 <LI><a href="#[8f]">LoraMessage_Task</a> from apptask.o(i.LoraMessage_Task) referenced from apptask.o(i.startup_App_Task)
 <LI><a href="#[c]">MemManage_Handler</a> from stm32f4xx_it.o(i.MemManage_Handler) referenced from startup_stm32f429xx.o(RESET)
 <LI><a href="#[a]">NMI_Handler</a> from stm32f4xx_it.o(i.NMI_Handler) referenced from startup_stm32f429xx.o(RESET)
 <LI><a href="#[8d]">NetworkMessage_Task</a> from apptask.o(i.NetworkMessage_Task) referenced from apptask.o(i.startup_App_Task)
 <LI><a href="#[56]">OTG_FS_IRQHandler</a> from startup_stm32f429xx.o(.text) referenced from startup_stm32f429xx.o(RESET)
 <LI><a href="#[3d]">OTG_FS_WKUP_IRQHandler</a> from startup_stm32f429xx.o(.text) referenced from startup_stm32f429xx.o(RESET)
 <LI><a href="#[5e]">OTG_HS_EP1_IN_IRQHandler</a> from startup_stm32f429xx.o(.text) referenced from startup_stm32f429xx.o(RESET)
 <LI><a href="#[5d]">OTG_HS_EP1_OUT_IRQHandler</a> from startup_stm32f429xx.o(.text) referenced from startup_stm32f429xx.o(RESET)
 <LI><a href="#[60]">OTG_HS_IRQHandler</a> from startup_stm32f429xx.o(.text) referenced from startup_stm32f429xx.o(RESET)
 <LI><a href="#[5f]">OTG_HS_WKUP_IRQHandler</a> from startup_stm32f429xx.o(.text) referenced from startup_stm32f429xx.o(RESET)
 <LI><a href="#[14]">PVD_IRQHandler</a> from startup_stm32f429xx.o(.text) referenced from startup_stm32f429xx.o(RESET)
 <LI><a href="#[11]">PendSV_Handler</a> from port.o(.emb_text) referenced from startup_stm32f429xx.o(RESET)
 <LI><a href="#[18]">RCC_IRQHandler</a> from startup_stm32f429xx.o(.text) referenced from startup_stm32f429xx.o(RESET)
 <LI><a href="#[3c]">RTC_Alarm_IRQHandler</a> from startup_stm32f429xx.o(.text) referenced from startup_stm32f429xx.o(RESET)
 <LI><a href="#[16]">RTC_WKUP_IRQHandler</a> from startup_stm32f429xx.o(.text) referenced from startup_stm32f429xx.o(RESET)
 <LI><a href="#[9]">Reset_Handler</a> from startup_stm32f429xx.o(.text) referenced from startup_stm32f429xx.o(RESET)
 <LI><a href="#[69]">SAI1_IRQHandler</a> from startup_stm32f429xx.o(.text) referenced from startup_stm32f429xx.o(RESET)
 <LI><a href="#[44]">SDIO_IRQHandler</a> from startup_stm32f429xx.o(.text) referenced from startup_stm32f429xx.o(RESET)
 <LI><a href="#[36]">SPI1_IRQHandler</a> from startup_stm32f429xx.o(.text) referenced from startup_stm32f429xx.o(RESET)
 <LI><a href="#[37]">SPI2_IRQHandler</a> from startup_stm32f429xx.o(.text) referenced from startup_stm32f429xx.o(RESET)
 <LI><a href="#[46]">SPI3_IRQHandler</a> from startup_stm32f429xx.o(.text) referenced from startup_stm32f429xx.o(RESET)
 <LI><a href="#[66]">SPI4_IRQHandler</a> from startup_stm32f429xx.o(.text) referenced from startup_stm32f429xx.o(RESET)
 <LI><a href="#[67]">SPI5_IRQHandler</a> from startup_stm32f429xx.o(.text) referenced from startup_stm32f429xx.o(RESET)
 <LI><a href="#[68]">SPI6_IRQHandler</a> from startup_stm32f429xx.o(.text) referenced from startup_stm32f429xx.o(RESET)
 <LI><a href="#[f]">SVC_Handler</a> from port.o(.emb_text) referenced from startup_stm32f429xx.o(RESET)
 <LI><a href="#[8]">SX127xProcess</a> from sx127x_driver.o(i.SX127xProcess) referenced 2 times from sx127x_driver.o(.data)
 <LI><a href="#[6]">SX127xSetTxPacket</a> from sx127x_driver.o(i.SX127xSetTxPacket) referenced 2 times from sx127x_driver.o(.data)
 <LI><a href="#[5]">Sx127xReadRxPackage</a> from sx127x_driver.o(i.Sx127xReadRxPackage) referenced 2 times from sx127x_driver.o(.data)
 <LI><a href="#[3]">Sx127xRestart</a> from sx127x_driver.o(i.Sx127xRestart) referenced 2 times from sx127x_driver.o(.data)
 <LI><a href="#[7]">Sx127xStartCADCheck</a> from sx127x_driver.o(i.Sx127xStartCADCheck) referenced 2 times from sx127x_driver.o(.data)
 <LI><a href="#[4]">Sx127xStartRx</a> from sx127x_driver.o(i.Sx127xStartRx) referenced 2 times from sx127x_driver.o(.data)
 <LI><a href="#[12]">SysTick_Handler</a> from stm32f4xx_it.o(i.SysTick_Handler) referenced from startup_stm32f429xx.o(RESET)
 <LI><a href="#[6e]">SystemInit</a> from system_stm32f4xx.o(i.SystemInit) referenced from startup_stm32f429xx.o(.text)
 <LI><a href="#[15]">TAMP_STAMP_IRQHandler</a> from startup_stm32f429xx.o(.text) referenced from startup_stm32f429xx.o(RESET)
 <LI><a href="#[2b]">TIM1_BRK_TIM9_IRQHandler</a> from startup_stm32f429xx.o(.text) referenced from startup_stm32f429xx.o(RESET)
 <LI><a href="#[2e]">TIM1_CC_IRQHandler</a> from startup_stm32f429xx.o(.text) referenced from startup_stm32f429xx.o(RESET)
 <LI><a href="#[2d]">TIM1_TRG_COM_TIM11_IRQHandler</a> from startup_stm32f429xx.o(.text) referenced from startup_stm32f429xx.o(RESET)
 <LI><a href="#[2c]">TIM1_UP_TIM10_IRQHandler</a> from startup_stm32f429xx.o(.text) referenced from startup_stm32f429xx.o(RESET)
 <LI><a href="#[2f]">TIM2_IRQHandler</a> from startup_stm32f429xx.o(.text) referenced from startup_stm32f429xx.o(RESET)
 <LI><a href="#[30]">TIM3_IRQHandler</a> from startup_stm32f429xx.o(.text) referenced from startup_stm32f429xx.o(RESET)
 <LI><a href="#[31]">TIM4_IRQHandler</a> from startup_stm32f429xx.o(.text) referenced from startup_stm32f429xx.o(RESET)
 <LI><a href="#[45]">TIM5_IRQHandler</a> from startup_stm32f429xx.o(.text) referenced from startup_stm32f429xx.o(RESET)
 <LI><a href="#[49]">TIM6_DAC_IRQHandler</a> from time.o(i.TIM6_DAC_IRQHandler) referenced from startup_stm32f429xx.o(RESET)
 <LI><a href="#[4a]">TIM7_IRQHandler</a> from startup_stm32f429xx.o(.text) referenced from startup_stm32f429xx.o(RESET)
 <LI><a href="#[3e]">TIM8_BRK_TIM12_IRQHandler</a> from startup_stm32f429xx.o(.text) referenced from startup_stm32f429xx.o(RESET)
 <LI><a href="#[41]">TIM8_CC_IRQHandler</a> from startup_stm32f429xx.o(.text) referenced from startup_stm32f429xx.o(RESET)
 <LI><a href="#[40]">TIM8_TRG_COM_TIM14_IRQHandler</a> from startup_stm32f429xx.o(.text) referenced from startup_stm32f429xx.o(RESET)
 <LI><a href="#[3f]">TIM8_UP_TIM13_IRQHandler</a> from startup_stm32f429xx.o(.text) referenced from startup_stm32f429xx.o(RESET)
 <LI><a href="#[47]">UART4_IRQHandler</a> from startup_stm32f429xx.o(.text) referenced from startup_stm32f429xx.o(RESET)
 <LI><a href="#[48]">UART5_IRQHandler</a> from startup_stm32f429xx.o(.text) referenced from startup_stm32f429xx.o(RESET)
 <LI><a href="#[64]">UART7_IRQHandler</a> from startup_stm32f429xx.o(.text) referenced from startup_stm32f429xx.o(RESET)
 <LI><a href="#[65]">UART8_IRQHandler</a> from startup_stm32f429xx.o(.text) referenced from startup_stm32f429xx.o(RESET)
 <LI><a href="#[38]">USART1_IRQHandler</a> from bsp_debug_usart.o(i.USART1_IRQHandler) referenced from startup_stm32f429xx.o(RESET)
 <LI><a href="#[39]">USART2_IRQHandler</a> from startup_stm32f429xx.o(.text) referenced from startup_stm32f429xx.o(RESET)
 <LI><a href="#[3a]">USART3_IRQHandler</a> from bsp_debug_usart.o(i.USART3_IRQHandler) referenced from startup_stm32f429xx.o(RESET)
 <LI><a href="#[5a]">USART6_IRQHandler</a> from startup_stm32f429xx.o(.text) referenced from startup_stm32f429xx.o(RESET)
 <LI><a href="#[e]">UsageFault_Handler</a> from stm32f4xx_it.o(i.UsageFault_Handler) referenced from startup_stm32f429xx.o(RESET)
 <LI><a href="#[13]">WWDG_IRQHandler</a> from startup_stm32f429xx.o(.text) referenced from startup_stm32f429xx.o(RESET)
 <LI><a href="#[6f]">__main</a> from entry.o(.ARM.Collect$$$$00000000) referenced from startup_stm32f429xx.o(.text)
 <LI><a href="#[73]">_sputc</a> from printf8.o(i._sputc) referenced from printf8.o(i.__0sprintf$8)
 <LI><a href="#[7b]">err_tcp</a> from api_msg.o(i.err_tcp) referenced from api_msg.o(i.lwip_netconn_do_close_internal)
 <LI><a href="#[7b]">err_tcp</a> from api_msg.o(i.err_tcp) referenced from api_msg.o(i.setup_tcp)
 <LI><a href="#[74]">etharp_output</a> from etharp.o(i.etharp_output) referenced from ethernetif.o(i.ethernetif_init)
 <LI><a href="#[9a]">etharp_tmr</a> from etharp.o(i.etharp_tmr) referenced from timeouts.o(.constdata)
 <LI><a href="#[94]">ethernet_input</a> from ethernet.o(i.ethernet_input) referenced from tcpip.o(i.tcpip_input)
 <LI><a href="#[71]">ethernetif_init</a> from ethernetif.o(i.ethernetif_init) referenced from sys_arch.o(i.TCPIP_Init)
 <LI><a href="#[77]">ethernetif_input</a> from ethernetif.o(i.ethernetif_input) referenced from ethernetif.o(i.low_level_init)
 <LI><a href="#[7d]">event_callback</a> from sockets.o(i.event_callback) referenced from sockets.o(i.lwip_socket)
 <LI><a href="#[72]">fputc</a> from bsp_debug_usart.o(i.fputc) referenced from printf8.o(i.__0printf$8)
 <LI><a href="#[95]">ip4_input</a> from ip4.o(i.ip4_input) referenced from tcpip.o(i.tcpip_input)
 <LI><a href="#[99]">ip_reass_tmr</a> from ip4_frag.o(i.ip_reass_tmr) referenced from timeouts.o(.constdata)
 <LI><a href="#[76]">ipfrag_free_pbuf_custom</a> from ip4_frag.o(i.ipfrag_free_pbuf_custom) referenced from ip4_frag.o(i.ip4_frag)
 <LI><a href="#[75]">low_level_output</a> from ethernetif.o(i.low_level_output) referenced from ethernetif.o(i.ethernetif_init)
 <LI><a href="#[78]">lwip_cyclic_timer</a> from timeouts.o(i.lwip_cyclic_timer) referenced from timeouts.o(i.lwip_cyclic_timer)
 <LI><a href="#[78]">lwip_cyclic_timer</a> from timeouts.o(i.lwip_cyclic_timer) referenced from timeouts.o(i.sys_timeouts_init)
 <LI><a href="#[7f]">lwip_netconn_do_bind</a> from api_msg.o(i.lwip_netconn_do_bind) referenced from api_lib.o(i.netconn_bind)
 <LI><a href="#[80]">lwip_netconn_do_close</a> from api_msg.o(i.lwip_netconn_do_close) referenced from api_lib.o(i.netconn_close_shutdown)
 <LI><a href="#[81]">lwip_netconn_do_connect</a> from api_msg.o(i.lwip_netconn_do_connect) referenced from api_lib.o(i.netconn_connect)
 <LI><a href="#[7c]">lwip_netconn_do_connected</a> from api_msg.o(i.lwip_netconn_do_connected) referenced from api_msg.o(i.lwip_netconn_do_connect)
 <LI><a href="#[85]">lwip_netconn_do_delconn</a> from api_msg.o(i.lwip_netconn_do_delconn) referenced from api_lib.o(i.netconn_prepare_delete)
 <LI><a href="#[82]">lwip_netconn_do_disconnect</a> from api_msg.o(i.lwip_netconn_do_disconnect) referenced from api_lib.o(i.netconn_disconnect)
 <LI><a href="#[83]">lwip_netconn_do_getaddr</a> from api_msg.o(i.lwip_netconn_do_getaddr) referenced from api_lib.o(i.netconn_getaddr)
 <LI><a href="#[84]">lwip_netconn_do_newconn</a> from api_msg.o(i.lwip_netconn_do_newconn) referenced from api_lib.o(i.netconn_new_with_proto_and_callback)
 <LI><a href="#[87]">lwip_netconn_do_recv</a> from api_msg.o(i.lwip_netconn_do_recv) referenced from api_lib.o(i.netconn_tcp_recvd_msg)
 <LI><a href="#[86]">lwip_netconn_do_send</a> from api_msg.o(i.lwip_netconn_do_send) referenced from api_lib.o(i.netconn_send)
 <LI><a href="#[88]">lwip_netconn_do_write</a> from api_msg.o(i.lwip_netconn_do_write) referenced from api_lib.o(i.netconn_write_vectors_partly)
 <LI><a href="#[6d]">main</a> from main.o(i.main) referenced from entry9a.o(.ARM.Collect$$$$0000000B)
 <LI><a href="#[0]">my_mem_init</a> from malloc.o(i.my_mem_init) referenced 2 times from malloc.o(.data)
 <LI><a href="#[1]">my_mem_perused</a> from malloc.o(i.my_mem_perused) referenced 2 times from malloc.o(.data)
 <LI><a href="#[89]">netif_null_output_ip4</a> from netif.o(i.netif_null_output_ip4) referenced from netif.o(i.netif_add)
 <LI><a href="#[7a]">poll_tcp</a> from api_msg.o(i.poll_tcp) referenced from api_msg.o(i.lwip_netconn_do_close_internal)
 <LI><a href="#[7a]">poll_tcp</a> from api_msg.o(i.poll_tcp) referenced from api_msg.o(i.setup_tcp)
 <LI><a href="#[97]">prvIdleTask</a> from tasks.o(i.prvIdleTask) referenced from tasks.o(i.vTaskStartScheduler)
 <LI><a href="#[8b]">prvTaskExitError</a> from port.o(i.prvTaskExitError) referenced from port.o(i.pxPortInitialiseStack)
 <LI><a href="#[8c]">recv_tcp</a> from api_msg.o(i.recv_tcp) referenced from api_msg.o(i.setup_tcp)
 <LI><a href="#[8a]">recv_udp</a> from api_msg.o(i.recv_udp) referenced from api_msg.o(i.pcb_new)
 <LI><a href="#[79]">sent_tcp</a> from api_msg.o(i.sent_tcp) referenced from api_msg.o(i.lwip_netconn_do_close_internal)
 <LI><a href="#[79]">sent_tcp</a> from api_msg.o(i.sent_tcp) referenced from api_msg.o(i.setup_tcp)
 <LI><a href="#[2]">sx127xInit</a> from sx127x_driver.o(i.sx127xInit) referenced 2 times from sx127x_driver.o(.data)
 <LI><a href="#[91]">tcp_recv_null</a> from tcp.o(i.tcp_recv_null) referenced from tcp.o(i.tcp_alloc)
 <LI><a href="#[98]">tcp_tmr</a> from tcp.o(i.tcp_tmr) referenced from timeouts.o(.constdata)
 <LI><a href="#[70]">tcpip_input</a> from tcpip.o(i.tcpip_input) referenced from sys_arch.o(i.TCPIP_Init)
 <LI><a href="#[92]">tcpip_tcp_timer</a> from timeouts.o(i.tcpip_tcp_timer) referenced from timeouts.o(i.tcp_timer_needed)
 <LI><a href="#[92]">tcpip_tcp_timer</a> from timeouts.o(i.tcpip_tcp_timer) referenced from timeouts.o(i.tcpip_tcp_timer)
 <LI><a href="#[93]">tcpip_thread</a> from tcpip.o(i.tcpip_thread) referenced from tcpip.o(i.tcpip_init)
 <LI><a href="#[96]">udpecho_thread</a> from udpecho.o(i.udpecho_thread) referenced from udpecho.o(i.udpecho_init)
</UL>
<P>
<H3>
Global Symbols
</H3>
<P><STRONG><a name="[6f]"></a>__main</STRONG> (Thumb, 0 bytes, Stack size unknown bytes, entry.o(.ARM.Collect$$$$00000000))
<BR>[Address Reference Count : 1]<UL><LI> startup_stm32f429xx.o(.text)
</UL>
<P><STRONG><a name="[2a1]"></a>_main_stk</STRONG> (Thumb, 0 bytes, Stack size unknown bytes, entry2.o(.ARM.Collect$$$$00000001))

<P><STRONG><a name="[9b]"></a>_main_scatterload</STRONG> (Thumb, 0 bytes, Stack size unknown bytes, entry5.o(.ARM.Collect$$$$00000004))
<BR><BR>[Calls]<UL><LI><a href="#[9c]">&gt;&gt;</a>&nbsp;&nbsp;&nbsp;__scatterload
</UL>

<P><STRONG><a name="[aa]"></a>__main_after_scatterload</STRONG> (Thumb, 0 bytes, Stack size unknown bytes, entry5.o(.ARM.Collect$$$$00000004))
<BR><BR>[Called By]<UL><LI><a href="#[9c]">&gt;&gt;</a>&nbsp;&nbsp;&nbsp;__scatterload
</UL>

<P><STRONG><a name="[2a2]"></a>_main_clock</STRONG> (Thumb, 0 bytes, Stack size unknown bytes, entry7b.o(.ARM.Collect$$$$00000008))

<P><STRONG><a name="[2a3]"></a>_main_cpp_init</STRONG> (Thumb, 0 bytes, Stack size unknown bytes, entry8b.o(.ARM.Collect$$$$0000000A))

<P><STRONG><a name="[2a4]"></a>_main_init</STRONG> (Thumb, 0 bytes, Stack size unknown bytes, entry9a.o(.ARM.Collect$$$$0000000B))

<P><STRONG><a name="[2a5]"></a>__rt_final_cpp</STRONG> (Thumb, 0 bytes, Stack size unknown bytes, entry10a.o(.ARM.Collect$$$$0000000D))

<P><STRONG><a name="[2a6]"></a>__rt_final_exit</STRONG> (Thumb, 0 bytes, Stack size unknown bytes, entry11a.o(.ARM.Collect$$$$0000000F))

<P><STRONG><a name="[2a7]"></a>__asm___7_board_c_BSP_Init__cmb_get_msp</STRONG> (Thumb, 6 bytes, Stack size 0 bytes, board.o(.emb_text), UNUSED)

<P><STRONG><a name="[2a8]"></a>__asm___7_board_c_BSP_Init__cmb_get_psp</STRONG> (Thumb, 6 bytes, Stack size 0 bytes, board.o(.emb_text), UNUSED)

<P><STRONG><a name="[17d]"></a>__asm___7_board_c_BSP_Init__cmb_get_sp</STRONG> (Thumb, 4 bytes, Stack size 0 bytes, board.o(.emb_text))
<BR><BR>[Called By]<UL><LI><a href="#[f6]">&gt;&gt;</a>&nbsp;&nbsp;&nbsp;assert_failed
</UL>

<P><STRONG><a name="[2a9]"></a>WFI_SET</STRONG> (Thumb, 2 bytes, Stack size 0 bytes, board.o(.emb_text), UNUSED)

<P><STRONG><a name="[2aa]"></a>INTX_DISABLE</STRONG> (Thumb, 4 bytes, Stack size 0 bytes, board.o(.emb_text), UNUSED)

<P><STRONG><a name="[2ab]"></a>INTX_ENABLE</STRONG> (Thumb, 4 bytes, Stack size 0 bytes, board.o(.emb_text), UNUSED)

<P><STRONG><a name="[2ac]"></a>MSR_MSP</STRONG> (Thumb, 6 bytes, Stack size 0 bytes, board.o(.emb_text), UNUSED)

<P><STRONG><a name="[f]"></a>SVC_Handler</STRONG> (Thumb, 28 bytes, Stack size 0 bytes, port.o(.emb_text))
<BR>[Address Reference Count : 1]<UL><LI> startup_stm32f429xx.o(RESET)
</UL>
<P><STRONG><a name="[29c]"></a>__asm___6_port_c_39a90d8d__prvStartFirstTask</STRONG> (Thumb, 28 bytes, Stack size 0 bytes, port.o(.emb_text))
<BR><BR>[Called By]<UL><LI><a href="#[299]">&gt;&gt;</a>&nbsp;&nbsp;&nbsp;xPortStartScheduler
</UL>

<P><STRONG><a name="[29b]"></a>__asm___6_port_c_39a90d8d__prvEnableVFP</STRONG> (Thumb, 16 bytes, Stack size 0 bytes, port.o(.emb_text))
<BR><BR>[Called By]<UL><LI><a href="#[299]">&gt;&gt;</a>&nbsp;&nbsp;&nbsp;xPortStartScheduler
</UL>

<P><STRONG><a name="[11]"></a>PendSV_Handler</STRONG> (Thumb, 88 bytes, Stack size 0 bytes, port.o(.emb_text))
<BR><BR>[Stack]<UL><LI>Max Depth = 40<LI>Call Chain = PendSV_Handler &rArr; vTaskSwitchContext &rArr; __2printf
</UL>
<BR>[Calls]<UL><LI><a href="#[9d]">&gt;&gt;</a>&nbsp;&nbsp;&nbsp;vTaskSwitchContext
</UL>
<BR>[Address Reference Count : 1]<UL><LI> startup_stm32f429xx.o(RESET)
</UL>
<P><STRONG><a name="[293]"></a>vPortGetIPSR</STRONG> (Thumb, 6 bytes, Stack size 0 bytes, port.o(.emb_text))
<BR><BR>[Called By]<UL><LI><a href="#[292]">&gt;&gt;</a>&nbsp;&nbsp;&nbsp;vPortValidateInterruptPriority
</UL>

<P><STRONG><a name="[9]"></a>Reset_Handler</STRONG> (Thumb, 8 bytes, Stack size 0 bytes, startup_stm32f429xx.o(.text))
<BR>[Address Reference Count : 1]<UL><LI> startup_stm32f429xx.o(RESET)
</UL>
<P><STRONG><a name="[25]"></a>ADC_IRQHandler</STRONG> (Thumb, 0 bytes, Stack size 0 bytes, startup_stm32f429xx.o(.text))
<BR><BR>[Calls]<UL><LI><a href="#[25]">&gt;&gt;</a>&nbsp;&nbsp;&nbsp;ADC_IRQHandler
</UL>
<BR>[Called By]<UL><LI><a href="#[25]">&gt;&gt;</a>&nbsp;&nbsp;&nbsp;ADC_IRQHandler
</UL>
<BR>[Address Reference Count : 1]<UL><LI> startup_stm32f429xx.o(RESET)
</UL>
<P><STRONG><a name="[27]"></a>CAN1_RX0_IRQHandler</STRONG> (Thumb, 0 bytes, Stack size 0 bytes, startup_stm32f429xx.o(.text))
<BR>[Address Reference Count : 1]<UL><LI> startup_stm32f429xx.o(RESET)
</UL>
<P><STRONG><a name="[28]"></a>CAN1_RX1_IRQHandler</STRONG> (Thumb, 0 bytes, Stack size 0 bytes, startup_stm32f429xx.o(.text))
<BR>[Address Reference Count : 1]<UL><LI> startup_stm32f429xx.o(RESET)
</UL>
<P><STRONG><a name="[29]"></a>CAN1_SCE_IRQHandler</STRONG> (Thumb, 0 bytes, Stack size 0 bytes, startup_stm32f429xx.o(.text))
<BR>[Address Reference Count : 1]<UL><LI> startup_stm32f429xx.o(RESET)
</UL>
<P><STRONG><a name="[26]"></a>CAN1_TX_IRQHandler</STRONG> (Thumb, 0 bytes, Stack size 0 bytes, startup_stm32f429xx.o(.text))
<BR>[Address Reference Count : 1]<UL><LI> startup_stm32f429xx.o(RESET)
</UL>
<P><STRONG><a name="[53]"></a>CAN2_RX0_IRQHandler</STRONG> (Thumb, 0 bytes, Stack size 0 bytes, startup_stm32f429xx.o(.text))
<BR>[Address Reference Count : 1]<UL><LI> startup_stm32f429xx.o(RESET)
</UL>
<P><STRONG><a name="[54]"></a>CAN2_RX1_IRQHandler</STRONG> (Thumb, 0 bytes, Stack size 0 bytes, startup_stm32f429xx.o(.text))
<BR>[Address Reference Count : 1]<UL><LI> startup_stm32f429xx.o(RESET)
</UL>
<P><STRONG><a name="[55]"></a>CAN2_SCE_IRQHandler</STRONG> (Thumb, 0 bytes, Stack size 0 bytes, startup_stm32f429xx.o(.text))
<BR>[Address Reference Count : 1]<UL><LI> startup_stm32f429xx.o(RESET)
</UL>
<P><STRONG><a name="[52]"></a>CAN2_TX_IRQHandler</STRONG> (Thumb, 0 bytes, Stack size 0 bytes, startup_stm32f429xx.o(.text))
<BR>[Address Reference Count : 1]<UL><LI> startup_stm32f429xx.o(RESET)
</UL>
<P><STRONG><a name="[61]"></a>DCMI_IRQHandler</STRONG> (Thumb, 0 bytes, Stack size 0 bytes, startup_stm32f429xx.o(.text))
<BR>[Address Reference Count : 1]<UL><LI> startup_stm32f429xx.o(RESET)
</UL>
<P><STRONG><a name="[1e]"></a>DMA1_Stream0_IRQHandler</STRONG> (Thumb, 0 bytes, Stack size 0 bytes, startup_stm32f429xx.o(.text))
<BR>[Address Reference Count : 1]<UL><LI> startup_stm32f429xx.o(RESET)
</UL>
<P><STRONG><a name="[1f]"></a>DMA1_Stream1_IRQHandler</STRONG> (Thumb, 0 bytes, Stack size 0 bytes, startup_stm32f429xx.o(.text))
<BR>[Address Reference Count : 1]<UL><LI> startup_stm32f429xx.o(RESET)
</UL>
<P><STRONG><a name="[20]"></a>DMA1_Stream2_IRQHandler</STRONG> (Thumb, 0 bytes, Stack size 0 bytes, startup_stm32f429xx.o(.text))
<BR>[Address Reference Count : 1]<UL><LI> startup_stm32f429xx.o(RESET)
</UL>
<P><STRONG><a name="[21]"></a>DMA1_Stream3_IRQHandler</STRONG> (Thumb, 0 bytes, Stack size 0 bytes, startup_stm32f429xx.o(.text))
<BR>[Address Reference Count : 1]<UL><LI> startup_stm32f429xx.o(RESET)
</UL>
<P><STRONG><a name="[22]"></a>DMA1_Stream4_IRQHandler</STRONG> (Thumb, 0 bytes, Stack size 0 bytes, startup_stm32f429xx.o(.text))
<BR>[Address Reference Count : 1]<UL><LI> startup_stm32f429xx.o(RESET)
</UL>
<P><STRONG><a name="[23]"></a>DMA1_Stream5_IRQHandler</STRONG> (Thumb, 0 bytes, Stack size 0 bytes, startup_stm32f429xx.o(.text))
<BR>[Address Reference Count : 1]<UL><LI> startup_stm32f429xx.o(RESET)
</UL>
<P><STRONG><a name="[24]"></a>DMA1_Stream6_IRQHandler</STRONG> (Thumb, 0 bytes, Stack size 0 bytes, startup_stm32f429xx.o(.text))
<BR>[Address Reference Count : 1]<UL><LI> startup_stm32f429xx.o(RESET)
</UL>
<P><STRONG><a name="[42]"></a>DMA1_Stream7_IRQHandler</STRONG> (Thumb, 0 bytes, Stack size 0 bytes, startup_stm32f429xx.o(.text))
<BR>[Address Reference Count : 1]<UL><LI> startup_stm32f429xx.o(RESET)
</UL>
<P><STRONG><a name="[6c]"></a>DMA2D_IRQHandler</STRONG> (Thumb, 0 bytes, Stack size 0 bytes, startup_stm32f429xx.o(.text))
<BR>[Address Reference Count : 1]<UL><LI> startup_stm32f429xx.o(RESET)
</UL>
<P><STRONG><a name="[4b]"></a>DMA2_Stream0_IRQHandler</STRONG> (Thumb, 0 bytes, Stack size 0 bytes, startup_stm32f429xx.o(.text))
<BR>[Address Reference Count : 1]<UL><LI> startup_stm32f429xx.o(RESET)
</UL>
<P><STRONG><a name="[4c]"></a>DMA2_Stream1_IRQHandler</STRONG> (Thumb, 0 bytes, Stack size 0 bytes, startup_stm32f429xx.o(.text))
<BR>[Address Reference Count : 1]<UL><LI> startup_stm32f429xx.o(RESET)
</UL>
<P><STRONG><a name="[4d]"></a>DMA2_Stream2_IRQHandler</STRONG> (Thumb, 0 bytes, Stack size 0 bytes, startup_stm32f429xx.o(.text))
<BR>[Address Reference Count : 1]<UL><LI> startup_stm32f429xx.o(RESET)
</UL>
<P><STRONG><a name="[4e]"></a>DMA2_Stream3_IRQHandler</STRONG> (Thumb, 0 bytes, Stack size 0 bytes, startup_stm32f429xx.o(.text))
<BR>[Address Reference Count : 1]<UL><LI> startup_stm32f429xx.o(RESET)
</UL>
<P><STRONG><a name="[4f]"></a>DMA2_Stream4_IRQHandler</STRONG> (Thumb, 0 bytes, Stack size 0 bytes, startup_stm32f429xx.o(.text))
<BR>[Address Reference Count : 1]<UL><LI> startup_stm32f429xx.o(RESET)
</UL>
<P><STRONG><a name="[57]"></a>DMA2_Stream5_IRQHandler</STRONG> (Thumb, 0 bytes, Stack size 0 bytes, startup_stm32f429xx.o(.text))
<BR>[Address Reference Count : 1]<UL><LI> startup_stm32f429xx.o(RESET)
</UL>
<P><STRONG><a name="[58]"></a>DMA2_Stream6_IRQHandler</STRONG> (Thumb, 0 bytes, Stack size 0 bytes, startup_stm32f429xx.o(.text))
<BR>[Address Reference Count : 1]<UL><LI> startup_stm32f429xx.o(RESET)
</UL>
<P><STRONG><a name="[59]"></a>DMA2_Stream7_IRQHandler</STRONG> (Thumb, 0 bytes, Stack size 0 bytes, startup_stm32f429xx.o(.text))
<BR>[Address Reference Count : 1]<UL><LI> startup_stm32f429xx.o(RESET)
</UL>
<P><STRONG><a name="[51]"></a>ETH_WKUP_IRQHandler</STRONG> (Thumb, 0 bytes, Stack size 0 bytes, startup_stm32f429xx.o(.text))
<BR>[Address Reference Count : 1]<UL><LI> startup_stm32f429xx.o(RESET)
</UL>
<P><STRONG><a name="[19]"></a>EXTI0_IRQHandler</STRONG> (Thumb, 0 bytes, Stack size 0 bytes, startup_stm32f429xx.o(.text))
<BR>[Address Reference Count : 1]<UL><LI> startup_stm32f429xx.o(RESET)
</UL>
<P><STRONG><a name="[3b]"></a>EXTI15_10_IRQHandler</STRONG> (Thumb, 0 bytes, Stack size 0 bytes, startup_stm32f429xx.o(.text))
<BR>[Address Reference Count : 1]<UL><LI> startup_stm32f429xx.o(RESET)
</UL>
<P><STRONG><a name="[1a]"></a>EXTI1_IRQHandler</STRONG> (Thumb, 0 bytes, Stack size 0 bytes, startup_stm32f429xx.o(.text))
<BR>[Address Reference Count : 1]<UL><LI> startup_stm32f429xx.o(RESET)
</UL>
<P><STRONG><a name="[1b]"></a>EXTI2_IRQHandler</STRONG> (Thumb, 0 bytes, Stack size 0 bytes, startup_stm32f429xx.o(.text))
<BR>[Address Reference Count : 1]<UL><LI> startup_stm32f429xx.o(RESET)
</UL>
<P><STRONG><a name="[1c]"></a>EXTI3_IRQHandler</STRONG> (Thumb, 0 bytes, Stack size 0 bytes, startup_stm32f429xx.o(.text))
<BR>[Address Reference Count : 1]<UL><LI> startup_stm32f429xx.o(RESET)
</UL>
<P><STRONG><a name="[1d]"></a>EXTI4_IRQHandler</STRONG> (Thumb, 0 bytes, Stack size 0 bytes, startup_stm32f429xx.o(.text))
<BR>[Address Reference Count : 1]<UL><LI> startup_stm32f429xx.o(RESET)
</UL>
<P><STRONG><a name="[2a]"></a>EXTI9_5_IRQHandler</STRONG> (Thumb, 0 bytes, Stack size 0 bytes, startup_stm32f429xx.o(.text))
<BR>[Address Reference Count : 1]<UL><LI> startup_stm32f429xx.o(RESET)
</UL>
<P><STRONG><a name="[17]"></a>FLASH_IRQHandler</STRONG> (Thumb, 0 bytes, Stack size 0 bytes, startup_stm32f429xx.o(.text))
<BR>[Address Reference Count : 1]<UL><LI> startup_stm32f429xx.o(RESET)
</UL>
<P><STRONG><a name="[43]"></a>FMC_IRQHandler</STRONG> (Thumb, 0 bytes, Stack size 0 bytes, startup_stm32f429xx.o(.text))
<BR>[Address Reference Count : 1]<UL><LI> startup_stm32f429xx.o(RESET)
</UL>
<P><STRONG><a name="[63]"></a>FPU_IRQHandler</STRONG> (Thumb, 0 bytes, Stack size 0 bytes, startup_stm32f429xx.o(.text))
<BR>[Address Reference Count : 1]<UL><LI> startup_stm32f429xx.o(RESET)
</UL>
<P><STRONG><a name="[62]"></a>HASH_RNG_IRQHandler</STRONG> (Thumb, 0 bytes, Stack size 0 bytes, startup_stm32f429xx.o(.text))
<BR>[Address Reference Count : 1]<UL><LI> startup_stm32f429xx.o(RESET)
</UL>
<P><STRONG><a name="[33]"></a>I2C1_ER_IRQHandler</STRONG> (Thumb, 0 bytes, Stack size 0 bytes, startup_stm32f429xx.o(.text))
<BR>[Address Reference Count : 1]<UL><LI> startup_stm32f429xx.o(RESET)
</UL>
<P><STRONG><a name="[32]"></a>I2C1_EV_IRQHandler</STRONG> (Thumb, 0 bytes, Stack size 0 bytes, startup_stm32f429xx.o(.text))
<BR>[Address Reference Count : 1]<UL><LI> startup_stm32f429xx.o(RESET)
</UL>
<P><STRONG><a name="[35]"></a>I2C2_ER_IRQHandler</STRONG> (Thumb, 0 bytes, Stack size 0 bytes, startup_stm32f429xx.o(.text))
<BR>[Address Reference Count : 1]<UL><LI> startup_stm32f429xx.o(RESET)
</UL>
<P><STRONG><a name="[34]"></a>I2C2_EV_IRQHandler</STRONG> (Thumb, 0 bytes, Stack size 0 bytes, startup_stm32f429xx.o(.text))
<BR>[Address Reference Count : 1]<UL><LI> startup_stm32f429xx.o(RESET)
</UL>
<P><STRONG><a name="[5c]"></a>I2C3_ER_IRQHandler</STRONG> (Thumb, 0 bytes, Stack size 0 bytes, startup_stm32f429xx.o(.text))
<BR>[Address Reference Count : 1]<UL><LI> startup_stm32f429xx.o(RESET)
</UL>
<P><STRONG><a name="[5b]"></a>I2C3_EV_IRQHandler</STRONG> (Thumb, 0 bytes, Stack size 0 bytes, startup_stm32f429xx.o(.text))
<BR>[Address Reference Count : 1]<UL><LI> startup_stm32f429xx.o(RESET)
</UL>
<P><STRONG><a name="[6b]"></a>LTDC_ER_IRQHandler</STRONG> (Thumb, 0 bytes, Stack size 0 bytes, startup_stm32f429xx.o(.text))
<BR>[Address Reference Count : 1]<UL><LI> startup_stm32f429xx.o(RESET)
</UL>
<P><STRONG><a name="[6a]"></a>LTDC_IRQHandler</STRONG> (Thumb, 0 bytes, Stack size 0 bytes, startup_stm32f429xx.o(.text))
<BR>[Address Reference Count : 1]<UL><LI> startup_stm32f429xx.o(RESET)
</UL>
<P><STRONG><a name="[56]"></a>OTG_FS_IRQHandler</STRONG> (Thumb, 0 bytes, Stack size 0 bytes, startup_stm32f429xx.o(.text))
<BR>[Address Reference Count : 1]<UL><LI> startup_stm32f429xx.o(RESET)
</UL>
<P><STRONG><a name="[3d]"></a>OTG_FS_WKUP_IRQHandler</STRONG> (Thumb, 0 bytes, Stack size 0 bytes, startup_stm32f429xx.o(.text))
<BR>[Address Reference Count : 1]<UL><LI> startup_stm32f429xx.o(RESET)
</UL>
<P><STRONG><a name="[5e]"></a>OTG_HS_EP1_IN_IRQHandler</STRONG> (Thumb, 0 bytes, Stack size 0 bytes, startup_stm32f429xx.o(.text))
<BR>[Address Reference Count : 1]<UL><LI> startup_stm32f429xx.o(RESET)
</UL>
<P><STRONG><a name="[5d]"></a>OTG_HS_EP1_OUT_IRQHandler</STRONG> (Thumb, 0 bytes, Stack size 0 bytes, startup_stm32f429xx.o(.text))
<BR>[Address Reference Count : 1]<UL><LI> startup_stm32f429xx.o(RESET)
</UL>
<P><STRONG><a name="[60]"></a>OTG_HS_IRQHandler</STRONG> (Thumb, 0 bytes, Stack size 0 bytes, startup_stm32f429xx.o(.text))
<BR>[Address Reference Count : 1]<UL><LI> startup_stm32f429xx.o(RESET)
</UL>
<P><STRONG><a name="[5f]"></a>OTG_HS_WKUP_IRQHandler</STRONG> (Thumb, 0 bytes, Stack size 0 bytes, startup_stm32f429xx.o(.text))
<BR>[Address Reference Count : 1]<UL><LI> startup_stm32f429xx.o(RESET)
</UL>
<P><STRONG><a name="[14]"></a>PVD_IRQHandler</STRONG> (Thumb, 0 bytes, Stack size 0 bytes, startup_stm32f429xx.o(.text))
<BR>[Address Reference Count : 1]<UL><LI> startup_stm32f429xx.o(RESET)
</UL>
<P><STRONG><a name="[18]"></a>RCC_IRQHandler</STRONG> (Thumb, 0 bytes, Stack size 0 bytes, startup_stm32f429xx.o(.text))
<BR>[Address Reference Count : 1]<UL><LI> startup_stm32f429xx.o(RESET)
</UL>
<P><STRONG><a name="[3c]"></a>RTC_Alarm_IRQHandler</STRONG> (Thumb, 0 bytes, Stack size 0 bytes, startup_stm32f429xx.o(.text))
<BR>[Address Reference Count : 1]<UL><LI> startup_stm32f429xx.o(RESET)
</UL>
<P><STRONG><a name="[16]"></a>RTC_WKUP_IRQHandler</STRONG> (Thumb, 0 bytes, Stack size 0 bytes, startup_stm32f429xx.o(.text))
<BR>[Address Reference Count : 1]<UL><LI> startup_stm32f429xx.o(RESET)
</UL>
<P><STRONG><a name="[69]"></a>SAI1_IRQHandler</STRONG> (Thumb, 0 bytes, Stack size 0 bytes, startup_stm32f429xx.o(.text))
<BR>[Address Reference Count : 1]<UL><LI> startup_stm32f429xx.o(RESET)
</UL>
<P><STRONG><a name="[44]"></a>SDIO_IRQHandler</STRONG> (Thumb, 0 bytes, Stack size 0 bytes, startup_stm32f429xx.o(.text))
<BR>[Address Reference Count : 1]<UL><LI> startup_stm32f429xx.o(RESET)
</UL>
<P><STRONG><a name="[36]"></a>SPI1_IRQHandler</STRONG> (Thumb, 0 bytes, Stack size 0 bytes, startup_stm32f429xx.o(.text))
<BR>[Address Reference Count : 1]<UL><LI> startup_stm32f429xx.o(RESET)
</UL>
<P><STRONG><a name="[37]"></a>SPI2_IRQHandler</STRONG> (Thumb, 0 bytes, Stack size 0 bytes, startup_stm32f429xx.o(.text))
<BR>[Address Reference Count : 1]<UL><LI> startup_stm32f429xx.o(RESET)
</UL>
<P><STRONG><a name="[46]"></a>SPI3_IRQHandler</STRONG> (Thumb, 0 bytes, Stack size 0 bytes, startup_stm32f429xx.o(.text))
<BR>[Address Reference Count : 1]<UL><LI> startup_stm32f429xx.o(RESET)
</UL>
<P><STRONG><a name="[66]"></a>SPI4_IRQHandler</STRONG> (Thumb, 0 bytes, Stack size 0 bytes, startup_stm32f429xx.o(.text))
<BR>[Address Reference Count : 1]<UL><LI> startup_stm32f429xx.o(RESET)
</UL>
<P><STRONG><a name="[67]"></a>SPI5_IRQHandler</STRONG> (Thumb, 0 bytes, Stack size 0 bytes, startup_stm32f429xx.o(.text))
<BR>[Address Reference Count : 1]<UL><LI> startup_stm32f429xx.o(RESET)
</UL>
<P><STRONG><a name="[68]"></a>SPI6_IRQHandler</STRONG> (Thumb, 0 bytes, Stack size 0 bytes, startup_stm32f429xx.o(.text))
<BR>[Address Reference Count : 1]<UL><LI> startup_stm32f429xx.o(RESET)
</UL>
<P><STRONG><a name="[15]"></a>TAMP_STAMP_IRQHandler</STRONG> (Thumb, 0 bytes, Stack size 0 bytes, startup_stm32f429xx.o(.text))
<BR>[Address Reference Count : 1]<UL><LI> startup_stm32f429xx.o(RESET)
</UL>
<P><STRONG><a name="[2b]"></a>TIM1_BRK_TIM9_IRQHandler</STRONG> (Thumb, 0 bytes, Stack size 0 bytes, startup_stm32f429xx.o(.text))
<BR>[Address Reference Count : 1]<UL><LI> startup_stm32f429xx.o(RESET)
</UL>
<P><STRONG><a name="[2e]"></a>TIM1_CC_IRQHandler</STRONG> (Thumb, 0 bytes, Stack size 0 bytes, startup_stm32f429xx.o(.text))
<BR>[Address Reference Count : 1]<UL><LI> startup_stm32f429xx.o(RESET)
</UL>
<P><STRONG><a name="[2d]"></a>TIM1_TRG_COM_TIM11_IRQHandler</STRONG> (Thumb, 0 bytes, Stack size 0 bytes, startup_stm32f429xx.o(.text))
<BR>[Address Reference Count : 1]<UL><LI> startup_stm32f429xx.o(RESET)
</UL>
<P><STRONG><a name="[2c]"></a>TIM1_UP_TIM10_IRQHandler</STRONG> (Thumb, 0 bytes, Stack size 0 bytes, startup_stm32f429xx.o(.text))
<BR>[Address Reference Count : 1]<UL><LI> startup_stm32f429xx.o(RESET)
</UL>
<P><STRONG><a name="[2f]"></a>TIM2_IRQHandler</STRONG> (Thumb, 0 bytes, Stack size 0 bytes, startup_stm32f429xx.o(.text))
<BR>[Address Reference Count : 1]<UL><LI> startup_stm32f429xx.o(RESET)
</UL>
<P><STRONG><a name="[30]"></a>TIM3_IRQHandler</STRONG> (Thumb, 0 bytes, Stack size 0 bytes, startup_stm32f429xx.o(.text))
<BR>[Address Reference Count : 1]<UL><LI> startup_stm32f429xx.o(RESET)
</UL>
<P><STRONG><a name="[31]"></a>TIM4_IRQHandler</STRONG> (Thumb, 0 bytes, Stack size 0 bytes, startup_stm32f429xx.o(.text))
<BR>[Address Reference Count : 1]<UL><LI> startup_stm32f429xx.o(RESET)
</UL>
<P><STRONG><a name="[45]"></a>TIM5_IRQHandler</STRONG> (Thumb, 0 bytes, Stack size 0 bytes, startup_stm32f429xx.o(.text))
<BR>[Address Reference Count : 1]<UL><LI> startup_stm32f429xx.o(RESET)
</UL>
<P><STRONG><a name="[4a]"></a>TIM7_IRQHandler</STRONG> (Thumb, 0 bytes, Stack size 0 bytes, startup_stm32f429xx.o(.text))
<BR>[Address Reference Count : 1]<UL><LI> startup_stm32f429xx.o(RESET)
</UL>
<P><STRONG><a name="[3e]"></a>TIM8_BRK_TIM12_IRQHandler</STRONG> (Thumb, 0 bytes, Stack size 0 bytes, startup_stm32f429xx.o(.text))
<BR>[Address Reference Count : 1]<UL><LI> startup_stm32f429xx.o(RESET)
</UL>
<P><STRONG><a name="[41]"></a>TIM8_CC_IRQHandler</STRONG> (Thumb, 0 bytes, Stack size 0 bytes, startup_stm32f429xx.o(.text))
<BR>[Address Reference Count : 1]<UL><LI> startup_stm32f429xx.o(RESET)
</UL>
<P><STRONG><a name="[40]"></a>TIM8_TRG_COM_TIM14_IRQHandler</STRONG> (Thumb, 0 bytes, Stack size 0 bytes, startup_stm32f429xx.o(.text))
<BR>[Address Reference Count : 1]<UL><LI> startup_stm32f429xx.o(RESET)
</UL>
<P><STRONG><a name="[3f]"></a>TIM8_UP_TIM13_IRQHandler</STRONG> (Thumb, 0 bytes, Stack size 0 bytes, startup_stm32f429xx.o(.text))
<BR>[Address Reference Count : 1]<UL><LI> startup_stm32f429xx.o(RESET)
</UL>
<P><STRONG><a name="[47]"></a>UART4_IRQHandler</STRONG> (Thumb, 0 bytes, Stack size 0 bytes, startup_stm32f429xx.o(.text))
<BR>[Address Reference Count : 1]<UL><LI> startup_stm32f429xx.o(RESET)
</UL>
<P><STRONG><a name="[48]"></a>UART5_IRQHandler</STRONG> (Thumb, 0 bytes, Stack size 0 bytes, startup_stm32f429xx.o(.text))
<BR>[Address Reference Count : 1]<UL><LI> startup_stm32f429xx.o(RESET)
</UL>
<P><STRONG><a name="[64]"></a>UART7_IRQHandler</STRONG> (Thumb, 0 bytes, Stack size 0 bytes, startup_stm32f429xx.o(.text))
<BR>[Address Reference Count : 1]<UL><LI> startup_stm32f429xx.o(RESET)
</UL>
<P><STRONG><a name="[65]"></a>UART8_IRQHandler</STRONG> (Thumb, 0 bytes, Stack size 0 bytes, startup_stm32f429xx.o(.text))
<BR>[Address Reference Count : 1]<UL><LI> startup_stm32f429xx.o(RESET)
</UL>
<P><STRONG><a name="[39]"></a>USART2_IRQHandler</STRONG> (Thumb, 0 bytes, Stack size 0 bytes, startup_stm32f429xx.o(.text))
<BR>[Address Reference Count : 1]<UL><LI> startup_stm32f429xx.o(RESET)
</UL>
<P><STRONG><a name="[5a]"></a>USART6_IRQHandler</STRONG> (Thumb, 0 bytes, Stack size 0 bytes, startup_stm32f429xx.o(.text))
<BR>[Address Reference Count : 1]<UL><LI> startup_stm32f429xx.o(RESET)
</UL>
<P><STRONG><a name="[13]"></a>WWDG_IRQHandler</STRONG> (Thumb, 0 bytes, Stack size 0 bytes, startup_stm32f429xx.o(.text))
<BR>[Address Reference Count : 1]<UL><LI> startup_stm32f429xx.o(RESET)
</UL>
<P><STRONG><a name="[b]"></a>HardFault_Handler</STRONG> (Thumb, 12 bytes, Stack size 0 bytes, cmb_fault.o(.text))
<BR><BR>[Stack]<UL><LI>Max Depth = 212<LI>Call Chain = HardFault_Handler &rArr; cm_backtrace_fault &rArr; print_call_stack &rArr; cm_backtrace_call_stack
</UL>
<BR>[Calls]<UL><LI><a href="#[9e]">&gt;&gt;</a>&nbsp;&nbsp;&nbsp;cm_backtrace_fault
</UL>
<BR>[Address Reference Count : 1]<UL><LI> startup_stm32f429xx.o(RESET)
</UL>
<P><STRONG><a name="[ef]"></a>rand</STRONG> (Thumb, 20 bytes, Stack size 0 bytes, rand.o(.text))
<BR><BR>[Called By]<UL><LI><a href="#[90]">&gt;&gt;</a>&nbsp;&nbsp;&nbsp;HeartPacketMessage_Task
<LI><a href="#[8e]">&gt;&gt;</a>&nbsp;&nbsp;&nbsp;GeneralSignal_Task
</UL>

<P><STRONG><a name="[ee]"></a>srand</STRONG> (Thumb, 6 bytes, Stack size 0 bytes, rand.o(.text))
<BR><BR>[Called By]<UL><LI><a href="#[90]">&gt;&gt;</a>&nbsp;&nbsp;&nbsp;HeartPacketMessage_Task
<LI><a href="#[8e]">&gt;&gt;</a>&nbsp;&nbsp;&nbsp;GeneralSignal_Task
</UL>

<P><STRONG><a name="[2ad]"></a>___aeabi_memcpy8$move</STRONG> (Thumb, 0 bytes, Stack size 8 bytes, memmovea.o(.text), UNUSED)

<P><STRONG><a name="[147]"></a>__aeabi_memcpy</STRONG> (Thumb, 64 bytes, Stack size 8 bytes, memmovea.o(.text))
<BR><BR>[Stack]<UL><LI>Max Depth = 8<LI>Call Chain = __aeabi_memcpy
</UL>
<BR>[Called By]<UL><LI><a href="#[1fc]">&gt;&gt;</a>&nbsp;&nbsp;&nbsp;pbuf_copy_partial
<LI><a href="#[149]">&gt;&gt;</a>&nbsp;&nbsp;&nbsp;Usr_NetworkRecvData_Handle
<LI><a href="#[96]">&gt;&gt;</a>&nbsp;&nbsp;&nbsp;udpecho_thread
<LI><a href="#[242]">&gt;&gt;</a>&nbsp;&nbsp;&nbsp;prvCopyDataToQueue
<LI><a href="#[241]">&gt;&gt;</a>&nbsp;&nbsp;&nbsp;prvCopyDataFromQueue
<LI><a href="#[144]">&gt;&gt;</a>&nbsp;&nbsp;&nbsp;JianZhang_LoraData_Handle
<LI><a href="#[173]">&gt;&gt;</a>&nbsp;&nbsp;&nbsp;UpdateTimeReqReponse_Handle
<LI><a href="#[165]">&gt;&gt;</a>&nbsp;&nbsp;&nbsp;ServiceSendConfig_Handle
<LI><a href="#[164]">&gt;&gt;</a>&nbsp;&nbsp;&nbsp;ServerFindAnchorInfo_Handle
<LI><a href="#[15f]">&gt;&gt;</a>&nbsp;&nbsp;&nbsp;ServerCtrlAnchor_Handle
<LI><a href="#[201]">&gt;&gt;</a>&nbsp;&nbsp;&nbsp;lwip_sock_make_addr
<LI><a href="#[1f7]">&gt;&gt;</a>&nbsp;&nbsp;&nbsp;tcp_write
<LI><a href="#[1ad]">&gt;&gt;</a>&nbsp;&nbsp;&nbsp;pbuf_copy
<LI><a href="#[1ab]">&gt;&gt;</a>&nbsp;&nbsp;&nbsp;icmp_input
<LI><a href="#[1aa]">&gt;&gt;</a>&nbsp;&nbsp;&nbsp;icmp_send_response
<LI><a href="#[75]">&gt;&gt;</a>&nbsp;&nbsp;&nbsp;low_level_output
<LI><a href="#[1a1]">&gt;&gt;</a>&nbsp;&nbsp;&nbsp;low_level_input
<LI><a href="#[1c3]">&gt;&gt;</a>&nbsp;&nbsp;&nbsp;ip_reass_free_complete_datagram
<LI><a href="#[1b9]">&gt;&gt;</a>&nbsp;&nbsp;&nbsp;ip4_reass
<LI><a href="#[1b2]">&gt;&gt;</a>&nbsp;&nbsp;&nbsp;ip4_frag
</UL>

<P><STRONG><a name="[146]"></a>__aeabi_memcpy4</STRONG> (Thumb, 0 bytes, Stack size 8 bytes, memmovea.o(.text))
<BR><BR>[Stack]<UL><LI>Max Depth = 8<LI>Call Chain = __aeabi_memcpy4
</UL>
<BR>[Called By]<UL><LI><a href="#[144]">&gt;&gt;</a>&nbsp;&nbsp;&nbsp;JianZhang_LoraData_Handle
<LI><a href="#[9e]">&gt;&gt;</a>&nbsp;&nbsp;&nbsp;cm_backtrace_fault
</UL>

<P><STRONG><a name="[2ae]"></a>__aeabi_memmove</STRONG> (Thumb, 0 bytes, Stack size 8 bytes, memmovea.o(.text), UNUSED)

<P><STRONG><a name="[2af]"></a>__aeabi_memmove4</STRONG> (Thumb, 0 bytes, Stack size 8 bytes, memmovea.o(.text), UNUSED)

<P><STRONG><a name="[2b0]"></a>__aeabi_memmove8</STRONG> (Thumb, 0 bytes, Stack size 8 bytes, memmovea.o(.text), UNUSED)

<P><STRONG><a name="[a0]"></a>__aeabi_memset</STRONG> (Thumb, 14 bytes, Stack size 0 bytes, memseta.o(.text))
<BR><BR>[Called By]<UL><LI><a href="#[a1]">&gt;&gt;</a>&nbsp;&nbsp;&nbsp;_memset$wrapper
<LI><a href="#[9f]">&gt;&gt;</a>&nbsp;&nbsp;&nbsp;__aeabi_memclr
</UL>

<P><STRONG><a name="[2b1]"></a>__aeabi_memset4</STRONG> (Thumb, 0 bytes, Stack size 0 bytes, memseta.o(.text), UNUSED)

<P><STRONG><a name="[2b2]"></a>__aeabi_memset8</STRONG> (Thumb, 0 bytes, Stack size 0 bytes, memseta.o(.text), UNUSED)

<P><STRONG><a name="[9f]"></a>__aeabi_memclr</STRONG> (Thumb, 4 bytes, Stack size 0 bytes, memseta.o(.text))
<BR><BR>[Calls]<UL><LI><a href="#[a0]">&gt;&gt;</a>&nbsp;&nbsp;&nbsp;__aeabi_memset
</UL>
<BR>[Called By]<UL><LI><a href="#[96]">&gt;&gt;</a>&nbsp;&nbsp;&nbsp;udpecho_thread
</UL>

<P><STRONG><a name="[cb]"></a>__aeabi_memclr4</STRONG> (Thumb, 0 bytes, Stack size 0 bytes, memseta.o(.text))
<BR><BR>[Called By]<UL><LI><a href="#[149]">&gt;&gt;</a>&nbsp;&nbsp;&nbsp;Usr_NetworkRecvData_Handle
<LI><a href="#[f0]">&gt;&gt;</a>&nbsp;&nbsp;&nbsp;PowerOnMessage_Handle
<LI><a href="#[db]">&gt;&gt;</a>&nbsp;&nbsp;&nbsp;DeviceUpdateTimeRequest
<LI><a href="#[cf]">&gt;&gt;</a>&nbsp;&nbsp;&nbsp;DeviceReportHeart
<LI><a href="#[144]">&gt;&gt;</a>&nbsp;&nbsp;&nbsp;JianZhang_LoraData_Handle
<LI><a href="#[162]">&gt;&gt;</a>&nbsp;&nbsp;&nbsp;ServiceAndDeviceResponse
<LI><a href="#[ca]">&gt;&gt;</a>&nbsp;&nbsp;&nbsp;DevResponConfigInfoRequst
<LI><a href="#[28e]">&gt;&gt;</a>&nbsp;&nbsp;&nbsp;udp_new
<LI><a href="#[25b]">&gt;&gt;</a>&nbsp;&nbsp;&nbsp;tcp_alloc
<LI><a href="#[181]">&gt;&gt;</a>&nbsp;&nbsp;&nbsp;print_call_stack
<LI><a href="#[1b9]">&gt;&gt;</a>&nbsp;&nbsp;&nbsp;ip4_reass
</UL>

<P><STRONG><a name="[2b3]"></a>__aeabi_memclr8</STRONG> (Thumb, 0 bytes, Stack size 0 bytes, memseta.o(.text), UNUSED)

<P><STRONG><a name="[a1]"></a>_memset$wrapper</STRONG> (Thumb, 18 bytes, Stack size 8 bytes, memseta.o(.text), UNUSED)
<BR><BR>[Calls]<UL><LI><a href="#[a0]">&gt;&gt;</a>&nbsp;&nbsp;&nbsp;__aeabi_memset
</UL>

<P><STRONG><a name="[183]"></a>strncpy</STRONG> (Thumb, 24 bytes, Stack size 8 bytes, strncpy.o(.text))
<BR><BR>[Stack]<UL><LI>Max Depth = 8<LI>Call Chain = strncpy
</UL>
<BR>[Called By]<UL><LI><a href="#[be]">&gt;&gt;</a>&nbsp;&nbsp;&nbsp;cm_backtrace_init
</UL>

<P><STRONG><a name="[19c]"></a>memcmp</STRONG> (Thumb, 26 bytes, Stack size 12 bytes, memcmp.o(.text))
<BR><BR>[Stack]<UL><LI>Max Depth = 12<LI>Call Chain = memcmp
</UL>
<BR>[Called By]<UL><LI><a href="#[94]">&gt;&gt;</a>&nbsp;&nbsp;&nbsp;ethernet_input
</UL>

<P><STRONG><a name="[a2]"></a>__aeabi_dmul</STRONG> (Thumb, 228 bytes, Stack size 48 bytes, dmul.o(.text))
<BR><BR>[Stack]<UL><LI>Max Depth = 88<LI>Call Chain = __aeabi_dmul &rArr; _double_epilogue &rArr; _double_round
</UL>
<BR>[Calls]<UL><LI><a href="#[a3]">&gt;&gt;</a>&nbsp;&nbsp;&nbsp;_double_epilogue
</UL>
<BR>[Called By]<UL><LI><a href="#[15b]">&gt;&gt;</a>&nbsp;&nbsp;&nbsp;SX127xSetFrf
</UL>

<P><STRONG><a name="[a4]"></a>__aeabi_ui2d</STRONG> (Thumb, 26 bytes, Stack size 16 bytes, dfltui.o(.text))
<BR><BR>[Stack]<UL><LI>Max Depth = 56<LI>Call Chain = __aeabi_ui2d &rArr; _double_epilogue &rArr; _double_round
</UL>
<BR>[Calls]<UL><LI><a href="#[a3]">&gt;&gt;</a>&nbsp;&nbsp;&nbsp;_double_epilogue
</UL>
<BR>[Called By]<UL><LI><a href="#[15b]">&gt;&gt;</a>&nbsp;&nbsp;&nbsp;SX127xSetFrf
</UL>

<P><STRONG><a name="[a5]"></a>__aeabi_d2uiz</STRONG> (Thumb, 50 bytes, Stack size 8 bytes, dfixui.o(.text))
<BR><BR>[Stack]<UL><LI>Max Depth = 8<LI>Call Chain = __aeabi_d2uiz
</UL>
<BR>[Calls]<UL><LI><a href="#[a6]">&gt;&gt;</a>&nbsp;&nbsp;&nbsp;__aeabi_llsr
</UL>
<BR>[Called By]<UL><LI><a href="#[15b]">&gt;&gt;</a>&nbsp;&nbsp;&nbsp;SX127xSetFrf
</UL>

<P><STRONG><a name="[a7]"></a>__aeabi_uldivmod</STRONG> (Thumb, 98 bytes, Stack size 40 bytes, uldiv.o(.text), UNUSED)
<BR><BR>[Calls]<UL><LI><a href="#[a8]">&gt;&gt;</a>&nbsp;&nbsp;&nbsp;__aeabi_llsl
<LI><a href="#[a6]">&gt;&gt;</a>&nbsp;&nbsp;&nbsp;__aeabi_llsr
</UL>
<BR>[Called By]<UL><LI><a href="#[176]">&gt;&gt;</a>&nbsp;&nbsp;&nbsp;_printf_core
</UL>

<P><STRONG><a name="[a6]"></a>__aeabi_llsr</STRONG> (Thumb, 32 bytes, Stack size 0 bytes, llushr.o(.text))
<BR><BR>[Called By]<UL><LI><a href="#[a7]">&gt;&gt;</a>&nbsp;&nbsp;&nbsp;__aeabi_uldivmod
<LI><a href="#[a3]">&gt;&gt;</a>&nbsp;&nbsp;&nbsp;_double_epilogue
<LI><a href="#[a5]">&gt;&gt;</a>&nbsp;&nbsp;&nbsp;__aeabi_d2uiz
</UL>

<P><STRONG><a name="[2b4]"></a>_ll_ushift_r</STRONG> (Thumb, 0 bytes, Stack size 0 bytes, llushr.o(.text), UNUSED)

<P><STRONG><a name="[2b5]"></a>__I$use$fp</STRONG> (Thumb, 0 bytes, Stack size 8 bytes, iusefp.o(.text), UNUSED)

<P><STRONG><a name="[a9]"></a>_double_round</STRONG> (Thumb, 30 bytes, Stack size 8 bytes, depilogue.o(.text))
<BR><BR>[Stack]<UL><LI>Max Depth = 8<LI>Call Chain = _double_round
</UL>
<BR>[Called By]<UL><LI><a href="#[a3]">&gt;&gt;</a>&nbsp;&nbsp;&nbsp;_double_epilogue
</UL>

<P><STRONG><a name="[a3]"></a>_double_epilogue</STRONG> (Thumb, 156 bytes, Stack size 32 bytes, depilogue.o(.text))
<BR><BR>[Stack]<UL><LI>Max Depth = 40<LI>Call Chain = _double_epilogue &rArr; _double_round
</UL>
<BR>[Calls]<UL><LI><a href="#[a8]">&gt;&gt;</a>&nbsp;&nbsp;&nbsp;__aeabi_llsl
<LI><a href="#[a9]">&gt;&gt;</a>&nbsp;&nbsp;&nbsp;_double_round
<LI><a href="#[a6]">&gt;&gt;</a>&nbsp;&nbsp;&nbsp;__aeabi_llsr
</UL>
<BR>[Called By]<UL><LI><a href="#[a4]">&gt;&gt;</a>&nbsp;&nbsp;&nbsp;__aeabi_ui2d
<LI><a href="#[a2]">&gt;&gt;</a>&nbsp;&nbsp;&nbsp;__aeabi_dmul
</UL>

<P><STRONG><a name="[9c]"></a>__scatterload</STRONG> (Thumb, 28 bytes, Stack size 0 bytes, init.o(.text))
<BR><BR>[Calls]<UL><LI><a href="#[aa]">&gt;&gt;</a>&nbsp;&nbsp;&nbsp;__main_after_scatterload
</UL>
<BR>[Called By]<UL><LI><a href="#[9b]">&gt;&gt;</a>&nbsp;&nbsp;&nbsp;_main_scatterload
</UL>

<P><STRONG><a name="[2b6]"></a>__scatterload_rt2</STRONG> (Thumb, 0 bytes, Stack size 0 bytes, init.o(.text), UNUSED)

<P><STRONG><a name="[a8]"></a>__aeabi_llsl</STRONG> (Thumb, 30 bytes, Stack size 0 bytes, llshl.o(.text))
<BR><BR>[Called By]<UL><LI><a href="#[a7]">&gt;&gt;</a>&nbsp;&nbsp;&nbsp;__aeabi_uldivmod
<LI><a href="#[a3]">&gt;&gt;</a>&nbsp;&nbsp;&nbsp;_double_epilogue
</UL>

<P><STRONG><a name="[2b7]"></a>_ll_shift_l</STRONG> (Thumb, 0 bytes, Stack size 0 bytes, llshl.o(.text), UNUSED)

<P><STRONG><a name="[2b8]"></a>__decompress</STRONG> (Thumb, 0 bytes, Stack size unknown bytes, __dczerorl.o(.text), UNUSED)

<P><STRONG><a name="[2b9]"></a>__decompress0</STRONG> (Thumb, 58 bytes, Stack size unknown bytes, __dczerorl.o(.text), UNUSED)

<P><STRONG><a name="[b1]"></a>BSP_Init</STRONG> (Thumb, 120 bytes, Stack size 16 bytes, board.o(i.BSP_Init))
<BR><BR>[Stack]<UL><LI>Max Depth = 332<LI>Call Chain = BSP_Init &rArr; RTC_Init &rArr; HAL_RTC_Init &rArr; HAL_RTC_MspInit &rArr; HAL_RCCEx_PeriphCLKConfig &rArr; assert_failed &rArr; cm_backtrace_assert &rArr; print_call_stack &rArr; cm_backtrace_call_stack
</UL>
<BR>[Calls]<UL><LI><a href="#[b2]">&gt;&gt;</a>&nbsp;&nbsp;&nbsp;HAL_Init
<LI><a href="#[0]">&gt;&gt;</a>&nbsp;&nbsp;&nbsp;my_mem_init
<LI><a href="#[b9]">&gt;&gt;</a>&nbsp;&nbsp;&nbsp;lora_init
<LI><a href="#[be]">&gt;&gt;</a>&nbsp;&nbsp;&nbsp;cm_backtrace_init
<LI><a href="#[b5]">&gt;&gt;</a>&nbsp;&nbsp;&nbsp;RTC_Init
<LI><a href="#[b6]">&gt;&gt;</a>&nbsp;&nbsp;&nbsp;MX_TIM6_Init
<LI><a href="#[b8]">&gt;&gt;</a>&nbsp;&nbsp;&nbsp;Lora_SPI_Init
<LI><a href="#[bd]">&gt;&gt;</a>&nbsp;&nbsp;&nbsp;IWDG_Init
<LI><a href="#[bb]">&gt;&gt;</a>&nbsp;&nbsp;&nbsp;I2C_EE_Init
<LI><a href="#[b4]">&gt;&gt;</a>&nbsp;&nbsp;&nbsp;SystemClock_Config
<LI><a href="#[bc]">&gt;&gt;</a>&nbsp;&nbsp;&nbsp;HardwareConfigInfo_Handle
<LI><a href="#[b3]">&gt;&gt;</a>&nbsp;&nbsp;&nbsp;GPIO_CLK_Init
<LI><a href="#[ba]">&gt;&gt;</a>&nbsp;&nbsp;&nbsp;LED_GPIO_Config
<LI><a href="#[b7]">&gt;&gt;</a>&nbsp;&nbsp;&nbsp;DEBUG_USART_Config
<LI><a href="#[bf]">&gt;&gt;</a>&nbsp;&nbsp;&nbsp;__2printf
</UL>
<BR>[Called By]<UL><LI><a href="#[6d]">&gt;&gt;</a>&nbsp;&nbsp;&nbsp;main
</UL>

<P><STRONG><a name="[c0]"></a>Bsp_Eth_Init</STRONG> (Thumb, 224 bytes, Stack size 56 bytes, bsp_eth.o(i.Bsp_Eth_Init))
<BR><BR>[Stack]<UL><LI>Max Depth = 340<LI>Call Chain = Bsp_Eth_Init &rArr; HAL_ETH_Init &rArr; HAL_ETH_MspInit &rArr; HAL_GPIO_Init &rArr; assert_failed &rArr; cm_backtrace_assert &rArr; print_call_stack &rArr; cm_backtrace_call_stack
</UL>
<BR>[Calls]<UL><LI><a href="#[c4]">&gt;&gt;</a>&nbsp;&nbsp;&nbsp;HAL_Delay
<LI><a href="#[c5]">&gt;&gt;</a>&nbsp;&nbsp;&nbsp;HAL_ETH_Init
<LI><a href="#[c1]">&gt;&gt;</a>&nbsp;&nbsp;&nbsp;HAL_ETH_DeInit
<LI><a href="#[c6]">&gt;&gt;</a>&nbsp;&nbsp;&nbsp;HAL_ETH_DMATxDescListInit
<LI><a href="#[c7]">&gt;&gt;</a>&nbsp;&nbsp;&nbsp;HAL_ETH_DMARxDescListInit
<LI><a href="#[c3]">&gt;&gt;</a>&nbsp;&nbsp;&nbsp;HAL_GPIO_WritePin
<LI><a href="#[c2]">&gt;&gt;</a>&nbsp;&nbsp;&nbsp;HAL_GPIO_Init
<LI><a href="#[bf]">&gt;&gt;</a>&nbsp;&nbsp;&nbsp;__2printf
</UL>
<BR>[Called By]<UL><LI><a href="#[1a0]">&gt;&gt;</a>&nbsp;&nbsp;&nbsp;low_level_init
</UL>

<P><STRONG><a name="[d]"></a>BusFault_Handler</STRONG> (Thumb, 20 bytes, Stack size 0 bytes, stm32f4xx_it.o(i.BusFault_Handler))
<BR><BR>[Stack]<UL><LI>Max Depth = 24<LI>Call Chain = BusFault_Handler &rArr; __2printf
</UL>
<BR>[Calls]<UL><LI><a href="#[c8]">&gt;&gt;</a>&nbsp;&nbsp;&nbsp;NVIC_SystemReset
<LI><a href="#[bf]">&gt;&gt;</a>&nbsp;&nbsp;&nbsp;__2printf
</UL>
<BR>[Address Reference Count : 1]<UL><LI> startup_stm32f429xx.o(RESET)
</UL>
<P><STRONG><a name="[b7]"></a>DEBUG_USART_Config</STRONG> (Thumb, 30 bytes, Stack size 0 bytes, bsp_debug_usart.o(i.DEBUG_USART_Config))
<BR><BR>[Stack]<UL><LI>Max Depth = 252<LI>Call Chain = DEBUG_USART_Config &rArr; HAL_UART_Init &rArr; HAL_UART_MspInit &rArr; HAL_GPIO_Init &rArr; assert_failed &rArr; cm_backtrace_assert &rArr; print_call_stack &rArr; cm_backtrace_call_stack
</UL>
<BR>[Calls]<UL><LI><a href="#[c9]">&gt;&gt;</a>&nbsp;&nbsp;&nbsp;HAL_UART_Init
</UL>
<BR>[Called By]<UL><LI><a href="#[b1]">&gt;&gt;</a>&nbsp;&nbsp;&nbsp;BSP_Init
</UL>

<P><STRONG><a name="[10]"></a>DebugMon_Handler</STRONG> (Thumb, 20 bytes, Stack size 0 bytes, stm32f4xx_it.o(i.DebugMon_Handler))
<BR><BR>[Stack]<UL><LI>Max Depth = 24<LI>Call Chain = DebugMon_Handler &rArr; __2printf
</UL>
<BR>[Calls]<UL><LI><a href="#[c8]">&gt;&gt;</a>&nbsp;&nbsp;&nbsp;NVIC_SystemReset
<LI><a href="#[bf]">&gt;&gt;</a>&nbsp;&nbsp;&nbsp;__2printf
</UL>
<BR>[Address Reference Count : 1]<UL><LI> startup_stm32f429xx.o(RESET)
</UL>
<P><STRONG><a name="[ca]"></a>DevResponConfigInfoRequst</STRONG> (Thumb, 296 bytes, Stack size 88 bytes, servertoanchor.o(i.DevResponConfigInfoRequst))
<BR><BR>[Stack]<UL><LI>Max Depth = 472<LI>Call Chain = DevResponConfigInfoRequst &rArr; UDP_SendDataPacket &rArr; lwip_sendto &rArr; lwip_send &rArr;  lwip_sendto (Cycle)
</UL>
<BR>[Calls]<UL><LI><a href="#[ce]">&gt;&gt;</a>&nbsp;&nbsp;&nbsp;UDP_SendDataPacket
<LI><a href="#[cc]">&gt;&gt;</a>&nbsp;&nbsp;&nbsp;bswap_16
<LI><a href="#[cd]">&gt;&gt;</a>&nbsp;&nbsp;&nbsp;UDP_public_Sum_check
<LI><a href="#[cb]">&gt;&gt;</a>&nbsp;&nbsp;&nbsp;__aeabi_memclr4
</UL>
<BR>[Called By]<UL><LI><a href="#[164]">&gt;&gt;</a>&nbsp;&nbsp;&nbsp;ServerFindAnchorInfo_Handle
</UL>

<P><STRONG><a name="[cf]"></a>DeviceReportHeart</STRONG> (Thumb, 150 bytes, Stack size 32 bytes, servertoanchor.o(i.DeviceReportHeart))
<BR><BR>[Stack]<UL><LI>Max Depth = 416<LI>Call Chain = DeviceReportHeart &rArr; UDP_SendDataPacket &rArr; lwip_sendto &rArr; lwip_send &rArr;  lwip_sendto (Cycle)
</UL>
<BR>[Calls]<UL><LI><a href="#[ce]">&gt;&gt;</a>&nbsp;&nbsp;&nbsp;UDP_SendDataPacket
<LI><a href="#[cc]">&gt;&gt;</a>&nbsp;&nbsp;&nbsp;bswap_16
<LI><a href="#[cd]">&gt;&gt;</a>&nbsp;&nbsp;&nbsp;UDP_public_Sum_check
<LI><a href="#[cb]">&gt;&gt;</a>&nbsp;&nbsp;&nbsp;__aeabi_memclr4
</UL>
<BR>[Called By]<UL><LI><a href="#[d0]">&gt;&gt;</a>&nbsp;&nbsp;&nbsp;DeviceResponseHeart_Handle
<LI><a href="#[90]">&gt;&gt;</a>&nbsp;&nbsp;&nbsp;HeartPacketMessage_Task
</UL>

<P><STRONG><a name="[d0]"></a>DeviceResponseHeart_Handle</STRONG> (Thumb, 270 bytes, Stack size 16 bytes, servertoanchor.o(i.DeviceResponseHeart_Handle))
<BR><BR>[Stack]<UL><LI>Max Depth = 432<LI>Call Chain = DeviceResponseHeart_Handle &rArr; DeviceReportHeart &rArr; UDP_SendDataPacket &rArr; lwip_sendto &rArr; lwip_send &rArr;  lwip_sendto (Cycle)
</UL>
<BR>[Calls]<UL><LI><a href="#[d9]">&gt;&gt;</a>&nbsp;&nbsp;&nbsp;HAL_GPIO_TogglePin
<LI><a href="#[d6]">&gt;&gt;</a>&nbsp;&nbsp;&nbsp;HAL_RTC_GetTime
<LI><a href="#[d7]">&gt;&gt;</a>&nbsp;&nbsp;&nbsp;HAL_RTC_GetDate
<LI><a href="#[d3]">&gt;&gt;</a>&nbsp;&nbsp;&nbsp;NVIC_SystemReset
<LI><a href="#[cf]">&gt;&gt;</a>&nbsp;&nbsp;&nbsp;DeviceReportHeart
<LI><a href="#[da]">&gt;&gt;</a>&nbsp;&nbsp;&nbsp;vTaskDelay
<LI><a href="#[d1]">&gt;&gt;</a>&nbsp;&nbsp;&nbsp;xQueueGenericSend
<LI><a href="#[d4]">&gt;&gt;</a>&nbsp;&nbsp;&nbsp;xQueueGenericReceive
<LI><a href="#[d5]">&gt;&gt;</a>&nbsp;&nbsp;&nbsp;vTaskSuspend
<LI><a href="#[d2]">&gt;&gt;</a>&nbsp;&nbsp;&nbsp;uxQueueMessagesWaiting
<LI><a href="#[d8]">&gt;&gt;</a>&nbsp;&nbsp;&nbsp;time2Stamp
<LI><a href="#[bf]">&gt;&gt;</a>&nbsp;&nbsp;&nbsp;__2printf
</UL>
<BR>[Called By]<UL><LI><a href="#[90]">&gt;&gt;</a>&nbsp;&nbsp;&nbsp;HeartPacketMessage_Task
</UL>

<P><STRONG><a name="[db]"></a>DeviceUpdateTimeRequest</STRONG> (Thumb, 110 bytes, Stack size 32 bytes, servertoanchor.o(i.DeviceUpdateTimeRequest))
<BR><BR>[Stack]<UL><LI>Max Depth = 416<LI>Call Chain = DeviceUpdateTimeRequest &rArr; UDP_SendDataPacket &rArr; lwip_sendto &rArr; lwip_send &rArr;  lwip_sendto (Cycle)
</UL>
<BR>[Calls]<UL><LI><a href="#[ce]">&gt;&gt;</a>&nbsp;&nbsp;&nbsp;UDP_SendDataPacket
<LI><a href="#[cc]">&gt;&gt;</a>&nbsp;&nbsp;&nbsp;bswap_16
<LI><a href="#[cd]">&gt;&gt;</a>&nbsp;&nbsp;&nbsp;UDP_public_Sum_check
<LI><a href="#[cb]">&gt;&gt;</a>&nbsp;&nbsp;&nbsp;__aeabi_memclr4
</UL>
<BR>[Called By]<UL><LI><a href="#[8e]">&gt;&gt;</a>&nbsp;&nbsp;&nbsp;GeneralSignal_Task
</UL>

<P><STRONG><a name="[dc]"></a>EE_AnchorWorkMode_Read</STRONG> (Thumb, 10 bytes, Stack size 0 bytes, bsp_i2c_ee.o(i.EE_AnchorWorkMode_Read))
<BR><BR>[Stack]<UL><LI>Max Depth = 212<LI>Call Chain = EE_AnchorWorkMode_Read &rArr; I2C_EE_BufferRead &rArr; HAL_I2C_Mem_Read &rArr; assert_failed &rArr; cm_backtrace_assert &rArr; print_call_stack &rArr; cm_backtrace_call_stack
</UL>
<BR>[Calls]<UL><LI><a href="#[dd]">&gt;&gt;</a>&nbsp;&nbsp;&nbsp;I2C_EE_BufferRead
</UL>
<BR>[Called By]<UL><LI><a href="#[bc]">&gt;&gt;</a>&nbsp;&nbsp;&nbsp;HardwareConfigInfo_Handle
</UL>

<P><STRONG><a name="[de]"></a>EE_AnchorWorkMode_Write</STRONG> (Thumb, 10 bytes, Stack size 0 bytes, bsp_i2c_ee.o(i.EE_AnchorWorkMode_Write))
<BR><BR>[Stack]<UL><LI>Max Depth = 244<LI>Call Chain = EE_AnchorWorkMode_Write &rArr; I2C_EE_BufferWrite &rArr; I2C_EE_PageWrite &rArr; HAL_I2C_Mem_Write &rArr; assert_failed &rArr; cm_backtrace_assert &rArr; print_call_stack &rArr; cm_backtrace_call_stack
</UL>
<BR>[Calls]<UL><LI><a href="#[df]">&gt;&gt;</a>&nbsp;&nbsp;&nbsp;I2C_EE_BufferWrite
</UL>
<BR>[Called By]<UL><LI><a href="#[165]">&gt;&gt;</a>&nbsp;&nbsp;&nbsp;ServiceSendConfig_Handle
</UL>

<P><STRONG><a name="[e0]"></a>EE_Network_Read</STRONG> (Thumb, 10 bytes, Stack size 0 bytes, bsp_i2c_ee.o(i.EE_Network_Read))
<BR><BR>[Stack]<UL><LI>Max Depth = 212<LI>Call Chain = EE_Network_Read &rArr; I2C_EE_BufferRead &rArr; HAL_I2C_Mem_Read &rArr; assert_failed &rArr; cm_backtrace_assert &rArr; print_call_stack &rArr; cm_backtrace_call_stack
</UL>
<BR>[Calls]<UL><LI><a href="#[dd]">&gt;&gt;</a>&nbsp;&nbsp;&nbsp;I2C_EE_BufferRead
</UL>
<BR>[Called By]<UL><LI><a href="#[bc]">&gt;&gt;</a>&nbsp;&nbsp;&nbsp;HardwareConfigInfo_Handle
</UL>

<P><STRONG><a name="[e1]"></a>EE_Network_Write</STRONG> (Thumb, 10 bytes, Stack size 0 bytes, bsp_i2c_ee.o(i.EE_Network_Write))
<BR><BR>[Stack]<UL><LI>Max Depth = 244<LI>Call Chain = EE_Network_Write &rArr; I2C_EE_BufferWrite &rArr; I2C_EE_PageWrite &rArr; HAL_I2C_Mem_Write &rArr; assert_failed &rArr; cm_backtrace_assert &rArr; print_call_stack &rArr; cm_backtrace_call_stack
</UL>
<BR>[Calls]<UL><LI><a href="#[df]">&gt;&gt;</a>&nbsp;&nbsp;&nbsp;I2C_EE_BufferWrite
</UL>
<BR>[Called By]<UL><LI><a href="#[165]">&gt;&gt;</a>&nbsp;&nbsp;&nbsp;ServiceSendConfig_Handle
</UL>

<P><STRONG><a name="[e2]"></a>EE_PowerOnType_Read</STRONG> (Thumb, 10 bytes, Stack size 0 bytes, bsp_i2c_ee.o(i.EE_PowerOnType_Read))
<BR><BR>[Stack]<UL><LI>Max Depth = 212<LI>Call Chain = EE_PowerOnType_Read &rArr; I2C_EE_BufferRead &rArr; HAL_I2C_Mem_Read &rArr; assert_failed &rArr; cm_backtrace_assert &rArr; print_call_stack &rArr; cm_backtrace_call_stack
</UL>
<BR>[Calls]<UL><LI><a href="#[dd]">&gt;&gt;</a>&nbsp;&nbsp;&nbsp;I2C_EE_BufferRead
</UL>
<BR>[Called By]<UL><LI><a href="#[bc]">&gt;&gt;</a>&nbsp;&nbsp;&nbsp;HardwareConfigInfo_Handle
</UL>

<P><STRONG><a name="[e3]"></a>EE_PowerOnType_Write</STRONG> (Thumb, 10 bytes, Stack size 0 bytes, bsp_i2c_ee.o(i.EE_PowerOnType_Write))
<BR><BR>[Stack]<UL><LI>Max Depth = 244<LI>Call Chain = EE_PowerOnType_Write &rArr; I2C_EE_BufferWrite &rArr; I2C_EE_PageWrite &rArr; HAL_I2C_Mem_Write &rArr; assert_failed &rArr; cm_backtrace_assert &rArr; print_call_stack &rArr; cm_backtrace_call_stack
</UL>
<BR>[Calls]<UL><LI><a href="#[df]">&gt;&gt;</a>&nbsp;&nbsp;&nbsp;I2C_EE_BufferWrite
</UL>
<BR>[Called By]<UL><LI><a href="#[15f]">&gt;&gt;</a>&nbsp;&nbsp;&nbsp;ServerCtrlAnchor_Handle
</UL>

<P><STRONG><a name="[e4]"></a>EE_TimeStamp_Read</STRONG> (Thumb, 10 bytes, Stack size 0 bytes, bsp_i2c_ee.o(i.EE_TimeStamp_Read))
<BR><BR>[Stack]<UL><LI>Max Depth = 212<LI>Call Chain = EE_TimeStamp_Read &rArr; I2C_EE_BufferRead &rArr; HAL_I2C_Mem_Read &rArr; assert_failed &rArr; cm_backtrace_assert &rArr; print_call_stack &rArr; cm_backtrace_call_stack
</UL>
<BR>[Calls]<UL><LI><a href="#[dd]">&gt;&gt;</a>&nbsp;&nbsp;&nbsp;I2C_EE_BufferRead
</UL>
<BR>[Called By]<UL><LI><a href="#[bc]">&gt;&gt;</a>&nbsp;&nbsp;&nbsp;HardwareConfigInfo_Handle
</UL>

<P><STRONG><a name="[e5]"></a>EE_TimeStamp_Write</STRONG> (Thumb, 10 bytes, Stack size 0 bytes, bsp_i2c_ee.o(i.EE_TimeStamp_Write))
<BR><BR>[Stack]<UL><LI>Max Depth = 244<LI>Call Chain = EE_TimeStamp_Write &rArr; I2C_EE_BufferWrite &rArr; I2C_EE_PageWrite &rArr; HAL_I2C_Mem_Write &rArr; assert_failed &rArr; cm_backtrace_assert &rArr; print_call_stack &rArr; cm_backtrace_call_stack
</UL>
<BR>[Calls]<UL><LI><a href="#[df]">&gt;&gt;</a>&nbsp;&nbsp;&nbsp;I2C_EE_BufferWrite
</UL>
<BR>[Called By]<UL><LI><a href="#[173]">&gt;&gt;</a>&nbsp;&nbsp;&nbsp;UpdateTimeReqReponse_Handle
</UL>

<P><STRONG><a name="[e6]"></a>EE_Version_Read</STRONG> (Thumb, 10 bytes, Stack size 0 bytes, bsp_i2c_ee.o(i.EE_Version_Read))
<BR><BR>[Stack]<UL><LI>Max Depth = 212<LI>Call Chain = EE_Version_Read &rArr; I2C_EE_BufferRead &rArr; HAL_I2C_Mem_Read &rArr; assert_failed &rArr; cm_backtrace_assert &rArr; print_call_stack &rArr; cm_backtrace_call_stack
</UL>
<BR>[Calls]<UL><LI><a href="#[dd]">&gt;&gt;</a>&nbsp;&nbsp;&nbsp;I2C_EE_BufferRead
</UL>
<BR>[Called By]<UL><LI><a href="#[bc]">&gt;&gt;</a>&nbsp;&nbsp;&nbsp;HardwareConfigInfo_Handle
</UL>

<P><STRONG><a name="[e7]"></a>EE_upgrateFlag_Read</STRONG> (Thumb, 10 bytes, Stack size 0 bytes, bsp_i2c_ee.o(i.EE_upgrateFlag_Read))
<BR><BR>[Stack]<UL><LI>Max Depth = 212<LI>Call Chain = EE_upgrateFlag_Read &rArr; I2C_EE_BufferRead &rArr; HAL_I2C_Mem_Read &rArr; assert_failed &rArr; cm_backtrace_assert &rArr; print_call_stack &rArr; cm_backtrace_call_stack
</UL>
<BR>[Calls]<UL><LI><a href="#[dd]">&gt;&gt;</a>&nbsp;&nbsp;&nbsp;I2C_EE_BufferRead
</UL>
<BR>[Called By]<UL><LI><a href="#[bc]">&gt;&gt;</a>&nbsp;&nbsp;&nbsp;HardwareConfigInfo_Handle
</UL>

<P><STRONG><a name="[e8]"></a>EE_upgrateFlag_Write</STRONG> (Thumb, 10 bytes, Stack size 0 bytes, bsp_i2c_ee.o(i.EE_upgrateFlag_Write))
<BR><BR>[Stack]<UL><LI>Max Depth = 244<LI>Call Chain = EE_upgrateFlag_Write &rArr; I2C_EE_BufferWrite &rArr; I2C_EE_PageWrite &rArr; HAL_I2C_Mem_Write &rArr; assert_failed &rArr; cm_backtrace_assert &rArr; print_call_stack &rArr; cm_backtrace_call_stack
</UL>
<BR>[Calls]<UL><LI><a href="#[df]">&gt;&gt;</a>&nbsp;&nbsp;&nbsp;I2C_EE_BufferWrite
</UL>
<BR>[Called By]<UL><LI><a href="#[bc]">&gt;&gt;</a>&nbsp;&nbsp;&nbsp;HardwareConfigInfo_Handle
<LI><a href="#[15f]">&gt;&gt;</a>&nbsp;&nbsp;&nbsp;ServerCtrlAnchor_Handle
</UL>

<P><STRONG><a name="[50]"></a>ETH_IRQHandler</STRONG> (Thumb, 32 bytes, Stack size 8 bytes, bsp_eth.o(i.ETH_IRQHandler))
<BR><BR>[Stack]<UL><LI>Max Depth = 96<LI>Call Chain = ETH_IRQHandler &rArr; HAL_ETH_IRQHandler &rArr; HAL_ETH_RxCpltCallback &rArr; xQueueGiveFromISR &rArr; xTaskRemoveFromEventList &rArr; __2printf
</UL>
<BR>[Calls]<UL><LI><a href="#[ea]">&gt;&gt;</a>&nbsp;&nbsp;&nbsp;HAL_ETH_IRQHandler
</UL>
<BR>[Address Reference Count : 1]<UL><LI> startup_stm32f429xx.o(RESET)
</UL>
<P><STRONG><a name="[c4]"></a>HAL_Delay</STRONG> (Thumb, 22 bytes, Stack size 16 bytes, stm32f4xx_hal.o(i.HAL_Delay))
<BR><BR>[Stack]<UL><LI>Max Depth = 16<LI>Call Chain = HAL_Delay
</UL>
<BR>[Calls]<UL><LI><a href="#[f1]">&gt;&gt;</a>&nbsp;&nbsp;&nbsp;HAL_GetTick
</UL>
<BR>[Called By]<UL><LI><a href="#[ff]">&gt;&gt;</a>&nbsp;&nbsp;&nbsp;HAL_ETH_Start
<LI><a href="#[c5]">&gt;&gt;</a>&nbsp;&nbsp;&nbsp;HAL_ETH_Init
<LI><a href="#[eb]">&gt;&gt;</a>&nbsp;&nbsp;&nbsp;ETH_MACDMAConfig
<LI><a href="#[e9]">&gt;&gt;</a>&nbsp;&nbsp;&nbsp;ETH_FlushTransmitFIFO
<LI><a href="#[c0]">&gt;&gt;</a>&nbsp;&nbsp;&nbsp;Bsp_Eth_Init
</UL>

<P><STRONG><a name="[c7]"></a>HAL_ETH_DMARxDescListInit</STRONG> (Thumb, 114 bytes, Stack size 28 bytes, stm32f4xx_hal_eth.o(i.HAL_ETH_DMARxDescListInit))
<BR><BR>[Stack]<UL><LI>Max Depth = 28<LI>Call Chain = HAL_ETH_DMARxDescListInit
</UL>
<BR>[Called By]<UL><LI><a href="#[c0]">&gt;&gt;</a>&nbsp;&nbsp;&nbsp;Bsp_Eth_Init
</UL>

<P><STRONG><a name="[c6]"></a>HAL_ETH_DMATxDescListInit</STRONG> (Thumb, 120 bytes, Stack size 28 bytes, stm32f4xx_hal_eth.o(i.HAL_ETH_DMATxDescListInit))
<BR><BR>[Stack]<UL><LI>Max Depth = 28<LI>Call Chain = HAL_ETH_DMATxDescListInit
</UL>
<BR>[Called By]<UL><LI><a href="#[c0]">&gt;&gt;</a>&nbsp;&nbsp;&nbsp;Bsp_Eth_Init
</UL>

<P><STRONG><a name="[c1]"></a>HAL_ETH_DeInit</STRONG> (Thumb, 26 bytes, Stack size 8 bytes, stm32f4xx_hal_eth.o(i.HAL_ETH_DeInit))
<BR><BR>[Stack]<UL><LI>Max Depth = 204<LI>Call Chain = HAL_ETH_DeInit &rArr; HAL_ETH_MspDeInit &rArr; HAL_GPIO_DeInit &rArr; assert_failed &rArr; cm_backtrace_assert &rArr; print_call_stack &rArr; cm_backtrace_call_stack
</UL>
<BR>[Calls]<UL><LI><a href="#[f2]">&gt;&gt;</a>&nbsp;&nbsp;&nbsp;HAL_ETH_MspDeInit
</UL>
<BR>[Called By]<UL><LI><a href="#[c0]">&gt;&gt;</a>&nbsp;&nbsp;&nbsp;Bsp_Eth_Init
</UL>

<P><STRONG><a name="[f3]"></a>HAL_ETH_ErrorCallback</STRONG> (Thumb, 18 bytes, Stack size 8 bytes, bsp_eth.o(i.HAL_ETH_ErrorCallback))
<BR><BR>[Stack]<UL><LI>Max Depth = 32<LI>Call Chain = HAL_ETH_ErrorCallback &rArr; __2printf
</UL>
<BR>[Calls]<UL><LI><a href="#[bf]">&gt;&gt;</a>&nbsp;&nbsp;&nbsp;__2printf
</UL>
<BR>[Called By]<UL><LI><a href="#[ea]">&gt;&gt;</a>&nbsp;&nbsp;&nbsp;HAL_ETH_IRQHandler
</UL>

<P><STRONG><a name="[1c8]"></a>HAL_ETH_GetReceivedFrame</STRONG> (Thumb, 122 bytes, Stack size 8 bytes, stm32f4xx_hal_eth.o(i.HAL_ETH_GetReceivedFrame))
<BR><BR>[Stack]<UL><LI>Max Depth = 8<LI>Call Chain = HAL_ETH_GetReceivedFrame
</UL>
<BR>[Called By]<UL><LI><a href="#[1a1]">&gt;&gt;</a>&nbsp;&nbsp;&nbsp;low_level_input
</UL>

<P><STRONG><a name="[ea]"></a>HAL_ETH_IRQHandler</STRONG> (Thumb, 122 bytes, Stack size 16 bytes, stm32f4xx_hal_eth.o(i.HAL_ETH_IRQHandler))
<BR><BR>[Stack]<UL><LI>Max Depth = 88<LI>Call Chain = HAL_ETH_IRQHandler &rArr; HAL_ETH_RxCpltCallback &rArr; xQueueGiveFromISR &rArr; xTaskRemoveFromEventList &rArr; __2printf
</UL>
<BR>[Calls]<UL><LI><a href="#[f5]">&gt;&gt;</a>&nbsp;&nbsp;&nbsp;HAL_ETH_TxCpltCallback
<LI><a href="#[f4]">&gt;&gt;</a>&nbsp;&nbsp;&nbsp;HAL_ETH_RxCpltCallback
<LI><a href="#[f3]">&gt;&gt;</a>&nbsp;&nbsp;&nbsp;HAL_ETH_ErrorCallback
</UL>
<BR>[Called By]<UL><LI><a href="#[50]">&gt;&gt;</a>&nbsp;&nbsp;&nbsp;ETH_IRQHandler
</UL>

<P><STRONG><a name="[c5]"></a>HAL_ETH_Init</STRONG> (Thumb, 522 bytes, Stack size 48 bytes, stm32f4xx_hal_eth.o(i.HAL_ETH_Init))
<BR><BR>[Stack]<UL><LI>Max Depth = 284<LI>Call Chain = HAL_ETH_Init &rArr; HAL_ETH_MspInit &rArr; HAL_GPIO_Init &rArr; assert_failed &rArr; cm_backtrace_assert &rArr; print_call_stack &rArr; cm_backtrace_call_stack
</UL>
<BR>[Calls]<UL><LI><a href="#[f6]">&gt;&gt;</a>&nbsp;&nbsp;&nbsp;assert_failed
<LI><a href="#[f8]">&gt;&gt;</a>&nbsp;&nbsp;&nbsp;HAL_RCC_GetHCLKFreq
<LI><a href="#[f1]">&gt;&gt;</a>&nbsp;&nbsp;&nbsp;HAL_GetTick
<LI><a href="#[c4]">&gt;&gt;</a>&nbsp;&nbsp;&nbsp;HAL_Delay
<LI><a href="#[f9]">&gt;&gt;</a>&nbsp;&nbsp;&nbsp;HAL_ETH_WritePHYRegister
<LI><a href="#[fa]">&gt;&gt;</a>&nbsp;&nbsp;&nbsp;HAL_ETH_ReadPHYRegister
<LI><a href="#[eb]">&gt;&gt;</a>&nbsp;&nbsp;&nbsp;ETH_MACDMAConfig
<LI><a href="#[f7]">&gt;&gt;</a>&nbsp;&nbsp;&nbsp;HAL_ETH_MspInit
</UL>
<BR>[Called By]<UL><LI><a href="#[c0]">&gt;&gt;</a>&nbsp;&nbsp;&nbsp;Bsp_Eth_Init
</UL>

<P><STRONG><a name="[f2]"></a>HAL_ETH_MspDeInit</STRONG> (Thumb, 80 bytes, Stack size 8 bytes, bsp_eth.o(i.HAL_ETH_MspDeInit))
<BR><BR>[Stack]<UL><LI>Max Depth = 196<LI>Call Chain = HAL_ETH_MspDeInit &rArr; HAL_GPIO_DeInit &rArr; assert_failed &rArr; cm_backtrace_assert &rArr; print_call_stack &rArr; cm_backtrace_call_stack
</UL>
<BR>[Calls]<UL><LI><a href="#[fb]">&gt;&gt;</a>&nbsp;&nbsp;&nbsp;HAL_GPIO_DeInit
</UL>
<BR>[Called By]<UL><LI><a href="#[c1]">&gt;&gt;</a>&nbsp;&nbsp;&nbsp;HAL_ETH_DeInit
</UL>

<P><STRONG><a name="[f7]"></a>HAL_ETH_MspInit</STRONG> (Thumb, 228 bytes, Stack size 56 bytes, bsp_eth.o(i.HAL_ETH_MspInit))
<BR><BR>[Stack]<UL><LI>Max Depth = 236<LI>Call Chain = HAL_ETH_MspInit &rArr; HAL_GPIO_Init &rArr; assert_failed &rArr; cm_backtrace_assert &rArr; print_call_stack &rArr; cm_backtrace_call_stack
</UL>
<BR>[Calls]<UL><LI><a href="#[fc]">&gt;&gt;</a>&nbsp;&nbsp;&nbsp;HAL_NVIC_SetPriority
<LI><a href="#[fd]">&gt;&gt;</a>&nbsp;&nbsp;&nbsp;HAL_NVIC_EnableIRQ
<LI><a href="#[c2]">&gt;&gt;</a>&nbsp;&nbsp;&nbsp;HAL_GPIO_Init
</UL>
<BR>[Called By]<UL><LI><a href="#[c5]">&gt;&gt;</a>&nbsp;&nbsp;&nbsp;HAL_ETH_Init
</UL>

<P><STRONG><a name="[fa]"></a>HAL_ETH_ReadPHYRegister</STRONG> (Thumb, 148 bytes, Stack size 32 bytes, stm32f4xx_hal_eth.o(i.HAL_ETH_ReadPHYRegister))
<BR><BR>[Stack]<UL><LI>Max Depth = 172<LI>Call Chain = HAL_ETH_ReadPHYRegister &rArr; assert_failed &rArr; cm_backtrace_assert &rArr; print_call_stack &rArr; cm_backtrace_call_stack
</UL>
<BR>[Calls]<UL><LI><a href="#[f6]">&gt;&gt;</a>&nbsp;&nbsp;&nbsp;assert_failed
<LI><a href="#[f1]">&gt;&gt;</a>&nbsp;&nbsp;&nbsp;HAL_GetTick
</UL>
<BR>[Called By]<UL><LI><a href="#[c5]">&gt;&gt;</a>&nbsp;&nbsp;&nbsp;HAL_ETH_Init
</UL>

<P><STRONG><a name="[f4]"></a>HAL_ETH_RxCpltCallback</STRONG> (Thumb, 40 bytes, Stack size 8 bytes, bsp_eth.o(i.HAL_ETH_RxCpltCallback))
<BR><BR>[Stack]<UL><LI>Max Depth = 72<LI>Call Chain = HAL_ETH_RxCpltCallback &rArr; xQueueGiveFromISR &rArr; xTaskRemoveFromEventList &rArr; __2printf
</UL>
<BR>[Calls]<UL><LI><a href="#[fe]">&gt;&gt;</a>&nbsp;&nbsp;&nbsp;xQueueGiveFromISR
</UL>
<BR>[Called By]<UL><LI><a href="#[ea]">&gt;&gt;</a>&nbsp;&nbsp;&nbsp;HAL_ETH_IRQHandler
</UL>

<P><STRONG><a name="[ff]"></a>HAL_ETH_Start</STRONG> (Thumb, 132 bytes, Stack size 24 bytes, stm32f4xx_hal_eth.o(i.HAL_ETH_Start))
<BR><BR>[Stack]<UL><LI>Max Depth = 56<LI>Call Chain = HAL_ETH_Start &rArr; ETH_FlushTransmitFIFO &rArr; HAL_Delay
</UL>
<BR>[Calls]<UL><LI><a href="#[c4]">&gt;&gt;</a>&nbsp;&nbsp;&nbsp;HAL_Delay
<LI><a href="#[e9]">&gt;&gt;</a>&nbsp;&nbsp;&nbsp;ETH_FlushTransmitFIFO
</UL>
<BR>[Called By]<UL><LI><a href="#[1a0]">&gt;&gt;</a>&nbsp;&nbsp;&nbsp;low_level_init
</UL>

<P><STRONG><a name="[1ca]"></a>HAL_ETH_TransmitFrame</STRONG> (Thumb, 264 bytes, Stack size 20 bytes, stm32f4xx_hal_eth.o(i.HAL_ETH_TransmitFrame))
<BR><BR>[Stack]<UL><LI>Max Depth = 20<LI>Call Chain = HAL_ETH_TransmitFrame
</UL>
<BR>[Called By]<UL><LI><a href="#[75]">&gt;&gt;</a>&nbsp;&nbsp;&nbsp;low_level_output
</UL>

<P><STRONG><a name="[f5]"></a>HAL_ETH_TxCpltCallback</STRONG> (Thumb, 2 bytes, Stack size 0 bytes, bsp_eth.o(i.HAL_ETH_TxCpltCallback))
<BR><BR>[Called By]<UL><LI><a href="#[ea]">&gt;&gt;</a>&nbsp;&nbsp;&nbsp;HAL_ETH_IRQHandler
</UL>

<P><STRONG><a name="[f9]"></a>HAL_ETH_WritePHYRegister</STRONG> (Thumb, 138 bytes, Stack size 24 bytes, stm32f4xx_hal_eth.o(i.HAL_ETH_WritePHYRegister))
<BR><BR>[Stack]<UL><LI>Max Depth = 164<LI>Call Chain = HAL_ETH_WritePHYRegister &rArr; assert_failed &rArr; cm_backtrace_assert &rArr; print_call_stack &rArr; cm_backtrace_call_stack
</UL>
<BR>[Calls]<UL><LI><a href="#[f6]">&gt;&gt;</a>&nbsp;&nbsp;&nbsp;assert_failed
<LI><a href="#[f1]">&gt;&gt;</a>&nbsp;&nbsp;&nbsp;HAL_GetTick
</UL>
<BR>[Called By]<UL><LI><a href="#[c5]">&gt;&gt;</a>&nbsp;&nbsp;&nbsp;HAL_ETH_Init
</UL>

<P><STRONG><a name="[fb]"></a>HAL_GPIO_DeInit</STRONG> (Thumb, 344 bytes, Stack size 48 bytes, stm32f4xx_hal_gpio.o(i.HAL_GPIO_DeInit))
<BR><BR>[Stack]<UL><LI>Max Depth = 188<LI>Call Chain = HAL_GPIO_DeInit &rArr; assert_failed &rArr; cm_backtrace_assert &rArr; print_call_stack &rArr; cm_backtrace_call_stack
</UL>
<BR>[Calls]<UL><LI><a href="#[f6]">&gt;&gt;</a>&nbsp;&nbsp;&nbsp;assert_failed
</UL>
<BR>[Called By]<UL><LI><a href="#[f2]">&gt;&gt;</a>&nbsp;&nbsp;&nbsp;HAL_ETH_MspDeInit
</UL>

<P><STRONG><a name="[c2]"></a>HAL_GPIO_Init</STRONG> (Thumb, 678 bytes, Stack size 40 bytes, stm32f4xx_hal_gpio.o(i.HAL_GPIO_Init))
<BR><BR>[Stack]<UL><LI>Max Depth = 180<LI>Call Chain = HAL_GPIO_Init &rArr; assert_failed &rArr; cm_backtrace_assert &rArr; print_call_stack &rArr; cm_backtrace_call_stack
</UL>
<BR>[Calls]<UL><LI><a href="#[f6]">&gt;&gt;</a>&nbsp;&nbsp;&nbsp;assert_failed
</UL>
<BR>[Called By]<UL><LI><a href="#[f7]">&gt;&gt;</a>&nbsp;&nbsp;&nbsp;HAL_ETH_MspInit
<LI><a href="#[c0]">&gt;&gt;</a>&nbsp;&nbsp;&nbsp;Bsp_Eth_Init
<LI><a href="#[ba]">&gt;&gt;</a>&nbsp;&nbsp;&nbsp;LED_GPIO_Config
<LI><a href="#[13a]">&gt;&gt;</a>&nbsp;&nbsp;&nbsp;HAL_UART_MspInit
<LI><a href="#[125]">&gt;&gt;</a>&nbsp;&nbsp;&nbsp;HAL_SPI_MspInit
<LI><a href="#[103]">&gt;&gt;</a>&nbsp;&nbsp;&nbsp;HAL_I2C_MspInit
<LI><a href="#[14e]">&gt;&gt;</a>&nbsp;&nbsp;&nbsp;SX1276HALInit
</UL>

<P><STRONG><a name="[100]"></a>HAL_GPIO_ReadPin</STRONG> (Thumb, 28 bytes, Stack size 16 bytes, stm32f4xx_hal_gpio.o(i.HAL_GPIO_ReadPin))
<BR><BR>[Stack]<UL><LI>Max Depth = 156<LI>Call Chain = HAL_GPIO_ReadPin &rArr; assert_failed &rArr; cm_backtrace_assert &rArr; print_call_stack &rArr; cm_backtrace_call_stack
</UL>
<BR>[Calls]<UL><LI><a href="#[f6]">&gt;&gt;</a>&nbsp;&nbsp;&nbsp;assert_failed
</UL>
<BR>[Called By]<UL><LI><a href="#[152]">&gt;&gt;</a>&nbsp;&nbsp;&nbsp;SX1276ReadDio4
<LI><a href="#[151]">&gt;&gt;</a>&nbsp;&nbsp;&nbsp;SX1276ReadDio3
<LI><a href="#[150]">&gt;&gt;</a>&nbsp;&nbsp;&nbsp;SX1276ReadDio1
<LI><a href="#[14f]">&gt;&gt;</a>&nbsp;&nbsp;&nbsp;SX1276ReadDio0
</UL>

<P><STRONG><a name="[d9]"></a>HAL_GPIO_TogglePin</STRONG> (Thumb, 26 bytes, Stack size 16 bytes, stm32f4xx_hal_gpio.o(i.HAL_GPIO_TogglePin))
<BR><BR>[Stack]<UL><LI>Max Depth = 156<LI>Call Chain = HAL_GPIO_TogglePin &rArr; assert_failed &rArr; cm_backtrace_assert &rArr; print_call_stack &rArr; cm_backtrace_call_stack
</UL>
<BR>[Calls]<UL><LI><a href="#[f6]">&gt;&gt;</a>&nbsp;&nbsp;&nbsp;assert_failed
</UL>
<BR>[Called By]<UL><LI><a href="#[d0]">&gt;&gt;</a>&nbsp;&nbsp;&nbsp;DeviceResponseHeart_Handle
<LI><a href="#[144]">&gt;&gt;</a>&nbsp;&nbsp;&nbsp;JianZhang_LoraData_Handle
</UL>

<P><STRONG><a name="[c3]"></a>HAL_GPIO_WritePin</STRONG> (Thumb, 46 bytes, Stack size 16 bytes, stm32f4xx_hal_gpio.o(i.HAL_GPIO_WritePin))
<BR><BR>[Stack]<UL><LI>Max Depth = 156<LI>Call Chain = HAL_GPIO_WritePin &rArr; assert_failed &rArr; cm_backtrace_assert &rArr; print_call_stack &rArr; cm_backtrace_call_stack
</UL>
<BR>[Calls]<UL><LI><a href="#[f6]">&gt;&gt;</a>&nbsp;&nbsp;&nbsp;assert_failed
</UL>
<BR>[Called By]<UL><LI><a href="#[96]">&gt;&gt;</a>&nbsp;&nbsp;&nbsp;udpecho_thread
<LI><a href="#[c0]">&gt;&gt;</a>&nbsp;&nbsp;&nbsp;Bsp_Eth_Init
<LI><a href="#[153]">&gt;&gt;</a>&nbsp;&nbsp;&nbsp;SpiNSSEnable
<LI><a href="#[156]">&gt;&gt;</a>&nbsp;&nbsp;&nbsp;SX127X_ResetPinControl
<LI><a href="#[14e]">&gt;&gt;</a>&nbsp;&nbsp;&nbsp;SX1276HALInit
</UL>

<P><STRONG><a name="[f1]"></a>HAL_GetTick</STRONG> (Thumb, 6 bytes, Stack size 0 bytes, stm32f4xx_hal.o(i.HAL_GetTick))
<BR><BR>[Called By]<UL><LI><a href="#[c4]">&gt;&gt;</a>&nbsp;&nbsp;&nbsp;HAL_Delay
<LI><a href="#[f9]">&gt;&gt;</a>&nbsp;&nbsp;&nbsp;HAL_ETH_WritePHYRegister
<LI><a href="#[fa]">&gt;&gt;</a>&nbsp;&nbsp;&nbsp;HAL_ETH_ReadPHYRegister
<LI><a href="#[c5]">&gt;&gt;</a>&nbsp;&nbsp;&nbsp;HAL_ETH_Init
<LI><a href="#[114]">&gt;&gt;</a>&nbsp;&nbsp;&nbsp;HAL_RCCEx_PeriphCLKConfig
<LI><a href="#[118]">&gt;&gt;</a>&nbsp;&nbsp;&nbsp;HAL_RCC_OscConfig
<LI><a href="#[115]">&gt;&gt;</a>&nbsp;&nbsp;&nbsp;HAL_RCC_ClockConfig
<LI><a href="#[13d]">&gt;&gt;</a>&nbsp;&nbsp;&nbsp;UART_WaitOnFlagUntilTimeout
<LI><a href="#[105]">&gt;&gt;</a>&nbsp;&nbsp;&nbsp;HAL_I2C_IsDeviceReady
<LI><a href="#[113]">&gt;&gt;</a>&nbsp;&nbsp;&nbsp;HAL_PWREx_EnableOverDrive
<LI><a href="#[11e]">&gt;&gt;</a>&nbsp;&nbsp;&nbsp;RTC_EnterInitMode
<LI><a href="#[122]">&gt;&gt;</a>&nbsp;&nbsp;&nbsp;HAL_RTC_WaitForSynchro
<LI><a href="#[10d]">&gt;&gt;</a>&nbsp;&nbsp;&nbsp;HAL_IWDG_Refresh
<LI><a href="#[127]">&gt;&gt;</a>&nbsp;&nbsp;&nbsp;SPI_WaitOnFlagUntilTimeout
<LI><a href="#[141]">&gt;&gt;</a>&nbsp;&nbsp;&nbsp;I2C_WaitOnMasterAddressFlagUntilTimeout
<LI><a href="#[106]">&gt;&gt;</a>&nbsp;&nbsp;&nbsp;I2C_WaitOnFlagUntilTimeout
<LI><a href="#[174]">&gt;&gt;</a>&nbsp;&nbsp;&nbsp;sx127xSend
<LI><a href="#[145]">&gt;&gt;</a>&nbsp;&nbsp;&nbsp;sx127xRx
<LI><a href="#[8]">&gt;&gt;</a>&nbsp;&nbsp;&nbsp;SX127xProcess
</UL>

<P><STRONG><a name="[101]"></a>HAL_I2CEx_ConfigAnalogFilter</STRONG> (Thumb, 122 bytes, Stack size 16 bytes, stm32f4xx_hal_i2c_ex.o(i.HAL_I2CEx_ConfigAnalogFilter))
[...]
</UL>

<P><STRONG><a name="[18e]"></a>etharp_find_entry</STRONG> (Thumb, 310 bytes, Stack size 64 bytes, etharp.o(i.etharp_find_entry))
<BR><BR>[Stack]<UL><LI>Max Depth = 272<LI>Call Chain = etharp_find_entry &rArr; etharp_free_entry &rArr; pbuf_free &rArr; mem_free &rArr; sys_mutex_unlock &rArr; xQueueGenericSend &rArr; xTaskResumeAll &rArr; xTaskIncrementTick &rArr; __2printf
</UL>
<BR>[Calls]<UL><LI><a href="#[bf]">&gt;&gt;</a>&nbsp;&nbsp;&nbsp;__2printf
<LI><a href="#[18d]">&gt;&gt;</a>&nbsp;&nbsp;&nbsp;etharp_free_entry
</UL>
<BR>[Called By]<UL><LI><a href="#[196]">&gt;&gt;</a>&nbsp;&nbsp;&nbsp;etharp_query
<LI><a href="#[191]">&gt;&gt;</a>&nbsp;&nbsp;&nbsp;etharp_update_arp_entry
</UL>

<P><STRONG><a name="[18d]"></a>etharp_free_entry</STRONG> (Thumb, 32 bytes, Stack size 16 bytes, etharp.o(i.etharp_free_entry))
<BR><BR>[Stack]<UL><LI>Max Depth = 208<LI>Call Chain = etharp_free_entry &rArr; pbuf_free &rArr; mem_free &rArr; sys_mutex_unlock &rArr; xQueueGenericSend &rArr; xTaskResumeAll &rArr; xTaskIncrementTick &rArr; __2printf
</UL>
<BR>[Calls]<UL><LI><a href="#[18f]">&gt;&gt;</a>&nbsp;&nbsp;&nbsp;pbuf_free
</UL>
<BR>[Called By]<UL><LI><a href="#[18c]">&gt;&gt;</a>&nbsp;&nbsp;&nbsp;etharp_cleanup_netif
<LI><a href="#[18e]">&gt;&gt;</a>&nbsp;&nbsp;&nbsp;etharp_find_entry
<LI><a href="#[9a]">&gt;&gt;</a>&nbsp;&nbsp;&nbsp;etharp_tmr
</UL>

<P><STRONG><a name="[194]"></a>etharp_output_to_arp_index</STRONG> (Thumb, 114 bytes, Stack size 32 bytes, etharp.o(i.etharp_output_to_arp_index))
<BR><BR>[Stack]<UL><LI>Max Depth = 360<LI>Call Chain = etharp_output_to_arp_index &rArr; etharp_request &rArr; etharp_request_dst &rArr; etharp_raw &rArr; pbuf_alloc &rArr; pbuf_free &rArr; mem_free &rArr; sys_mutex_unlock &rArr; xQueueGenericSend &rArr; xTaskResumeAll &rArr; xTaskIncrementTick &rArr; __2printf
</UL>
<BR>[Calls]<UL><LI><a href="#[bf]">&gt;&gt;</a>&nbsp;&nbsp;&nbsp;__2printf
<LI><a href="#[197]">&gt;&gt;</a>&nbsp;&nbsp;&nbsp;etharp_request
<LI><a href="#[195]">&gt;&gt;</a>&nbsp;&nbsp;&nbsp;ethernet_output
<LI><a href="#[198]">&gt;&gt;</a>&nbsp;&nbsp;&nbsp;etharp_request_dst
</UL>
<BR>[Called By]<UL><LI><a href="#[74]">&gt;&gt;</a>&nbsp;&nbsp;&nbsp;etharp_output
</UL>

<P><STRONG><a name="[192]"></a>etharp_raw</STRONG> (Thumb, 178 bytes, Stack size 56 bytes, etharp.o(i.etharp_raw))
<BR><BR>[Stack]<UL><LI>Max Depth = 296<LI>Call Chain = etharp_raw &rArr; pbuf_alloc &rArr; pbuf_free &rArr; mem_free &rArr; sys_mutex_unlock &rArr; xQueueGenericSend &rArr; xTaskResumeAll &rArr; xTaskIncrementTick &rArr; __2printf
</UL>
<BR>[Calls]<UL><LI><a href="#[170]">&gt;&gt;</a>&nbsp;&nbsp;&nbsp;lwip_htons
<LI><a href="#[19b]">&gt;&gt;</a>&nbsp;&nbsp;&nbsp;pbuf_alloc
<LI><a href="#[18f]">&gt;&gt;</a>&nbsp;&nbsp;&nbsp;pbuf_free
<LI><a href="#[bf]">&gt;&gt;</a>&nbsp;&nbsp;&nbsp;__2printf
<LI><a href="#[195]">&gt;&gt;</a>&nbsp;&nbsp;&nbsp;ethernet_output
</UL>
<BR>[Called By]<UL><LI><a href="#[190]">&gt;&gt;</a>&nbsp;&nbsp;&nbsp;etharp_input
<LI><a href="#[198]">&gt;&gt;</a>&nbsp;&nbsp;&nbsp;etharp_request_dst
</UL>

<P><STRONG><a name="[198]"></a>etharp_request_dst</STRONG> (Thumb, 28 bytes, Stack size 32 bytes, etharp.o(i.etharp_request_dst))
<BR><BR>[Stack]<UL><LI>Max Depth = 328<LI>Call Chain = etharp_request_dst &rArr; etharp_raw &rArr; pbuf_alloc &rArr; pbuf_free &rArr; mem_free &rArr; sys_mutex_unlock &rArr; xQueueGenericSend &rArr; xTaskResumeAll &rArr; xTaskIncrementTick &rArr; __2printf
</UL>
<BR>[Calls]<UL><LI><a href="#[192]">&gt;&gt;</a>&nbsp;&nbsp;&nbsp;etharp_raw
</UL>
<BR>[Called By]<UL><LI><a href="#[197]">&gt;&gt;</a>&nbsp;&nbsp;&nbsp;etharp_request
<LI><a href="#[194]">&gt;&gt;</a>&nbsp;&nbsp;&nbsp;etharp_output_to_arp_index
</UL>

<P><STRONG><a name="[191]"></a>etharp_update_arp_entry</STRONG> (Thumb, 140 bytes, Stack size 24 bytes, etharp.o(i.etharp_update_arp_entry))
<BR><BR>[Stack]<UL><LI>Max Depth = 296<LI>Call Chain = etharp_update_arp_entry &rArr; etharp_find_entry &rArr; etharp_free_entry &rArr; pbuf_free &rArr; mem_free &rArr; sys_mutex_unlock &rArr; xQueueGenericSend &rArr; xTaskResumeAll &rArr; xTaskIncrementTick &rArr; __2printf
</UL>
<BR>[Calls]<UL><LI><a href="#[18f]">&gt;&gt;</a>&nbsp;&nbsp;&nbsp;pbuf_free
<LI><a href="#[bf]">&gt;&gt;</a>&nbsp;&nbsp;&nbsp;__2printf
<LI><a href="#[195]">&gt;&gt;</a>&nbsp;&nbsp;&nbsp;ethernet_output
<LI><a href="#[18e]">&gt;&gt;</a>&nbsp;&nbsp;&nbsp;etharp_find_entry
<LI><a href="#[193]">&gt;&gt;</a>&nbsp;&nbsp;&nbsp;ip4_addr_isbroadcast_u32
</UL>
<BR>[Called By]<UL><LI><a href="#[190]">&gt;&gt;</a>&nbsp;&nbsp;&nbsp;etharp_input
</UL>

<P><STRONG><a name="[1aa]"></a>icmp_send_response</STRONG> (Thumb, 122 bytes, Stack size 48 bytes, icmp.o(i.icmp_send_response))
<BR><BR>[Stack]<UL><LI>Max Depth = 440<LI>Call Chain = icmp_send_response &rArr; ip4_output_if &rArr; ip4_output_if_src &rArr; ip4_frag &rArr; pbuf_alloc &rArr; pbuf_free &rArr; mem_free &rArr; sys_mutex_unlock &rArr; xQueueGenericSend &rArr; xTaskResumeAll &rArr; xTaskIncrementTick &rArr; __2printf
</UL>
<BR>[Calls]<UL><LI><a href="#[19b]">&gt;&gt;</a>&nbsp;&nbsp;&nbsp;pbuf_alloc
<LI><a href="#[18f]">&gt;&gt;</a>&nbsp;&nbsp;&nbsp;pbuf_free
<LI><a href="#[bf]">&gt;&gt;</a>&nbsp;&nbsp;&nbsp;__2printf
<LI><a href="#[1ae]">&gt;&gt;</a>&nbsp;&nbsp;&nbsp;ip4_output_if
<LI><a href="#[1af]">&gt;&gt;</a>&nbsp;&nbsp;&nbsp;ip4_route
<LI><a href="#[147]">&gt;&gt;</a>&nbsp;&nbsp;&nbsp;__aeabi_memcpy
</UL>
<BR>[Called By]<UL><LI><a href="#[1b0]">&gt;&gt;</a>&nbsp;&nbsp;&nbsp;icmp_time_exceeded
<LI><a href="#[1a9]">&gt;&gt;</a>&nbsp;&nbsp;&nbsp;icmp_dest_unreach
</UL>

<P><STRONG><a name="[1b8]"></a>ip4_input_accept</STRONG> (Thumb, 40 bytes, Stack size 8 bytes, ip4.o(i.ip4_input_accept))
<BR><BR>[Stack]<UL><LI>Max Depth = 8<LI>Call Chain = ip4_input_accept
</UL>
<BR>[Calls]<UL><LI><a href="#[193]">&gt;&gt;</a>&nbsp;&nbsp;&nbsp;ip4_addr_isbroadcast_u32
</UL>
<BR>[Called By]<UL><LI><a href="#[95]">&gt;&gt;</a>&nbsp;&nbsp;&nbsp;ip4_input
</UL>

<P><STRONG><a name="[1b6]"></a>ip_frag_free_pbuf_custom_ref</STRONG> (Thumb, 24 bytes, Stack size 8 bytes, ip4_frag.o(i.ip_frag_free_pbuf_custom_ref))
<BR><BR>[Stack]<UL><LI>Max Depth = 56<LI>Call Chain = ip_frag_free_pbuf_custom_ref &rArr; memp_free &rArr; do_memp_free_pool &rArr; sys_arch_unprotect &rArr; vPortExitCritical &rArr; __2printf
</UL>
<BR>[Calls]<UL><LI><a href="#[1c2]">&gt;&gt;</a>&nbsp;&nbsp;&nbsp;memp_free
<LI><a href="#[bf]">&gt;&gt;</a>&nbsp;&nbsp;&nbsp;__2printf
</UL>
<BR>[Called By]<UL><LI><a href="#[76]">&gt;&gt;</a>&nbsp;&nbsp;&nbsp;ipfrag_free_pbuf_custom
<LI><a href="#[1b2]">&gt;&gt;</a>&nbsp;&nbsp;&nbsp;ip4_frag
</UL>

<P><STRONG><a name="[1c0]"></a>ip_reass_chain_frag_into_datagram_and_validate</STRONG> (Thumb, 294 bytes, Stack size 40 bytes, ip4_frag.o(i.ip_reass_chain_frag_into_datagram_and_validate))
<BR><BR>[Stack]<UL><LI>Max Depth = 64<LI>Call Chain = ip_reass_chain_frag_into_datagram_and_validate &rArr; __2printf
</UL>
<BR>[Calls]<UL><LI><a href="#[170]">&gt;&gt;</a>&nbsp;&nbsp;&nbsp;lwip_htons
<LI><a href="#[bf]">&gt;&gt;</a>&nbsp;&nbsp;&nbsp;__2printf
</UL>
<BR>[Called By]<UL><LI><a href="#[1b9]">&gt;&gt;</a>&nbsp;&nbsp;&nbsp;ip4_reass
</UL>

<P><STRONG><a name="[1c1]"></a>ip_reass_dequeue_datagram</STRONG> (Thumb, 44 bytes, Stack size 16 bytes, ip4_frag.o(i.ip_reass_dequeue_datagram))
<BR><BR>[Stack]<UL><LI>Max Depth = 64<LI>Call Chain = ip_reass_dequeue_datagram &rArr; memp_free &rArr; do_memp_free_pool &rArr; sys_arch_unprotect &rArr; vPortExitCritical &rArr; __2printf
</UL>
<BR>[Calls]<UL><LI><a href="#[1c2]">&gt;&gt;</a>&nbsp;&nbsp;&nbsp;memp_free
<LI><a href="#[bf]">&gt;&gt;</a>&nbsp;&nbsp;&nbsp;__2printf
</UL>
<BR>[Called By]<UL><LI><a href="#[1c3]">&gt;&gt;</a>&nbsp;&nbsp;&nbsp;ip_reass_free_complete_datagram
<LI><a href="#[1b9]">&gt;&gt;</a>&nbsp;&nbsp;&nbsp;ip4_reass
</UL>

<P><STRONG><a name="[1c3]"></a>ip_reass_free_complete_datagram</STRONG> (Thumb, 170 bytes, Stack size 32 bytes, ip4_frag.o(i.ip_reass_free_complete_datagram))
<BR><BR>[Stack]<UL><LI>Max Depth = 472<LI>Call Chain = ip_reass_free_complete_datagram &rArr; icmp_time_exceeded &rArr; icmp_send_response &rArr; ip4_output_if &rArr; ip4_output_if_src &rArr; ip4_frag &rArr; pbuf_alloc &rArr; pbuf_free &rArr; mem_free &rArr; sys_mutex_unlock &rArr; xQueueGenericSend &rArr; xTaskResumeAll &rArr; xTaskIncrementTick &rArr; __2printf
</UL>
<BR>[Calls]<UL><LI><a href="#[18f]">&gt;&gt;</a>&nbsp;&nbsp;&nbsp;pbuf_free
<LI><a href="#[bf]">&gt;&gt;</a>&nbsp;&nbsp;&nbsp;__2printf
<LI><a href="#[1be]">&gt;&gt;</a>&nbsp;&nbsp;&nbsp;pbuf_clen
<LI><a href="#[1b0]">&gt;&gt;</a>&nbsp;&nbsp;&nbsp;icmp_time_exceeded
<LI><a href="#[1c1]">&gt;&gt;</a>&nbsp;&nbsp;&nbsp;ip_reass_dequeue_datagram
<LI><a href="#[147]">&gt;&gt;</a>&nbsp;&nbsp;&nbsp;__aeabi_memcpy
</UL>
<BR>[Called By]<UL><LI><a href="#[99]">&gt;&gt;</a>&nbsp;&nbsp;&nbsp;ip_reass_tmr
<LI><a href="#[1bf]">&gt;&gt;</a>&nbsp;&nbsp;&nbsp;ip_reass_remove_oldest_datagram
</UL>

<P><STRONG><a name="[1bf]"></a>ip_reass_remove_oldest_datagram</STRONG> (Thumb, 128 bytes, Stack size 32 bytes, ip4_frag.o(i.ip_reass_remove_oldest_datagram))
<BR><BR>[Stack]<UL><LI>Max Depth = 504<LI>Call Chain = ip_reass_remove_oldest_datagram &rArr; ip_reass_free_complete_datagram &rArr; icmp_time_exceeded &rArr; icmp_send_response &rArr; ip4_output_if &rArr; ip4_output_if_src &rArr; ip4_frag &rArr; pbuf_alloc &rArr; pbuf_free &rArr; mem_free &rArr; sys_mutex_unlock &rArr; xQueueGenericSend &rArr; xTaskResumeAll &rArr; xTaskIncrementTick &rArr; __2printf
</UL>
<BR>[Calls]<UL><LI><a href="#[1c3]">&gt;&gt;</a>&nbsp;&nbsp;&nbsp;ip_reass_free_complete_datagram
</UL>
<BR>[Called By]<UL><LI><a href="#[1b9]">&gt;&gt;</a>&nbsp;&nbsp;&nbsp;ip4_reass
</UL>

<P><STRONG><a name="[76]"></a>ipfrag_free_pbuf_custom</STRONG> (Thumb, 30 bytes, Stack size 8 bytes, ip4_frag.o(i.ipfrag_free_pbuf_custom))
<BR><BR>[Stack]<UL><LI>Max Depth = 200<LI>Call Chain = ipfrag_free_pbuf_custom &rArr; pbuf_free &rArr; mem_free &rArr; sys_mutex_unlock &rArr; xQueueGenericSend &rArr; xTaskResumeAll &rArr; xTaskIncrementTick &rArr; __2printf
</UL>
<BR>[Calls]<UL><LI><a href="#[18f]">&gt;&gt;</a>&nbsp;&nbsp;&nbsp;pbuf_free
<LI><a href="#[bf]">&gt;&gt;</a>&nbsp;&nbsp;&nbsp;__2printf
<LI><a href="#[1b6]">&gt;&gt;</a>&nbsp;&nbsp;&nbsp;ip_frag_free_pbuf_custom_ref
</UL>
<BR>[Address Reference Count : 1]<UL><LI> ip4_frag.o(i.ip4_frag)
</UL>
<P><STRONG><a name="[1a0]"></a>low_level_init</STRONG> (Thumb, 250 bytes, Stack size 16 bytes, ethernetif.o(i.low_level_init))
<BR><BR>[Stack]<UL><LI>Max Depth = 356<LI>Call Chain = low_level_init &rArr; Bsp_Eth_Init &rArr; HAL_ETH_Init &rArr; HAL_ETH_MspInit &rArr; HAL_GPIO_Init &rArr; assert_failed &rArr; cm_backtrace_assert &rArr; print_call_stack &rArr; cm_backtrace_call_stack
</UL>
<BR>[Calls]<UL><LI><a href="#[ff]">&gt;&gt;</a>&nbsp;&nbsp;&nbsp;HAL_ETH_Start
<LI><a href="#[fc]">&gt;&gt;</a>&nbsp;&nbsp;&nbsp;HAL_NVIC_SetPriority
<LI><a href="#[fd]">&gt;&gt;</a>&nbsp;&nbsp;&nbsp;HAL_NVIC_EnableIRQ
<LI><a href="#[1c4]">&gt;&gt;</a>&nbsp;&nbsp;&nbsp;xQueueCreateCountingSemaphore
<LI><a href="#[1c7]">&gt;&gt;</a>&nbsp;&nbsp;&nbsp;sys_thread_new
<LI><a href="#[c0]">&gt;&gt;</a>&nbsp;&nbsp;&nbsp;Bsp_Eth_Init
<LI><a href="#[1c5]">&gt;&gt;</a>&nbsp;&nbsp;&nbsp;sys_sem_new
<LI><a href="#[1c6]">&gt;&gt;</a>&nbsp;&nbsp;&nbsp;sys_mbox_new
<LI><a href="#[bf]">&gt;&gt;</a>&nbsp;&nbsp;&nbsp;__2printf
</UL>
<BR>[Called By]<UL><LI><a href="#[71]">&gt;&gt;</a>&nbsp;&nbsp;&nbsp;ethernetif_init
</UL>

<P><STRONG><a name="[1a1]"></a>low_level_input</STRONG> (Thumb, 196 bytes, Stack size 40 bytes, ethernetif.o(i.low_level_input))
<BR><BR>[Stack]<UL><LI>Max Depth = 280<LI>Call Chain = low_level_input &rArr; pbuf_alloc &rArr; pbuf_free &rArr; mem_free &rArr; sys_mutex_unlock &rArr; xQueueGenericSend &rArr; xTaskResumeAll &rArr; xTaskIncrementTick &rArr; __2printf
</UL>
<BR>[Calls]<UL><LI><a href="#[1c8]">&gt;&gt;</a>&nbsp;&nbsp;&nbsp;HAL_ETH_GetReceivedFrame
<LI><a href="#[19b]">&gt;&gt;</a>&nbsp;&nbsp;&nbsp;pbuf_alloc
<LI><a href="#[bf]">&gt;&gt;</a>&nbsp;&nbsp;&nbsp;__2printf
<LI><a href="#[147]">&gt;&gt;</a>&nbsp;&nbsp;&nbsp;__aeabi_memcpy
</UL>
<BR>[Called By]<UL><LI><a href="#[77]">&gt;&gt;</a>&nbsp;&nbsp;&nbsp;ethernetif_input
</UL>

<P><STRONG><a name="[75]"></a>low_level_output</STRONG> (Thumb, 202 bytes, Stack size 40 bytes, ethernetif.o(i.low_level_output))
<BR><BR>[Stack]<UL><LI>Max Depth = 208<LI>Call Chain = low_level_output &rArr; sys_sem_new &rArr; sys_sem_signal &rArr; xQueueGenericSend &rArr; xTaskResumeAll &rArr; xTaskIncrementTick &rArr; __2printf
</UL>
<BR>[Calls]<UL><LI><a href="#[1ca]">&gt;&gt;</a>&nbsp;&nbsp;&nbsp;HAL_ETH_TransmitFrame
<LI><a href="#[18b]">&gt;&gt;</a>&nbsp;&nbsp;&nbsp;sys_sem_signal
<LI><a href="#[1c5]">&gt;&gt;</a>&nbsp;&nbsp;&nbsp;sys_sem_new
<LI><a href="#[1c9]">&gt;&gt;</a>&nbsp;&nbsp;&nbsp;sys_arch_sem_wait
<LI><a href="#[147]">&gt;&gt;</a>&nbsp;&nbsp;&nbsp;__aeabi_memcpy
</UL>
<BR>[Address Reference Count : 1]<UL><LI> ethernetif.o(i.ethernetif_init)
</UL>
<P><STRONG><a name="[180]"></a>dump_stack</STRONG> (Thumb, 106 bytes, Stack size 24 bytes, cm_backtrace.o(i.dump_stack))
<BR><BR>[Stack]<UL><LI>Max Depth = 48<LI>Call Chain = dump_stack &rArr; __2printf
</UL>
<BR>[Calls]<UL><LI><a href="#[bf]">&gt;&gt;</a>&nbsp;&nbsp;&nbsp;__2printf
</UL>
<BR>[Called By]<UL><LI><a href="#[17e]">&gt;&gt;</a>&nbsp;&nbsp;&nbsp;cm_backtrace_assert
<LI><a href="#[9e]">&gt;&gt;</a>&nbsp;&nbsp;&nbsp;cm_backtrace_fault
</UL>

<P><STRONG><a name="[182]"></a>fault_diagnosis</STRONG> (Thumb, 562 bytes, Stack size 16 bytes, cm_backtrace.o(i.fault_diagnosis))
<BR><BR>[Stack]<UL><LI>Max Depth = 40<LI>Call Chain = fault_diagnosis &rArr; __2printf
</UL>
<BR>[Calls]<UL><LI><a href="#[bf]">&gt;&gt;</a>&nbsp;&nbsp;&nbsp;__2printf
</UL>
<BR>[Called By]<UL><LI><a href="#[9e]">&gt;&gt;</a>&nbsp;&nbsp;&nbsp;cm_backtrace_fault
</UL>

<P><STRONG><a name="[181]"></a>print_call_stack</STRONG> (Thumb, 112 bytes, Stack size 96 bytes, cm_backtrace.o(i.print_call_stack))
<BR><BR>[Stack]<UL><LI>Max Depth = 124<LI>Call Chain = print_call_stack &rArr; cm_backtrace_call_stack
</UL>
<BR>[Calls]<UL><LI><a href="#[236]">&gt;&gt;</a>&nbsp;&nbsp;&nbsp;__2sprintf
<LI><a href="#[bf]">&gt;&gt;</a>&nbsp;&nbsp;&nbsp;__2printf
<LI><a href="#[235]">&gt;&gt;</a>&nbsp;&nbsp;&nbsp;cm_backtrace_call_stack
<LI><a href="#[cb]">&gt;&gt;</a>&nbsp;&nbsp;&nbsp;__aeabi_memclr4
</UL>
<BR>[Called By]<UL><LI><a href="#[17e]">&gt;&gt;</a>&nbsp;&nbsp;&nbsp;cm_backtrace_assert
<LI><a href="#[9e]">&gt;&gt;</a>&nbsp;&nbsp;&nbsp;cm_backtrace_fault
</UL>

<P><STRONG><a name="[14d]"></a>SX1278ReadBuffer</STRONG> (Thumb, 60 bytes, Stack size 16 bytes, sx127x_driver.o(i.SX1278ReadBuffer))
<BR><BR>[Stack]<UL><LI>Max Depth = 212<LI>Call Chain = SX1278ReadBuffer &rArr; SpiInOut &rArr; HAL_SPI_TransmitReceive &rArr; assert_failed &rArr; cm_backtrace_assert &rArr; print_call_stack &rArr; cm_backtrace_call_stack
</UL>
<BR>[Calls]<UL><LI><a href="#[b0]">&gt;&gt;</a>&nbsp;&nbsp;&nbsp;vPortExitCritical
<LI><a href="#[ad]">&gt;&gt;</a>&nbsp;&nbsp;&nbsp;vPortEnterCritical
<LI><a href="#[153]">&gt;&gt;</a>&nbsp;&nbsp;&nbsp;SpiNSSEnable
<LI><a href="#[154]">&gt;&gt;</a>&nbsp;&nbsp;&nbsp;SpiInOut
</UL>
<BR>[Called By]<UL><LI><a href="#[15a]">&gt;&gt;</a>&nbsp;&nbsp;&nbsp;SX127xReadFifo
<LI><a href="#[14c]">&gt;&gt;</a>&nbsp;&nbsp;&nbsp;Read127xReg
</UL>

<P><STRONG><a name="[155]"></a>SX1278WriteBuffer</STRONG> (Thumb, 58 bytes, Stack size 16 bytes, sx127x_driver.o(i.SX1278WriteBuffer))
<BR><BR>[Stack]<UL><LI>Max Depth = 212<LI>Call Chain = SX1278WriteBuffer &rArr; SpiInOut &rArr; HAL_SPI_TransmitReceive &rArr; assert_failed &rArr; cm_backtrace_assert &rArr; print_call_stack &rArr; cm_backtrace_call_stack
</UL>
<BR>[Calls]<UL><LI><a href="#[b0]">&gt;&gt;</a>&nbsp;&nbsp;&nbsp;vPortExitCritical
<LI><a href="#[ad]">&gt;&gt;</a>&nbsp;&nbsp;&nbsp;vPortEnterCritical
<LI><a href="#[153]">&gt;&gt;</a>&nbsp;&nbsp;&nbsp;SpiNSSEnable
<LI><a href="#[154]">&gt;&gt;</a>&nbsp;&nbsp;&nbsp;SpiInOut
</UL>
<BR>[Called By]<UL><LI><a href="#[159]">&gt;&gt;</a>&nbsp;&nbsp;&nbsp;Write127xReg
<LI><a href="#[15e]">&gt;&gt;</a>&nbsp;&nbsp;&nbsp;SX127xWriteFifo
</UL>

<P><STRONG><a name="[6]"></a>SX127xSetTxPacket</STRONG> (Thumb, 118 bytes, Stack size 16 bytes, sx127x_driver.o(i.SX127xSetTxPacket))
<BR><BR>[Stack]<UL><LI>Max Depth = 268<LI>Call Chain = SX127xSetTxPacket &rArr; SX127xProcess &rArr; SX127xSetOpMode &rArr; Write127xReg &rArr; SX1278WriteBuffer &rArr; SpiInOut &rArr; HAL_SPI_TransmitReceive &rArr; assert_failed &rArr; cm_backtrace_assert &rArr; print_call_stack &rArr; cm_backtrace_call_stack
</UL>
<BR>[Calls]<UL><LI><a href="#[159]">&gt;&gt;</a>&nbsp;&nbsp;&nbsp;Write127xReg
<LI><a href="#[15e]">&gt;&gt;</a>&nbsp;&nbsp;&nbsp;SX127xWriteFifo
<LI><a href="#[158]">&gt;&gt;</a>&nbsp;&nbsp;&nbsp;SX127xSetOpMode
<LI><a href="#[8]">&gt;&gt;</a>&nbsp;&nbsp;&nbsp;SX127xProcess
<LI><a href="#[14c]">&gt;&gt;</a>&nbsp;&nbsp;&nbsp;Read127xReg
</UL>
<BR>[Address Reference Count : 1]<UL><LI> sx127x_driver.o(.data)
</UL>
<P><STRONG><a name="[5]"></a>Sx127xReadRxPackage</STRONG> (Thumb, 36 bytes, Stack size 16 bytes, sx127x_driver.o(i.Sx127xReadRxPackage))
<BR><BR>[Stack]<UL><LI>Max Depth = 236<LI>Call Chain = Sx127xReadRxPackage &rArr; Read127xReg &rArr; SX1278ReadBuffer &rArr; SpiInOut &rArr; HAL_SPI_TransmitReceive &rArr; assert_failed &rArr; cm_backtrace_assert &rArr; print_call_stack &rArr; cm_backtrace_call_stack
</UL>
<BR>[Calls]<UL><LI><a href="#[15a]">&gt;&gt;</a>&nbsp;&nbsp;&nbsp;SX127xReadFifo
<LI><a href="#[14c]">&gt;&gt;</a>&nbsp;&nbsp;&nbsp;Read127xReg
</UL>
<BR>[Address Reference Count : 1]<UL><LI> sx127x_driver.o(.data)
</UL>
<P><STRONG><a name="[7]"></a>Sx127xStartCADCheck</STRONG> (Thumb, 8 bytes, Stack size 0 bytes, sx127x_driver.o(i.Sx127xStartCADCheck))
<BR>[Address Reference Count : 1]<UL><LI> sx127x_driver.o(.data)
</UL>
<P><STRONG><a name="[4]"></a>Sx127xStartRx</STRONG> (Thumb, 18 bytes, Stack size 0 bytes, sx127x_driver.o(i.Sx127xStartRx))
<BR>[Address Reference Count : 1]<UL><LI> sx127x_driver.o(.data)
</UL>
<P><STRONG><a name="[13f]"></a>I2C_Mode_Config</STRONG> (Thumb, 48 bytes, Stack size 8 bytes, bsp_i2c_ee.o(i.I2C_Mode_Config))
<BR><BR>[Stack]<UL><LI>Max Depth = 244<LI>Call Chain = I2C_Mode_Config &rArr; HAL_I2C_Init &rArr; HAL_I2C_MspInit &rArr; HAL_GPIO_Init &rArr; assert_failed &rArr; cm_backtrace_assert &rArr; print_call_stack &rArr; cm_backtrace_call_stack
</UL>
<BR>[Calls]<UL><LI><a href="#[101]">&gt;&gt;</a>&nbsp;&nbsp;&nbsp;HAL_I2CEx_ConfigAnalogFilter
<LI><a href="#[102]">&gt;&gt;</a>&nbsp;&nbsp;&nbsp;HAL_I2C_Init
</UL>
<BR>[Called By]<UL><LI><a href="#[bb]">&gt;&gt;</a>&nbsp;&nbsp;&nbsp;I2C_EE_Init
</UL>

<P><STRONG><a name="[176]"></a>_printf_core</STRONG> (Thumb, 996 bytes, Stack size 104 bytes, printf8.o(i._printf_core), UNUSED)
<BR><BR>[Calls]<UL><LI><a href="#[a7]">&gt;&gt;</a>&nbsp;&nbsp;&nbsp;__aeabi_uldivmod
<LI><a href="#[178]">&gt;&gt;</a>&nbsp;&nbsp;&nbsp;_printf_pre_padding
<LI><a href="#[179]">&gt;&gt;</a>&nbsp;&nbsp;&nbsp;_printf_post_padding
</UL>
<BR>[Called By]<UL><LI><a href="#[177]">&gt;&gt;</a>&nbsp;&nbsp;&nbsp;__0sprintf$8
<LI><a href="#[175]">&gt;&gt;</a>&nbsp;&nbsp;&nbsp;__0printf$8
</UL>

<P><STRONG><a name="[179]"></a>_printf_post_padding</STRONG> (Thumb, 36 bytes, Stack size 24 bytes, printf8.o(i._printf_post_padding), UNUSED)
<BR><BR>[Called By]<UL><LI><a href="#[176]">&gt;&gt;</a>&nbsp;&nbsp;&nbsp;_printf_core
</UL>

<P><STRONG><a name="[178]"></a>_printf_pre_padding</STRONG> (Thumb, 46 bytes, Stack size 24 bytes, printf8.o(i._printf_pre_padding), UNUSED)
<BR><BR>[Called By]<UL><LI><a href="#[176]">&gt;&gt;</a>&nbsp;&nbsp;&nbsp;_printf_core
</UL>

<P><STRONG><a name="[73]"></a>_sputc</STRONG> (Thumb, 10 bytes, Stack size 0 bytes, printf8.o(i._sputc))
<BR><BR>[Called By]<UL><LI><a href="#[177]">&gt;&gt;</a>&nbsp;&nbsp;&nbsp;__0sprintf$8
</UL>
<BR>[Address Reference Count : 1]<UL><LI> printf8.o(i.__0sprintf$8)
</UL><P>
<H3>
Undefined Global Symbols
</H3><HR></body></html>
