<html>
<body>
<pre>
<h1>�Vision Build Log</h1>
<h2>Tool Versions:</h2>
IDE-Version: ��Vision V5.25.2.0
Copyright (C) 2018 ARM Ltd and ARM Germany GmbH. All rights reserved.
License Information: xiaoxiang jia, xihua, LIC=NQQMM-XI0AH-BSVYX-HGF6W-C1LVH-37P8E
 
Tool Versions:
Toolchain:       MDK-ARM Plus  Version: 5.25.2.0
Toolchain Path:  D:\tools\keil\ARM\ARMCC\Bin
C Compiler:      Armcc.exe V5.06 update 6 (build 750)
Assembler:       Armasm.exe V5.06 update 6 (build 750)
Linker/Locator:  ArmLink.exe V5.06 update 6 (build 750)
Library Manager: ArmAr.exe V5.06 update 6 (build 750)
Hex Converter:   FromElf.exe V5.06 update 6 (build 750)
CPU DLL:         SARMCM3.DLL V5.25.2.0
Dialog DLL:      DCM.DLL V1.17.1.0
Target DLL:      Segger\JL2CM3.dll V2.99.29.0
Dialog DLL:      TCM.DLL V1.35.1.0
 
<h2>Project:</h2>
G:\git_test\ShipLocation\HD-Vessel-Anchor V1.4.2\Project\HD-Vessel-Anchor.uvprojx
Project File Date:  11/27/2020

<h2>Output:</h2>
*** Using Compiler 'V5.06 update 6 (build 750)', folder: 'D:\tools\keil\ARM\ARMCC\Bin'
Build target 'LwIP'
compiling bsp_debug_usart.c...
compiling bsp_eth.c...
compiling main.c...
..\User\common\main.c(50): warning:  #177-D: variable "xReturn"  was declared but never referenced
    BaseType_t xReturn = pdPASS;        /* 定义一个创建信息返回值，默认为pdPASS */
..\User\common\main.c: 1 warning, 0 errors
compiling board.c...
..\User\common\board.c(31): warning:  #177-D: variable "timestamp"  was declared but never referenced
  	uint32_t timestamp = 0;
..\User\common\board.c(149): warning:  #177-D: variable "temp"  was declared but never referenced
    uint32_t temp = 0;
..\User\common\board.c: 2 warnings, 0 errors
compiling bsp_led.c...
compiling stm32f4xx_it.c...
compiling APPTask.c...
..\User\apptask\APPTask.c(186): warning:  #177-D: variable "Lora_test"  was declared but never referenced
  	char Lora_test[6] = "test\r\n";
..\User\apptask\APPTask.c(29): warning:  #177-D: function "UWB_UASRT_DMA_Task"  was declared but never referenced
  static void UWB_UASRT_DMA_Task(void * param);
..\User\apptask\APPTask.c: 2 warnings, 0 errors
compiling public.c...
..\User\public\public.c(96): warning:  #1-D: last line of file ends without a newline
  }
..\User\public\public.c: 1 warning, 0 errors
compiling ServerToAnchor.c...
..\User\ServerToAnchor\ServerToAnchor.c(407): warning:  #177-D: variable "DataFrameState"  was declared but never referenced
    uint8_t DataFrameState;
..\User\ServerToAnchor\ServerToAnchor.c(408): warning:  #177-D: variable "CmdAck"  was declared but never referenced
    uint8_t CmdAck; 
..\User\ServerToAnchor\ServerToAnchor.c(452): warning:  #177-D: variable "DataFrameState"  was declared but never referenced
    uint8_t DataFrameState;
..\User\ServerToAnchor\ServerToAnchor.c: 3 warnings, 0 errors
compiling udpecho.c...
..\LwIP\include\lwip/errno.h(59): warning:  #47-D: incompatible redefinition of macro "ENOMEM"  (declared at line 122 of "D:\tools\keil\ARM\ARMCC\Bin\..\include\errno.h")
  #define  ENOMEM          12  /* Out of memory */
..\LwIP\include\lwip/errno.h(69): warning:  #47-D: incompatible redefinition of macro "EINVAL"  (declared at line 121 of "D:\tools\keil\ARM\ARMCC\Bin\..\include\errno.h")
  #define  EINVAL          22  /* Invalid argument */
..\LwIP\include\lwip/errno.h(80): warning:  #47-D: incompatible redefinition of macro "EDOM"  (declared at line 77 of "D:\tools\keil\ARM\ARMCC\Bin\..\include\errno.h")
  #define  EDOM            33  /* Math argument out of domain of func */
..\LwIP\include\lwip/errno.h(81): warning:  #47-D: incompatible redefinition of macro "ERANGE"  (declared at line 88 of "D:\tools\keil\ARM\ARMCC\Bin\..\include\errno.h")
  #define  ERANGE          34  /* Math result not representable */
..\LwIP\include\lwip/errno.h(133): warning:  #47-D: incompatible redefinition of macro "EILSEQ"  (declared at line 101 of "D:\tools\keil\ARM\ARMCC\Bin\..\include\errno.h")
  #define  EILSEQ          84  /* Illegal byte sequence */
..\User\common\udpecho.c(32): warning:  #177-D: variable "rmtipaddr"  was declared but never referenced
  	ip_addr_t rmtipaddr;
..\User\common\udpecho.c(35): warning:  #177-D: variable "ipaddr"  was declared but never referenced
    ip4_addr_t ipaddr;
..\User\common\udpecho.c: 7 warnings, 0 errors
compiling rtc.c...
..\User\RTC\rtc.c(144): warning:  #550-D: variable "time"  was set but never used
  	RTC_TimeTypeDef time;
..\User\RTC\rtc.c: 1 warning, 0 errors
compiling iacs_queue.c...
compiling malloc.c...
compiling stmflash.c...
compiling time.c...
..\User\Timer\time.c(13): warning:  #177-D: variable "sMasterConfig"  was declared but never referenced
    TIM_MasterConfigTypeDef sMasterConfig = {0};
..\User\Timer\time.c: 1 warning, 0 errors
compiling spi.c...
..\User\spi\spi.c(115): warning:  #1-D: last line of file ends without a newline
  }
..\User\spi\spi.c: 1 warning, 0 errors
compiling network.c...
..\User\network\network.c(95): warning:  #1-D: last line of file ends without a newline
  }
..\User\network\network.c(25): warning:  #550-D: variable "ret"  was set but never used
  	int ret = 0;
..\User\network\network.c(26): warning:  #177-D: variable "temp"  was declared but never referenced
  	uint32_t temp = 0;
..\User\network\network.c: 3 warnings, 0 errors
compiling err.c...
..\LwIP\include\lwip/errno.h(59): warning:  #47-D: incompatible redefinition of macro "ENOMEM"  (declared at line 122 of "D:\tools\keil\ARM\ARMCC\Bin\..\include\errno.h")
  #define  ENOMEM          12  /* Out of memory */
..\LwIP\include\lwip/errno.h(69): warning:  #47-D: incompatible redefinition of macro "EINVAL"  (declared at line 121 of "D:\tools\keil\ARM\ARMCC\Bin\..\include\errno.h")
  #define  EINVAL          22  /* Invalid argument */
..\LwIP\include\lwip/errno.h(80): warning:  #47-D: incompatible redefinition of macro "EDOM"  (declared at line 77 of "D:\tools\keil\ARM\ARMCC\Bin\..\include\errno.h")
  #define  EDOM            33  /* Math argument out of domain of func */
..\LwIP\include\lwip/errno.h(81): warning:  #47-D: incompatible redefinition of macro "ERANGE"  (declared at line 88 of "D:\tools\keil\ARM\ARMCC\Bin\..\include\errno.h")
  #define  ERANGE          34  /* Math result not representable */
..\LwIP\include\lwip/errno.h(133): warning:  #47-D: incompatible redefinition of macro "EILSEQ"  (declared at line 101 of "D:\tools\keil\ARM\ARMCC\Bin\..\include\errno.h")
  #define  EILSEQ          84  /* Illegal byte sequence */
..\LwIP\api\err.c: 5 warnings, 0 errors
compiling api_lib.c...
compiling api_msg.c...
compiling if_api.c...
..\LwIP\include\lwip/errno.h(59): warning:  #47-D: incompatible redefinition of macro "ENOMEM"  (declared at line 122 of "D:\tools\keil\ARM\ARMCC\Bin\..\include\errno.h")
  #define  ENOMEM          12  /* Out of memory */
..\LwIP\include\lwip/errno.h(69): warning:  #47-D: incompatible redefinition of macro "EINVAL"  (declared at line 121 of "D:\tools\keil\ARM\ARMCC\Bin\..\include\errno.h")
  #define  EINVAL          22  /* Invalid argument */
..\LwIP\include\lwip/errno.h(80): warning:  #47-D: incompatible redefinition of macro "EDOM"  (declared at line 77 of "D:\tools\keil\ARM\ARMCC\Bin\..\include\errno.h")
  #define  EDOM            33  /* Math argument out of domain of func */
..\LwIP\include\lwip/errno.h(81): warning:  #47-D: incompatible redefinition of macro "ERANGE"  (declared at line 88 of "D:\tools\keil\ARM\ARMCC\Bin\..\include\errno.h")
  #define  ERANGE          34  /* Math result not representable */
..\LwIP\include\lwip/errno.h(133): warning:  #47-D: incompatible redefinition of macro "EILSEQ"  (declared at line 101 of "D:\tools\keil\ARM\ARMCC\Bin\..\include\errno.h")
  #define  EILSEQ          84  /* Illegal byte sequence */
..\LwIP\api\if_api.c: 5 warnings, 0 errors
compiling netbuf.c...
compiling netdb.c...
compiling netifapi.c...
compiling sockets.c...
..\LwIP\include\lwip/errno.h(59): warning:  #47-D: incompatible redefinition of macro "ENOMEM"  (declared at line 122 of "D:\tools\keil\ARM\ARMCC\Bin\..\include\errno.h")
  #define  ENOMEM          12  /* Out of memory */
..\LwIP\include\lwip/errno.h(69): warning:  #47-D: incompatible redefinition of macro "EINVAL"  (declared at line 121 of "D:\tools\keil\ARM\ARMCC\Bin\..\include\errno.h")
  #define  EINVAL          22  /* Invalid argument */
..\LwIP\include\lwip/errno.h(80): warning:  #47-D: incompatible redefinition of macro "EDOM"  (declared at line 77 of "D:\tools\keil\ARM\ARMCC\Bin\..\include\errno.h")
  #define  EDOM            33  /* Math argument out of domain of func */
..\LwIP\include\lwip/errno.h(81): warning:  #47-D: incompatible redefinition of macro "ERANGE"  (declared at line 88 of "D:\tools\keil\ARM\ARMCC\Bin\..\include\errno.h")
  #define  ERANGE          34  /* Math result not representable */
..\LwIP\include\lwip/errno.h(133): warning:  #47-D: incompatible redefinition of macro "EILSEQ"  (declared at line 101 of "D:\tools\keil\ARM\ARMCC\Bin\..\include\errno.h")
  #define  EILSEQ          84  /* Illegal byte sequence */
..\LwIP\api\sockets.c: 5 warnings, 0 errors
compiling tcpip.c...
compiling altcp.c...
compiling altcp_alloc.c...
compiling altcp_tcp.c...
compiling dns.c...
compiling def.c...
compiling inet_chksum.c...
compiling init.c...
..\LwIP\include\lwip/errno.h(59): warning:  #47-D: incompatible redefinition of macro "ENOMEM"  (declared at line 122 of "D:\tools\keil\ARM\ARMCC\Bin\..\include\errno.h")
  #define  ENOMEM          12  /* Out of memory */
..\LwIP\include\lwip/errno.h(69): warning:  #47-D: incompatible redefinition of macro "EINVAL"  (declared at line 121 of "D:\tools\keil\ARM\ARMCC\Bin\..\include\errno.h")
  #define  EINVAL          22  /* Invalid argument */
..\LwIP\include\lwip/errno.h(80): warning:  #47-D: incompatible redefinition of macro "EDOM"  (declared at line 77 of "D:\tools\keil\ARM\ARMCC\Bin\..\include\errno.h")
  #define  EDOM            33  /* Math argument out of domain of func */
..\LwIP\include\lwip/errno.h(81): warning:  #47-D: incompatible redefinition of macro "ERANGE"  (declared at line 88 of "D:\tools\keil\ARM\ARMCC\Bin\..\include\errno.h")
  #define  ERANGE          34  /* Math result not representable */
..\LwIP\include\lwip/errno.h(133): warning:  #47-D: incompatible redefinition of macro "EILSEQ"  (declared at line 101 of "D:\tools\keil\ARM\ARMCC\Bin\..\include\errno.h")
  #define  EILSEQ          84  /* Illegal byte sequence */
..\LwIP\core\init.c: 5 warnings, 0 errors
compiling ip.c...
compiling mem.c...
compiling memp.c...
..\LwIP\include\lwip/errno.h(59): warning:  #47-D: incompatible redefinition of macro "ENOMEM"  (declared at line 122 of "D:\tools\keil\ARM\ARMCC\Bin\..\include\errno.h")
  #define  ENOMEM          12  /* Out of memory */
..\LwIP\include\lwip/errno.h(69): warning:  #47-D: incompatible redefinition of macro "EINVAL"  (declared at line 121 of "D:\tools\keil\ARM\ARMCC\Bin\..\include\errno.h")
  #define  EINVAL          22  /* Invalid argument */
..\LwIP\include\lwip/errno.h(80): warning:  #47-D: incompatible redefinition of macro "EDOM"  (declared at line 77 of "D:\tools\keil\ARM\ARMCC\Bin\..\include\errno.h")
  #define  EDOM            33  /* Math argument out of domain of func */
..\LwIP\include\lwip/errno.h(81): warning:  #47-D: incompatible redefinition of macro "ERANGE"  (declared at line 88 of "D:\tools\keil\ARM\ARMCC\Bin\..\include\errno.h")
  #define  ERANGE          34  /* Math result not representable */
..\LwIP\include\lwip/errno.h(133): warning:  #47-D: incompatible redefinition of macro "EILSEQ"  (declared at line 101 of "D:\tools\keil\ARM\ARMCC\Bin\..\include\errno.h")
  #define  EILSEQ          84  /* Illegal byte sequence */
..\LwIP\core\memp.c: 5 warnings, 0 errors
compiling netif.c...
compiling raw.c...
compiling pbuf.c...
compiling stats.c...
compiling sys.c...
compiling tcp.c...
compiling tcp_in.c...
compiling tcp_out.c...
compiling timeouts.c...
compiling udp.c...
compiling autoip.c...
compiling dhcp.c...
compiling etharp.c...
compiling icmp.c...
compiling igmp.c...
compiling ip4.c...
compiling ip4_addr.c...
compiling ip4_frag.c...
compiling lowpan6.c...
compiling ethernet.c...
compiling bridgeif.c...
compiling lowpan6_ble.c...
compiling lowpan6_common.c...
compiling zepif.c...
compiling SX127x_hal.c...
..\SX127X\HAL\SX127x_hal.c(71): warning:  #188-D: enumerated type mixed with another type
    HAL_GPIO_WritePin(Lora_SPI_CS_PORT, Lora_SPI_CS_PIN, status );
..\SX127X\HAL\SX127x_hal.c(76): warning:  #188-D: enumerated type mixed with another type
  	HAL_GPIO_WritePin( RESET_IOPORT, RESET_PIN, status );
..\SX127X\HAL\SX127x_hal.c: 2 warnings, 0 errors
compiling ethernetif.c...
compiling sys_arch.c...
..\User\arch\sys_arch.c(502): warning:  #870-D: invalid multibyte character sequence
    printf("本地IP地址�?:%d.%d.%d.%d\n\n",  \
..\User\arch\sys_arch.c: 1 warning, 0 errors
compiling sx127x_driver.c...
..\SX127X\radio\sx127x_driver.c(542): warning:  #111-D: statement is unreachable
  	return RF_UNKNOW_STATUS;
..\SX127X\radio\sx127x_driver.c: 1 warning, 0 errors
compiling Lora_demo.c...
..\SX127X\example\Lora_demo.c(25): warning:  #68-D: integer conversion resulted in a change of sign
    uint8_t ret = -1;
..\SX127X\example\Lora_demo.c: 1 warning, 0 errors
compiling bsp_i2c_ee.c...
linking...
Program Size: Code=80060 RO-data=3496 RW-data=572 ZI-data=156012  
After Build - User command #1: D:\tools\keil\ARM\ARMCC\bin\fromelf.exe --bin -o ..\output\HD-Vessel-Anchor.bin  ..\Output\HD-Vessel-Anchor.axf
"..\Output\HD-Vessel-Anchor.axf" - 0 Error(s), 52 Warning(s).

<h2>Software Packages used:</h2>

Package Vendor: Keil
                http://www.keil.com/pack/Keil.STM32F4xx_DFP.2.12.0.pack
                Keil.STM32F4xx_DFP.2.12.0
                STMicroelectronics STM32F4 Series Device Support, Drivers and Examples

<h2>Collection of Component include folders:</h2>
  .\RTE\_LwIP
  D:\tools\keil\ARM\PACK\Keil\STM32F4xx_DFP\2.12.0\Drivers\CMSIS\Device\ST\STM32F4xx\Include

<h2>Collection of Component Files used:</h2>
Build Time Elapsed:  00:00:12
</pre>
</body>
</html>
