Component: ARM Compiler 5.06 update 6 (build 750) Tool: armlink [4d35ed]

==============================================================================

Section Cross References

    startup_stm32f429xx.o(RESET) refers to startup_stm32f429xx.o(STACK) for __initial_sp
    startup_stm32f429xx.o(RESET) refers to startup_stm32f429xx.o(.text) for Reset_Handler
    startup_stm32f429xx.o(RESET) refers to stm32f4xx_it.o(i.NMI_Handler) for NMI_Handler
    startup_stm32f429xx.o(RESET) refers to cmb_fault.o(.text) for HardFault_Handler
    startup_stm32f429xx.o(RESET) refers to stm32f4xx_it.o(i.MemManage_Handler) for MemManage_Handler
    startup_stm32f429xx.o(RESET) refers to stm32f4xx_it.o(i.BusFault_Handler) for BusFault_Handler
    startup_stm32f429xx.o(RESET) refers to stm32f4xx_it.o(i.UsageFault_Handler) for UsageFault_Handler
    startup_stm32f429xx.o(RESET) refers to port.o(.emb_text) for SVC_Handler
    startup_stm32f429xx.o(RESET) refers to stm32f4xx_it.o(i.DebugMon_Handler) for DebugMon_Handler
    startup_stm32f429xx.o(RESET) refers to stm32f4xx_it.o(i.SysTick_Handler) for SysTick_Handler
    startup_stm32f429xx.o(RESET) refers to bsp_debug_usart.o(i.USART1_IRQHandler) for USART1_IRQHandler
    startup_stm32f429xx.o(RESET) refers to bsp_debug_usart.o(i.USART3_IRQHandler) for USART3_IRQHandler
    startup_stm32f429xx.o(RESET) refers to time.o(i.TIM6_DAC_IRQHandler) for TIM6_DAC_IRQHandler
    startup_stm32f429xx.o(RESET) refers to bsp_eth.o(i.ETH_IRQHandler) for ETH_IRQHandler
    startup_stm32f429xx.o(.text) refers to system_stm32f4xx.o(i.SystemInit) for SystemInit
    startup_stm32f429xx.o(.text) refers to entry.o(.ARM.Collect$$$$00000000) for __main
    system_stm32f4xx.o(i.SystemCoreClockUpdate) refers to system_stm32f4xx.o(.data) for .data
    system_stm32f4xx.o(i.SystemCoreClockUpdate) refers to system_stm32f4xx.o(.constdata) for .constdata
    stm32f4xx_hal_eth.o(i.ETH_FlushTransmitFIFO) refers to stm32f4xx_hal.o(i.HAL_Delay) for HAL_Delay
    stm32f4xx_hal_eth.o(i.ETH_MACDMAConfig) refers to stm32f4xx_hal.o(i.HAL_Delay) for HAL_Delay
    stm32f4xx_hal_eth.o(i.HAL_ETH_ConfigDMA) refers to board.o(i.assert_failed) for assert_failed
    stm32f4xx_hal_eth.o(i.HAL_ETH_ConfigDMA) refers to stm32f4xx_hal.o(i.HAL_Delay) for HAL_Delay
    stm32f4xx_hal_eth.o(i.HAL_ETH_ConfigMAC) refers to board.o(i.assert_failed) for assert_failed
    stm32f4xx_hal_eth.o(i.HAL_ETH_ConfigMAC) refers to stm32f4xx_hal.o(i.HAL_Delay) for HAL_Delay
    stm32f4xx_hal_eth.o(i.HAL_ETH_DeInit) refers to bsp_eth.o(i.HAL_ETH_MspDeInit) for HAL_ETH_MspDeInit
    stm32f4xx_hal_eth.o(i.HAL_ETH_IRQHandler) refers to bsp_eth.o(i.HAL_ETH_RxCpltCallback) for HAL_ETH_RxCpltCallback
    stm32f4xx_hal_eth.o(i.HAL_ETH_IRQHandler) refers to bsp_eth.o(i.HAL_ETH_TxCpltCallback) for HAL_ETH_TxCpltCallback
    stm32f4xx_hal_eth.o(i.HAL_ETH_IRQHandler) refers to bsp_eth.o(i.HAL_ETH_ErrorCallback) for HAL_ETH_ErrorCallback
    stm32f4xx_hal_eth.o(i.HAL_ETH_Init) refers to board.o(i.assert_failed) for assert_failed
    stm32f4xx_hal_eth.o(i.HAL_ETH_Init) refers to bsp_eth.o(i.HAL_ETH_MspInit) for HAL_ETH_MspInit
    stm32f4xx_hal_eth.o(i.HAL_ETH_Init) refers to stm32f4xx_hal_rcc.o(i.HAL_RCC_GetHCLKFreq) for HAL_RCC_GetHCLKFreq
    stm32f4xx_hal_eth.o(i.HAL_ETH_Init) refers to stm32f4xx_hal_eth.o(i.HAL_ETH_WritePHYRegister) for HAL_ETH_WritePHYRegister
    stm32f4xx_hal_eth.o(i.HAL_ETH_Init) refers to stm32f4xx_hal.o(i.HAL_Delay) for HAL_Delay
    stm32f4xx_hal_eth.o(i.HAL_ETH_Init) refers to stm32f4xx_hal.o(i.HAL_GetTick) for HAL_GetTick
    stm32f4xx_hal_eth.o(i.HAL_ETH_Init) refers to stm32f4xx_hal_eth.o(i.HAL_ETH_ReadPHYRegister) for HAL_ETH_ReadPHYRegister
    stm32f4xx_hal_eth.o(i.HAL_ETH_Init) refers to stm32f4xx_hal_eth.o(i.ETH_MACDMAConfig) for ETH_MACDMAConfig
    stm32f4xx_hal_eth.o(i.HAL_ETH_ReadPHYRegister) refers to board.o(i.assert_failed) for assert_failed
    stm32f4xx_hal_eth.o(i.HAL_ETH_ReadPHYRegister) refers to stm32f4xx_hal.o(i.HAL_GetTick) for HAL_GetTick
    stm32f4xx_hal_eth.o(i.HAL_ETH_Start) refers to stm32f4xx_hal.o(i.HAL_Delay) for HAL_Delay
    stm32f4xx_hal_eth.o(i.HAL_ETH_Start) refers to stm32f4xx_hal_eth.o(i.ETH_FlushTransmitFIFO) for ETH_FlushTransmitFIFO
    stm32f4xx_hal_eth.o(i.HAL_ETH_Stop) refers to stm32f4xx_hal.o(i.HAL_Delay) for HAL_Delay
    stm32f4xx_hal_eth.o(i.HAL_ETH_Stop) refers to stm32f4xx_hal_eth.o(i.ETH_FlushTransmitFIFO) for ETH_FlushTransmitFIFO
    stm32f4xx_hal_eth.o(i.HAL_ETH_WritePHYRegister) refers to board.o(i.assert_failed) for assert_failed
    stm32f4xx_hal_eth.o(i.HAL_ETH_WritePHYRegister) refers to stm32f4xx_hal.o(i.HAL_GetTick) for HAL_GetTick
    stm32f4xx_hal_tim.o(i.HAL_TIM_Base_DeInit) refers to board.o(i.assert_failed) for assert_failed
    stm32f4xx_hal_tim.o(i.HAL_TIM_Base_DeInit) refers to time.o(i.HAL_TIM_Base_MspDeInit) for HAL_TIM_Base_MspDeInit
    stm32f4xx_hal_tim.o(i.HAL_TIM_Base_Init) refers to board.o(i.assert_failed) for assert_failed
[...]
    tcp_pcb_lists                            0x08023afc   Data          16  tcp.o(.constdata)
    lwip_cyclic_timers                       0x08023b0c   Data          24  timeouts.o(.constdata)
    ip_addr_any                              0x08023b24   Data           4  ip4_addr.o(.constdata)
    ethbroadcast                             0x08023b28   Data           6  ethernet.o(.constdata)
    ethzero                                  0x08023b2e   Data           6  ethernet.o(.constdata)
    Region$$Table$$Base                      0x0802453c   Number         0  anon$$obj.o(Region$$Table)
    Image$$ER_IROM1$$Limit                   0x0802455c   Number         0  anon$$obj.o ABSOLUTE
    Region$$Table$$Limit                     0x0802455c   Number         0  anon$$obj.o(Region$$Table)
    SystemCoreClock                          0x20000000   Data           4  system_stm32f4xx.o(.data)
    DeviceSelfCheckInfo                      0x20000008   Data           1  board.o(.data)
    sock                                     0x20000010   Data           4  udpecho.o(.data)
    ServerSendConfig_Stru_temp               0x20000014   Data           4  apptask.o(.data)
    ServerCtrlAnchor_Stru_temp               0x20000018   Data           4  apptask.o(.data)
    rtc_timestamp                            0x2000001c   Data           4  apptask.o(.data)
    CountSemaphore                           0x20000020   Data           4  apptask.o(.data)
    MutexSemaphore                           0x20000024   Data           4  apptask.o(.data)
    NetworkMessage_Handle                    0x20000028   Data           4  apptask.o(.data)
    GeneralSignal_Handle                     0x2000002c   Data           4  apptask.o(.data)
    LoraMessage_Handle                       0x20000030   Data           4  apptask.o(.data)
    HeartPacketMessage_Handle                0x20000034   Data           4  apptask.o(.data)
    RTC_DateStruct                           0x20000038   Data           4  apptask.o(.data)
    Network_Communciton_Flag                 0x2000003c   Data           1  servertoanchor.o(.data)
    mallco_dev                               0x20000048   Data          20  malloc.o(.data)
    tim6_irq_flag                            0x2000005c   Data           1  time.o(.data)
    Exception_Massage_Global                 0x2000005d   Data           1  network.o(.data)
    pxCurrentTCB                             0x20000060   Data           4  tasks.o(.data)
    lock_tcpip_core                          0x200000d0   Data           4  tcpip.o(.data)
    netif_list                               0x2000011c   Data           4  netif.o(.data)
    netif_default                            0x20000120   Data           4  netif.o(.data)
    tcp_active_pcbs_changed                  0x20000124   Data           1  tcp.o(.data)
    tcp_ticks                                0x20000130   Data           4  tcp.o(.data)
    tcp_bound_pcbs                           0x20000134   Data           4  tcp.o(.data)
    tcp_listen_pcbs                          0x20000138   Data           4  tcp.o(.data)
    tcp_active_pcbs                          0x2000013c   Data           4  tcp.o(.data)
    tcp_tw_pcbs                              0x20000140   Data           4  tcp.o(.data)
    tcp_input_pcb                            0x20000164   Data           4  tcp_in.o(.data)
    udp_pcbs                                 0x20000178   Data           4  udp.o(.data)
    s_xSemaphore                             0x20000188   Data           4  ethernetif.o(.data)
    tx_sem                                   0x2000018c   Data           4  ethernetif.o(.data)
    eth_tx_mb                                0x20000190   Data           4  ethernetif.o(.data)
    lwip_sys_now                             0x2000019c   Data           4  sys_arch.o(.data)
    ipaddr                                   0x200001a0   Data           4  sys_arch.o(.data)
    netmask                                  0x200001a4   Data           4  sys_arch.o(.data)
    gw                                       0x200001a8   Data           4  sys_arch.o(.data)
    u8_reciveLength                          0x200001c5   Data           1  sx127x_driver.o(.data)
    systickBak                               0x200001d4   Data           4  sx127x_driver.o(.data)
    currTick                                 0x200001d8   Data           4  sx127x_driver.o(.data)
    g_Radio                                  0x200001e4   Data          28  sx127x_driver.o(.data)
    upgrateFlag                              0x20000218   Data           1  bsp_i2c_ee.o(.data)
    E_DeviceType                             0x20000219   Data           1  bsp_i2c_ee.o(.data)
    E_AnchorWorkMode                         0x2000021a   Data           1  bsp_i2c_ee.o(.data)
    E_PowerOnType                            0x2000021b   Data           1  bsp_i2c_ee.o(.data)
    E_Staticgloabl_stru_temp                 0x2000021c   Data           4  bsp_i2c_ee.o(.data)
    E_Version_stru_temp                      0x20000220   Data           6  bsp_i2c_ee.o(.data)
    __stdout                                 0x20000230   Data           4  stdout.o(.data)
    __microlib_freelist                      0x20000234   Data           4  mvars.o(.data)
    UartHandle                               0x20000238   Data          64  bsp_debug_usart.o(.bss)
    husart3                                  0x20000278   Data          64  bsp_debug_usart.o(.bss)
    heth                                     0x200002b8   Data          72  bsp_eth.o(.bss)
    DMARxDscrTab                             0x20000300   Data         256  bsp_eth.o(.bss)
    DMATxDscrTab                             0x20000400   Data         256  bsp_eth.o(.bss)
    Rx_Buff                                  0x20000500   Data       12192  bsp_eth.o(.bss)
    Tx_Buff                                  0x200034a0   Data       12192  bsp_eth.o(.bss)
    USART3_For_Lora_queue                    0x20006440   Data          16  apptask.o(.bss)
    Msg_For_Exception_queue                  0x20006450   Data          16  apptask.o(.bss)
    RTC_TimeStruct                           0x20006460   Data          20  apptask.o(.bss)
    NetworkRecvData_Stru_temp                0x20006474   Data         101  servertoanchor.o(.bss)
    RTC_Handler                              0x200064dc   Data          32  rtc.o(.bss)
    mem1base                                 0x20006500   Data        1024  malloc.o(.bss)
    mem1mapbase                              0x20006900   Data          64  malloc.o(.bss)
    htim6                                    0x20006940   Data          60  time.o(.bss)
    IWDG_Handler                             0x2000697c   Data          16  time.o(.bss)
    hspi1                                    0x2000698c   Data          88  spi.o(.bss)
    xQueueRegistry                           0x200069e4   Data          80  queue.o(.bss)
    ip_data                                  0x2000fd58   Data          24  ip.o(.bss)
    ram_heap                                 0x2000fd70   Data       15379  mem.o(.bss)
    memp_memory_UDP_PCB_base                 0x20013983   Data         131  memp.o(.bss)
    memp_memory_TCP_PCB_base                 0x20013a06   Data         915  memp.o(.bss)
    memp_memory_TCP_PCB_LISTEN_base          0x20013d99   Data         171  memp.o(.bss)
    memp_memory_TCP_SEG_base                 0x20013e44   Data        2403  memp.o(.bss)
    memp_memory_REASSDATA_base               0x200147a7   Data         163  memp.o(.bss)
    memp_memory_FRAG_PBUF_base               0x2001484a   Data         363  memp.o(.bss)
    memp_memory_NETBUF_base                  0x200149b5   Data          35  memp.o(.bss)
    memp_memory_NETCONN_base                 0x200149d8   Data         163  memp.o(.bss)
    memp_memory_TCPIP_MSG_API_base           0x20014a7b   Data         131  memp.o(.bss)
    memp_memory_TCPIP_MSG_INPKT_base         0x20014afe   Data         131  memp.o(.bss)
    memp_memory_SYS_TIMEOUT_base             0x20014b81   Data          99  memp.o(.bss)
    memp_memory_PBUF_base                    0x20014be4   Data         403  memp.o(.bss)
    memp_memory_PBUF_POOL_base               0x20014d77   Data       68943  memp.o(.bss)
    gnetif                                   0x20025be8   Data          48  sys_arch.o(.bss)
    I2c_Buf_Write                            0x20025d4c   Data         256  bsp_i2c_ee.o(.bss)
    I2c_Buf_Read                             0x20025e4c   Data         256  bsp_i2c_ee.o(.bss)
    E_Network_Manage_stru_temp               0x20025f4c   Data          27  bsp_i2c_ee.o(.bss)
    I2C_Handle                               0x20025f68   Data          60  bsp_i2c_ee.o(.bss)
    STACK$$Base                              0x20025fa8   Number         0  startup_stm32f429xx.o(STACK)
    STACK$$Limit                             0x200263a8   Number         0  startup_stm32f429xx.o(STACK)
    __initial_sp                             0x200263a8   Data           0  startup_stm32f429xx.o(STACK)



==============================================================================

Memory Map of the image

  Image Entry point : 0x080101ad

  Load Region LR_IROM1 (Base: 0x08010000, Size: 0x00014794, Max: 0x00100000, ABSOLUTE, COMPRESSED[0x000145c8])

    Execution Region ER_IROM1 (Exec base: 0x08010000, Load base: 0x08010000, Size: 0x0001455c, Max: 0x00100000, ABSOLUTE)

    Exec Addr    Load Addr    Size         Type   Attr      Idx    E Section Name        Object

    0x08010000   0x08010000   0x000001ac   Data   RO            3    RESET               startup_stm32f429xx.o
    0x080101ac   0x080101ac   0x00000000   Code   RO        14412  * .ARM.Collect$$$$00000000  mc_w.l(entry.o)
    0x080101ac   0x080101ac   0x00000004   Code   RO        14768    .ARM.Collect$$$$00000001  mc_w.l(entry2.o)
    0x080101b0   0x080101b0   0x00000004   Code   RO        14771    .ARM.Collect$$$$00000004  mc_w.l(entry5.o)
    0x080101b4   0x080101b4   0x00000000   Code   RO        14773    .ARM.Collect$$$$00000008  mc_w.l(entry7b.o)
    0x080101b4   0x080101b4   0x00000000   Code   RO        14775    .ARM.Collect$$$$0000000A  mc_w.l(entry8b.o)
    0x080101b4   0x080101b4   0x00000008   Code   RO        14776    .ARM.Collect$$$$0000000B  mc_w.l(entry9a.o)
    0x080101bc   0x080101bc   0x00000000   Code   RO        14778    .ARM.Collect$$$$0000000D  mc_w.l(entry10a.o)
    0x080101bc   0x080101bc   0x00000000   Code   RO        14780    .ARM.Collect$$$$0000000F  mc_w.l(entry11a.o)
    0x080101bc   0x080101bc   0x00000004   Code   RO        14769    .ARM.Collect$$$$00002712  mc_w.l(entry2.o)
    0x080101c0   0x080101c0   0x00000020   Code   RO         8294    .emb_text           board.o
    0x080101e0   0x080101e0   0x000000b6   Code   RO        10004    .emb_text           port.o
    0x08010296   0x08010296   0x00000002   PAD
    0x08010298   0x08010298   0x00000024   Code   RO            4    .text               startup_stm32f429xx.o
    0x080102bc   0x080102bc   0x0000000c   Code   RO        14016    .text               cmb_fault.o
    0x080102c8   0x080102c8   0x00000024   Code   RO        14443    .text               mc_w.l(rand.o)
    0x080102ec   0x080102ec   0x00000040   Code   RO        14448    .text               mc_w.l(memmovea.o)
    0x0801032c   0x0801032c   0x00000024   Code   RO        14450    .text               mc_w.l(memseta.o)
    0x08010350   0x08010350   0x0000001a   Code   RO        14456    .text               mc_w.l(memcmp.o)
    0x0801036a   0x0801036a   0x000000e4   Code   RO        14762    .text               mf_w.l(dmul.o)
    0x0801044e   0x0801044e   0x0000001a   Code   RO        14764    .text               mf_w.l(dfltui.o)
    0x08010468   0x08010468   0x00000032   Code   RO        14766    .text               mf_w.l(dfixui.o)
    0x0801049a   0x0801049a   0x00000062   Code   RO        14785    .text               mc_w.l(uldiv.o)
    0x080104fc   0x080104fc   0x00000020   Code   RO        14787    .text               mc_w.l(llushr.o)
    0x0801051c   0x0801051c   0x00000000   Code   RO        14793    .text               mc_w.l(iusefp.o)
    0x0801051c   0x0801051c   0x000000ba   Code   RO        14794    .text               mf_w.l(depilogue.o)
    0x080105d6   0x080105d6   0x00000002   PAD
    0x080105d8   0x080105d8   0x00000024   Code   RO        14804    .text               mc_w.l(init.o)
    0x080105fc   0x080105fc   0x0000001e   Code   RO        14806    .text               mc_w.l(llshl.o)
    0x0801061a   0x0801061a   0x00000056   Code   RO        14822    .text               mc_w.l(__dczerorl2.o)
    0x08010670   0x08010670   0x00000028   Code   RO         8360    i.AppTaskCreate     main.o
    0x08010698   0x08010698   0x0000006c   Code   RO         8295    i.BSP_Init          board.o
    0x08010704   0x08010704   0x00000150   Code   RO         8227    i.Bsp_Eth_Init      bsp_eth.o
    0x08010854   0x08010854   0x00000058   Code   RO         8402    i.BusFault_Handler  stm32f4xx_it.o
    0x080108ac   0x080108ac   0x00000028   Code   RO         7744    i.DEBUG_USART_Config  bsp_debug_usart.o
    0x080108d4   0x080108d4   0x00000058   Code   RO         8403    i.DebugMon_Handler  stm32f4xx_it.o
    0x0801092c   0x0801092c   0x00000140   Code   RO         8673    i.DevResponConfigInfoRequst  servertoanchor.o
    0x08010a6c   0x08010a6c   0x000000ac   Code   RO         8674    i.DeviceReportHeart  servertoanchor.o
    0x08010b18   0x08010b18   0x00000158   Code   RO         8675    i.DeviceResponseHeart_Handle  servertoanchor.o
    0x08010c70   0x08010c70   0x00000078   Code   RO         8676    i.DeviceUpdateTimeRequest  servertoanchor.o
    0x08010ce8   0x08010ce8   0x00000010   Code   RO        14264    i.EE_AnchorWorkMode_Read  bsp_i2c_ee.o
    0x08010cf8   0x08010cf8   0x00000010   Code   RO        14265    i.EE_AnchorWorkMode_Write  bsp_i2c_ee.o
    0x08010d08   0x08010d08   0x00000010   Code   RO        14268    i.EE_Network_Read   bsp_i2c_ee.o
    0x08010d18   0x08010d18   0x00000010   Code   RO        14269    i.EE_Network_Write  bsp_i2c_ee.o
    0x08010d28   0x08010d28   0x00000010   Code   RO        14270    i.EE_PowerOnType_Read  bsp_i2c_ee.o
    0x08010d38   0x08010d38   0x00000010   Code   RO        14271    i.EE_PowerOnType_Write  bsp_i2c_ee.o
    0x08010d48   0x08010d48   0x00000010   Code   RO        14272    i.EE_TimeStamp_Read  bsp_i2c_ee.o
    0x08010d58   0x08010d58   0x00000010   Code   RO        14273    i.EE_TimeStamp_Write  bsp_i2c_ee.o
    0x08010d68   0x08010d68   0x00000010   Code   RO        14274    i.EE_Version_Read   bsp_i2c_ee.o
    0x08010d78   0x08010d78   0x00000010   Code   RO        14276    i.EE_upgrateFlag_Read  bsp_i2c_ee.o
    0x08010d88   0x08010d88   0x00000010   Code   RO        14277    i.EE_upgrateFlag_Write  bsp_i2c_ee.o
    0x08010d98   0x08010d98   0x0000002e   Code   RO          261    i.ETH_FlushTransmitFIFO  stm32f4xx_hal_eth.o
    0x08010dc6   0x08010dc6   0x00000002   PAD
    0x08010dc8   0x08010dc8   0x00000024   Code   RO         8228    i.ETH_IRQHandler    bsp_eth.o
    0x08010dec   0x08010dec   0x00000124   Code   RO          262    i.ETH_MACDMAConfig  stm32f4xx_hal_eth.o
    0x08010f10   0x08010f10   0x0000007c   Code   RO         8296    i.GPIO_CLK_Init     board.o
    0x08010f8c   0x08010f8c   0x00000094   Code   RO         8611    i.GeneralSignal_Task  apptask.o
    0x08011020   0x08011020   0x00000016   Code   RO         2326    i.HAL_Delay         stm32f4xx_hal.o
    0x08011036   0x08011036   0x00000072   Code   RO          265    i.HAL_ETH_DMARxDescListInit  stm32f4xx_hal_eth.o
    0x080110a8   0x080110a8   0x00000078   Code   RO          266    i.HAL_ETH_DMATxDescListInit  stm32f4xx_hal_eth.o
    0x08011120   0x08011120   0x0000001a   Code   RO          267    i.HAL_ETH_DeInit    stm32f4xx_hal_eth.o
    0x0801113a   0x0801113a   0x00000002   PAD
    0x0801113c   0x0801113c   0x0000002c   Code   RO         8229    i.HAL_ETH_ErrorCallback  bsp_eth.o
    0x08011168   0x08011168   0x0000007a   Code   RO          269    i.HAL_ETH_GetReceivedFrame  stm32f4xx_hal_eth.o
    0x080111e2   0x080111e2   0x0000007a   Code   RO          272    i.HAL_ETH_IRQHandler  stm32f4xx_hal_eth.o
    0x0801125c   0x0801125c   0x00000270   Code   RO          273    i.HAL_ETH_Init      stm32f4xx_hal_eth.o
    0x080114cc   0x080114cc   0x00000064   Code   RO         8230    i.HAL_ETH_MspDeInit  bsp_eth.o
    0x08011530   0x08011530   0x000000f8   Code   RO         8231    i.HAL_ETH_MspInit   bsp_eth.o
    0x08011628   0x08011628   0x000000d0   Code   RO          276    i.HAL_ETH_ReadPHYRegister  stm32f4xx_hal_eth.o
    0x080116f8   0x080116f8   0x00000030   Code   RO         8232    i.HAL_ETH_RxCpltCallback  bsp_eth.o
    0x08011728   0x08011728   0x00000084   Code   RO          278    i.HAL_ETH_Start     stm32f4xx_hal_eth.o
    0x080117ac   0x080117ac   0x00000108   Code   RO          280    i.HAL_ETH_TransmitFrame  stm32f4xx_hal_eth.o
    0x080118b4   0x080118b4   0x00000002   Code   RO         8233    i.HAL_ETH_TxCpltCallback  bsp_eth.o
    0x080118b6   0x080118b6   0x00000002   PAD
    0x080118b8   0x080118b8   0x000000c8   Code   RO          282    i.HAL_ETH_WritePHYRegister  stm32f4xx_hal_eth.o
    0x08011980   0x08011980   0x000001c8   Code   RO         2130    i.HAL_GPIO_DeInit   stm32f4xx_hal_gpio.o
    0x08011b48   0x08011b48   0x00000334   Code   RO         2133    i.HAL_GPIO_Init     stm32f4xx_hal_gpio.o
    0x08011e7c   0x08011e7c   0x00000058   Code   RO         2135    i.HAL_GPIO_ReadPin  stm32f4xx_hal_gpio.o
    0x08011ed4   0x08011ed4   0x00000058   Code   RO         2136    i.HAL_GPIO_TogglePin  stm32f4xx_hal_gpio.o
    0x08011f2c   0x08011f2c   0x0000006c   Code   RO         2137    i.HAL_GPIO_WritePin  stm32f4xx_hal_gpio.o
    0x08011f98   0x08011f98   0x0000000c   Code   RO         2334    i.HAL_GetTick       stm32f4xx_hal.o
    0x08011fa4   0x08011fa4   0x000000c8   Code   RO         4939    i.HAL_I2CEx_ConfigAnalogFilter  stm32f4xx_hal_i2c_ex.o
    0x0801206c   0x0801206c   0x00000006   Code   RO         4647    i.HAL_I2C_GetState  stm32f4xx_hal_i2c.o
    0x08012072   0x08012072   0x00000002   PAD
    0x08012074   0x08012074   0x00000200   Code   RO         4648    i.HAL_I2C_Init      stm32f4xx_hal_i2c.o
    0x08012274   0x08012274   0x00000140   Code   RO         4649    i.HAL_I2C_IsDeviceReady  stm32f4xx_hal_i2c.o
    0x080123b4   0x080123b4   0x00000204   Code   RO         4660    i.HAL_I2C_Mem_Read  stm32f4xx_hal_i2c.o
    0x080125b8   0x080125b8   0x0000013c   Code   RO         4663    i.HAL_I2C_Mem_Write  stm32f4xx_hal_i2c.o
    0x080126f4   0x080126f4   0x00000088   Code   RO        14278    i.HAL_I2C_MspInit   bsp_i2c_ee.o
    0x0801277c   0x0801277c   0x000000d0   Code   RO         3555    i.HAL_IWDG_Init     stm32f4xx_hal_iwdg.o
    0x0801284c   0x0801284c   0x00000002   Code   RO         3556    i.HAL_IWDG_MspInit  stm32f4xx_hal_iwdg.o
    0x0801284e   0x0801284e   0x00000054   Code   RO         3557    i.HAL_IWDG_Refresh  stm32f4xx_hal_iwdg.o
    0x080128a2   0x080128a2   0x0000002a   Code   RO         3558    i.HAL_IWDG_Start    stm32f4xx_hal_iwdg.o
    0x080128cc   0x080128cc   0x00000010   Code   RO         2335    i.HAL_IncTick       stm32f4xx_hal.o
    0x080128dc   0x080128dc   0x00000034   Code   RO         2336    i.HAL_Init          stm32f4xx_hal.o
    0x08012910   0x08012910   0x00000022   Code   RO         2337    i.HAL_InitTick      stm32f4xx_hal.o
    0x08012932   0x08012932   0x00000002   Code   RO         5638    i.HAL_MspInit       stm32f4xx_hal_msp_template.o
    0x08012934   0x08012934   0x00000064   Code   RO         2199    i.HAL_NVIC_EnableIRQ  stm32f4xx_hal_cortex.o
    0x08012998   0x08012998   0x000000a0   Code   RO         2205    i.HAL_NVIC_SetPriority  stm32f4xx_hal_cortex.o
    0x08012a38   0x08012a38   0x00000084   Code   RO         2206    i.HAL_NVIC_SetPriorityGrouping  stm32f4xx_hal_cortex.o
    0x08012abc   0x08012abc   0x00000088   Code   RO         6410    i.HAL_PWREx_EnableOverDrive  stm32f4xx_hal_pwr_ex.o
    0x08012b44   0x08012b44   0x00000018   Code   RO         6291    i.HAL_PWR_EnableBkUpAccess  stm32f4xx_hal_pwr.o
    0x08012b5c   0x08012b5c   0x000003b4   Code   RO         1844    i.HAL_RCCEx_PeriphCLKConfig  stm32f4xx_hal_rcc_ex.o
    0x08012f10   0x08012f10   0x00000380   Code   RO         1739    i.HAL_RCC_ClockConfig  stm32f4xx_hal_rcc.o
    0x08013290   0x08013290   0x00000034   Code   RO         1744    i.HAL_RCC_GetHCLKFreq  stm32f4xx_hal_rcc.o
    0x080132c4   0x080132c4   0x0000002c   Code   RO         1746    i.HAL_RCC_GetPCLK1Freq  stm32f4xx_hal_rcc.o
    0x080132f0   0x080132f0   0x0000002c   Code   RO         1747    i.HAL_RCC_GetPCLK2Freq  stm32f4xx_hal_rcc.o
    0x0801331c   0x0801331c   0x00000074   Code   RO         1748    i.HAL_RCC_GetSysClockFreq  stm32f4xx_hal_rcc.o
    0x08013390   0x08013390   0x00000458   Code   RO         1751    i.HAL_RCC_OscConfig  stm32f4xx_hal_rcc.o
    0x080137e8   0x080137e8   0x000000a8   Code   RO         3065    i.HAL_RTCEx_BKUPRead  stm32f4xx_hal_rtc_ex.o
    0x08013890   0x08013890   0x000000ac   Code   RO         3066    i.HAL_RTCEx_BKUPWrite  stm32f4xx_hal_rtc_ex.o
    0x0801393c   0x0801393c   0x00000094   Code   RO         2932    i.HAL_RTC_GetDate   stm32f4xx_hal_rtc.o
    0x080139d0   0x080139d0   0x000000a8   Code   RO         2934    i.HAL_RTC_GetTime   stm32f4xx_hal_rtc.o
    0x08013a78   0x08013a78   0x00000148   Code   RO         2935    i.HAL_RTC_Init      stm32f4xx_hal_rtc.o
    0x08013bc0   0x08013bc0   0x0000004c   Code   RO         8820    i.HAL_RTC_MspInit   rtc.o
    0x08013c0c   0x08013c0c   0x000001b8   Code   RO         2941    i.HAL_RTC_SetDate   stm32f4xx_hal_rtc.o
    0x08013dc4   0x08013dc4   0x00000218   Code   RO         2942    i.HAL_RTC_SetTime   stm32f4xx_hal_rtc.o
    0x08013fdc   0x08013fdc   0x00000034   Code   RO         2943    i.HAL_RTC_WaitForSynchro  stm32f4xx_hal_rtc.o
    0x08014010   0x08014010   0x000001a4   Code   RO         3318    i.HAL_SPI_Init      stm32f4xx_hal_spi.o
    0x080141b4   0x080141b4   0x000000a0   Code   RO         9167    i.HAL_SPI_MspInit   spi.o
    0x08014254   0x08014254   0x00000300   Code   RO         3327    i.HAL_SPI_TransmitReceive  stm32f4xx_hal_spi.o
    0x08014554   0x08014554   0x00000068   Code   RO         2208    i.HAL_SYSTICK_CLKSourceConfig  stm32f4xx_hal_cortex.o
    0x080145bc   0x080145bc   0x00000028   Code   RO         2210    i.HAL_SYSTICK_Config  stm32f4xx_hal_cortex.o
    0x080145e4   0x080145e4   0x00000002   Code   RO         1044    i.HAL_TIMEx_BreakCallback  stm32f4xx_hal_tim_ex.o
    0x080145e6   0x080145e6   0x00000002   Code   RO         1045    i.HAL_TIMEx_CommutationCallback  stm32f4xx_hal_tim_ex.o
    0x080145e8   0x080145e8   0x00000138   Code   RO          415    i.HAL_TIM_Base_Init  stm32f4xx_hal_tim.o
    0x08014720   0x08014720   0x0000002c   Code   RO         9099    i.HAL_TIM_Base_MspInit  time.o
    0x0801474c   0x0801474c   0x000000ec   Code   RO          420    i.HAL_TIM_Base_Start_IT  stm32f4xx_hal_tim.o
    0x08014838   0x08014838   0x00000002   Code   RO          444    i.HAL_TIM_IC_CaptureCallback  stm32f4xx_hal_tim.o
    0x0801483a   0x0801483a   0x00000166   Code   RO          457    i.HAL_TIM_IRQHandler  stm32f4xx_hal_tim.o
    0x080149a0   0x080149a0   0x00000002   Code   RO          460    i.HAL_TIM_OC_DelayElapsedCallback  stm32f4xx_hal_tim.o
    0x080149a2   0x080149a2   0x00000002   Code   RO          487    i.HAL_TIM_PWM_PulseFinishedCallback  stm32f4xx_hal_tim.o
    0x080149a4   0x080149a4   0x00000018   Code   RO         9100    i.HAL_TIM_PeriodElapsedCallback  time.o
    0x080149bc   0x080149bc   0x00000002   Code   RO          498    i.HAL_TIM_TriggerCallback  stm32f4xx_hal_tim.o
    0x080149be   0x080149be   0x00000002   Code   RO         1513    i.HAL_UART_ErrorCallback  stm32f4xx_hal_uart.o
    0x080149c0   0x080149c0   0x000000f4   Code   RO         1516    i.HAL_UART_IRQHandler  stm32f4xx_hal_uart.o
    0x08014ab4   0x08014ab4   0x00000158   Code   RO         1517    i.HAL_UART_Init     stm32f4xx_hal_uart.o
    0x08014c0c   0x08014c0c   0x000000e0   Code   RO         7745    i.HAL_UART_MspInit  bsp_debug_usart.o
    0x08014cec   0x08014cec   0x00000002   Code   RO         1523    i.HAL_UART_RxCpltCallback  stm32f4xx_hal_uart.o
    0x08014cee   0x08014cee   0x000000c8   Code   RO         1525    i.HAL_UART_Transmit  stm32f4xx_hal_uart.o
    0x08014db6   0x08014db6   0x00000002   Code   RO         1528    i.HAL_UART_TxCpltCallback  stm32f4xx_hal_uart.o
    0x08014db8   0x08014db8   0x000000ec   Code   RO         8297    i.HardwareConfigInfo_Handle  board.o
    0x08014ea4   0x08014ea4   0x00000060   Code   RO         8612    i.HeartPacketMessage_Task  apptask.o
    0x08014f04   0x08014f04   0x0000001c   Code   RO        14279    i.I2C_EE_BufferRead  bsp_i2c_ee.o
    0x08014f20   0x08014f20   0x00000088   Code   RO        14280    i.I2C_EE_BufferWrite  bsp_i2c_ee.o
    0x08014fa8   0x08014fa8   0x00000004   Code   RO        14282    i.I2C_EE_Init       bsp_i2c_ee.o
    0x08014fac   0x08014fac   0x00000048   Code   RO        14283    i.I2C_EE_PageWrite  bsp_i2c_ee.o
    0x08014ff4   0x08014ff4   0x0000003c   Code   RO        14284    i.I2C_Mode_Config   bsp_i2c_ee.o
    0x08015030   0x08015030   0x000000e0   Code   RO         4687    i.I2C_RequestMemoryRead  stm32f4xx_hal_i2c.o
    0x08015110   0x08015110   0x00000090   Code   RO         4688    i.I2C_RequestMemoryWrite  stm32f4xx_hal_i2c.o
    0x080151a0   0x080151a0   0x0000008a   Code   RO         4689    i.I2C_WaitOnFlagUntilTimeout  stm32f4xx_hal_i2c.o
    0x0801522a   0x0801522a   0x00000082   Code   RO         4690    i.I2C_WaitOnMasterAddressFlagUntilTimeout  stm32f4xx_hal_i2c.o
    0x080152ac   0x080152ac   0x0000000c   Code   RO         9101    i.IWDG_Feed         time.o
    0x080152b8   0x080152b8   0x00000024   Code   RO         9102    i.IWDG_Init         time.o
    0x080152dc   0x080152dc   0x000000f8   Code   RO        14235    i.JianZhang_LoraData_Handle  lora_demo.o
    0x080153d4   0x080153d4   0x00000038   Code   RO         8183    i.LED_GPIO_Config   bsp_led.o
    0x0801540c   0x0801540c   0x00000010   Code   RO         8613    i.LoraMessage_Task  apptask.o
    0x0801541c   0x0801541c   0x00000038   Code   RO         9168    i.Lora_SPI_Init     spi.o
    0x08015454   0x08015454   0x00000030   Code   RO         9103    i.MX_TIM6_Init      time.o
    0x08015484   0x08015484   0x00000058   Code   RO         8404    i.MemManage_Handler  stm32f4xx_it.o
    0x080154dc   0x080154dc   0x00000002   Code   RO         8405    i.NMI_Handler       stm32f4xx_it.o
    0x080154de   0x080154de   0x00000020   Code   RO         2212    i.NVIC_SetPriority  stm32f4xx_hal_cortex.o
    0x080154fe   0x080154fe   0x00000002   PAD
    0x08015500   0x08015500   0x00000024   Code   RO         8406    i.NVIC_SystemReset  stm32f4xx_it.o
    0x08015524   0x08015524   0x00000024   Code   RO         8677    i.NVIC_SystemReset  servertoanchor.o
    0x08015548   0x08015548   0x0000000c   Code   RO         8614    i.NetworkMessage_Task  apptask.o
    0x08015554   0x08015554   0x000000ec   Code   RO         8678    i.PowerOnMessage_Handle  servertoanchor.o
    0x08015640   0x08015640   0x00000012   Code   RO         2944    i.RTC_Bcd2ToByte    stm32f4xx_hal_rtc.o
    0x08015652   0x08015652   0x00000016   Code   RO         2945    i.RTC_ByteToBcd2    stm32f4xx_hal_rtc.o
    0x08015668   0x08015668   0x00000038   Code   RO         2946    i.RTC_EnterInitMode  stm32f4xx_hal_rtc.o
    0x080156a0   0x080156a0   0x00000064   Code   RO         8821    i.RTC_Init          rtc.o
    0x08015704   0x08015704   0x00000024   Code   RO         8822    i.RTC_Set_Date      rtc.o
    0x08015728   0x08015728   0x0000002c   Code   RO         8823    i.RTC_Set_Time      rtc.o
    0x08015754   0x08015754   0x00000010   Code   RO        14100    i.Read127xReg       sx127x_driver.o
    0x08015764   0x08015764   0x0000009e   Code   RO         3349    i.SPI_WaitOnFlagUntilTimeout  stm32f4xx_hal_spi.o
    0x08015802   0x08015802   0x00000002   PAD
    0x08015804   0x08015804   0x000000a8   Code   RO        14024    i.SX1276HALInit     sx127x_hal.o
    0x080158ac   0x080158ac   0x0000000c   Code   RO        14025    i.SX1276ReadDio0    sx127x_hal.o
    0x080158b8   0x080158b8   0x00000010   Code   RO        14026    i.SX1276ReadDio1    sx127x_hal.o
    0x080158c8   0x080158c8   0x00000010   Code   RO        14027    i.SX1276ReadDio3    sx127x_hal.o
    0x080158d8   0x080158d8   0x0000000c   Code   RO        14028    i.SX1276ReadDio4    sx127x_hal.o
    0x080158e4   0x080158e4   0x0000003c   Code   RO        14101    i.SX1278ReadBuffer  sx127x_driver.o
    0x08015920   0x08015920   0x0000003a   Code   RO        14102    i.SX1278WriteBuffer  sx127x_driver.o
    0x0801595a   0x0801595a   0x00000002   PAD
    0x0801595c   0x0801595c   0x00000010   Code   RO        14029    i.SX127X_ResetPinControl  sx127x_hal.o
    0x0801596c   0x0801596c   0x0000000e   Code   RO        14103    i.SX127xGetOpMode   sx127x_driver.o
    0x0801597a   0x0801597a   0x00000002   PAD
    0x0801597c   0x0801597c   0x00000180   Code   RO        14104    i.SX127xProcess     sx127x_driver.o
    0x08015afc   0x08015afc   0x0000000a   Code   RO        14105    i.SX127xReadFifo    sx127x_driver.o
    0x08015b06   0x08015b06   0x00000002   PAD
    0x08015b08   0x08015b08   0x00000048   Code   RO        14106    i.SX127xSetFrf      sx127x_driver.o
    0x08015b50   0x08015b50   0x00000028   Code   RO        14107    i.SX127xSetLoRaMode  sx127x_driver.o
    0x08015b78   0x08015b78   0x0000002e   Code   RO        14108    i.SX127xSetOpMode   sx127x_driver.o
    0x08015ba6   0x08015ba6   0x00000002   PAD
    0x08015ba8   0x08015ba8   0x0000007c   Code   RO        14109    i.SX127xSetTxPacket  sx127x_driver.o
    0x08015c24   0x08015c24   0x0000000a   Code   RO        14110    i.SX127xWriteFifo   sx127x_driver.o
    0x08015c2e   0x08015c2e   0x00000002   PAD
    0x08015c30   0x08015c30   0x000000fc   Code   RO         8679    i.ServerCtrlAnchor_Handle  servertoanchor.o
    0x08015d2c   0x08015d2c   0x0000004c   Code   RO         8680    i.ServerFindAnchorInfo_Handle  servertoanchor.o
    0x08015d78   0x08015d78   0x00000084   Code   RO         8681    i.ServiceAndDeviceResponse  servertoanchor.o
    0x08015dfc   0x08015dfc   0x00000130   Code   RO         8682    i.ServiceSendConfig_Handle  servertoanchor.o
    0x08015f2c   0x08015f2c   0x00000016   Code   RO        14030    i.Soft_delay_ms     sx127x_hal.o
    0x08015f42   0x08015f42   0x00000002   PAD
    0x08015f44   0x08015f44   0x00000024   Code   RO        14031    i.SpiInOut          sx127x_hal.o
    0x08015f68   0x08015f68   0x00000010   Code   RO        14032    i.SpiNSSEnable      sx127x_hal.o
    0x08015f78   0x08015f78   0x00000024   Code   RO        14111    i.Sx127xReadRxPackage  sx127x_driver.o
    0x08015f9c   0x08015f9c   0x00000028   Code   RO        14112    i.Sx127xRestart     sx127x_driver.o
    0x08015fc4   0x08015fc4   0x0000000c   Code   RO        14113    i.Sx127xStartCADCheck  sx127x_driver.o
    0x08015fd0   0x08015fd0   0x00000018   Code   RO        14114    i.Sx127xStartRx     sx127x_driver.o
    0x08015fe8   0x08015fe8   0x0000002a   Code   RO         8407    i.SysTick_Handler   stm32f4xx_it.o
    0x08016012   0x08016012   0x00000002   PAD
    0x08016014   0x08016014   0x000000a4   Code   RO         8298    i.SystemClock_Config  board.o
    0x080160b8   0x080160b8   0x00000054   Code   RO           14    i.SystemInit        system_stm32f4xx.o
    0x0801610c   0x0801610c   0x00000108   Code   RO        13748    i.TCPIP_Init        sys_arch.o
    0x08016214   0x08016214   0x0000000c   Code   RO         9104    i.TIM6_DAC_IRQHandler  time.o
    0x08016220   0x08016220   0x000000c0   Code   RO          499    i.TIM_Base_SetConfig  stm32f4xx_hal_tim.o
    0x080162e0   0x080162e0   0x000000a6   Code   RO         1535    i.UART_Receive_IT   stm32f4xx_hal_uart.o
    0x08016386   0x08016386   0x00000002   PAD
    0x08016388   0x08016388   0x0000020c   Code   RO         1536    i.UART_SetConfig    stm32f4xx_hal_uart.o
    0x08016594   0x08016594   0x00000066   Code   RO         1537    i.UART_Transmit_IT  stm32f4xx_hal_uart.o
    0x080165fa   0x080165fa   0x00000092   Code   RO         1538    i.UART_WaitOnFlagUntilTimeout  stm32f4xx_hal_uart.o
    0x0801668c   0x0801668c   0x00000060   Code   RO         8469    i.UDP_SendDataPacket  udpecho.o
    0x080166ec   0x080166ec   0x00000016   Code   RO         8770    i.UDP_public_Sum_check  public.o
    0x08016702   0x08016702   0x00000002   PAD
    0x08016704   0x08016704   0x00000030   Code   RO         7746    i.USART1_For_Debug_tx  bsp_debug_usart.o
    0x08016734   0x08016734   0x00000034   Code   RO         7747    i.USART1_IRQHandler  bsp_debug_usart.o
    0x08016768   0x08016768   0x00000054   Code   RO         7750    i.USART3_IRQHandler  bsp_debug_usart.o
    0x080167bc   0x080167bc   0x00000064   Code   RO         8683    i.UpdateTimeReqReponse_Handle  servertoanchor.o
    0x08016820   0x08016820   0x00000058   Code   RO         8408    i.UsageFault_Handler  stm32f4xx_it.o
    0x08016878   0x08016878   0x000000c8   Code   RO         9218    i.Usr_NetworkRecvData_Handle  network.o
    0x08016940   0x08016940   0x0000000c   Code   RO        14115    i.Write127xReg      sx127x_driver.o
    0x0801694c   0x0801694c   0x00000020   Code   RO        14671    i.__0printf$8       mc_w.l(printf8.o)
    0x0801696c   0x0801696c   0x00000028   Code   RO        14673    i.__0sprintf$8      mc_w.l(printf8.o)
    0x08016994   0x08016994   0x00000008   Code   RO        14753    i.__aeabi_errno_addr  mc_w.l(errno.o)
    0x0801699c   0x0801699c   0x0000000e   Code   RO        14816    i.__scatterload_copy  mc_w.l(handlers.o)
    0x080169aa   0x080169aa   0x00000002   Code   RO        14817    i.__scatterload_null  mc_w.l(handlers.o)
    0x080169ac   0x080169ac   0x0000000e   Code   RO        14818    i.__scatterload_zeroinit  mc_w.l(handlers.o)
    0x080169ba   0x080169ba   0x00000002   PAD
    0x080169bc   0x080169bc   0x00000410   Code   RO        14678    i._printf_core      mc_w.l(printf8.o)
    0x08016dcc   0x08016dcc   0x00000024   Code   RO        14679    i._printf_post_padding  mc_w.l(printf8.o)
    0x08016df0   0x08016df0   0x0000002e   Code   RO        14680    i._printf_pre_padding  mc_w.l(printf8.o)
    0x08016e1e   0x08016e1e   0x0000000a   Code   RO        14682    i._sputc            mc_w.l(printf8.o)
    0x08016e28   0x08016e28   0x00000084   Code   RO        10789    i.alloc_socket      sockets.o
    0x08016eac   0x08016eac   0x00000034   Code   RO         8299    i.assert_failed     board.o
    0x08016ee0   0x08016ee0   0x0000000a   Code   RO         8771    i.bswap_16          public.o
    0x08016eea   0x08016eea   0x00000002   PAD
    0x08016eec   0x08016eec   0x00000078   Code   RO        13953    i.cm_backtrace_assert  cm_backtrace.o
    0x08016f64   0x08016f64   0x000000a0   Code   RO        13954    i.cm_backtrace_call_stack  cm_backtrace.o
    0x08017004   0x08017004   0x0000023c   Code   RO        13955    i.cm_backtrace_fault  cm_backtrace.o
    0x08017240   0x08017240   0x0000002c   Code   RO        13956    i.cm_backtrace_firmware_info  cm_backtrace.o
    0x0801726c   0x0801726c   0x00000048   Code   RO        11650    i.do_memp_free_pool  memp.o
    0x080172b4   0x080172b4   0x00000058   Code   RO        11651    i.do_memp_malloc_pool  memp.o
    0x0801730c   0x0801730c   0x000000bc   Code   RO        13958    i.dump_stack        cm_backtrace.o
    0x080173c8   0x080173c8   0x00000030   Code   RO         8890    i.en_queue          iacs_queue.o
    0x080173f8   0x080173f8   0x0000014c   Code   RO        10358    i.err_tcp           api_msg.o
    0x08017544   0x08017544   0x0000001c   Code   RO        10563    i.err_to_errno      err.o
    0x08017560   0x08017560   0x0000002c   Code   RO        13097    i.etharp_cleanup_netif  etharp.o
    0x0801758c   0x0801758c   0x000001d4   Code   RO        13099    i.etharp_find_entry  etharp.o
    0x08017760   0x08017760   0x00000024   Code   RO        13100    i.etharp_free_entry  etharp.o
    0x08017784   0x08017784   0x000000a0   Code   RO        13102    i.etharp_input      etharp.o
    0x08017824   0x08017824   0x00000138   Code   RO        13103    i.etharp_output     etharp.o
    0x0801795c   0x0801795c   0x000000a8   Code   RO        13104    i.etharp_output_to_arp_index  etharp.o
    0x08017a04   0x08017a04   0x00000170   Code   RO        13105    i.etharp_query      etharp.o
    0x08017b74   0x08017b74   0x000000fc   Code   RO        13106    i.etharp_raw        etharp.o
    0x08017c70   0x08017c70   0x0000000c   Code   RO        13107    i.etharp_request    etharp.o
    0x08017c7c   0x08017c7c   0x00000020   Code   RO        13108    i.etharp_request_dst  etharp.o
    0x08017c9c   0x08017c9c   0x0000005c   Code   RO        13109    i.etharp_tmr        etharp.o
    0x08017cf8   0x08017cf8   0x000000b4   Code   RO        13110    i.etharp_update_arp_entry  etharp.o
    0x08017dac   0x08017dac   0x000000a4   Code   RO        13501    i.ethernet_input    ethernet.o
    0x08017e50   0x08017e50   0x00000090   Code   RO        13502    i.ethernet_output   ethernet.o
    0x08017ee0   0x08017ee0   0x00000094   Code   RO        13689    i.ethernetif_init   ethernetif.o
    0x08017f74   0x08017f74   0x0000004c   Code   RO        13690    i.ethernetif_input  ethernetif.o
    0x08017fc0   0x08017fc0   0x000000d8   Code   RO        10790    i.event_callback    sockets.o
    0x08018098   0x08018098   0x00000240   Code   RO        13959    i.fault_diagnosis   cm_backtrace.o
    0x080182d8   0x080182d8   0x00000018   Code   RO         7754    i.fputc             bsp_debug_usart.o
    0x080182f0   0x080182f0   0x00000050   Code   RO        14725    i.free              mc_w.l(malloc.o)
    0x08018340   0x08018340   0x00000036   Code   RO        10791    i.free_socket       sockets.o
    0x08018376   0x08018376   0x00000016   Code   RO        10792    i.get_socket        sockets.o
    0x0801838c   0x0801838c   0x00000008   Code   RO        13210    i.icmp_dest_unreach  icmp.o
    0x08018394   0x08018394   0x00000180   Code   RO        13211    i.icmp_input        icmp.o
    0x08018514   0x08018514   0x000000a8   Code   RO        13212    i.icmp_send_response  icmp.o
    0x080185bc   0x080185bc   0x00000008   Code   RO        13213    i.icmp_time_exceeded  icmp.o
    0x080185c4   0x080185c4   0x0000004a   Code   RO        11402    i.inet_chksum_pbuf  inet_chksum.o
    0x0801860e   0x0801860e   0x0000002a   Code   RO         8892    i.init_queue        iacs_queue.o
    0x08018638   0x08018638   0x0000002e   Code   RO        13353    i.ip4_addr_isbroadcast_u32  ip4_addr.o
    0x08018666   0x08018666   0x00000002   PAD
    0x08018668   0x08018668   0x000001e8   Code   RO        13426    i.ip4_frag          ip4_frag.o
    0x08018850   0x08018850   0x00000174   Code   RO        13280    i.ip4_input         ip4.o
    0x080189c4   0x080189c4   0x0000002c   Code   RO        13281    i.ip4_input_accept  ip4.o
    0x080189f0   0x080189f0   0x0000001e   Code   RO        13283    i.ip4_output_if     ip4.o
    0x08018a0e   0x08018a0e   0x00000002   PAD
    0x08018a10   0x08018a10   0x0000010c   Code   RO        13284    i.ip4_output_if_src  ip4.o
    0x08018b1c   0x08018b1c   0x00000228   Code   RO        13427    i.ip4_reass         ip4_frag.o
    0x08018d44   0x08018d44   0x00000060   Code   RO        13285    i.ip4_route         ip4.o
    0x08018da4   0x08018da4   0x00000024   Code   RO        13428    i.ip_frag_free_pbuf_custom_ref  ip4_frag.o
    0x08018dc8   0x08018dc8   0x000001b4   Code   RO        13429    i.ip_reass_chain_frag_into_datagram_and_validate  ip4_frag.o
    0x08018f7c   0x08018f7c   0x0000004c   Code   RO        13430    i.ip_reass_dequeue_datagram  ip4_frag.o
    0x08018fc8   0x08018fc8   0x00000114   Code   RO        13431    i.ip_reass_free_complete_datagram  ip4_frag.o
    0x080190dc   0x080190dc   0x00000084   Code   RO        13432    i.ip_reass_remove_oldest_datagram  ip4_frag.o
    0x08019160   0x08019160   0x0000002c   Code   RO        13433    i.ip_reass_tmr      ip4_frag.o
    0x0801918c   0x0801918c   0x0000002c   Code   RO        13434    i.ipfrag_free_pbuf_custom  ip4_frag.o
    0x080191b8   0x080191b8   0x0000001c   Code   RO         8894    i.is_queue_full     iacs_queue.o
    0x080191d4   0x080191d4   0x0000002c   Code   RO        14116    i.lora_init         sx127x_driver.o
    0x08019200   0x08019200   0x00000148   Code   RO        13691    i.low_level_init    ethernetif.o
    0x08019348   0x08019348   0x000000ec   Code   RO        13692    i.low_level_input   ethernetif.o
    0x08019434   0x08019434   0x000000d4   Code   RO        13693    i.low_level_output  ethernetif.o
    0x08019508   0x08019508   0x00000074   Code   RO        10794    i.lwip_bind         sockets.o
    0x0801957c   0x0801957c   0x00000070   Code   RO        10795    i.lwip_close        sockets.o
    0x080195ec   0x080195ec   0x00000088   Code   RO        10796    i.lwip_connect      sockets.o
    0x08019674   0x08019674   0x0000003c   Code   RO        12824    i.lwip_cyclic_timer  timeouts.o
    0x080196b0   0x080196b0   0x00000004   Code   RO        11321    i.lwip_htonl        def.o
    0x080196b4   0x080196b4   0x00000004   Code   RO        11322    i.lwip_htons        def.o
    0x080196b8   0x080196b8   0x00000022   Code   RO        11478    i.lwip_init         init.o
    0x080196da   0x080196da   0x00000036   Code   RO        10359    i.lwip_netconn_do_bind  api_msg.o
    0x08019710   0x08019710   0x000000c4   Code   RO        10361    i.lwip_netconn_do_close  api_msg.o
    0x080197d4   0x080197d4   0x00000238   Code   RO        10362    i.lwip_netconn_do_close_internal  api_msg.o
    0x08019a0c   0x08019a0c   0x000000ec   Code   RO        10363    i.lwip_netconn_do_connect  api_msg.o
    0x08019af8   0x08019af8   0x0000010c   Code   RO        10364    i.lwip_netconn_do_connected  api_msg.o
    0x08019c04   0x08019c04   0x00000118   Code   RO        10365    i.lwip_netconn_do_delconn  api_msg.o
    0x08019d1c   0x08019d1c   0x00000020   Code   RO        10366    i.lwip_netconn_do_disconnect  api_msg.o
    0x08019d3c   0x08019d3c   0x0000007c   Code   RO        10367    i.lwip_netconn_do_getaddr  api_msg.o
    0x08019db8   0x08019db8   0x00000012   Code   RO        10369    i.lwip_netconn_do_newconn  api_msg.o
    0x08019dca   0x08019dca   0x00000044   Code   RO        10370    i.lwip_netconn_do_recv  api_msg.o
    0x08019e0e   0x08019e0e   0x00000042   Code   RO        10371    i.lwip_netconn_do_send  api_msg.o
    0x08019e50   0x08019e50   0x000000d0   Code   RO        10372    i.lwip_netconn_do_write  api_msg.o
    0x08019f20   0x08019f20   0x000002f0   Code   RO        10373    i.lwip_netconn_do_writemore  api_msg.o
    0x0801a210   0x0801a210   0x00000044   Code   RO        10374    i.lwip_netconn_err_to_msg  api_msg.o
    0x0801a254   0x0801a254   0x00000048   Code   RO        10375    i.lwip_netconn_is_err_msg  api_msg.o
    0x0801a29c   0x0801a29c   0x00000188   Code   RO        10813    i.lwip_recv_tcp     sockets.o
    0x0801a424   0x0801a424   0x000000d0   Code   RO        10814    i.lwip_recvfrom     sockets.o
    0x0801a4f4   0x0801a4f4   0x00000114   Code   RO        10815    i.lwip_recvfrom_udp_raw  sockets.o
    0x0801a608   0x0801a608   0x00000072   Code   RO        10819    i.lwip_send         sockets.o
    0x0801a67a   0x0801a67a   0x00000002   PAD
    0x0801a67c   0x0801a67c   0x000000f4   Code   RO        10821    i.lwip_sendto       sockets.o
    0x0801a770   0x0801a770   0x000000a4   Code   RO        10825    i.lwip_sock_make_addr  sockets.o
    0x0801a814   0x0801a814   0x0000006c   Code   RO        10826    i.lwip_socket       sockets.o
    0x0801a880   0x0801a880   0x00000056   Code   RO        11409    i.lwip_standard_chksum  inet_chksum.o
    0x0801a8d6   0x0801a8d6   0x00000002   PAD
    0x0801a8d8   0x0801a8d8   0x00000058   Code   RO         8361    i.main              main.o
    0x0801a930   0x0801a930   0x00000158   Code   RO        11580    i.mem_free          mem.o
    0x0801aa88   0x0801aa88   0x00000068   Code   RO        11581    i.mem_init          mem.o
    0x0801aaf0   0x0801aaf0   0x000001d0   Code   RO        11582    i.mem_malloc        mem.o
    0x0801acc0   0x0801acc0   0x00000010   Code   RO        11583    i.mem_to_ptr        mem.o
    0x0801acd0   0x0801acd0   0x0000016c   Code   RO        11584    i.mem_trim          mem.o
    0x0801ae3c   0x0801ae3c   0x0000003c   Code   RO        11652    i.memp_free         memp.o
    0x0801ae78   0x0801ae78   0x0000001c   Code   RO        11654    i.memp_init         memp.o
    0x0801ae94   0x0801ae94   0x0000002a   Code   RO        11655    i.memp_init_pool    memp.o
    0x0801aebe   0x0801aebe   0x00000002   PAD
    0x0801aec0   0x0801aec0   0x00000044   Code   RO        11656    i.memp_malloc       memp.o
    0x0801af04   0x0801af04   0x00000058   Code   RO         8962    i.my_mem_free       malloc.o
    0x0801af5c   0x0801af5c   0x0000003c   Code   RO         8963    i.my_mem_init       malloc.o
    0x0801af98   0x0801af98   0x0000008c   Code   RO         8964    i.my_mem_malloc     malloc.o
    0x0801b024   0x0801b024   0x00000038   Code   RO         8965    i.my_mem_perused    malloc.o
    0x0801b05c   0x0801b05c   0x00000018   Code   RO         8966    i.myfree            malloc.o
    0x0801b074   0x0801b074   0x00000020   Code   RO         8967    i.mymalloc          malloc.o
    0x0801b094   0x0801b094   0x0000000c   Code   RO         8969    i.mymemset          malloc.o
    0x0801b0a0   0x0801b0a0   0x00000022   Code   RO        10656    i.netbuf_delete     netbuf.o
    0x0801b0c2   0x0801b0c2   0x00000002   PAD
    0x0801b0c4   0x0801b0c4   0x0000003c   Code   RO        10658    i.netbuf_free       netbuf.o
    0x0801b100   0x0801b100   0x00000060   Code   RO        10661    i.netbuf_ref        netbuf.o
    0x0801b160   0x0801b160   0x000000a0   Code   RO        10376    i.netconn_alloc     api_msg.o
    0x0801b200   0x0801b200   0x00000016   Code   RO        10095    i.netconn_apimsg    api_lib.o
    0x0801b216   0x0801b216   0x00000002   PAD
    0x0801b218   0x0801b218   0x00000050   Code   RO        10096    i.netconn_bind      api_lib.o
    0x0801b268   0x0801b268   0x0000004c   Code   RO        10099    i.netconn_close_shutdown  api_lib.o
    0x0801b2b4   0x0801b2b4   0x00000054   Code   RO        10100    i.netconn_connect   api_lib.o
    0x0801b308   0x0801b308   0x0000001e   Code   RO        10101    i.netconn_delete    api_lib.o
    0x0801b326   0x0801b326   0x00000002   PAD
    0x0801b328   0x0801b328   0x00000048   Code   RO        10102    i.netconn_disconnect  api_lib.o
    0x0801b370   0x0801b370   0x0000009c   Code   RO        10377    i.netconn_drain     api_msg.o
    0x0801b40c   0x0801b40c   0x0000001e   Code   RO        10103    i.netconn_err       api_lib.o
    0x0801b42a   0x0801b42a   0x00000002   PAD
    0x0801b42c   0x0801b42c   0x000000f4   Code   RO        10378    i.netconn_free      api_msg.o
    0x0801b520   0x0801b520   0x0000009c   Code   RO        10104    i.netconn_getaddr   api_lib.o
    0x0801b5bc   0x0801b5bc   0x00000100   Code   RO        10106    i.netconn_new_with_proto_and_callback  api_lib.o
    0x0801b6bc   0x0801b6bc   0x00000020   Code   RO        10107    i.netconn_prepare_delete  api_lib.o
    0x0801b6dc   0x0801b6dc   0x00000114   Code   RO        10109    i.netconn_recv_data  api_lib.o
    0x0801b7f0   0x0801b7f0   0x00000092   Code   RO        10110    i.netconn_recv_data_tcp  api_lib.o
    0x0801b882   0x0801b882   0x00000002   PAD
    0x0801b884   0x0801b884   0x00000048   Code   RO        10112    i.netconn_recv_tcp_pbuf_flags  api_lib.o
    0x0801b8cc   0x0801b8cc   0x00000050   Code   RO        10114    i.netconn_recv_udp_raw_netbuf_flags  api_lib.o
    0x0801b91c   0x0801b91c   0x00000044   Code   RO        10115    i.netconn_send      api_lib.o
    0x0801b960   0x0801b960   0x0000004c   Code   RO        10118    i.netconn_tcp_recvd  api_lib.o
    0x0801b9ac   0x0801b9ac   0x00000054   Code   RO        10119    i.netconn_tcp_recvd_msg  api_lib.o
    0x0801ba00   0x0801ba00   0x00000014   Code   RO        10120    i.netconn_write_partly  api_lib.o
    0x0801ba14   0x0801ba14   0x00000118   Code   RO        10121    i.netconn_write_vectors_partly  api_lib.o
    0x0801bb2c   0x0801bb2c   0x00000158   Code   RO        11793    i.netif_add         netif.o
    0x0801bc84   0x0801bc84   0x00000016   Code   RO        11795    i.netif_do_ip_addr_changed  netif.o
    0x0801bc9a   0x0801bc9a   0x00000016   Code   RO        11796    i.netif_do_set_gw   netif.o
    0x0801bcb0   0x0801bcb0   0x00000058   Code   RO        11797    i.netif_do_set_ipaddr  netif.o
    0x0801bd08   0x0801bd08   0x00000016   Code   RO        11798    i.netif_do_set_netmask  netif.o
    0x0801bd1e   0x0801bd1e   0x00000002   PAD
    0x0801bd20   0x0801bd20   0x00000024   Code   RO        11800    i.netif_get_by_index  netif.o
    0x0801bd44   0x0801bd44   0x00000002   Code   RO        11802    i.netif_init        netif.o
    0x0801bd46   0x0801bd46   0x00000002   PAD
    0x0801bd48   0x0801bd48   0x0000005c   Code   RO        11804    i.netif_issue_reports  netif.o
    0x0801bda4   0x0801bda4   0x00000006   Code   RO        11806    i.netif_null_output_ip4  netif.o
    0x0801bdaa   0x0801bdaa   0x00000002   PAD
    0x0801bdac   0x0801bdac   0x00000060   Code   RO        11808    i.netif_set_addr    netif.o
    0x0801be0c   0x0801be0c   0x0000000c   Code   RO        11809    i.netif_set_default  netif.o
    0x0801be18   0x0801be18   0x00000044   Code   RO        11810    i.netif_set_down    netif.o
    0x0801be5c   0x0801be5c   0x0000003c   Code   RO        11816    i.netif_set_up      netif.o
    0x0801be98   0x0801be98   0x00000006   Code   RO        11975    i.pbuf_add_header   pbuf.o
    0x0801be9e   0x0801be9e   0x00000002   PAD
    0x0801bea0   0x0801bea0   0x00000060   Code   RO        11977    i.pbuf_add_header_impl  pbuf.o
    0x0801bf00   0x0801bf00   0x000001b8   Code   RO        11978    i.pbuf_alloc        pbuf.o
    0x0801c0b8   0x0801c0b8   0x00000050   Code   RO        11979    i.pbuf_alloc_reference  pbuf.o
    0x0801c108   0x0801c108   0x00000038   Code   RO        11980    i.pbuf_alloced_custom  pbuf.o
    0x0801c140   0x0801c140   0x000000c0   Code   RO        11981    i.pbuf_cat          pbuf.o
    0x0801c200   0x0801c200   0x00000012   Code   RO        11982    i.pbuf_chain        pbuf.o
    0x0801c212   0x0801c212   0x00000012   Code   RO        11983    i.pbuf_clen         pbuf.o
    0x0801c224   0x0801c224   0x0000003c   Code   RO        11984    i.pbuf_clone        pbuf.o
    0x0801c260   0x0801c260   0x00000158   Code   RO        11986    i.pbuf_copy         pbuf.o
    0x0801c3b8   0x0801c3b8   0x000000b4   Code   RO        11987    i.pbuf_copy_partial  pbuf.o
    0x0801c46c   0x0801c46c   0x000000e8   Code   RO        11989    i.pbuf_free         pbuf.o
    0x0801c554   0x0801c554   0x00000032   Code   RO        11990    i.pbuf_free_header  pbuf.o
    0x0801c586   0x0801c586   0x00000006   Code   RO        11994    i.pbuf_header_force  pbuf.o
    0x0801c58c   0x0801c58c   0x0000000e   Code   RO        11995    i.pbuf_header_impl  pbuf.o
    0x0801c59a   0x0801c59a   0x0000001c   Code   RO        11996    i.pbuf_init_alloced_pbuf  pbuf.o
    0x0801c5b6   0x0801c5b6   0x00000002   PAD
    0x0801c5b8   0x0801c5b8   0x000000bc   Code   RO        12000    i.pbuf_realloc      pbuf.o
    0x0801c674   0x0801c674   0x0000003c   Code   RO        12001    i.pbuf_ref          pbuf.o
    0x0801c6b0   0x0801c6b0   0x00000068   Code   RO        12002    i.pbuf_remove_header  pbuf.o
    0x0801c718   0x0801c718   0x00000090   Code   RO        10379    i.pcb_new           api_msg.o
    0x0801c7a8   0x0801c7a8   0x00000128   Code   RO        11585    i.plug_holes        mem.o
    0x0801c8d0   0x0801c8d0   0x0000007c   Code   RO        10380    i.poll_tcp          api_msg.o
    0x0801c94c   0x0801c94c   0x0000008c   Code   RO        13960    i.print_call_stack  cm_backtrace.o
    0x0801c9d8   0x0801c9d8   0x00000070   Code   RO         9610    i.prvAddCurrentTaskToDelayedList  tasks.o
    0x0801ca48   0x0801ca48   0x000000d0   Code   RO         9611    i.prvAddNewTaskToReadyList  tasks.o
    0x0801cb18   0x0801cb18   0x00000054   Code   RO         9612    i.prvCheckTasksWaitingTermination  tasks.o
    0x0801cb6c   0x0801cb6c   0x00000026   Code   RO         9442    i.prvCopyDataFromQueue  queue.o
    0x0801cb92   0x0801cb92   0x0000006c   Code   RO         9443    i.prvCopyDataToQueue  queue.o
    0x0801cbfe   0x0801cbfe   0x00000014   Code   RO         9613    i.prvDeleteTCB      tasks.o
    0x0801cc12   0x0801cc12   0x00000002   PAD
    0x0801cc14   0x0801cc14   0x0000004c   Code   RO         9943    i.prvHeapInit       heap_4.o
    0x0801cc60   0x0801cc60   0x00000028   Code   RO         9614    i.prvIdleTask       tasks.o
    0x0801cc88   0x0801cc88   0x000000b8   Code   RO         9615    i.prvInitialiseNewTask  tasks.o
    0x0801cd40   0x0801cd40   0x0000004c   Code   RO         9944    i.prvInsertBlockIntoFreeList  heap_4.o
    0x0801cd8c   0x0801cd8c   0x0000001a   Code   RO         9444    i.prvIsQueueEmpty   queue.o
    0x0801cda6   0x0801cda6   0x00000002   PAD
    0x0801cda8   0x0801cda8   0x00000020   Code   RO         9616    i.prvResetNextTaskUnblockTime  tasks.o
    0x0801cdc8   0x0801cdc8   0x00000060   Code   RO        10005    i.prvTaskExitError  port.o
    0x0801ce28   0x0801ce28   0x0000006a   Code   RO         9445    i.prvUnlockQueue    queue.o
    0x0801ce92   0x0801ce92   0x00000002   PAD
    0x0801ce94   0x0801ce94   0x0000000c   Code   RO        11586    i.ptr_to_mem        mem.o
    0x0801cea0   0x0801cea0   0x00000110   Code   RO         9945    i.pvPortMalloc      heap_4.o
    0x0801cfb0   0x0801cfb0   0x00000018   Code   RO         9618    i.pvTaskIncrementMutexHeldCount  tasks.o
    0x0801cfc8   0x0801cfc8   0x0000002c   Code   RO        10006    i.pxPortInitialiseStack  port.o
    0x0801cff4   0x0801cff4   0x00000104   Code   RO        10381    i.recv_tcp          api_msg.o
    0x0801d0f8   0x0801d0f8   0x000000f0   Code   RO        10382    i.recv_udp          api_msg.o
    0x0801d1e8   0x0801d1e8   0x000000d4   Code   RO        10834    i.select_check_waiters  sockets.o
    0x0801d2bc   0x0801d2bc   0x00000070   Code   RO        10383    i.sent_tcp          api_msg.o
    0x0801d32c   0x0801d32c   0x00000044   Code   RO        10384    i.setup_tcp         api_msg.o
    0x0801d370   0x0801d370   0x000000e4   Code   RO         8825    i.stamp2Time_SetTimeData  rtc.o
    0x0801d454   0x0801d454   0x000000cc   Code   RO         8615    i.startup_App_Task  apptask.o
    0x0801d520   0x0801d520   0x00000108   Code   RO        14117    i.sx127xInit        sx127x_driver.o
    0x0801d628   0x0801d628   0x000000b8   Code   RO        14118    i.sx127xRx          sx127x_driver.o
    0x0801d6e0   0x0801d6e0   0x0000008c   Code   RO        14119    i.sx127xSend        sx127x_driver.o
    0x0801d76c   0x0801d76c   0x00000042   Code   RO        13749    i.sys_arch_mbox_fetch  sys_arch.o
    0x0801d7ae   0x0801d7ae   0x0000001e   Code   RO        13750    i.sys_arch_mbox_tryfetch  sys_arch.o
    0x0801d7cc   0x0801d7cc   0x0000000a   Code   RO        13751    i.sys_arch_protect  sys_arch.o
    0x0801d7d6   0x0801d7d6   0x0000003a   Code   RO        13752    i.sys_arch_sem_wait  sys_arch.o
    0x0801d810   0x0801d810   0x00000004   Code   RO        13754    i.sys_arch_unprotect  sys_arch.o
    0x0801d814   0x0801d814   0x00000040   Code   RO        12825    i.sys_check_timeouts  timeouts.o
    0x0801d854   0x0801d854   0x00000024   Code   RO        13755    i.sys_init          sys_arch.o
    0x0801d878   0x0801d878   0x00000014   Code   RO        13757    i.sys_mbox_free     sys_arch.o
    0x0801d88c   0x0801d88c   0x0000001e   Code   RO        13758    i.sys_mbox_new      sys_arch.o
    0x0801d8aa   0x0801d8aa   0x00000006   Code   RO        13760    i.sys_mbox_set_invalid  sys_arch.o
    0x0801d8b0   0x0801d8b0   0x0000001c   Code   RO        13761    i.sys_mbox_trypost  sys_arch.o
    0x0801d8cc   0x0801d8cc   0x0000000a   Code   RO        13763    i.sys_mbox_valid    sys_arch.o
    0x0801d8d6   0x0801d8d6   0x0000000c   Code   RO        13765    i.sys_mutex_lock    sys_arch.o
    0x0801d8e2   0x0801d8e2   0x00000002   PAD
    0x0801d8e4   0x0801d8e4   0x0000003c   Code   RO        13766    i.sys_mutex_new     sys_arch.o
    0x0801d920   0x0801d920   0x0000000c   Code   RO        13768    i.sys_mutex_unlock  sys_arch.o
    0x0801d92c   0x0801d92c   0x00000010   Code   RO        13769    i.sys_now           sys_arch.o
    0x0801d93c   0x0801d93c   0x00000010   Code   RO        13770    i.sys_sem_free      sys_arch.o
    0x0801d94c   0x0801d94c   0x00000058   Code   RO        13771    i.sys_sem_new       sys_arch.o
    0x0801d9a4   0x0801d9a4   0x00000006   Code   RO        13772    i.sys_sem_set_invalid  sys_arch.o
    0x0801d9aa   0x0801d9aa   0x00000002   PAD
    0x0801d9ac   0x0801d9ac   0x00000040   Code   RO        13773    i.sys_sem_signal    sys_arch.o
    0x0801d9ec   0x0801d9ec   0x0000000a   Code   RO        13774    i.sys_sem_valid     sys_arch.o
    0x0801d9f6   0x0801d9f6   0x00000002   PAD
    0x0801d9f8   0x0801d9f8   0x0000005c   Code   RO        13775    i.sys_thread_new    sys_arch.o
    0x0801da54   0x0801da54   0x00000060   Code   RO        12827    i.sys_timeout       timeouts.o
    0x0801dab4   0x0801dab4   0x00000098   Code   RO        12828    i.sys_timeout_abs   timeouts.o
    0x0801db4c   0x0801db4c   0x00000024   Code   RO        12829    i.sys_timeouts_init  timeouts.o
    0x0801db70   0x0801db70   0x00000028   Code   RO        12830    i.sys_timeouts_sleeptime  timeouts.o
    0x0801db98   0x0801db98   0x0000013c   Code   RO        12271    i.tcp_abandon       tcp.o
    0x0801dcd4   0x0801dcd4   0x00000006   Code   RO        12272    i.tcp_abort         tcp.o
    0x0801dcda   0x0801dcda   0x0000000e   Code   RO        12273    i.tcp_accept        tcp.o
    0x0801dce8   0x0801dce8   0x00000128   Code   RO        12275    i.tcp_alloc         tcp.o
    0x0801de10   0x0801de10   0x00000008   Code   RO        12276    i.tcp_arg           tcp.o
    0x0801de18   0x0801de18   0x000000dc   Code   RO        12277    i.tcp_bind          tcp.o
    0x0801def4   0x0801def4   0x00000040   Code   RO        12279    i.tcp_close         tcp.o
    0x0801df34   0x0801df34   0x00000168   Code   RO        12280    i.tcp_close_shutdown  tcp.o
    0x0801e09c   0x0801e09c   0x00000064   Code   RO        12281    i.tcp_close_shutdown_fin  tcp.o
    0x0801e100   0x0801e100   0x00000174   Code   RO        12282    i.tcp_connect       tcp.o
    0x0801e274   0x0801e274   0x00000110   Code   RO        12660    i.tcp_create_segment  tcp_out.o
    0x0801e384   0x0801e384   0x00000054   Code   RO        12284    i.tcp_eff_send_mss_netif  tcp.o
    0x0801e3d8   0x0801e3d8   0x000001a4   Code   RO        12661    i.tcp_enqueue_flags  tcp_out.o
    0x0801e57c   0x0801e57c   0x00000044   Code   RO        12285    i.tcp_err           tcp.o
    0x0801e5c0   0x0801e5c0   0x0000006c   Code   RO        12286    i.tcp_fasttmr       tcp.o
    0x0801e62c   0x0801e62c   0x00000030   Code   RO        12287    i.tcp_free          tcp.o
    0x0801e65c   0x0801e65c   0x000000d4   Code   RO        12572    i.tcp_free_acked_segments  tcp_in.o
    0x0801e730   0x0801e730   0x00000028   Code   RO        12573    i.tcp_get_next_optbyte  tcp_in.o
    0x0801e758   0x0801e758   0x00000002   Code   RO        12288    i.tcp_init          tcp.o
    0x0801e75a   0x0801e75a   0x00000002   PAD
    0x0801e75c   0x0801e75c   0x00000590   Code   RO        12574    i.tcp_input         tcp_in.o
    0x0801ecec   0x0801ecec   0x00000070   Code   RO        12575    i.tcp_input_delayed_close  tcp_in.o
    0x0801ed5c   0x0801ed5c   0x00000068   Code   RO        12662    i.tcp_keepalive     tcp_out.o
    0x0801edc4   0x0801edc4   0x0000005c   Code   RO        12289    i.tcp_kill_state    tcp.o
    0x0801ee20   0x0801ee20   0x0000009c   Code   RO        12290    i.tcp_listen_closed  tcp.o
    0x0801eebc   0x0801eebc   0x00000130   Code   RO        12576    i.tcp_listen_input  tcp_in.o
    0x0801efec   0x0801efec   0x0000004c   Code   RO        12293    i.tcp_netif_ip_addr_changed  tcp.o
    0x0801f038   0x0801f038   0x00000060   Code   RO        12294    i.tcp_netif_ip_addr_changed_pcblist  tcp.o
    0x0801f098   0x0801f098   0x00000006   Code   RO        12296    i.tcp_new_ip_type   tcp.o
    0x0801f09e   0x0801f09e   0x00000002   PAD
    0x0801f0a0   0x0801f0a0   0x0000005c   Code   RO        12297    i.tcp_new_port      tcp.o
    0x0801f0fc   0x0801f0fc   0x00000038   Code   RO        12298    i.tcp_next_iss      tcp.o
    0x0801f134   0x0801f134   0x00000270   Code   RO        12663    i.tcp_output        tcp_out.o
    0x0801f3a4   0x0801f3a4   0x00000068   Code   RO        12664    i.tcp_output_alloc_header  tcp_out.o
    0x0801f40c   0x0801f40c   0x000000ac   Code   RO        12665    i.tcp_output_alloc_header_common  tcp_out.o
    0x0801f4b8   0x0801f4b8   0x0000007c   Code   RO        12666    i.tcp_output_control_segment  tcp_out.o
    0x0801f534   0x0801f534   0x0000006c   Code   RO        12667    i.tcp_output_fill_options  tcp_out.o
    0x0801f5a0   0x0801f5a0   0x0000015c   Code   RO        12668    i.tcp_output_segment  tcp_out.o
    0x0801f6fc   0x0801f6fc   0x00000044   Code   RO        12669    i.tcp_output_segment_busy  tcp_out.o
    0x0801f740   0x0801f740   0x00000098   Code   RO        12577    i.tcp_parseopt      tcp_in.o
    0x0801f7d8   0x0801f7d8   0x000000dc   Code   RO        12670    i.tcp_pbuf_prealloc  tcp_out.o
    0x0801f8b4   0x0801f8b4   0x00000064   Code   RO        12299    i.tcp_pcb_purge     tcp.o
    0x0801f918   0x0801f918   0x000000ec   Code   RO        12300    i.tcp_pcb_remove    tcp.o
    0x0801fa04   0x0801fa04   0x00000064   Code   RO        12301    i.tcp_poll          tcp.o
    0x0801fa68   0x0801fa68   0x0000044c   Code   RO        12578    i.tcp_process       tcp_in.o
    0x0801feb4   0x0801feb4   0x000000a4   Code   RO        12302    i.tcp_process_refused_data  tcp.o
    0x0801ff58   0x0801ff58   0x000004e0   Code   RO        12579    i.tcp_receive       tcp_in.o
    0x08020438   0x08020438   0x00000044   Code   RO        12303    i.tcp_recv          tcp.o
    0x0802047c   0x0802047c   0x00000050   Code   RO        12304    i.tcp_recv_null     tcp.o
    0x080204cc   0x080204cc   0x0000009c   Code   RO        12305    i.tcp_recved        tcp.o
    0x08020568   0x08020568   0x00000088   Code   RO        12671    i.tcp_rexmit        tcp_out.o
    0x080205f0   0x080205f0   0x00000084   Code   RO        12672    i.tcp_rexmit_fast   tcp_out.o
    0x08020674   0x08020674   0x00000040   Code   RO        12673    i.tcp_rexmit_rto    tcp_out.o
    0x080206b4   0x080206b4   0x00000048   Code   RO        12674    i.tcp_rexmit_rto_commit  tcp_out.o
    0x080206fc   0x080206fc   0x00000094   Code   RO        12675    i.tcp_rexmit_rto_prepare  tcp_out.o
    0x08020790   0x08020790   0x00000010   Code   RO        12676    i.tcp_route         tcp_out.o
    0x080207a0   0x080207a0   0x000000a8   Code   RO        12677    i.tcp_rst           tcp_out.o
    0x08020848   0x08020848   0x0000001c   Code   RO        12306    i.tcp_seg_free      tcp.o
    0x08020864   0x08020864   0x00000012   Code   RO        12307    i.tcp_segs_free     tcp.o
    0x08020876   0x08020876   0x00000002   PAD
    0x08020878   0x08020878   0x00000088   Code   RO        12678    i.tcp_send_empty_ack  tcp_out.o
    0x08020900   0x08020900   0x0000006c   Code   RO        12679    i.tcp_send_fin      tcp_out.o
    0x0802096c   0x0802096c   0x00000040   Code   RO        12308    i.tcp_sent          tcp.o
    0x080209ac   0x080209ac   0x00000078   Code   RO        12310    i.tcp_shutdown      tcp.o
    0x08020a24   0x08020a24   0x000004f8   Code   RO        12311    i.tcp_slowtmr       tcp.o
    0x08020f1c   0x08020f1c   0x000001b0   Code   RO        12680    i.tcp_split_unsent_seg  tcp_out.o
    0x080210cc   0x080210cc   0x00000034   Code   RO        12832    i.tcp_timer_needed  timeouts.o
    0x08021100   0x08021100   0x00000098   Code   RO        12580    i.tcp_timewait_input  tcp_in.o
    0x08021198   0x08021198   0x00000020   Code   RO        12313    i.tcp_tmr           tcp.o
    0x080211b8   0x080211b8   0x00000010   Code   RO        12581    i.tcp_trigger_input_pcb_close  tcp_in.o
    0x080211c8   0x080211c8   0x0000008c   Code   RO        12315    i.tcp_update_rcv_ann_wnd  tcp.o
    0x08021254   0x08021254   0x000005d0   Code   RO        12681    i.tcp_write         tcp_out.o
    0x08021824   0x08021824   0x000000fc   Code   RO        12682    i.tcp_write_checks  tcp_out.o
    0x08021920   0x08021920   0x000000e4   Code   RO        12683    i.tcp_zero_window_probe  tcp_out.o
    0x08021a04   0x08021a04   0x0000009c   Code   RO        11111    i.tcpip_init        tcpip.o
    0x08021aa0   0x08021aa0   0x00000060   Code   RO        11112    i.tcpip_inpkt       tcpip.o
    0x08021b00   0x08021b00   0x0000001c   Code   RO        11113    i.tcpip_input       tcpip.o
    0x08021b1c   0x08021b1c   0x00000020   Code   RO        11114    i.tcpip_send_msg_wait_sem  tcpip.o
    0x08021b3c   0x08021b3c   0x00000038   Code   RO        12833    i.tcpip_tcp_timer   timeouts.o
    0x08021b74   0x08021b74   0x00000098   Code   RO        11115    i.tcpip_thread      tcpip.o
    0x08021c0c   0x08021c0c   0x0000006c   Code   RO        11116    i.tcpip_thread_handle_msg  tcpip.o
    0x08021c78   0x08021c78   0x000000ac   Code   RO         8826    i.time2Stamp        rtc.o
    0x08021d24   0x08021d24   0x00000012   Code   RO        10835    i.tryget_socket     sockets.o
    0x08021d36   0x08021d36   0x00000002   PAD
    0x08021d38   0x08021d38   0x00000014   Code   RO        10837    i.tryget_socket_unconn_nouse  sockets.o
    0x08021d4c   0x08021d4c   0x000000d8   Code   RO        12920    i.udp_bind          udp.o
    0x08021e24   0x08021e24   0x00000098   Code   RO        12922    i.udp_connect       udp.o
    0x08021ebc   0x08021ebc   0x00000038   Code   RO        12923    i.udp_disconnect    udp.o
    0x08021ef4   0x08021ef4   0x00000002   Code   RO        12924    i.udp_init          udp.o
    0x08021ef6   0x08021ef6   0x00000002   PAD
    0x08021ef8   0x08021ef8   0x00000178   Code   RO        12925    i.udp_input         udp.o
    0x08022070   0x08022070   0x000000ac   Code   RO        12926    i.udp_input_local_match  udp.o
    0x0802211c   0x0802211c   0x00000034   Code   RO        12927    i.udp_netif_ip_addr_changed  udp.o
    0x08022150   0x08022150   0x0000001a   Code   RO        12928    i.udp_new           udp.o
    0x0802216a   0x0802216a   0x00000004   Code   RO        12929    i.udp_new_ip_type   udp.o
    0x0802216e   0x0802216e   0x00000002   PAD
    0x08022170   0x08022170   0x00000028   Code   RO        12930    i.udp_recv          udp.o
    0x08022198   0x08022198   0x00000050   Code   RO        12931    i.udp_remove        udp.o
    0x080221e8   0x080221e8   0x00000054   Code   RO        12932    i.udp_send          udp.o
    0x0802223c   0x0802223c   0x000000a4   Code   RO        12933    i.udp_sendto        udp.o
    0x080222e0   0x080222e0   0x000000c8   Code   RO        12934    i.udp_sendto_if     udp.o
    0x080223a8   0x080223a8   0x000001c8   Code   RO        12935    i.udp_sendto_if_src  udp.o
    0x08022570   0x08022570   0x00000028   Code   RO         8470    i.udpecho_init      udpecho.o
    0x08022598   0x08022598   0x00000134   Code   RO         8471    i.udpecho_thread    udpecho.o
    0x080226cc   0x080226cc   0x00000024   Code   RO         9393    i.uxListRemove      list.o
    0x080226f0   0x080226f0   0x00000048   Code   RO         9446    i.uxQueueMessagesWaiting  queue.o
    0x08022738   0x08022738   0x00000016   Code   RO         9394    i.vListInitialise   list.o
    0x0802274e   0x0802274e   0x00000006   Code   RO         9395    i.vListInitialiseItem  list.o
    0x08022754   0x08022754   0x00000030   Code   RO         9396    i.vListInsert       list.o
    0x08022784   0x08022784   0x00000018   Code   RO         9397    i.vListInsertEnd    list.o
    0x0802279c   0x0802279c   0x00000074   Code   RO        10008    i.vPortEnterCritical  port.o
    0x08022810   0x08022810   0x00000060   Code   RO        10009    i.vPortExitCritical  port.o
    0x08022870   0x08022870   0x00000098   Code   RO         9946    i.vPortFree         heap_4.o
    0x08022908   0x08022908   0x00000020   Code   RO        10010    i.vPortSetupTimerInterrupt  port.o
    0x08022928   0x08022928   0x00000088   Code   RO        10011    i.vPortValidateInterruptPriority  port.o
    0x080229b0   0x080229b0   0x0000004c   Code   RO         9450    i.vQueueDelete      queue.o
    0x080229fc   0x080229fc   0x00000028   Code   RO         9451    i.vQueueUnregisterQueue  queue.o
    0x08022a24   0x08022a24   0x00000070   Code   RO         9624    i.vTaskDelay        tasks.o
    0x08022a94   0x08022a94   0x000000d0   Code   RO         9626    i.vTaskDelete       tasks.o
    0x08022b64   0x08022b64   0x0000000c   Code   RO         9628    i.vTaskMissedYield  tasks.o
    0x08022b70   0x08022b70   0x00000058   Code   RO         9630    i.vTaskPlaceOnEventList  tasks.o
    0x08022bc8   0x08022bc8   0x00000084   Code   RO         9632    i.vTaskPriorityInherit  tasks.o
    0x08022c4c   0x08022c4c   0x0000004c   Code   RO         9635    i.vTaskSetTimeOutState  tasks.o
    0x08022c98   0x08022c98   0x00000090   Code   RO         9636    i.vTaskStartScheduler  tasks.o
    0x08022d28   0x08022d28   0x000000d4   Code   RO         9637    i.vTaskSuspend      tasks.o
    0x08022dfc   0x08022dfc   0x00000010   Code   RO         9638    i.vTaskSuspendAll   tasks.o
    0x08022e0c   0x08022e0c   0x00000080   Code   RO         9639    i.vTaskSwitchContext  tasks.o
    0x08022e8c   0x08022e8c   0x00000110   Code   RO        10012    i.xPortStartScheduler  port.o
    0x08022f9c   0x08022f9c   0x0000002c   Code   RO        10013    i.xPortSysTickHandler  port.o
    0x08022fc8   0x08022fc8   0x00000060   Code   RO         9452    i.xQueueCreateCountingSemaphore  queue.o
    0x08023028   0x08023028   0x00000024   Code   RO         9453    i.xQueueCreateMutex  queue.o
    0x0802304c   0x0802304c   0x0000007c   Code   RO         9454    i.xQueueGenericCreate  queue.o
    0x080230c8   0x080230c8   0x00000188   Code   RO         9455    i.xQueueGenericReceive  queue.o
    0x08023250   0x08023250   0x000000ac   Code   RO         9456    i.xQueueGenericReset  queue.o
    0x080232fc   0x080232fc   0x00000178   Code   RO         9457    i.xQueueGenericSend  queue.o
    0x08023474   0x08023474   0x000000b8   Code   RO         9459    i.xQueueGiveFromISR  queue.o
    0x0802352c   0x0802352c   0x0000008c   Code   RO         9640    i.xTaskCheckForTimeOut  tasks.o
    0x080235b8   0x080235b8   0x00000056   Code   RO         9641    i.xTaskCreate       tasks.o
    0x0802360e   0x0802360e   0x00000002   PAD
    0x08023610   0x08023610   0x0000001c   Code   RO         9645    i.xTaskGetSchedulerState  tasks.o
    0x0802362c   0x0802362c   0x0000000c   Code   RO         9646    i.xTaskGetTickCount  tasks.o
    0x08023638   0x08023638   0x000000ec   Code   RO         9648    i.xTaskIncrementTick  tasks.o
    0x08023724   0x08023724   0x000000b8   Code   RO         9651    i.xTaskPriorityDisinherit  tasks.o
    0x080237dc   0x080237dc   0x0000009c   Code   RO         9652    i.xTaskRemoveFromEventList  tasks.o
    0x08023878   0x08023878   0x000000e8   Code   RO         9654    i.xTaskResumeAll    tasks.o
    0x08023960   0x08023960   0x00000010   Data   RO         1752    .constdata          stm32f4xx_hal_rcc.o
    0x08023970   0x08023970   0x00000024   Data   RO         8828    .constdata          rtc.o
    0x08023994   0x08023994   0x0000000c   Data   RO         8973    .constdata          malloc.o
    0x080239a0   0x080239a0   0x00000003   Data   RO        10385    .constdata          api_msg.o
    0x080239a3   0x080239a3   0x00000001   PAD
    0x080239a4   0x080239a4   0x00000044   Data   RO        10564    .constdata          err.o
    0x080239e8   0x080239e8   0x0000000c   Data   RO        11671    .constdata          memp.o
    0x080239f4   0x080239f4   0x0000000c   Data   RO        11672    .constdata          memp.o
    0x08023a00   0x08023a00   0x0000000c   Data   RO        11673    .constdata          memp.o
    0x08023a0c   0x08023a0c   0x0000000c   Data   RO        11674    .constdata          memp.o
    0x08023a18   0x08023a18   0x0000000c   Data   RO        11675    .constdata          memp.o
    0x08023a24   0x08023a24   0x0000000c   Data   RO        11676    .constdata          memp.o
    0x08023a30   0x08023a30   0x0000000c   Data   RO        11677    .constdata          memp.o
    0x08023a3c   0x08023a3c   0x0000000c   Data   RO        11678    .constdata          memp.o
    0x08023a48   0x08023a48   0x0000000c   Data   RO        11679    .constdata          memp.o
    0x08023a54   0x08023a54   0x0000000c   Data   RO        11680    .constdata          memp.o
    0x08023a60   0x08023a60   0x0000000c   Data   RO        11681    .constdata          memp.o
    0x08023a6c   0x08023a6c   0x0000000c   Data   RO        11682    .constdata          memp.o
    0x08023a78   0x08023a78   0x0000000c   Data   RO        11683    .constdata          memp.o
    0x08023a84   0x08023a84   0x00000034   Data   RO        11684    .constdata          memp.o
    0x08023ab8   0x08023ab8   0x00000054   Data   RO        12316    .constdata          tcp.o
    0x08023b0c   0x08023b0c   0x00000018   Data   RO        12834    .constdata          timeouts.o
    0x08023b24   0x08023b24   0x00000004   Data   RO        13360    .constdata          ip4_addr.o
    0x08023b28   0x08023b28   0x00000006   Data   RO        13503    .constdata          ethernet.o
    0x08023b2e   0x08023b2e   0x00000006   Data   RO        13504    .constdata          ethernet.o
    0x08023b34   0x08023b34   0x000000dc   Data   RO        13962    .constdata          cm_backtrace.o
    0x08023c10   0x08023c10   0x00000075   Data   RO        12317    .conststring        tcp.o
    0x08023c85   0x08023c85   0x00000003   PAD
    0x08023c88   0x08023c88   0x00000055   Data   RO        12684    .conststring        tcp_out.o
    0x08023cdd   0x08023cdd   0x00000003   PAD
    0x08023ce0   0x08023ce0   0x00000041   Data   RO        13112    .conststring        etharp.o
    0x08023d21   0x08023d21   0x00000003   PAD
    0x08023d24   0x08023d24   0x00000815   Data   RO        13963    .conststring        cm_backtrace.o
    0x08024539   0x08024539   0x00000003   PAD
    0x0802453c   0x0802453c   0x00000020   Data   RO        14814    Region$$Table       anon$$obj.o


    Execution Region RW_IRAM1 (Exec base: 0x20000000, Load base: 0x0802455c, Size: 0x000263a8, Max: 0x00030000, ABSOLUTE, COMPRESSED[0x0000006c])

    Exec Addr    Load Addr    Size         Type   Attr      Idx    E Section Name        Object

    0x20000000   COMPRESSED   0x00000004   Data   RW           17    .data               system_stm32f4xx.o
    0x20000004   COMPRESSED   0x00000004   Data   RW         2342    .data               stm32f4xx_hal.o
    0x20000008   COMPRESSED   0x00000001   Data   RW         8300    .data               board.o
    0x20000009   COMPRESSED   0x00000003   PAD
    0x2000000c   COMPRESSED   0x00000004   Data   RW         8362    .data               main.o
    0x20000010   COMPRESSED   0x00000004   Data   RW         8472    .data               udpecho.o
    0x20000014   COMPRESSED   0x00000004   Data   RW         8619    .data               apptask.o
    0x20000018   COMPRESSED   0x00000004   Data   RW         8620    .data               apptask.o
    0x2000001c   COMPRESSED   0x0000001c   Data   RW         8621    .data               apptask.o
    0x20000038   COMPRESSED   0x00000004   Data   RW         8623    .data               apptask.o
    0x2000003c   COMPRESSED   0x0000000c   Data   RW         8685    .data               servertoanchor.o
    0x20000048   COMPRESSED   0x00000014   Data   RW         8974    .data               malloc.o
    0x2000005c   COMPRESSED   0x00000001   Data   RW         9106    .data               time.o
    0x2000005d   COMPRESSED   0x00000001   Data   RW         9219    .data               network.o
    0x2000005e   COMPRESSED   0x00000002   PAD
    0x20000060   COMPRESSED   0x0000003c   Data   RW         9657    .data               tasks.o
    0x2000009c   COMPRESSED   0x00000018   Data   RW         9951    .data               heap_4.o
    0x200000b4   COMPRESSED   0x0000000c   Data   RW        10014    .data               port.o
    0x200000c0   COMPRESSED   0x00000004   Data   RW        10839    .data               sockets.o
    0x200000c4   COMPRESSED   0x00000010   Data   RW        11118    .data               tcpip.o
    0x200000d4   COMPRESSED   0x00000010   Data   RW        11588    .data               mem.o
    0x200000e4   COMPRESSED   0x00000004   Data   RW        11685    .data               memp.o
    0x200000e8   COMPRESSED   0x00000004   Data   RW        11686    .data               memp.o
    0x200000ec   COMPRESSED   0x00000004   Data   RW        11687    .data               memp.o
    0x200000f0   COMPRESSED   0x00000004   Data   RW        11688    .data               memp.o
    0x200000f4   COMPRESSED   0x00000004   Data   RW        11689    .data               memp.o
    0x200000f8   COMPRESSED   0x00000004   Data   RW        11690    .data               memp.o
    0x200000fc   COMPRESSED   0x00000004   Data   RW        11691    .data               memp.o
    0x20000100   COMPRESSED   0x00000004   Data   RW        11692    .data               memp.o
    0x20000104   COMPRESSED   0x00000004   Data   RW        11693    .data               memp.o
    0x20000108   COMPRESSED   0x00000004   Data   RW        11694    .data               memp.o
    0x2000010c   COMPRESSED   0x00000004   Data   RW        11695    .data               memp.o
    0x20000110   COMPRESSED   0x00000004   Data   RW        11696    .data               memp.o
    0x20000114   COMPRESSED   0x00000004   Data   RW        11697    .data               memp.o
    0x20000118   COMPRESSED   0x0000000c   Data   RW        11817    .data               netif.o
    0x20000124   COMPRESSED   0x00000020   Data   RW        12318    .data               tcp.o
    0x20000144   COMPRESSED   0x00000024   Data   RW        12583    .data               tcp_in.o
    0x20000168   COMPRESSED   0x0000000c   Data   RW        12836    .data               timeouts.o
    0x20000174   COMPRESSED   0x00000008   Data   RW        12936    .data               udp.o
    0x2000017c   COMPRESSED   0x00000001   Data   RW        13113    .data               etharp.o
    0x2000017d   COMPRESSED   0x00000001   PAD
    0x2000017e   COMPRESSED   0x00000002   Data   RW        13286    .data               ip4.o
    0x20000180   COMPRESSED   0x00000008   Data   RW        13435    .data               ip4_frag.o
    0x20000188   COMPRESSED   0x00000010   Data   RW        13694    .data               ethernetif.o
    0x20000198   COMPRESSED   0x00000014   Data   RW        13777    .data               sys_arch.o
    0x200001ac   COMPRESSED   0x00000018   Data   RW        13964    .data               cm_backtrace.o
    0x200001c4   COMPRESSED   0x00000054   Data   RW        14120    .data               sx127x_driver.o
    0x20000218   COMPRESSED   0x0000000e   Data   RW        14288    .data               bsp_i2c_ee.o
    0x20000226   COMPRESSED   0x00000002   PAD
    0x20000228   COMPRESSED   0x00000004   Data   RW        14444    .data               mc_w.l(rand.o)
    0x2000022c   COMPRESSED   0x00000004   Data   RW        14756    .data               mc_w.l(errno.o)
    0x20000230   COMPRESSED   0x00000004   Data   RW        14782    .data               mc_w.l(stdout.o)
    0x20000234   COMPRESSED   0x00000004   Data   RW        14789    .data               mc_w.l(mvars.o)
    0x20000238        -       0x00000080   Zero   RW         7755    .bss                bsp_debug_usart.o
    0x200002b8        -       0x00006188   Zero   RW         8234    .bss                bsp_eth.o
    0x20006440        -       0x00000010   Zero   RW         8616    .bss                apptask.o
    0x20006450        -       0x00000010   Zero   RW         8617    .bss                apptask.o
    0x20006460        -       0x00000014   Zero   RW         8618    .bss                apptask.o
    0x20006474        -       0x00000065   Zero   RW         8684    .bss                servertoanchor.o
    0x200064d9   COMPRESSED   0x00000003   PAD
    0x200064dc        -       0x00000020   Zero   RW         8827    .bss                rtc.o
    0x200064fc   COMPRESSED   0x00000004   PAD
    0x20006500        -       0x00000400   Zero   RW         8971    .bss                malloc.o
    0x20006900        -       0x00000040   Zero   RW         8972    .bss                malloc.o
    0x20006940        -       0x0000004c   Zero   RW         9105    .bss                time.o
    0x2000698c        -       0x00000058   Zero   RW         9170    .bss                spi.o
    0x200069e4        -       0x00000050   Zero   RW         9466    .bss                queue.o
    0x20006a34        -       0x000002e4   Zero   RW         9656    .bss                tasks.o
    0x20006d18        -       0x00009000   Zero   RW         9950    .bss                heap_4.o
    0x2000fd18        -       0x00000040   Zero   RW        10838    .bss                sockets.o
    0x2000fd58        -       0x00000018   Zero   RW        11551    .bss                ip.o
    0x2000fd70        -       0x00003c13   Zero   RW        11587    .bss                mem.o
    0x20013983        -       0x00000083   Zero   RW        11658    .bss                memp.o
    0x20013a06        -       0x00000393   Zero   RW        11659    .bss                memp.o
    0x20013d99        -       0x000000ab   Zero   RW        11660    .bss                memp.o
    0x20013e44        -       0x00000963   Zero   RW        11661    .bss                memp.o
    0x200147a7        -       0x000000a3   Zero   RW        11662    .bss                memp.o
    0x2001484a        -       0x0000016b   Zero   RW        11663    .bss                memp.o
    0x200149b5        -       0x00000023   Zero   RW        11664    .bss                memp.o
    0x200149d8        -       0x000000a3   Zero   RW        11665    .bss                memp.o
    0x20014a7b        -       0x00000083   Zero   RW        11666    .bss                memp.o
    0x20014afe        -       0x00000083   Zero   RW        11667    .bss                memp.o
    0x20014b81        -       0x00000063   Zero   RW        11668    .bss                memp.o
    0x20014be4        -       0x00000193   Zero   RW        11669    .bss                memp.o
    0x20014d77        -       0x00010d4f   Zero   RW        11670    .bss                memp.o
    0x20025ac6   COMPRESSED   0x00000002   PAD
    0x20025ac8        -       0x00000010   Zero   RW        12582    .bss                tcp_in.o
    0x20025ad8        -       0x000000f0   Zero   RW        13111    .bss                etharp.o
    0x20025bc8        -       0x00000050   Zero   RW        13776    .bss                sys_arch.o
    0x20025c18        -       0x00000134   Zero   RW        13961    .bss                cm_backtrace.o
    0x20025d4c        -       0x00000258   Zero   RW        14287    .bss                bsp_i2c_ee.o
    0x20025fa4   COMPRESSED   0x00000004   PAD
    0x20025fa8        -       0x00000400   Zero   RW            1    STACK               startup_stm32f429xx.o


==============================================================================

Image component sizes


      Code (inc. data)   RO Data    RW Data    ZI Data      Debug   Object Name

      1940        762          0          0          0      47682   api_lib.o
      4850       1458          3          0          0      33887   api_msg.o
       476        122          0         40         52       4319   apptask.o
       716         92          0          1          0       4769   board.o
       472         48          0          0        128     840090   bsp_debug_usart.o
       814        190          0          0      24968       5556   bsp_eth.o
       612         96          0         14        600      12867   bsp_i2c_ee.o
        56          8          0          0          0       8830   bsp_led.o
      1800        388       2289         24        308       8644   cm_backtrace.o
        12          0          0          0          0        456   cmb_fault.o
         8          0          0          0          0       1018   def.o
        28          4         68          0          0       7518   err.o
      2124        512         65          1        240      12323   etharp.o
       308         58         12          0          0       2550   ethernet.o
      1000        204          0         16          0       5392   ethernetif.o
         0          0          0          0          0       1476   event_groups.o
       576        130          0         24      36864       4095   heap_4.o
       118          0          0          0          0       2359   iacs_queue.o
       568        158          0          0          0       4146   icmp.o
       160          0          0          0          0       2647   inet_chksum.o
        34          0          0          0          0       1540   init.o
         0          0          0          0         24       3130   ip.o
       810         92          0          2          0       5332   ip4.o
        46          0          4          0          0       8314   ip4_addr.o
      2084        462          0          8          0      11674   ip4_frag.o
       136          0          0          0          0       3254   list.o
       248          8          0          0          0        916   lora_demo.o
       128         40          0          4          0       5739   main.o
       412         46         12         20       1088       6387   malloc.o
      1600        602          0         16      15379       7361   mem.o
       358        148        208         52      74051      10584   memp.o
       190         54          0          0          0      11039   netbuf.o
         0          0          0          0          0       2028   netdb.o
       870        278          0         12          0      13408   netif.o
       200         12          0          1          0       1052   network.o
      2172        820          0          0          0      19494   pbuf.o
      1018        362          0         12          0      10817   port.o
        32          0          0          0          0       1494   public.o
      1846        350          0          0         80      13999   queue.o
       656         40         36          0         32       4982   rtc.o
      2092        410          0         12        101      15503   servertoanchor.o
      2544        428          0          4         64      30839   sockets.o
       216         28          0          0         88       1734   spi.o
        36          8        428          0       1024        992   startup_stm32f429xx.o
       136         16          0          4          0       4438   stm32f4xx_hal.o
       568        270          0          0          0      31497   stm32f4xx_hal_cortex.o
      2270        250          0          0          0      12697   stm32f4xx_hal_eth.o
      1560        438          0          0          0       5502   stm32f4xx_hal_gpio.o
      2306        238          0          0          0      10997   stm32f4xx_hal_i2c.o
       200         78          0          0          0       1307   stm32f4xx_hal_i2c_ex.o
       336         66          0          0          0       3355   stm32f4xx_hal_iwdg.o
         2          0          0          0          0        570   stm32f4xx_hal_msp_template.o
        24          4          0          0          0        583   stm32f4xx_hal_pwr.o
       136         14          0          0          0       1384   stm32f4xx_hal_pwr_ex.o
      2264        192         16          0          0       6915   stm32f4xx_hal_rcc.o
       948         96          0          0          0       1872   stm32f4xx_hal_rcc_ex.o
      1768        330          0          0          0       8132   stm32f4xx_hal_rtc.o
       340        130          0          0          0       2107   stm32f4xx_hal_rtc_ex.o
      1346        120          0          0          0       4077   stm32f4xx_hal_spi.o
      1106        268          0          0          0       6995   stm32f4xx_hal_tim.o
         4          0          0          0          0       1694   stm32f4xx_hal_tim_ex.o
      1732        168          0          0          0       9179   stm32f4xx_hal_uart.o
       432        282          0          0          0      30658   stm32f4xx_it.o
      1590         66          0         84          0      15392   sx127x_driver.o
       314         50          0          0          0       5179   sx127x_hal.o
       938        196          0         20         80      14716   sys_arch.o
        84         18          0          4          0     816791   system_stm32f4xx.o
      2906        738          0         60        740      29900   tasks.o
      5218       1726        201         32          0      38886   tcp.o
      4760       1050          0         36         16      20539   tcp_in.o
      5944       1946         85          0          0      33842   tcp_out.o
       572        194          0         16          0      10009   tcpip.o
       176         44          0          1         76       3775   time.o
       556        188         24         12          0       7035   timeouts.o
      2080        826          0          8          0      13636   udp.o
       444         52          0          4          0      30910   udpecho.o

    ----------------------------------------------------------------------
     77516      18472       3496        552     156016    2386805   Object Totals
         0          0         32          0          0          0   (incl. Generated)
        90          0         13          8         13          0   (incl. Padding)

    ----------------------------------------------------------------------

      Code (inc. data)   RO Data    RW Data    ZI Data      Debug   Library Member Name

        86          0          0          0          0          0   __dczerorl2.o
         0          0          0          0          0          0   entry.o
         0          0          0          0          0          0   entry10a.o
         0          0          0          0          0          0   entry11a.o
         8          4          0          0          0          0   entry2.o
         4          0          0          0          0          0   entry5.o
         0          0          0          0          0          0   entry7b.o
         0          0          0          0          0          0   entry8b.o
         8          4          0          0          0          0   entry9a.o
         8          4          0          4          0         68   errno.o
        30          0          0          0          0          0   handlers.o
        36          8          0          0          0         68   init.o
         0          0          0          0          0          0   iusefp.o
        30          0          0          0          0         68   llshl.o
        32          0          0          0          0         68   llushr.o
        80          4          0          0          0         76   malloc.o
        26          0          0          0          0         80   memcmp.o
        64          0          0          0          0         76   memmovea.o
        36          0          0          0          0        108   memseta.o
         0          0          0          4          0          0   mvars.o
      1204         60          0          0          0        504   printf8.o
        36         10          0          4          0        136   rand.o
         0          0          0          4          0          0   stdout.o
        98          0          0          0          0         92   uldiv.o
       186          0          0          0          0        176   depilogue.o
        50          0          0          0          0         76   dfixui.o
        26          0          0          0          0         76   dfltui.o
       228          0          0          0          0         96   dmul.o

    ----------------------------------------------------------------------
      2280         94          0         16          0       1768   Library Totals
         4          0          0          0          0          0   (incl. Padding)

    ----------------------------------------------------------------------

      Code (inc. data)   RO Data    RW Data    ZI Data      Debug   Library Name

      1786         94          0         16          0       1344   mc_w.l
       490          0          0          0          0        424   mf_w.l

    ----------------------------------------------------------------------
      2280         94          0         16          0       1768   Library Totals

    ----------------------------------------------------------------------

==============================================================================


      Code (inc. data)   RO Data    RW Data    ZI Data      Debug   

     79796      18566       3496        568     156016    2333825   Grand Totals
     79796      18566       3496        108     156016    2333825   ELF Image Totals (compressed)
     79796      18566       3496        108          0          0   ROM Totals

==============================================================================

    Total RO  Size (Code + RO Data)                83292 (  81.34kB)
    Total RW  Size (RW Data + ZI Data)            156584 ( 152.91kB)
    Total ROM Size (Code + RO Data + RW Data)      83400 (  81.45kB)

==============================================================================

