Component: ARM Compiler 5.06 update 6 (build 750) Tool: armlink [4d35ed]

==============================================================================

Section Cross References

    startup_stm32f429xx.o(RESET) refers to startup_stm32f429xx.o(STACK) for __initial_sp
    startup_stm32f429xx.o(RESET) refers to startup_stm32f429xx.o(.text) for Reset_Handler
    startup_stm32f429xx.o(RESET) refers to stm32f4xx_it.o(i.NMI_Handler) for NMI_Handler
    startup_stm32f429xx.o(RESET) refers to cmb_fault.o(.text) for HardFault_Handler
    startup_stm32f429xx.o(RESET) refers to stm32f4xx_it.o(i.MemManage_Handler) for MemManage_Handler
    startup_stm32f429xx.o(RESET) refers to stm32f4xx_it.o(i.BusFault_Handler) for BusFault_Handler
    startup_stm32f429xx.o(RESET) refers to stm32f4xx_it.o(i.UsageFault_Handler) for UsageFault_Handler
    startup_stm32f429xx.o(RESET) refers to port.o(.emb_text) for SVC_Handler
    startup_stm32f429xx.o(RESET) refers to stm32f4xx_it.o(i.DebugMon_Handler) for DebugMon_Handler
    startup_stm32f429xx.o(RESET) refers to stm32f4xx_it.o(i.SysTick_Handler) for SysTick_Handler
    startup_stm32f429xx.o(RESET) refers to bsp_debug_usart.o(i.USART1_IRQHandler) for USART1_IRQHandler
    startup_stm32f429xx.o(RESET) refers to bsp_debug_usart.o(i.USART3_IRQHandler) for USART3_IRQHandler
    startup_stm32f429xx.o(RESET) refers to time.o(i.TIM6_DAC_IRQHandler) for TIM6_DAC_IRQHandler
    startup_stm32f429xx.o(RESET) refers to bsp_eth.o(i.ETH_IRQHandler) for ETH_IRQHandler
    startup_stm32f429xx.o(.text) refers to system_stm32f4xx.o(i.SystemInit) for SystemInit
    startup_stm32f429xx.o(.text) refers to entry.o(.ARM.Collect$$$$00000000) for __main
    system_stm32f4xx.o(i.SystemCoreClockUpdate) refers to system_stm32f4xx.o(.data) for .data
    system_stm32f4xx.o(i.SystemCoreClockUpdate) refers to system_stm32f4xx.o(.constdata) for .constdata
    stm32f4xx_hal_eth.o(i.ETH_FlushTransmitFIFO) refers to stm32f4xx_hal.o(i.HAL_Delay) for HAL_Delay
    stm32f4xx_hal_eth.o(i.ETH_MACDMAConfig) refers to stm32f4xx_hal.o(i.HAL_Delay) for HAL_Delay
    stm32f4xx_hal_eth.o(i.HAL_ETH_ConfigDMA) refers to board.o(i.assert_failed) for assert_failed
    stm32f4xx_hal_eth.o(i.HAL_ETH_ConfigDMA) refers to stm32f4xx_hal.o(i.HAL_Delay) for HAL_Delay
    stm32f4xx_hal_eth.o(i.HAL_ETH_ConfigMAC) refers to board.o(i.assert_failed) for assert_failed
    stm32f4xx_hal_eth.o(i.HAL_ETH_ConfigMAC) refers to stm32f4xx_hal.o(i.HAL_Delay) for HAL_Delay
    stm32f4xx_hal_eth.o(i.HAL_ETH_DeInit) refers to bsp_eth.o(i.HAL_ETH_MspDeInit) for HAL_ETH_MspDeInit
    stm32f4xx_hal_eth.o(i.HAL_ETH_IRQHandler) refers to bsp_eth.o(i.HAL_ETH_RxCpltCallback) for HAL_ETH_RxCpltCallback
    stm32f4xx_hal_eth.o(i.HAL_ETH_IRQHandler) refers to bsp_eth.o(i.HAL_ETH_TxCpltCallback) for HAL_ETH_TxCpltCallback
    stm32f4xx_hal_eth.o(i.HAL_ETH_IRQHandler) refers to bsp_eth.o(i.HAL_ETH_ErrorCallback) for HAL_ETH_ErrorCallback
    stm32f4xx_hal_eth.o(i.HAL_ETH_Init) refers to board.o(i.assert_failed) for assert_failed
    stm32f4xx_hal_eth.o(i.HAL_ETH_Init) refers to bsp_eth.o(i.HAL_ETH_MspInit) for HAL_ETH_MspInit
    stm32f4xx_hal_eth.o(i.HAL_ETH_Init) refers to stm32f4xx_hal_rcc.o(i.HAL_RCC_GetHCLKFreq) for HAL_RCC_GetHCLKFreq
    stm32f4xx_hal_eth.o(i.HAL_ETH_Init) refers to stm32f4xx_hal_eth.o(i.HAL_ETH_WritePHYRegister) for HAL_ETH_WritePHYRegister
    stm32f4xx_hal_eth.o(i.HAL_ETH_Init) refers to stm32f4xx_hal.o(i.HAL_Delay) for HAL_Delay
    stm32f4xx_hal_eth.o(i.HAL_ETH_Init) refers to stm32f4xx_hal.o(i.HAL_GetTick) for HAL_GetTick
    stm32f4xx_hal_eth.o(i.HAL_ETH_Init) refers to stm32f4xx_hal_eth.o(i.HAL_ETH_ReadPHYRegister) for HAL_ETH_ReadPHYRegister
    stm32f4xx_hal_eth.o(i.HAL_ETH_Init) refers to stm32f4xx_hal_eth.o(i.ETH_MACDMAConfig) for ETH_MACDMAConfig
    stm32f4xx_hal_eth.o(i.HAL_ETH_ReadPHYRegister) refers to board.o(i.assert_failed) for assert_failed
    stm32f4xx_hal_eth.o(i.HAL_ETH_ReadPHYRegister) refers to stm32f4xx_hal.o(i.HAL_GetTick) for HAL_GetTick
    stm32f4xx_hal_eth.o(i.HAL_ETH_Start) refers to stm32f4xx_hal.o(i.HAL_Delay) for HAL_Delay
    stm32f4xx_hal_eth.o(i.HAL_ETH_Start) refers to stm32f4xx_hal_eth.o(i.ETH_FlushTransmitFIFO) for ETH_FlushTransmitFIFO
    stm32f4xx_hal_eth.o(i.HAL_ETH_Stop) refers to stm32f4xx_hal.o(i.HAL_Delay) for HAL_Delay
    stm32f4xx_hal_eth.o(i.HAL_ETH_Stop) refers to stm32f4xx_hal_eth.o(i.ETH_FlushTransmitFIFO) for ETH_FlushTransmitFIFO
    stm32f4xx_hal_eth.o(i.HAL_ETH_WritePHYRegister) refers to board.o(i.assert_failed) for assert_failed
    stm32f4xx_hal_eth.o(i.HAL_ETH_WritePHYRegister) refers to stm32f4xx_hal.o(i.HAL_GetTick) for HAL_GetTick
    stm32f4xx_hal_tim.o(i.HAL_TIM_Base_DeInit) refers to board.o(i.assert_failed) for assert_failed
    stm32f4xx_hal_tim.o(i.HAL_TIM_Base_DeInit) refers to time.o(i.HAL_TIM_Base_MspDeInit) for HAL_TIM_Base_MspDeInit
    stm32f4xx_hal_tim.o(i.HAL_TIM_Base_Init) refers to board.o(i.assert_failed) for assert_failed
[...]
    Image$$ER_IROM1$$Limit                   0x08024564   Number         0  anon$$obj.o ABSOLUTE
    Region$$Table$$Limit                     0x08024564   Number         0  anon$$obj.o(Region$$Table)
    SystemCoreClock                          0x20000000   Data           4  system_stm32f4xx.o(.data)
    DeviceSelfCheck                          0x20000008   Data           1  board.o(.data)
    sock                                     0x20000010   Data           4  udpecho.o(.data)
    ServerSendConfig_Stru_temp               0x20000014   Data           4  apptask.o(.data)
    ServerCtrlAnchor_Stru_temp               0x20000018   Data           4  apptask.o(.data)
    rtc_timestamp                            0x2000001c   Data           4  apptask.o(.data)
    CountSemaphore                           0x20000020   Data           4  apptask.o(.data)
    MutexSemaphore                           0x20000024   Data           4  apptask.o(.data)
    NetworkMessage_Handle                    0x20000028   Data           4  apptask.o(.data)
    GeneralSignal_Handle                     0x2000002c   Data           4  apptask.o(.data)
    LoraMessage_Handle                       0x20000030   Data           4  apptask.o(.data)
    HeartPacketMessage_Handle                0x20000034   Data           4  apptask.o(.data)
    RTC_DateStruct                           0x20000038   Data           4  apptask.o(.data)
    Network_Communciton_Flag                 0x2000003c   Data           1  servertoanchor.o(.data)
    mallco_dev                               0x20000048   Data          20  malloc.o(.data)
    Staticgloabl_stru_temp                   0x2000005c   Data           4  stmflash.o(.data)
    HardwareInfo_stru_temp                   0x20000060   Data           5  stmflash.o(.data)
    upgrateInfo_stru_temp                    0x20000065   Data           8  stmflash.o(.data)
    tim6_irq_flag                            0x2000006d   Data           1  time.o(.data)
    Exception_Massage_Global                 0x2000006e   Data           1  network.o(.data)
    pxCurrentTCB                             0x20000070   Data           4  tasks.o(.data)
    lock_tcpip_core                          0x200000e0   Data           4  tcpip.o(.data)
    netif_list                               0x2000012c   Data           4  netif.o(.data)
    netif_default                            0x20000130   Data           4  netif.o(.data)
    tcp_active_pcbs_changed                  0x20000134   Data           1  tcp.o(.data)
    tcp_ticks                                0x20000140   Data           4  tcp.o(.data)
    tcp_bound_pcbs                           0x20000144   Data           4  tcp.o(.data)
    tcp_listen_pcbs                          0x20000148   Data           4  tcp.o(.data)
    tcp_active_pcbs                          0x2000014c   Data           4  tcp.o(.data)
    tcp_tw_pcbs                              0x20000150   Data           4  tcp.o(.data)
    tcp_input_pcb                            0x20000174   Data           4  tcp_in.o(.data)
    udp_pcbs                                 0x20000188   Data           4  udp.o(.data)
    s_xSemaphore                             0x20000198   Data           4  ethernetif.o(.data)
    tx_sem                                   0x2000019c   Data           4  ethernetif.o(.data)
    eth_tx_mb                                0x200001a0   Data           4  ethernetif.o(.data)
    lwip_sys_now                             0x200001ac   Data           4  sys_arch.o(.data)
    ipaddr                                   0x200001b0   Data           4  sys_arch.o(.data)
    netmask                                  0x200001b4   Data           4  sys_arch.o(.data)
    gw                                       0x200001b8   Data           4  sys_arch.o(.data)
    u8_reciveLength                          0x200001d5   Data           1  sx127x_driver.o(.data)
    systickBak                               0x200001e4   Data           4  sx127x_driver.o(.data)
    currTick                                 0x200001e8   Data           4  sx127x_driver.o(.data)
    g_Radio                                  0x200001f4   Data          28  sx127x_driver.o(.data)
    upgrateFlag                              0x20000228   Data           1  bsp_i2c_ee.o(.data)
    E_DeviceType                             0x20000229   Data           1  bsp_i2c_ee.o(.data)
    E_AnchorWorkMode                         0x2000022a   Data           1  bsp_i2c_ee.o(.data)
    E_PowerOnType                            0x2000022b   Data           1  bsp_i2c_ee.o(.data)
    E_Staticgloabl_stru_temp                 0x2000022c   Data           4  bsp_i2c_ee.o(.data)
    E_Version_stru_temp                      0x20000230   Data           6  bsp_i2c_ee.o(.data)
    __stdout                                 0x20000240   Data           4  stdout.o(.data)
    __microlib_freelist                      0x20000244   Data           4  mvars.o(.data)
    UartHandle                               0x20000248   Data          64  bsp_debug_usart.o(.bss)
    husart3                                  0x20000288   Data          64  bsp_debug_usart.o(.bss)
    heth                                     0x200002c8   Data          72  bsp_eth.o(.bss)
    DMARxDscrTab                             0x20000310   Data         256  bsp_eth.o(.bss)
    DMATxDscrTab                             0x20000410   Data         256  bsp_eth.o(.bss)
    Rx_Buff                                  0x20000510   Data       12192  bsp_eth.o(.bss)
    Tx_Buff                                  0x200034b0   Data       12192  bsp_eth.o(.bss)
    USART3_For_Lora_queue                    0x20006450   Data          16  apptask.o(.bss)
    Msg_For_Exception_queue                  0x20006460   Data          16  apptask.o(.bss)
    RTC_TimeStruct                           0x20006470   Data          20  apptask.o(.bss)
    NetworkRecvData_Stru_temp                0x20006484   Data         101  servertoanchor.o(.bss)
    RTC_Handler                              0x200064ec   Data          32  rtc.o(.bss)
    mem1base                                 0x20006520   Data        1024  malloc.o(.bss)
    mem1mapbase                              0x20006920   Data          64  malloc.o(.bss)
    Network_Manage_stru_temp                 0x20006960   Data          27  stmflash.o(.bss)
    htim6                                    0x2000697c   Data          60  time.o(.bss)
    IWDG_Handler                             0x200069b8   Data          16  time.o(.bss)
    hspi1                                    0x200069c8   Data          88  spi.o(.bss)
    xQueueRegistry                           0x20006a20   Data          80  queue.o(.bss)
    ip_data                                  0x2000fd94   Data          24  ip.o(.bss)
    ram_heap                                 0x2000fdac   Data       15379  mem.o(.bss)
    memp_memory_UDP_PCB_base                 0x200139bf   Data         131  memp.o(.bss)
    memp_memory_TCP_PCB_base                 0x20013a42   Data         915  memp.o(.bss)
    memp_memory_TCP_PCB_LISTEN_base          0x20013dd5   Data         171  memp.o(.bss)
    memp_memory_TCP_SEG_base                 0x20013e80   Data        2403  memp.o(.bss)
    memp_memory_REASSDATA_base               0x200147e3   Data         163  memp.o(.bss)
    memp_memory_FRAG_PBUF_base               0x20014886   Data         363  memp.o(.bss)
    memp_memory_NETBUF_base                  0x200149f1   Data          35  memp.o(.bss)
    memp_memory_NETCONN_base                 0x20014a14   Data         163  memp.o(.bss)
    memp_memory_TCPIP_MSG_API_base           0x20014ab7   Data         131  memp.o(.bss)
    memp_memory_TCPIP_MSG_INPKT_base         0x20014b3a   Data         131  memp.o(.bss)
    memp_memory_SYS_TIMEOUT_base             0x20014bbd   Data          99  memp.o(.bss)
    memp_memory_PBUF_base                    0x20014c20   Data         403  memp.o(.bss)
    memp_memory_PBUF_POOL_base               0x20014db3   Data       68943  memp.o(.bss)
    gnetif                                   0x20025c24   Data          48  sys_arch.o(.bss)
    I2c_Buf_Write                            0x20025d88   Data         256  bsp_i2c_ee.o(.bss)
    I2c_Buf_Read                             0x20025e88   Data         256  bsp_i2c_ee.o(.bss)
    E_Network_Manage_stru_temp               0x20025f88   Data          27  bsp_i2c_ee.o(.bss)
    I2C_Handle                               0x20025fa4   Data          60  bsp_i2c_ee.o(.bss)
    STACK$$Base                              0x20025fe0   Number         0  startup_stm32f429xx.o(STACK)
    STACK$$Limit                             0x200263e0   Number         0  startup_stm32f429xx.o(STACK)
    __initial_sp                             0x200263e0   Data           0  startup_stm32f429xx.o(STACK)



==============================================================================

Memory Map of the image

  Image Entry point : 0x080101ad

  Load Region LR_IROM1 (Base: 0x08010000, Size: 0x000147ac, Max: 0x00100000, ABSOLUTE, COMPRESSED[0x000145d0])

    Execution Region ER_IROM1 (Exec base: 0x08010000, Load base: 0x08010000, Size: 0x00014564, Max: 0x00100000, ABSOLUTE)

    Exec Addr    Load Addr    Size         Type   Attr      Idx    E Section Name        Object

    0x08010000   0x08010000   0x000001ac   Data   RO            3    RESET               startup_stm32f429xx.o
    0x080101ac   0x080101ac   0x00000000   Code   RO        14273  * .ARM.Collect$$$$00000000  mc_w.l(entry.o)
    0x080101ac   0x080101ac   0x00000004   Code   RO        14629    .ARM.Collect$$$$00000001  mc_w.l(entry2.o)
    0x080101b0   0x080101b0   0x00000004   Code   RO        14632    .ARM.Collect$$$$00000004  mc_w.l(entry5.o)
    0x080101b4   0x080101b4   0x00000000   Code   RO        14634    .ARM.Collect$$$$00000008  mc_w.l(entry7b.o)
    0x080101b4   0x080101b4   0x00000000   Code   RO        14636    .ARM.Collect$$$$0000000A  mc_w.l(entry8b.o)
    0x080101b4   0x080101b4   0x00000008   Code   RO        14637    .ARM.Collect$$$$0000000B  mc_w.l(entry9a.o)
    0x080101bc   0x080101bc   0x00000000   Code   RO        14639    .ARM.Collect$$$$0000000D  mc_w.l(entry10a.o)
    0x080101bc   0x080101bc   0x00000000   Code   RO        14641    .ARM.Collect$$$$0000000F  mc_w.l(entry11a.o)
    0x080101bc   0x080101bc   0x00000004   Code   RO        14630    .ARM.Collect$$$$00002712  mc_w.l(entry2.o)
    0x080101c0   0x080101c0   0x00000020   Code   RO         8091    .emb_text           board.o
    0x080101e0   0x080101e0   0x000000b6   Code   RO         9862    .emb_text           port.o
    0x08010296   0x08010296   0x00000002   PAD
    0x08010298   0x08010298   0x00000024   Code   RO            4    .text               startup_stm32f429xx.o
    0x080102bc   0x080102bc   0x0000000c   Code   RO        13874    .text               cmb_fault.o
    0x080102c8   0x080102c8   0x00000024   Code   RO        14304    .text               mc_w.l(rand.o)
    0x080102ec   0x080102ec   0x00000040   Code   RO        14309    .text               mc_w.l(memmovea.o)
    0x0801032c   0x0801032c   0x00000024   Code   RO        14311    .text               mc_w.l(memseta.o)
    0x08010350   0x08010350   0x0000001a   Code   RO        14317    .text               mc_w.l(memcmp.o)
    0x0801036a   0x0801036a   0x000000e4   Code   RO        14623    .text               mf_w.l(dmul.o)
    0x0801044e   0x0801044e   0x0000001a   Code   RO        14625    .text               mf_w.l(dfltui.o)
    0x08010468   0x08010468   0x00000032   Code   RO        14627    .text               mf_w.l(dfixui.o)
    0x0801049a   0x0801049a   0x00000062   Code   RO        14646    .text               mc_w.l(uldiv.o)
    0x080104fc   0x080104fc   0x00000020   Code   RO        14648    .text               mc_w.l(llushr.o)
    0x0801051c   0x0801051c   0x00000000   Code   RO        14654    .text               mc_w.l(iusefp.o)
    0x0801051c   0x0801051c   0x000000ba   Code   RO        14655    .text               mf_w.l(depilogue.o)
    0x080105d6   0x080105d6   0x00000002   PAD
    0x080105d8   0x080105d8   0x00000024   Code   RO        14665    .text               mc_w.l(init.o)
    0x080105fc   0x080105fc   0x0000001e   Code   RO        14667    .text               mc_w.l(llshl.o)
    0x0801061a   0x0801061a   0x00000056   Code   RO        14683    .text               mc_w.l(__dczerorl2.o)
    0x08010670   0x08010670   0x00000028   Code   RO         8157    i.AppTaskCreate     main.o
    0x08010698   0x08010698   0x00000064   Code   RO         8092    i.BSP_Init          board.o
    0x080106fc   0x080106fc   0x00000150   Code   RO         8024    i.Bsp_Eth_Init      bsp_eth.o
    0x0801084c   0x0801084c   0x00000058   Code   RO         8199    i.BusFault_Handler  stm32f4xx_it.o
    0x080108a4   0x080108a4   0x00000028   Code   RO         7744    i.DEBUG_USART_Config  bsp_debug_usart.o
    0x080108cc   0x080108cc   0x00000058   Code   RO         8200    i.DebugMon_Handler  stm32f4xx_it.o
    0x08010924   0x08010924   0x00000140   Code   RO         8470    i.DevResponConfigInfoRequst  servertoanchor.o
    0x08010a64   0x08010a64   0x000000ac   Code   RO         8471    i.DeviceReportHeart  servertoanchor.o
    0x08010b10   0x08010b10   0x00000158   Code   RO         8472    i.DeviceResponseHeart_Handle  servertoanchor.o
    0x08010c68   0x08010c68   0x00000078   Code   RO         8473    i.DeviceUpdateTimeRequest  servertoanchor.o
    0x08010ce0   0x08010ce0   0x00000010   Code   RO        14122    i.EE_AnchorWorkMode_Read  bsp_i2c_ee.o
    0x08010cf0   0x08010cf0   0x00000010   Code   RO        14123    i.EE_AnchorWorkMode_Write  bsp_i2c_ee.o
    0x08010d00   0x08010d00   0x00000010   Code   RO        14126    i.EE_Network_Read   bsp_i2c_ee.o
    0x08010d10   0x08010d10   0x00000010   Code   RO        14127    i.EE_Network_Write  bsp_i2c_ee.o
    0x08010d20   0x08010d20   0x00000010   Code   RO        14128    i.EE_PowerOnType_Read  bsp_i2c_ee.o
    0x08010d30   0x08010d30   0x00000010   Code   RO        14129    i.EE_PowerOnType_Write  bsp_i2c_ee.o
    0x08010d40   0x08010d40   0x00000010   Code   RO        14130    i.EE_TimeStamp_Read  bsp_i2c_ee.o
    0x08010d50   0x08010d50   0x00000010   Code   RO        14131    i.EE_TimeStamp_Write  bsp_i2c_ee.o
    0x08010d60   0x08010d60   0x00000010   Code   RO        14132    i.EE_Version_Read   bsp_i2c_ee.o
    0x08010d70   0x08010d70   0x00000010   Code   RO        14134    i.EE_upgrateFlag_Read  bsp_i2c_ee.o
    0x08010d80   0x08010d80   0x00000010   Code   RO        14135    i.EE_upgrateFlag_Write  bsp_i2c_ee.o
    0x08010d90   0x08010d90   0x0000002e   Code   RO          261    i.ETH_FlushTransmitFIFO  stm32f4xx_hal_eth.o
    0x08010dbe   0x08010dbe   0x00000002   PAD
    0x08010dc0   0x08010dc0   0x00000024   Code   RO         8025    i.ETH_IRQHandler    bsp_eth.o
    0x08010de4   0x08010de4   0x00000124   Code   RO          262    i.ETH_MACDMAConfig  stm32f4xx_hal_eth.o
    0x08010f08   0x08010f08   0x0000007c   Code   RO         8093    i.GPIO_CLK_Init     board.o
    0x08010f84   0x08010f84   0x00000094   Code   RO         8408    i.GeneralSignal_Task  apptask.o
    0x08011018   0x08011018   0x00000016   Code   RO         2326    i.HAL_Delay         stm32f4xx_hal.o
    0x0801102e   0x0801102e   0x00000072   Code   RO          265    i.HAL_ETH_DMARxDescListInit  stm32f4xx_hal_eth.o
    0x080110a0   0x080110a0   0x00000078   Code   RO          266    i.HAL_ETH_DMATxDescListInit  stm32f4xx_hal_eth.o
    0x08011118   0x08011118   0x0000001a   Code   RO          267    i.HAL_ETH_DeInit    stm32f4xx_hal_eth.o
    0x08011132   0x08011132   0x00000002   PAD
    0x08011134   0x08011134   0x0000002c   Code   RO         8026    i.HAL_ETH_ErrorCallback  bsp_eth.o
    0x08011160   0x08011160   0x0000007a   Code   RO          269    i.HAL_ETH_GetReceivedFrame  stm32f4xx_hal_eth.o
    0x080111da   0x080111da   0x0000007a   Code   RO          272    i.HAL_ETH_IRQHandler  stm32f4xx_hal_eth.o
    0x08011254   0x08011254   0x00000270   Code   RO          273    i.HAL_ETH_Init      stm32f4xx_hal_eth.o
    0x080114c4   0x080114c4   0x00000064   Code   RO         8027    i.HAL_ETH_MspDeInit  bsp_eth.o
    0x08011528   0x08011528   0x000000f8   Code   RO         8028    i.HAL_ETH_MspInit   bsp_eth.o
    0x08011620   0x08011620   0x000000d0   Code   RO          276    i.HAL_ETH_ReadPHYRegister  stm32f4xx_hal_eth.o
    0x080116f0   0x080116f0   0x00000030   Code   RO         8029    i.HAL_ETH_RxCpltCallback  bsp_eth.o
    0x08011720   0x08011720   0x00000084   Code   RO          278    i.HAL_ETH_Start     stm32f4xx_hal_eth.o
    0x080117a4   0x080117a4   0x00000108   Code   RO          280    i.HAL_ETH_TransmitFrame  stm32f4xx_hal_eth.o
    0x080118ac   0x080118ac   0x00000002   Code   RO         8030    i.HAL_ETH_TxCpltCallback  bsp_eth.o
    0x080118ae   0x080118ae   0x00000002   PAD
    0x080118b0   0x080118b0   0x000000c8   Code   RO          282    i.HAL_ETH_WritePHYRegister  stm32f4xx_hal_eth.o
    0x08011978   0x08011978   0x000001c8   Code   RO         2130    i.HAL_GPIO_DeInit   stm32f4xx_hal_gpio.o
    0x08011b40   0x08011b40   0x00000334   Code   RO         2133    i.HAL_GPIO_Init     stm32f4xx_hal_gpio.o
    0x08011e74   0x08011e74   0x00000058   Code   RO         2135    i.HAL_GPIO_ReadPin  stm32f4xx_hal_gpio.o
    0x08011ecc   0x08011ecc   0x00000058   Code   RO         2136    i.HAL_GPIO_TogglePin  stm32f4xx_hal_gpio.o
    0x08011f24   0x08011f24   0x0000006c   Code   RO         2137    i.HAL_GPIO_WritePin  stm32f4xx_hal_gpio.o
    0x08011f90   0x08011f90   0x0000000c   Code   RO         2334    i.HAL_GetTick       stm32f4xx_hal.o
    0x08011f9c   0x08011f9c   0x000000c8   Code   RO         4939    i.HAL_I2CEx_ConfigAnalogFilter  stm32f4xx_hal_i2c_ex.o
    0x08012064   0x08012064   0x00000006   Code   RO         4647    i.HAL_I2C_GetState  stm32f4xx_hal_i2c.o
    0x0801206a   0x0801206a   0x00000002   PAD
    0x0801206c   0x0801206c   0x00000200   Code   RO         4648    i.HAL_I2C_Init      stm32f4xx_hal_i2c.o
    0x0801226c   0x0801226c   0x00000140   Code   RO         4649    i.HAL_I2C_IsDeviceReady  stm32f4xx_hal_i2c.o
    0x080123ac   0x080123ac   0x00000204   Code   RO         4660    i.HAL_I2C_Mem_Read  stm32f4xx_hal_i2c.o
    0x080125b0   0x080125b0   0x0000013c   Code   RO         4663    i.HAL_I2C_Mem_Write  stm32f4xx_hal_i2c.o
    0x080126ec   0x080126ec   0x00000088   Code   RO        14136    i.HAL_I2C_MspInit   bsp_i2c_ee.o
    0x08012774   0x08012774   0x000000d0   Code   RO         3555    i.HAL_IWDG_Init     stm32f4xx_hal_iwdg.o
    0x08012844   0x08012844   0x00000002   Code   RO         3556    i.HAL_IWDG_MspInit  stm32f4xx_hal_iwdg.o
    0x08012846   0x08012846   0x00000054   Code   RO         3557    i.HAL_IWDG_Refresh  stm32f4xx_hal_iwdg.o
    0x0801289a   0x0801289a   0x0000002a   Code   RO         3558    i.HAL_IWDG_Start    stm32f4xx_hal_iwdg.o
    0x080128c4   0x080128c4   0x00000010   Code   RO         2335    i.HAL_IncTick       stm32f4xx_hal.o
    0x080128d4   0x080128d4   0x00000034   Code   RO         2336    i.HAL_Init          stm32f4xx_hal.o
    0x08012908   0x08012908   0x00000022   Code   RO         2337    i.HAL_InitTick      stm32f4xx_hal.o
    0x0801292a   0x0801292a   0x00000002   Code   RO         5638    i.HAL_MspInit       stm32f4xx_hal_msp_template.o
    0x0801292c   0x0801292c   0x00000064   Code   RO         2199    i.HAL_NVIC_EnableIRQ  stm32f4xx_hal_cortex.o
    0x08012990   0x08012990   0x000000a0   Code   RO         2205    i.HAL_NVIC_SetPriority  stm32f4xx_hal_cortex.o
    0x08012a30   0x08012a30   0x00000084   Code   RO         2206    i.HAL_NVIC_SetPriorityGrouping  stm32f4xx_hal_cortex.o
    0x08012ab4   0x08012ab4   0x00000088   Code   RO         6410    i.HAL_PWREx_EnableOverDrive  stm32f4xx_hal_pwr_ex.o
    0x08012b3c   0x08012b3c   0x00000018   Code   RO         6291    i.HAL_PWR_EnableBkUpAccess  stm32f4xx_hal_pwr.o
    0x08012b54   0x08012b54   0x000003b4   Code   RO         1844    i.HAL_RCCEx_PeriphCLKConfig  stm32f4xx_hal_rcc_ex.o
    0x08012f08   0x08012f08   0x00000380   Code   RO         1739    i.HAL_RCC_ClockConfig  stm32f4xx_hal_rcc.o
    0x08013288   0x08013288   0x00000034   Code   RO         1744    i.HAL_RCC_GetHCLKFreq  stm32f4xx_hal_rcc.o
    0x080132bc   0x080132bc   0x0000002c   Code   RO         1746    i.HAL_RCC_GetPCLK1Freq  stm32f4xx_hal_rcc.o
    0x080132e8   0x080132e8   0x0000002c   Code   RO         1747    i.HAL_RCC_GetPCLK2Freq  stm32f4xx_hal_rcc.o
    0x08013314   0x08013314   0x00000074   Code   RO         1748    i.HAL_RCC_GetSysClockFreq  stm32f4xx_hal_rcc.o
    0x08013388   0x08013388   0x00000458   Code   RO         1751    i.HAL_RCC_OscConfig  stm32f4xx_hal_rcc.o
    0x080137e0   0x080137e0   0x000000a8   Code   RO         3065    i.HAL_RTCEx_BKUPRead  stm32f4xx_hal_rtc_ex.o
    0x08013888   0x08013888   0x000000ac   Code   RO         3066    i.HAL_RTCEx_BKUPWrite  stm32f4xx_hal_rtc_ex.o
    0x08013934   0x08013934   0x00000094   Code   RO         2932    i.HAL_RTC_GetDate   stm32f4xx_hal_rtc.o
    0x080139c8   0x080139c8   0x000000a8   Code   RO         2934    i.HAL_RTC_GetTime   stm32f4xx_hal_rtc.o
    0x08013a70   0x08013a70   0x00000148   Code   RO         2935    i.HAL_RTC_Init      stm32f4xx_hal_rtc.o
    0x08013bb8   0x08013bb8   0x0000004c   Code   RO         8617    i.HAL_RTC_MspInit   rtc.o
    0x08013c04   0x08013c04   0x000001b8   Code   RO         2941    i.HAL_RTC_SetDate   stm32f4xx_hal_rtc.o
    0x08013dbc   0x08013dbc   0x00000218   Code   RO         2942    i.HAL_RTC_SetTime   stm32f4xx_hal_rtc.o
    0x08013fd4   0x08013fd4   0x00000034   Code   RO         2943    i.HAL_RTC_WaitForSynchro  stm32f4xx_hal_rtc.o
    0x08014008   0x08014008   0x000001a4   Code   RO         3318    i.HAL_SPI_Init      stm32f4xx_hal_spi.o
    0x080141ac   0x080141ac   0x000000a0   Code   RO         9025    i.HAL_SPI_MspInit   spi.o
    0x0801424c   0x0801424c   0x00000300   Code   RO         3327    i.HAL_SPI_TransmitReceive  stm32f4xx_hal_spi.o
    0x0801454c   0x0801454c   0x00000068   Code   RO         2208    i.HAL_SYSTICK_CLKSourceConfig  stm32f4xx_hal_cortex.o
    0x080145b4   0x080145b4   0x00000028   Code   RO         2210    i.HAL_SYSTICK_Config  stm32f4xx_hal_cortex.o
    0x080145dc   0x080145dc   0x00000002   Code   RO         1044    i.HAL_TIMEx_BreakCallback  stm32f4xx_hal_tim_ex.o
    0x080145de   0x080145de   0x00000002   Code   RO         1045    i.HAL_TIMEx_CommutationCallback  stm32f4xx_hal_tim_ex.o
    0x080145e0   0x080145e0   0x00000138   Code   RO          415    i.HAL_TIM_Base_Init  stm32f4xx_hal_tim.o
    0x08014718   0x08014718   0x0000002c   Code   RO         8957    i.HAL_TIM_Base_MspInit  time.o
    0x08014744   0x08014744   0x000000ec   Code   RO          420    i.HAL_TIM_Base_Start_IT  stm32f4xx_hal_tim.o
    0x08014830   0x08014830   0x00000002   Code   RO          444    i.HAL_TIM_IC_CaptureCallback  stm32f4xx_hal_tim.o
    0x08014832   0x08014832   0x00000166   Code   RO          457    i.HAL_TIM_IRQHandler  stm32f4xx_hal_tim.o
    0x08014998   0x08014998   0x00000002   Code   RO          460    i.HAL_TIM_OC_DelayElapsedCallback  stm32f4xx_hal_tim.o
    0x0801499a   0x0801499a   0x00000002   Code   RO          487    i.HAL_TIM_PWM_PulseFinishedCallback  stm32f4xx_hal_tim.o
    0x0801499c   0x0801499c   0x00000018   Code   RO         8958    i.HAL_TIM_PeriodElapsedCallback  time.o
    0x080149b4   0x080149b4   0x00000002   Code   RO          498    i.HAL_TIM_TriggerCallback  stm32f4xx_hal_tim.o
    0x080149b6   0x080149b6   0x00000002   Code   RO         1513    i.HAL_UART_ErrorCallback  stm32f4xx_hal_uart.o
    0x080149b8   0x080149b8   0x000000f4   Code   RO         1516    i.HAL_UART_IRQHandler  stm32f4xx_hal_uart.o
    0x08014aac   0x08014aac   0x00000158   Code   RO         1517    i.HAL_UART_Init     stm32f4xx_hal_uart.o
    0x08014c04   0x08014c04   0x000000e0   Code   RO         7745    i.HAL_UART_MspInit  bsp_debug_usart.o
    0x08014ce4   0x08014ce4   0x00000002   Code   RO         1523    i.HAL_UART_RxCpltCallback  stm32f4xx_hal_uart.o
    0x08014ce6   0x08014ce6   0x000000c8   Code   RO         1525    i.HAL_UART_Transmit  stm32f4xx_hal_uart.o
    0x08014dae   0x08014dae   0x00000002   Code   RO         1528    i.HAL_UART_TxCpltCallback  stm32f4xx_hal_uart.o
    0x08014db0   0x08014db0   0x000000ec   Code   RO         8094    i.HardwareConfigInfo_Handle  board.o
    0x08014e9c   0x08014e9c   0x00000060   Code   RO         8409    i.HeartPacketMessage_Task  apptask.o
    0x08014efc   0x08014efc   0x0000001c   Code   RO        14137    i.I2C_EE_BufferRead  bsp_i2c_ee.o
    0x08014f18   0x08014f18   0x00000088   Code   RO        14138    i.I2C_EE_BufferWrite  bsp_i2c_ee.o
    0x08014fa0   0x08014fa0   0x00000004   Code   RO        14140    i.I2C_EE_Init       bsp_i2c_ee.o
    0x08014fa4   0x08014fa4   0x00000048   Code   RO        14141    i.I2C_EE_PageWrite  bsp_i2c_ee.o
    0x08014fec   0x08014fec   0x0000003c   Code   RO        14142    i.I2C_Mode_Config   bsp_i2c_ee.o
    0x08015028   0x08015028   0x000000e0   Code   RO         4687    i.I2C_RequestMemoryRead  stm32f4xx_hal_i2c.o
    0x08015108   0x08015108   0x00000090   Code   RO         4688    i.I2C_RequestMemoryWrite  stm32f4xx_hal_i2c.o
    0x08015198   0x08015198   0x0000008a   Code   RO         4689    i.I2C_WaitOnFlagUntilTimeout  stm32f4xx_hal_i2c.o
    0x08015222   0x08015222   0x00000082   Code   RO         4690    i.I2C_WaitOnMasterAddressFlagUntilTimeout  stm32f4xx_hal_i2c.o
    0x080152a4   0x080152a4   0x0000000c   Code   RO         8959    i.IWDG_Feed         time.o
    0x080152b0   0x080152b0   0x00000024   Code   RO         8960    i.IWDG_Init         time.o
    0x080152d4   0x080152d4   0x000000f8   Code   RO        14093    i.JianZhang_LoraData_Handle  lora_demo.o
    0x080153cc   0x080153cc   0x00000038   Code   RO         7980    i.LED_GPIO_Config   bsp_led.o
    0x08015404   0x08015404   0x00000010   Code   RO         8410    i.LoraMessage_Task  apptask.o
    0x08015414   0x08015414   0x00000038   Code   RO         9026    i.Lora_SPI_Init     spi.o
    0x0801544c   0x0801544c   0x00000030   Code   RO         8961    i.MX_TIM6_Init      time.o
    0x0801547c   0x0801547c   0x00000058   Code   RO         8201    i.MemManage_Handler  stm32f4xx_it.o
    0x080154d4   0x080154d4   0x00000002   Code   RO         8202    i.NMI_Handler       stm32f4xx_it.o
    0x080154d6   0x080154d6   0x00000020   Code   RO         2212    i.NVIC_SetPriority  stm32f4xx_hal_cortex.o
    0x080154f6   0x080154f6   0x00000002   PAD
    0x080154f8   0x080154f8   0x00000024   Code   RO         8203    i.NVIC_SystemReset  stm32f4xx_it.o
    0x0801551c   0x0801551c   0x00000024   Code   RO         8474    i.NVIC_SystemReset  servertoanchor.o
    0x08015540   0x08015540   0x0000000c   Code   RO         8411    i.NetworkMessage_Task  apptask.o
    0x0801554c   0x0801554c   0x000000ec   Code   RO         8475    i.PowerOnMessage_Handle  servertoanchor.o
    0x08015638   0x08015638   0x00000012   Code   RO         2944    i.RTC_Bcd2ToByte    stm32f4xx_hal_rtc.o
    0x0801564a   0x0801564a   0x00000016   Code   RO         2945    i.RTC_ByteToBcd2    stm32f4xx_hal_rtc.o
    0x08015660   0x08015660   0x00000038   Code   RO         2946    i.RTC_EnterInitMode  stm32f4xx_hal_rtc.o
    0x08015698   0x08015698   0x00000064   Code   RO         8618    i.RTC_Init          rtc.o
    0x080156fc   0x080156fc   0x00000024   Code   RO         8619    i.RTC_Set_Date      rtc.o
    0x08015720   0x08015720   0x0000002c   Code   RO         8620    i.RTC_Set_Time      rtc.o
    0x0801574c   0x0801574c   0x00000010   Code   RO        13958    i.Read127xReg       sx127x_driver.o
    0x0801575c   0x0801575c   0x0000009e   Code   RO         3349    i.SPI_WaitOnFlagUntilTimeout  stm32f4xx_hal_spi.o
    0x080157fa   0x080157fa   0x00000002   PAD
    0x080157fc   0x080157fc   0x000000a8   Code   RO        13882    i.SX1276HALInit     sx127x_hal.o
    0x080158a4   0x080158a4   0x0000000c   Code   RO        13883    i.SX1276ReadDio0    sx127x_hal.o
    0x080158b0   0x080158b0   0x00000010   Code   RO        13884    i.SX1276ReadDio1    sx127x_hal.o
    0x080158c0   0x080158c0   0x00000010   Code   RO        13885    i.SX1276ReadDio3    sx127x_hal.o
    0x080158d0   0x080158d0   0x0000000c   Code   RO        13886    i.SX1276ReadDio4    sx127x_hal.o
    0x080158dc   0x080158dc   0x0000003c   Code   RO        13959    i.SX1278ReadBuffer  sx127x_driver.o
    0x08015918   0x08015918   0x0000003a   Code   RO        13960    i.SX1278WriteBuffer  sx127x_driver.o
    0x08015952   0x08015952   0x00000002   PAD
    0x08015954   0x08015954   0x00000010   Code   RO        13887    i.SX127X_ResetPinControl  sx127x_hal.o
    0x08015964   0x08015964   0x0000000e   Code   RO        13961    i.SX127xGetOpMode   sx127x_driver.o
    0x08015972   0x08015972   0x00000002   PAD
    0x08015974   0x08015974   0x00000180   Code   RO        13962    i.SX127xProcess     sx127x_driver.o
    0x08015af4   0x08015af4   0x0000000a   Code   RO        13963    i.SX127xReadFifo    sx127x_driver.o
    0x08015afe   0x08015afe   0x00000002   PAD
    0x08015b00   0x08015b00   0x00000048   Code   RO        13964    i.SX127xSetFrf      sx127x_driver.o
    0x08015b48   0x08015b48   0x00000028   Code   RO        13965    i.SX127xSetLoRaMode  sx127x_driver.o
    0x08015b70   0x08015b70   0x0000002e   Code   RO        13966    i.SX127xSetOpMode   sx127x_driver.o
    0x08015b9e   0x08015b9e   0x00000002   PAD
    0x08015ba0   0x08015ba0   0x0000007c   Code   RO        13967    i.SX127xSetTxPacket  sx127x_driver.o
    0x08015c1c   0x08015c1c   0x0000000a   Code   RO        13968    i.SX127xWriteFifo   sx127x_driver.o
    0x08015c26   0x08015c26   0x00000002   PAD
    0x08015c28   0x08015c28   0x00000108   Code   RO         8476    i.ServerCtrlAnchor_Handle  servertoanchor.o
    0x08015d30   0x08015d30   0x0000004c   Code   RO         8477    i.ServerFindAnchorInfo_Handle  servertoanchor.o
    0x08015d7c   0x08015d7c   0x00000084   Code   RO         8478    i.ServiceAndDeviceResponse  servertoanchor.o
    0x08015e00   0x08015e00   0x00000130   Code   RO         8479    i.ServiceSendConfig_Handle  servertoanchor.o
    0x08015f30   0x08015f30   0x00000016   Code   RO        13888    i.Soft_delay_ms     sx127x_hal.o
    0x08015f46   0x08015f46   0x00000002   PAD
    0x08015f48   0x08015f48   0x00000024   Code   RO        13889    i.SpiInOut          sx127x_hal.o
    0x08015f6c   0x08015f6c   0x00000010   Code   RO        13890    i.SpiNSSEnable      sx127x_hal.o
    0x08015f7c   0x08015f7c   0x00000024   Code   RO        13969    i.Sx127xReadRxPackage  sx127x_driver.o
    0x08015fa0   0x08015fa0   0x00000028   Code   RO        13970    i.Sx127xRestart     sx127x_driver.o
    0x08015fc8   0x08015fc8   0x0000000c   Code   RO        13971    i.Sx127xStartCADCheck  sx127x_driver.o
    0x08015fd4   0x08015fd4   0x00000018   Code   RO        13972    i.Sx127xStartRx     sx127x_driver.o
    0x08015fec   0x08015fec   0x0000002a   Code   RO         8204    i.SysTick_Handler   stm32f4xx_it.o
    0x08016016   0x08016016   0x00000002   PAD
    0x08016018   0x08016018   0x000000a4   Code   RO         8095    i.SystemClock_Config  board.o
    0x080160bc   0x080160bc   0x00000054   Code   RO           14    i.SystemInit        system_stm32f4xx.o
    0x08016110   0x08016110   0x00000108   Code   RO        13606    i.TCPIP_Init        sys_arch.o
    0x08016218   0x08016218   0x0000000c   Code   RO         8962    i.TIM6_DAC_IRQHandler  time.o
    0x08016224   0x08016224   0x000000c0   Code   RO          499    i.TIM_Base_SetConfig  stm32f4xx_hal_tim.o
    0x080162e4   0x080162e4   0x000000a6   Code   RO         1535    i.UART_Receive_IT   stm32f4xx_hal_uart.o
    0x0801638a   0x0801638a   0x00000002   PAD
    0x0801638c   0x0801638c   0x0000020c   Code   RO         1536    i.UART_SetConfig    stm32f4xx_hal_uart.o
    0x08016598   0x08016598   0x00000066   Code   RO         1537    i.UART_Transmit_IT  stm32f4xx_hal_uart.o
    0x080165fe   0x080165fe   0x00000092   Code   RO         1538    i.UART_WaitOnFlagUntilTimeout  stm32f4xx_hal_uart.o
    0x08016690   0x08016690   0x00000060   Code   RO         8266    i.UDP_SendDataPacket  udpecho.o
    0x080166f0   0x080166f0   0x00000016   Code   RO         8567    i.UDP_public_Sum_check  public.o
    0x08016706   0x08016706   0x00000002   PAD
    0x08016708   0x08016708   0x00000030   Code   RO         7746    i.USART1_For_Debug_tx  bsp_debug_usart.o
    0x08016738   0x08016738   0x00000034   Code   RO         7747    i.USART1_IRQHandler  bsp_debug_usart.o
    0x0801676c   0x0801676c   0x00000054   Code   RO         7750    i.USART3_IRQHandler  bsp_debug_usart.o
    0x080167c0   0x080167c0   0x00000064   Code   RO         8480    i.UpdateTimeReqReponse_Handle  servertoanchor.o
    0x08016824   0x08016824   0x00000058   Code   RO         8205    i.UsageFault_Handler  stm32f4xx_it.o
    0x0801687c   0x0801687c   0x000000c8   Code   RO         9076    i.Usr_NetworkRecvData_Handle  network.o
    0x08016944   0x08016944   0x0000000c   Code   RO        13973    i.Write127xReg      sx127x_driver.o
    0x08016950   0x08016950   0x00000020   Code   RO        14532    i.__0printf$8       mc_w.l(printf8.o)
    0x08016970   0x08016970   0x00000028   Code   RO        14534    i.__0sprintf$8      mc_w.l(printf8.o)
    0x08016998   0x08016998   0x00000008   Code   RO        14614    i.__aeabi_errno_addr  mc_w.l(errno.o)
    0x080169a0   0x080169a0   0x0000000e   Code   RO        14677    i.__scatterload_copy  mc_w.l(handlers.o)
    0x080169ae   0x080169ae   0x00000002   Code   RO        14678    i.__scatterload_null  mc_w.l(handlers.o)
    0x080169b0   0x080169b0   0x0000000e   Code   RO        14679    i.__scatterload_zeroinit  mc_w.l(handlers.o)
    0x080169be   0x080169be   0x00000002   PAD
    0x080169c0   0x080169c0   0x00000410   Code   RO        14539    i._printf_core      mc_w.l(printf8.o)
    0x08016dd0   0x08016dd0   0x00000024   Code   RO        14540    i._printf_post_padding  mc_w.l(printf8.o)
    0x08016df4   0x08016df4   0x0000002e   Code   RO        14541    i._printf_pre_padding  mc_w.l(printf8.o)
    0x08016e22   0x08016e22   0x0000000a   Code   RO        14543    i._sputc            mc_w.l(printf8.o)
    0x08016e2c   0x08016e2c   0x00000084   Code   RO        10647    i.alloc_socket      sockets.o
    0x08016eb0   0x08016eb0   0x00000034   Code   RO         8096    i.assert_failed     board.o
    0x08016ee4   0x08016ee4   0x0000000a   Code   RO         8568    i.bswap_16          public.o
    0x08016eee   0x08016eee   0x00000002   PAD
    0x08016ef0   0x08016ef0   0x00000078   Code   RO        13811    i.cm_backtrace_assert  cm_backtrace.o
    0x08016f68   0x08016f68   0x000000a0   Code   RO        13812    i.cm_backtrace_call_stack  cm_backtrace.o
    0x08017008   0x08017008   0x0000023c   Code   RO        13813    i.cm_backtrace_fault  cm_backtrace.o
    0x08017244   0x08017244   0x0000002c   Code   RO        13814    i.cm_backtrace_firmware_info  cm_backtrace.o
    0x08017270   0x08017270   0x00000048   Code   RO        11508    i.do_memp_free_pool  memp.o
    0x080172b8   0x080172b8   0x00000058   Code   RO        11509    i.do_memp_malloc_pool  memp.o
    0x08017310   0x08017310   0x000000bc   Code   RO        13816    i.dump_stack        cm_backtrace.o
    0x080173cc   0x080173cc   0x00000030   Code   RO         8687    i.en_queue          iacs_queue.o
    0x080173fc   0x080173fc   0x0000014c   Code   RO        10216    i.err_tcp           api_msg.o
    0x08017548   0x08017548   0x0000001c   Code   RO        10421    i.err_to_errno      err.o
    0x08017564   0x08017564   0x0000002c   Code   RO        12955    i.etharp_cleanup_netif  etharp.o
    0x08017590   0x08017590   0x000001d4   Code   RO        12957    i.etharp_find_entry  etharp.o
    0x08017764   0x08017764   0x00000024   Code   RO        12958    i.etharp_free_entry  etharp.o
    0x08017788   0x08017788   0x000000a0   Code   RO        12960    i.etharp_input      etharp.o
    0x08017828   0x08017828   0x00000138   Code   RO        12961    i.etharp_output     etharp.o
    0x08017960   0x08017960   0x000000a8   Code   RO        12962    i.etharp_output_to_arp_index  etharp.o
    0x08017a08   0x08017a08   0x00000170   Code   RO        12963    i.etharp_query      etharp.o
    0x08017b78   0x08017b78   0x000000fc   Code   RO        12964    i.etharp_raw        etharp.o
    0x08017c74   0x08017c74   0x0000000c   Code   RO        12965    i.etharp_request    etharp.o
    0x08017c80   0x08017c80   0x00000020   Code   RO        12966    i.etharp_request_dst  etharp.o
    0x08017ca0   0x08017ca0   0x0000005c   Code   RO        12967    i.etharp_tmr        etharp.o
    0x08017cfc   0x08017cfc   0x000000b4   Code   RO        12968    i.etharp_update_arp_entry  etharp.o
    0x08017db0   0x08017db0   0x000000a4   Code   RO        13359    i.ethernet_input    ethernet.o
    0x08017e54   0x08017e54   0x00000090   Code   RO        13360    i.ethernet_output   ethernet.o
    0x08017ee4   0x08017ee4   0x00000094   Code   RO        13547    i.ethernetif_init   ethernetif.o
    0x08017f78   0x08017f78   0x0000004c   Code   RO        13548    i.ethernetif_input  ethernetif.o
    0x08017fc4   0x08017fc4   0x000000d8   Code   RO        10648    i.event_callback    sockets.o
    0x0801809c   0x0801809c   0x00000240   Code   RO        13817    i.fault_diagnosis   cm_backtrace.o
    0x080182dc   0x080182dc   0x00000018   Code   RO         7754    i.fputc             bsp_debug_usart.o
    0x080182f4   0x080182f4   0x00000050   Code   RO        14586    i.free              mc_w.l(malloc.o)
    0x08018344   0x08018344   0x00000036   Code   RO        10649    i.free_socket       sockets.o
    0x0801837a   0x0801837a   0x00000016   Code   RO        10650    i.get_socket        sockets.o
    0x08018390   0x08018390   0x00000008   Code   RO        13068    i.icmp_dest_unreach  icmp.o
    0x08018398   0x08018398   0x00000180   Code   RO        13069    i.icmp_input        icmp.o
    0x08018518   0x08018518   0x000000a8   Code   RO        13070    i.icmp_send_response  icmp.o
    0x080185c0   0x080185c0   0x00000008   Code   RO        13071    i.icmp_time_exceeded  icmp.o
    0x080185c8   0x080185c8   0x0000004a   Code   RO        11260    i.inet_chksum_pbuf  inet_chksum.o
    0x08018612   0x08018612   0x0000002a   Code   RO         8689    i.init_queue        iacs_queue.o
    0x0801863c   0x0801863c   0x0000002e   Code   RO        13211    i.ip4_addr_isbroadcast_u32  ip4_addr.o
    0x0801866a   0x0801866a   0x00000002   PAD
    0x0801866c   0x0801866c   0x000001e8   Code   RO        13284    i.ip4_frag          ip4_frag.o
    0x08018854   0x08018854   0x00000174   Code   RO        13138    i.ip4_input         ip4.o
    0x080189c8   0x080189c8   0x0000002c   Code   RO        13139    i.ip4_input_accept  ip4.o
    0x080189f4   0x080189f4   0x0000001e   Code   RO        13141    i.ip4_output_if     ip4.o
    0x08018a12   0x08018a12   0x00000002   PAD
    0x08018a14   0x08018a14   0x0000010c   Code   RO        13142    i.ip4_output_if_src  ip4.o
    0x08018b20   0x08018b20   0x00000228   Code   RO        13285    i.ip4_reass         ip4_frag.o
    0x08018d48   0x08018d48   0x00000060   Code   RO        13143    i.ip4_route         ip4.o
    0x08018da8   0x08018da8   0x00000024   Code   RO        13286    i.ip_frag_free_pbuf_custom_ref  ip4_frag.o
    0x08018dcc   0x08018dcc   0x000001b4   Code   RO        13287    i.ip_reass_chain_frag_into_datagram_and_validate  ip4_frag.o
    0x08018f80   0x08018f80   0x0000004c   Code   RO        13288    i.ip_reass_dequeue_datagram  ip4_frag.o
    0x08018fcc   0x08018fcc   0x00000114   Code   RO        13289    i.ip_reass_free_complete_datagram  ip4_frag.o
    0x080190e0   0x080190e0   0x00000084   Code   RO        13290    i.ip_reass_remove_oldest_datagram  ip4_frag.o
    0x08019164   0x08019164   0x0000002c   Code   RO        13291    i.ip_reass_tmr      ip4_frag.o
    0x08019190   0x08019190   0x0000002c   Code   RO        13292    i.ipfrag_free_pbuf_custom  ip4_frag.o
    0x080191bc   0x080191bc   0x0000001c   Code   RO         8691    i.is_queue_full     iacs_queue.o
    0x080191d8   0x080191d8   0x0000002c   Code   RO        13974    i.lora_init         sx127x_driver.o
    0x08019204   0x08019204   0x00000148   Code   RO        13549    i.low_level_init    ethernetif.o
    0x0801934c   0x0801934c   0x000000ec   Code   RO        13550    i.low_level_input   ethernetif.o
    0x08019438   0x08019438   0x000000d4   Code   RO        13551    i.low_level_output  ethernetif.o
    0x0801950c   0x0801950c   0x00000074   Code   RO        10652    i.lwip_bind         sockets.o
    0x08019580   0x08019580   0x00000070   Code   RO        10653    i.lwip_close        sockets.o
    0x080195f0   0x080195f0   0x00000088   Code   RO        10654    i.lwip_connect      sockets.o
    0x08019678   0x08019678   0x0000003c   Code   RO        12682    i.lwip_cyclic_timer  timeouts.o
    0x080196b4   0x080196b4   0x00000004   Code   RO        11179    i.lwip_htonl        def.o
    0x080196b8   0x080196b8   0x00000004   Code   RO        11180    i.lwip_htons        def.o
    0x080196bc   0x080196bc   0x00000022   Code   RO        11336    i.lwip_init         init.o
    0x080196de   0x080196de   0x00000036   Code   RO        10217    i.lwip_netconn_do_bind  api_msg.o
    0x08019714   0x08019714   0x000000c4   Code   RO        10219    i.lwip_netconn_do_close  api_msg.o
    0x080197d8   0x080197d8   0x00000238   Code   RO        10220    i.lwip_netconn_do_close_internal  api_msg.o
    0x08019a10   0x08019a10   0x000000ec   Code   RO        10221    i.lwip_netconn_do_connect  api_msg.o
    0x08019afc   0x08019afc   0x0000010c   Code   RO        10222    i.lwip_netconn_do_connected  api_msg.o
    0x08019c08   0x08019c08   0x00000118   Code   RO        10223    i.lwip_netconn_do_delconn  api_msg.o
    0x08019d20   0x08019d20   0x00000020   Code   RO        10224    i.lwip_netconn_do_disconnect  api_msg.o
    0x08019d40   0x08019d40   0x0000007c   Code   RO        10225    i.lwip_netconn_do_getaddr  api_msg.o
    0x08019dbc   0x08019dbc   0x00000012   Code   RO        10227    i.lwip_netconn_do_newconn  api_msg.o
    0x08019dce   0x08019dce   0x00000044   Code   RO        10228    i.lwip_netconn_do_recv  api_msg.o
    0x08019e12   0x08019e12   0x00000042   Code   RO        10229    i.lwip_netconn_do_send  api_msg.o
    0x08019e54   0x08019e54   0x000000d0   Code   RO        10230    i.lwip_netconn_do_write  api_msg.o
    0x08019f24   0x08019f24   0x000002f0   Code   RO        10231    i.lwip_netconn_do_writemore  api_msg.o
    0x0801a214   0x0801a214   0x00000044   Code   RO        10232    i.lwip_netconn_err_to_msg  api_msg.o
    0x0801a258   0x0801a258   0x00000048   Code   RO        10233    i.lwip_netconn_is_err_msg  api_msg.o
    0x0801a2a0   0x0801a2a0   0x00000188   Code   RO        10671    i.lwip_recv_tcp     sockets.o
    0x0801a428   0x0801a428   0x000000d0   Code   RO        10672    i.lwip_recvfrom     sockets.o
    0x0801a4f8   0x0801a4f8   0x00000114   Code   RO        10673    i.lwip_recvfrom_udp_raw  sockets.o
    0x0801a60c   0x0801a60c   0x00000072   Code   RO        10677    i.lwip_send         sockets.o
    0x0801a67e   0x0801a67e   0x00000002   PAD
    0x0801a680   0x0801a680   0x000000f4   Code   RO        10679    i.lwip_sendto       sockets.o
    0x0801a774   0x0801a774   0x000000a4   Code   RO        10683    i.lwip_sock_make_addr  sockets.o
    0x0801a818   0x0801a818   0x0000006c   Code   RO        10684    i.lwip_socket       sockets.o
    0x0801a884   0x0801a884   0x00000056   Code   RO        11267    i.lwip_standard_chksum  inet_chksum.o
    0x0801a8da   0x0801a8da   0x00000002   PAD
    0x0801a8dc   0x0801a8dc   0x00000058   Code   RO         8158    i.main              main.o
    0x0801a934   0x0801a934   0x00000158   Code   RO        11438    i.mem_free          mem.o
    0x0801aa8c   0x0801aa8c   0x00000068   Code   RO        11439    i.mem_init          mem.o
    0x0801aaf4   0x0801aaf4   0x000001d0   Code   RO        11440    i.mem_malloc        mem.o
    0x0801acc4   0x0801acc4   0x00000010   Code   RO        11441    i.mem_to_ptr        mem.o
    0x0801acd4   0x0801acd4   0x0000016c   Code   RO        11442    i.mem_trim          mem.o
    0x0801ae40   0x0801ae40   0x0000003c   Code   RO        11510    i.memp_free         memp.o
    0x0801ae7c   0x0801ae7c   0x0000001c   Code   RO        11512    i.memp_init         memp.o
    0x0801ae98   0x0801ae98   0x0000002a   Code   RO        11513    i.memp_init_pool    memp.o
    0x0801aec2   0x0801aec2   0x00000002   PAD
    0x0801aec4   0x0801aec4   0x00000044   Code   RO        11514    i.memp_malloc       memp.o
    0x0801af08   0x0801af08   0x00000058   Code   RO         8759    i.my_mem_free       malloc.o
    0x0801af60   0x0801af60   0x0000003c   Code   RO         8760    i.my_mem_init       malloc.o
    0x0801af9c   0x0801af9c   0x0000008c   Code   RO         8761    i.my_mem_malloc     malloc.o
    0x0801b028   0x0801b028   0x00000038   Code   RO         8762    i.my_mem_perused    malloc.o
    0x0801b060   0x0801b060   0x00000018   Code   RO         8763    i.myfree            malloc.o
    0x0801b078   0x0801b078   0x00000020   Code   RO         8764    i.mymalloc          malloc.o
    0x0801b098   0x0801b098   0x0000000c   Code   RO         8766    i.mymemset          malloc.o
    0x0801b0a4   0x0801b0a4   0x00000022   Code   RO        10514    i.netbuf_delete     netbuf.o
    0x0801b0c6   0x0801b0c6   0x00000002   PAD
    0x0801b0c8   0x0801b0c8   0x0000003c   Code   RO        10516    i.netbuf_free       netbuf.o
    0x0801b104   0x0801b104   0x00000060   Code   RO        10519    i.netbuf_ref        netbuf.o
    0x0801b164   0x0801b164   0x000000a0   Code   RO        10234    i.netconn_alloc     api_msg.o
    0x0801b204   0x0801b204   0x00000016   Code   RO         9953    i.netconn_apimsg    api_lib.o
    0x0801b21a   0x0801b21a   0x00000002   PAD
    0x0801b21c   0x0801b21c   0x00000050   Code   RO         9954    i.netconn_bind      api_lib.o
    0x0801b26c   0x0801b26c   0x0000004c   Code   RO         9957    i.netconn_close_shutdown  api_lib.o
    0x0801b2b8   0x0801b2b8   0x00000054   Code   RO         9958    i.netconn_connect   api_lib.o
    0x0801b30c   0x0801b30c   0x0000001e   Code   RO         9959    i.netconn_delete    api_lib.o
    0x0801b32a   0x0801b32a   0x00000002   PAD
    0x0801b32c   0x0801b32c   0x00000048   Code   RO         9960    i.netconn_disconnect  api_lib.o
    0x0801b374   0x0801b374   0x0000009c   Code   RO        10235    i.netconn_drain     api_msg.o
    0x0801b410   0x0801b410   0x0000001e   Code   RO         9961    i.netconn_err       api_lib.o
    0x0801b42e   0x0801b42e   0x00000002   PAD
    0x0801b430   0x0801b430   0x000000f4   Code   RO        10236    i.netconn_free      api_msg.o
    0x0801b524   0x0801b524   0x0000009c   Code   RO         9962    i.netconn_getaddr   api_lib.o
    0x0801b5c0   0x0801b5c0   0x00000100   Code   RO         9964    i.netconn_new_with_proto_and_callback  api_lib.o
    0x0801b6c0   0x0801b6c0   0x00000020   Code   RO         9965    i.netconn_prepare_delete  api_lib.o
    0x0801b6e0   0x0801b6e0   0x00000114   Code   RO         9967    i.netconn_recv_data  api_lib.o
    0x0801b7f4   0x0801b7f4   0x00000092   Code   RO         9968    i.netconn_recv_data_tcp  api_lib.o
    0x0801b886   0x0801b886   0x00000002   PAD
    0x0801b888   0x0801b888   0x00000048   Code   RO         9970    i.netconn_recv_tcp_pbuf_flags  api_lib.o
    0x0801b8d0   0x0801b8d0   0x00000050   Code   RO         9972    i.netconn_recv_udp_raw_netbuf_flags  api_lib.o
    0x0801b920   0x0801b920   0x00000044   Code   RO         9973    i.netconn_send      api_lib.o
    0x0801b964   0x0801b964   0x0000004c   Code   RO         9976    i.netconn_tcp_recvd  api_lib.o
    0x0801b9b0   0x0801b9b0   0x00000054   Code   RO         9977    i.netconn_tcp_recvd_msg  api_lib.o
    0x0801ba04   0x0801ba04   0x00000014   Code   RO         9978    i.netconn_write_partly  api_lib.o
    0x0801ba18   0x0801ba18   0x00000118   Code   RO         9979    i.netconn_write_vectors_partly  api_lib.o
    0x0801bb30   0x0801bb30   0x00000158   Code   RO        11651    i.netif_add         netif.o
    0x0801bc88   0x0801bc88   0x00000016   Code   RO        11653    i.netif_do_ip_addr_changed  netif.o
    0x0801bc9e   0x0801bc9e   0x00000016   Code   RO        11654    i.netif_do_set_gw   netif.o
    0x0801bcb4   0x0801bcb4   0x00000058   Code   RO        11655    i.netif_do_set_ipaddr  netif.o
    0x0801bd0c   0x0801bd0c   0x00000016   Code   RO        11656    i.netif_do_set_netmask  netif.o
    0x0801bd22   0x0801bd22   0x00000002   PAD
    0x0801bd24   0x0801bd24   0x00000024   Code   RO        11658    i.netif_get_by_index  netif.o
    0x0801bd48   0x0801bd48   0x00000002   Code   RO        11660    i.netif_init        netif.o
    0x0801bd4a   0x0801bd4a   0x00000002   PAD
    0x0801bd4c   0x0801bd4c   0x0000005c   Code   RO        11662    i.netif_issue_reports  netif.o
    0x0801bda8   0x0801bda8   0x00000006   Code   RO        11664    i.netif_null_output_ip4  netif.o
    0x0801bdae   0x0801bdae   0x00000002   PAD
    0x0801bdb0   0x0801bdb0   0x00000060   Code   RO        11666    i.netif_set_addr    netif.o
    0x0801be10   0x0801be10   0x0000000c   Code   RO        11667    i.netif_set_default  netif.o
    0x0801be1c   0x0801be1c   0x00000044   Code   RO        11668    i.netif_set_down    netif.o
    0x0801be60   0x0801be60   0x0000003c   Code   RO        11674    i.netif_set_up      netif.o
    0x0801be9c   0x0801be9c   0x00000006   Code   RO        11833    i.pbuf_add_header   pbuf.o
    0x0801bea2   0x0801bea2   0x00000002   PAD
    0x0801bea4   0x0801bea4   0x00000060   Code   RO        11835    i.pbuf_add_header_impl  pbuf.o
    0x0801bf04   0x0801bf04   0x000001b8   Code   RO        11836    i.pbuf_alloc        pbuf.o
    0x0801c0bc   0x0801c0bc   0x00000050   Code   RO        11837    i.pbuf_alloc_reference  pbuf.o
    0x0801c10c   0x0801c10c   0x00000038   Code   RO        11838    i.pbuf_alloced_custom  pbuf.o
    0x0801c144   0x0801c144   0x000000c0   Code   RO        11839    i.pbuf_cat          pbuf.o
    0x0801c204   0x0801c204   0x00000012   Code   RO        11840    i.pbuf_chain        pbuf.o
    0x0801c216   0x0801c216   0x00000012   Code   RO        11841    i.pbuf_clen         pbuf.o
    0x0801c228   0x0801c228   0x0000003c   Code   RO        11842    i.pbuf_clone        pbuf.o
    0x0801c264   0x0801c264   0x00000158   Code   RO        11844    i.pbuf_copy         pbuf.o
    0x0801c3bc   0x0801c3bc   0x000000b4   Code   RO        11845    i.pbuf_copy_partial  pbuf.o
    0x0801c470   0x0801c470   0x000000e8   Code   RO        11847    i.pbuf_free         pbuf.o
    0x0801c558   0x0801c558   0x00000032   Code   RO        11848    i.pbuf_free_header  pbuf.o
    0x0801c58a   0x0801c58a   0x00000006   Code   RO        11852    i.pbuf_header_force  pbuf.o
    0x0801c590   0x0801c590   0x0000000e   Code   RO        11853    i.pbuf_header_impl  pbuf.o
    0x0801c59e   0x0801c59e   0x0000001c   Code   RO        11854    i.pbuf_init_alloced_pbuf  pbuf.o
    0x0801c5ba   0x0801c5ba   0x00000002   PAD
    0x0801c5bc   0x0801c5bc   0x000000bc   Code   RO        11858    i.pbuf_realloc      pbuf.o
    0x0801c678   0x0801c678   0x0000003c   Code   RO        11859    i.pbuf_ref          pbuf.o
    0x0801c6b4   0x0801c6b4   0x00000068   Code   RO        11860    i.pbuf_remove_header  pbuf.o
    0x0801c71c   0x0801c71c   0x00000090   Code   RO        10237    i.pcb_new           api_msg.o
    0x0801c7ac   0x0801c7ac   0x00000128   Code   RO        11443    i.plug_holes        mem.o
    0x0801c8d4   0x0801c8d4   0x0000007c   Code   RO        10238    i.poll_tcp          api_msg.o
    0x0801c950   0x0801c950   0x0000008c   Code   RO        13818    i.print_call_stack  cm_backtrace.o
    0x0801c9dc   0x0801c9dc   0x00000070   Code   RO         9468    i.prvAddCurrentTaskToDelayedList  tasks.o
    0x0801ca4c   0x0801ca4c   0x000000d0   Code   RO         9469    i.prvAddNewTaskToReadyList  tasks.o
    0x0801cb1c   0x0801cb1c   0x00000054   Code   RO         9470    i.prvCheckTasksWaitingTermination  tasks.o
    0x0801cb70   0x0801cb70   0x00000026   Code   RO         9300    i.prvCopyDataFromQueue  queue.o
    0x0801cb96   0x0801cb96   0x0000006c   Code   RO         9301    i.prvCopyDataToQueue  queue.o
    0x0801cc02   0x0801cc02   0x00000014   Code   RO         9471    i.prvDeleteTCB      tasks.o
    0x0801cc16   0x0801cc16   0x00000002   PAD
    0x0801cc18   0x0801cc18   0x0000004c   Code   RO         9801    i.prvHeapInit       heap_4.o
    0x0801cc64   0x0801cc64   0x00000028   Code   RO         9472    i.prvIdleTask       tasks.o
    0x0801cc8c   0x0801cc8c   0x000000b8   Code   RO         9473    i.prvInitialiseNewTask  tasks.o
    0x0801cd44   0x0801cd44   0x0000004c   Code   RO         9802    i.prvInsertBlockIntoFreeList  heap_4.o
    0x0801cd90   0x0801cd90   0x0000001a   Code   RO         9302    i.prvIsQueueEmpty   queue.o
    0x0801cdaa   0x0801cdaa   0x00000002   PAD
    0x0801cdac   0x0801cdac   0x00000020   Code   RO         9474    i.prvResetNextTaskUnblockTime  tasks.o
    0x0801cdcc   0x0801cdcc   0x00000060   Code   RO         9863    i.prvTaskExitError  port.o
    0x0801ce2c   0x0801ce2c   0x0000006a   Code   RO         9303    i.prvUnlockQueue    queue.o
    0x0801ce96   0x0801ce96   0x00000002   PAD
    0x0801ce98   0x0801ce98   0x0000000c   Code   RO        11444    i.ptr_to_mem        mem.o
    0x0801cea4   0x0801cea4   0x00000110   Code   RO         9803    i.pvPortMalloc      heap_4.o
    0x0801cfb4   0x0801cfb4   0x00000018   Code   RO         9476    i.pvTaskIncrementMutexHeldCount  tasks.o
    0x0801cfcc   0x0801cfcc   0x0000002c   Code   RO         9864    i.pxPortInitialiseStack  port.o
    0x0801cff8   0x0801cff8   0x00000104   Code   RO        10239    i.recv_tcp          api_msg.o
    0x0801d0fc   0x0801d0fc   0x000000f0   Code   RO        10240    i.recv_udp          api_msg.o
    0x0801d1ec   0x0801d1ec   0x000000d4   Code   RO        10692    i.select_check_waiters  sockets.o
    0x0801d2c0   0x0801d2c0   0x00000070   Code   RO        10241    i.sent_tcp          api_msg.o
    0x0801d330   0x0801d330   0x00000044   Code   RO        10242    i.setup_tcp         api_msg.o
    0x0801d374   0x0801d374   0x000000e4   Code   RO         8622    i.stamp2Time_SetTimeData  rtc.o
    0x0801d458   0x0801d458   0x000000cc   Code   RO         8412    i.startup_App_Task  apptask.o
    0x0801d524   0x0801d524   0x00000108   Code   RO        13975    i.sx127xInit        sx127x_driver.o
    0x0801d62c   0x0801d62c   0x000000b8   Code   RO        13976    i.sx127xRx          sx127x_driver.o
    0x0801d6e4   0x0801d6e4   0x0000008c   Code   RO        13977    i.sx127xSend        sx127x_driver.o
    0x0801d770   0x0801d770   0x00000042   Code   RO        13607    i.sys_arch_mbox_fetch  sys_arch.o
    0x0801d7b2   0x0801d7b2   0x0000001e   Code   RO        13608    i.sys_arch_mbox_tryfetch  sys_arch.o
    0x0801d7d0   0x0801d7d0   0x0000000a   Code   RO        13609    i.sys_arch_protect  sys_arch.o
    0x0801d7da   0x0801d7da   0x0000003a   Code   RO        13610    i.sys_arch_sem_wait  sys_arch.o
    0x0801d814   0x0801d814   0x00000004   Code   RO        13612    i.sys_arch_unprotect  sys_arch.o
    0x0801d818   0x0801d818   0x00000040   Code   RO        12683    i.sys_check_timeouts  timeouts.o
    0x0801d858   0x0801d858   0x00000024   Code   RO        13613    i.sys_init          sys_arch.o
    0x0801d87c   0x0801d87c   0x00000014   Code   RO        13615    i.sys_mbox_free     sys_arch.o
    0x0801d890   0x0801d890   0x0000001e   Code   RO        13616    i.sys_mbox_new      sys_arch.o
    0x0801d8ae   0x0801d8ae   0x00000006   Code   RO        13618    i.sys_mbox_set_invalid  sys_arch.o
    0x0801d8b4   0x0801d8b4   0x0000001c   Code   RO        13619    i.sys_mbox_trypost  sys_arch.o
    0x0801d8d0   0x0801d8d0   0x0000000a   Code   RO        13621    i.sys_mbox_valid    sys_arch.o
    0x0801d8da   0x0801d8da   0x0000000c   Code   RO        13623    i.sys_mutex_lock    sys_arch.o
    0x0801d8e6   0x0801d8e6   0x00000002   PAD
    0x0801d8e8   0x0801d8e8   0x0000003c   Code   RO        13624    i.sys_mutex_new     sys_arch.o
    0x0801d924   0x0801d924   0x0000000c   Code   RO        13626    i.sys_mutex_unlock  sys_arch.o
    0x0801d930   0x0801d930   0x00000010   Code   RO        13627    i.sys_now           sys_arch.o
    0x0801d940   0x0801d940   0x00000010   Code   RO        13628    i.sys_sem_free      sys_arch.o
    0x0801d950   0x0801d950   0x00000058   Code   RO        13629    i.sys_sem_new       sys_arch.o
    0x0801d9a8   0x0801d9a8   0x00000006   Code   RO        13630    i.sys_sem_set_invalid  sys_arch.o
    0x0801d9ae   0x0801d9ae   0x00000002   PAD
    0x0801d9b0   0x0801d9b0   0x00000040   Code   RO        13631    i.sys_sem_signal    sys_arch.o
    0x0801d9f0   0x0801d9f0   0x0000000a   Code   RO        13632    i.sys_sem_valid     sys_arch.o
    0x0801d9fa   0x0801d9fa   0x00000002   PAD
    0x0801d9fc   0x0801d9fc   0x0000005c   Code   RO        13633    i.sys_thread_new    sys_arch.o
    0x0801da58   0x0801da58   0x00000060   Code   RO        12685    i.sys_timeout       timeouts.o
    0x0801dab8   0x0801dab8   0x00000098   Code   RO        12686    i.sys_timeout_abs   timeouts.o
    0x0801db50   0x0801db50   0x00000024   Code   RO        12687    i.sys_timeouts_init  timeouts.o
    0x0801db74   0x0801db74   0x00000028   Code   RO        12688    i.sys_timeouts_sleeptime  timeouts.o
    0x0801db9c   0x0801db9c   0x0000013c   Code   RO        12129    i.tcp_abandon       tcp.o
    0x0801dcd8   0x0801dcd8   0x00000006   Code   RO        12130    i.tcp_abort         tcp.o
    0x0801dcde   0x0801dcde   0x0000000e   Code   RO        12131    i.tcp_accept        tcp.o
    0x0801dcec   0x0801dcec   0x00000128   Code   RO        12133    i.tcp_alloc         tcp.o
    0x0801de14   0x0801de14   0x00000008   Code   RO        12134    i.tcp_arg           tcp.o
    0x0801de1c   0x0801de1c   0x000000dc   Code   RO        12135    i.tcp_bind          tcp.o
    0x0801def8   0x0801def8   0x00000040   Code   RO        12137    i.tcp_close         tcp.o
    0x0801df38   0x0801df38   0x00000168   Code   RO        12138    i.tcp_close_shutdown  tcp.o
    0x0801e0a0   0x0801e0a0   0x00000064   Code   RO        12139    i.tcp_close_shutdown_fin  tcp.o
    0x0801e104   0x0801e104   0x00000174   Code   RO        12140    i.tcp_connect       tcp.o
    0x0801e278   0x0801e278   0x00000110   Code   RO        12518    i.tcp_create_segment  tcp_out.o
    0x0801e388   0x0801e388   0x00000054   Code   RO        12142    i.tcp_eff_send_mss_netif  tcp.o
    0x0801e3dc   0x0801e3dc   0x000001a4   Code   RO        12519    i.tcp_enqueue_flags  tcp_out.o
    0x0801e580   0x0801e580   0x00000044   Code   RO        12143    i.tcp_err           tcp.o
    0x0801e5c4   0x0801e5c4   0x0000006c   Code   RO        12144    i.tcp_fasttmr       tcp.o
    0x0801e630   0x0801e630   0x00000030   Code   RO        12145    i.tcp_free          tcp.o
    0x0801e660   0x0801e660   0x000000d4   Code   RO        12430    i.tcp_free_acked_segments  tcp_in.o
    0x0801e734   0x0801e734   0x00000028   Code   RO        12431    i.tcp_get_next_optbyte  tcp_in.o
    0x0801e75c   0x0801e75c   0x00000002   Code   RO        12146    i.tcp_init          tcp.o
    0x0801e75e   0x0801e75e   0x00000002   PAD
    0x0801e760   0x0801e760   0x00000590   Code   RO        12432    i.tcp_input         tcp_in.o
    0x0801ecf0   0x0801ecf0   0x00000070   Code   RO        12433    i.tcp_input_delayed_close  tcp_in.o
    0x0801ed60   0x0801ed60   0x00000068   Code   RO        12520    i.tcp_keepalive     tcp_out.o
    0x0801edc8   0x0801edc8   0x0000005c   Code   RO        12147    i.tcp_kill_state    tcp.o
    0x0801ee24   0x0801ee24   0x0000009c   Code   RO        12148    i.tcp_listen_closed  tcp.o
    0x0801eec0   0x0801eec0   0x00000130   Code   RO        12434    i.tcp_listen_input  tcp_in.o
    0x0801eff0   0x0801eff0   0x0000004c   Code   RO        12151    i.tcp_netif_ip_addr_changed  tcp.o
    0x0801f03c   0x0801f03c   0x00000060   Code   RO        12152    i.tcp_netif_ip_addr_changed_pcblist  tcp.o
    0x0801f09c   0x0801f09c   0x00000006   Code   RO        12154    i.tcp_new_ip_type   tcp.o
    0x0801f0a2   0x0801f0a2   0x00000002   PAD
    0x0801f0a4   0x0801f0a4   0x0000005c   Code   RO        12155    i.tcp_new_port      tcp.o
    0x0801f100   0x0801f100   0x00000038   Code   RO        12156    i.tcp_next_iss      tcp.o
    0x0801f138   0x0801f138   0x00000270   Code   RO        12521    i.tcp_output        tcp_out.o
    0x0801f3a8   0x0801f3a8   0x00000068   Code   RO        12522    i.tcp_output_alloc_header  tcp_out.o
    0x0801f410   0x0801f410   0x000000ac   Code   RO        12523    i.tcp_output_alloc_header_common  tcp_out.o
    0x0801f4bc   0x0801f4bc   0x0000007c   Code   RO        12524    i.tcp_output_control_segment  tcp_out.o
    0x0801f538   0x0801f538   0x0000006c   Code   RO        12525    i.tcp_output_fill_options  tcp_out.o
    0x0801f5a4   0x0801f5a4   0x0000015c   Code   RO        12526    i.tcp_output_segment  tcp_out.o
    0x0801f700   0x0801f700   0x00000044   Code   RO        12527    i.tcp_output_segment_busy  tcp_out.o
    0x0801f744   0x0801f744   0x00000098   Code   RO        12435    i.tcp_parseopt      tcp_in.o
    0x0801f7dc   0x0801f7dc   0x000000dc   Code   RO        12528    i.tcp_pbuf_prealloc  tcp_out.o
    0x0801f8b8   0x0801f8b8   0x00000064   Code   RO        12157    i.tcp_pcb_purge     tcp.o
    0x0801f91c   0x0801f91c   0x000000ec   Code   RO        12158    i.tcp_pcb_remove    tcp.o
    0x0801fa08   0x0801fa08   0x00000064   Code   RO        12159    i.tcp_poll          tcp.o
    0x0801fa6c   0x0801fa6c   0x0000044c   Code   RO        12436    i.tcp_process       tcp_in.o
    0x0801feb8   0x0801feb8   0x000000a4   Code   RO        12160    i.tcp_process_refused_data  tcp.o
    0x0801ff5c   0x0801ff5c   0x000004e0   Code   RO        12437    i.tcp_receive       tcp_in.o
    0x0802043c   0x0802043c   0x00000044   Code   RO        12161    i.tcp_recv          tcp.o
    0x08020480   0x08020480   0x00000050   Code   RO        12162    i.tcp_recv_null     tcp.o
    0x080204d0   0x080204d0   0x0000009c   Code   RO        12163    i.tcp_recved        tcp.o
    0x0802056c   0x0802056c   0x00000088   Code   RO        12529    i.tcp_rexmit        tcp_out.o
    0x080205f4   0x080205f4   0x00000084   Code   RO        12530    i.tcp_rexmit_fast   tcp_out.o
    0x08020678   0x08020678   0x00000040   Code   RO        12531    i.tcp_rexmit_rto    tcp_out.o
    0x080206b8   0x080206b8   0x00000048   Code   RO        12532    i.tcp_rexmit_rto_commit  tcp_out.o
    0x08020700   0x08020700   0x00000094   Code   RO        12533    i.tcp_rexmit_rto_prepare  tcp_out.o
    0x08020794   0x08020794   0x00000010   Code   RO        12534    i.tcp_route         tcp_out.o
    0x080207a4   0x080207a4   0x000000a8   Code   RO        12535    i.tcp_rst           tcp_out.o
    0x0802084c   0x0802084c   0x0000001c   Code   RO        12164    i.tcp_seg_free      tcp.o
    0x08020868   0x08020868   0x00000012   Code   RO        12165    i.tcp_segs_free     tcp.o
    0x0802087a   0x0802087a   0x00000002   PAD
    0x0802087c   0x0802087c   0x00000088   Code   RO        12536    i.tcp_send_empty_ack  tcp_out.o
    0x08020904   0x08020904   0x0000006c   Code   RO        12537    i.tcp_send_fin      tcp_out.o
    0x08020970   0x08020970   0x00000040   Code   RO        12166    i.tcp_sent          tcp.o
    0x080209b0   0x080209b0   0x00000078   Code   RO        12168    i.tcp_shutdown      tcp.o
    0x08020a28   0x08020a28   0x000004f8   Code   RO        12169    i.tcp_slowtmr       tcp.o
    0x08020f20   0x08020f20   0x000001b0   Code   RO        12538    i.tcp_split_unsent_seg  tcp_out.o
    0x080210d0   0x080210d0   0x00000034   Code   RO        12690    i.tcp_timer_needed  timeouts.o
    0x08021104   0x08021104   0x00000098   Code   RO        12438    i.tcp_timewait_input  tcp_in.o
    0x0802119c   0x0802119c   0x00000020   Code   RO        12171    i.tcp_tmr           tcp.o
    0x080211bc   0x080211bc   0x00000010   Code   RO        12439    i.tcp_trigger_input_pcb_close  tcp_in.o
    0x080211cc   0x080211cc   0x0000008c   Code   RO        12173    i.tcp_update_rcv_ann_wnd  tcp.o
    0x08021258   0x08021258   0x000005d0   Code   RO        12539    i.tcp_write         tcp_out.o
    0x08021828   0x08021828   0x000000fc   Code   RO        12540    i.tcp_write_checks  tcp_out.o
    0x08021924   0x08021924   0x000000e4   Code   RO        12541    i.tcp_zero_window_probe  tcp_out.o
    0x08021a08   0x08021a08   0x0000009c   Code   RO        10969    i.tcpip_init        tcpip.o
    0x08021aa4   0x08021aa4   0x00000060   Code   RO        10970    i.tcpip_inpkt       tcpip.o
    0x08021b04   0x08021b04   0x0000001c   Code   RO        10971    i.tcpip_input       tcpip.o
    0x08021b20   0x08021b20   0x00000020   Code   RO        10972    i.tcpip_send_msg_wait_sem  tcpip.o
    0x08021b40   0x08021b40   0x00000038   Code   RO        12691    i.tcpip_tcp_timer   timeouts.o
    0x08021b78   0x08021b78   0x00000098   Code   RO        10973    i.tcpip_thread      tcpip.o
    0x08021c10   0x08021c10   0x0000006c   Code   RO        10974    i.tcpip_thread_handle_msg  tcpip.o
    0x08021c7c   0x08021c7c   0x000000ac   Code   RO         8623    i.time2Stamp        rtc.o
    0x08021d28   0x08021d28   0x00000012   Code   RO        10693    i.tryget_socket     sockets.o
    0x08021d3a   0x08021d3a   0x00000002   PAD
    0x08021d3c   0x08021d3c   0x00000014   Code   RO        10695    i.tryget_socket_unconn_nouse  sockets.o
    0x08021d50   0x08021d50   0x000000d8   Code   RO        12778    i.udp_bind          udp.o
    0x08021e28   0x08021e28   0x00000098   Code   RO        12780    i.udp_connect       udp.o
    0x08021ec0   0x08021ec0   0x00000038   Code   RO        12781    i.udp_disconnect    udp.o
    0x08021ef8   0x08021ef8   0x00000002   Code   RO        12782    i.udp_init          udp.o
    0x08021efa   0x08021efa   0x00000002   PAD
    0x08021efc   0x08021efc   0x00000178   Code   RO        12783    i.udp_input         udp.o
    0x08022074   0x08022074   0x000000ac   Code   RO        12784    i.udp_input_local_match  udp.o
    0x08022120   0x08022120   0x00000034   Code   RO        12785    i.udp_netif_ip_addr_changed  udp.o
    0x08022154   0x08022154   0x0000001a   Code   RO        12786    i.udp_new           udp.o
    0x0802216e   0x0802216e   0x00000004   Code   RO        12787    i.udp_new_ip_type   udp.o
    0x08022172   0x08022172   0x00000002   PAD
    0x08022174   0x08022174   0x00000028   Code   RO        12788    i.udp_recv          udp.o
    0x0802219c   0x0802219c   0x00000050   Code   RO        12789    i.udp_remove        udp.o
    0x080221ec   0x080221ec   0x00000054   Code   RO        12790    i.udp_send          udp.o
    0x08022240   0x08022240   0x000000a4   Code   RO        12791    i.udp_sendto        udp.o
    0x080222e4   0x080222e4   0x000000c8   Code   RO        12792    i.udp_sendto_if     udp.o
    0x080223ac   0x080223ac   0x000001c8   Code   RO        12793    i.udp_sendto_if_src  udp.o
    0x08022574   0x08022574   0x00000028   Code   RO         8267    i.udpecho_init      udpecho.o
    0x0802259c   0x0802259c   0x00000138   Code   RO         8268    i.udpecho_thread    udpecho.o
    0x080226d4   0x080226d4   0x00000024   Code   RO         9251    i.uxListRemove      list.o
    0x080226f8   0x080226f8   0x00000048   Code   RO         9304    i.uxQueueMessagesWaiting  queue.o
    0x08022740   0x08022740   0x00000016   Code   RO         9252    i.vListInitialise   list.o
    0x08022756   0x08022756   0x00000006   Code   RO         9253    i.vListInitialiseItem  list.o
    0x0802275c   0x0802275c   0x00000030   Code   RO         9254    i.vListInsert       list.o
    0x0802278c   0x0802278c   0x00000018   Code   RO         9255    i.vListInsertEnd    list.o
    0x080227a4   0x080227a4   0x00000074   Code   RO         9866    i.vPortEnterCritical  port.o
    0x08022818   0x08022818   0x00000060   Code   RO         9867    i.vPortExitCritical  port.o
    0x08022878   0x08022878   0x00000098   Code   RO         9804    i.vPortFree         heap_4.o
    0x08022910   0x08022910   0x00000020   Code   RO         9868    i.vPortSetupTimerInterrupt  port.o
    0x08022930   0x08022930   0x00000088   Code   RO         9869    i.vPortValidateInterruptPriority  port.o
    0x080229b8   0x080229b8   0x0000004c   Code   RO         9308    i.vQueueDelete      queue.o
    0x08022a04   0x08022a04   0x00000028   Code   RO         9309    i.vQueueUnregisterQueue  queue.o
    0x08022a2c   0x08022a2c   0x00000070   Code   RO         9482    i.vTaskDelay        tasks.o
    0x08022a9c   0x08022a9c   0x000000d0   Code   RO         9484    i.vTaskDelete       tasks.o
    0x08022b6c   0x08022b6c   0x0000000c   Code   RO         9486    i.vTaskMissedYield  tasks.o
    0x08022b78   0x08022b78   0x00000058   Code   RO         9488    i.vTaskPlaceOnEventList  tasks.o
    0x08022bd0   0x08022bd0   0x00000084   Code   RO         9490    i.vTaskPriorityInherit  tasks.o
    0x08022c54   0x08022c54   0x0000004c   Code   RO         9493    i.vTaskSetTimeOutState  tasks.o
    0x08022ca0   0x08022ca0   0x00000090   Code   RO         9494    i.vTaskStartScheduler  tasks.o
    0x08022d30   0x08022d30   0x000000d4   Code   RO         9495    i.vTaskSuspend      tasks.o
    0x08022e04   0x08022e04   0x00000010   Code   RO         9496    i.vTaskSuspendAll   tasks.o
    0x08022e14   0x08022e14   0x00000080   Code   RO         9497    i.vTaskSwitchContext  tasks.o
    0x08022e94   0x08022e94   0x00000110   Code   RO         9870    i.xPortStartScheduler  port.o
    0x08022fa4   0x08022fa4   0x0000002c   Code   RO         9871    i.xPortSysTickHandler  port.o
    0x08022fd0   0x08022fd0   0x00000060   Code   RO         9310    i.xQueueCreateCountingSemaphore  queue.o
    0x08023030   0x08023030   0x00000024   Code   RO         9311    i.xQueueCreateMutex  queue.o
    0x08023054   0x08023054   0x0000007c   Code   RO         9312    i.xQueueGenericCreate  queue.o
    0x080230d0   0x080230d0   0x00000188   Code   RO         9313    i.xQueueGenericReceive  queue.o
    0x08023258   0x08023258   0x000000ac   Code   RO         9314    i.xQueueGenericReset  queue.o
    0x08023304   0x08023304   0x00000178   Code   RO         9315    i.xQueueGenericSend  queue.o
    0x0802347c   0x0802347c   0x000000b8   Code   RO         9317    i.xQueueGiveFromISR  queue.o
    0x08023534   0x08023534   0x0000008c   Code   RO         9498    i.xTaskCheckForTimeOut  tasks.o
    0x080235c0   0x080235c0   0x00000056   Code   RO         9499    i.xTaskCreate       tasks.o
    0x08023616   0x08023616   0x00000002   PAD
    0x08023618   0x08023618   0x0000001c   Code   RO         9503    i.xTaskGetSchedulerState  tasks.o
    0x08023634   0x08023634   0x0000000c   Code   RO         9504    i.xTaskGetTickCount  tasks.o
    0x08023640   0x08023640   0x000000ec   Code   RO         9506    i.xTaskIncrementTick  tasks.o
    0x0802372c   0x0802372c   0x000000b8   Code   RO         9509    i.xTaskPriorityDisinherit  tasks.o
    0x080237e4   0x080237e4   0x0000009c   Code   RO         9510    i.xTaskRemoveFromEventList  tasks.o
    0x08023880   0x08023880   0x000000e8   Code   RO         9512    i.xTaskResumeAll    tasks.o
    0x08023968   0x08023968   0x00000010   Data   RO         1752    .constdata          stm32f4xx_hal_rcc.o
    0x08023978   0x08023978   0x00000024   Data   RO         8625    .constdata          rtc.o
    0x0802399c   0x0802399c   0x0000000c   Data   RO         8770    .constdata          malloc.o
    0x080239a8   0x080239a8   0x00000003   Data   RO        10243    .constdata          api_msg.o
    0x080239ab   0x080239ab   0x00000001   PAD
    0x080239ac   0x080239ac   0x00000044   Data   RO        10422    .constdata          err.o
    0x080239f0   0x080239f0   0x0000000c   Data   RO        11529    .constdata          memp.o
    0x080239fc   0x080239fc   0x0000000c   Data   RO        11530    .constdata          memp.o
    0x08023a08   0x08023a08   0x0000000c   Data   RO        11531    .constdata          memp.o
    0x08023a14   0x08023a14   0x0000000c   Data   RO        11532    .constdata          memp.o
    0x08023a20   0x08023a20   0x0000000c   Data   RO        11533    .constdata          memp.o
    0x08023a2c   0x08023a2c   0x0000000c   Data   RO        11534    .constdata          memp.o
    0x08023a38   0x08023a38   0x0000000c   Data   RO        11535    .constdata          memp.o
    0x08023a44   0x08023a44   0x0000000c   Data   RO        11536    .constdata          memp.o
    0x08023a50   0x08023a50   0x0000000c   Data   RO        11537    .constdata          memp.o
    0x08023a5c   0x08023a5c   0x0000000c   Data   RO        11538    .constdata          memp.o
    0x08023a68   0x08023a68   0x0000000c   Data   RO        11539    .constdata          memp.o
    0x08023a74   0x08023a74   0x0000000c   Data   RO        11540    .constdata          memp.o
    0x08023a80   0x08023a80   0x0000000c   Data   RO        11541    .constdata          memp.o
    0x08023a8c   0x08023a8c   0x00000034   Data   RO        11542    .constdata          memp.o
    0x08023ac0   0x08023ac0   0x00000054   Data   RO        12174    .constdata          tcp.o
    0x08023b14   0x08023b14   0x00000018   Data   RO        12692    .constdata          timeouts.o
    0x08023b2c   0x08023b2c   0x00000004   Data   RO        13218    .constdata          ip4_addr.o
    0x08023b30   0x08023b30   0x00000006   Data   RO        13361    .constdata          ethernet.o
    0x08023b36   0x08023b36   0x00000006   Data   RO        13362    .constdata          ethernet.o
    0x08023b3c   0x08023b3c   0x000000dc   Data   RO        13820    .constdata          cm_backtrace.o
    0x08023c18   0x08023c18   0x00000075   Data   RO        12175    .conststring        tcp.o
    0x08023c8d   0x08023c8d   0x00000003   PAD
    0x08023c90   0x08023c90   0x00000055   Data   RO        12542    .conststring        tcp_out.o
    0x08023ce5   0x08023ce5   0x00000003   PAD
    0x08023ce8   0x08023ce8   0x00000041   Data   RO        12970    .conststring        etharp.o
    0x08023d29   0x08023d29   0x00000003   PAD
    0x08023d2c   0x08023d2c   0x00000815   Data   RO        13821    .conststring        cm_backtrace.o
    0x08024541   0x08024541   0x00000003   PAD
    0x08024544   0x08024544   0x00000020   Data   RO        14675    Region$$Table       anon$$obj.o


    Execution Region RW_IRAM1 (Exec base: 0x20000000, Load base: 0x08024564, Size: 0x000263e0, Max: 0x00030000, ABSOLUTE, COMPRESSED[0x0000006c])

    Exec Addr    Load Addr    Size         Type   Attr      Idx    E Section Name        Object

    0x20000000   COMPRESSED   0x00000004   Data   RW           17    .data               system_stm32f4xx.o
    0x20000004   COMPRESSED   0x00000004   Data   RW         2342    .data               stm32f4xx_hal.o
    0x20000008   COMPRESSED   0x00000001   Data   RW         8097    .data               board.o
    0x20000009   COMPRESSED   0x00000003   PAD
    0x2000000c   COMPRESSED   0x00000004   Data   RW         8159    .data               main.o
    0x20000010   COMPRESSED   0x00000004   Data   RW         8269    .data               udpecho.o
    0x20000014   COMPRESSED   0x00000004   Data   RW         8416    .data               apptask.o
    0x20000018   COMPRESSED   0x00000004   Data   RW         8417    .data               apptask.o
    0x2000001c   COMPRESSED   0x0000001c   Data   RW         8418    .data               apptask.o
    0x20000038   COMPRESSED   0x00000004   Data   RW         8420    .data               apptask.o
    0x2000003c   COMPRESSED   0x0000000c   Data   RW         8482    .data               servertoanchor.o
    0x20000048   COMPRESSED   0x00000014   Data   RW         8771    .data               malloc.o
    0x2000005c   COMPRESSED   0x00000011   Data   RW         8858    .data               stmflash.o
    0x2000006d   COMPRESSED   0x00000001   Data   RW         8964    .data               time.o
    0x2000006e   COMPRESSED   0x00000001   Data   RW         9077    .data               network.o
    0x2000006f   COMPRESSED   0x00000001   PAD
    0x20000070   COMPRESSED   0x0000003c   Data   RW         9515    .data               tasks.o
    0x200000ac   COMPRESSED   0x00000018   Data   RW         9809    .data               heap_4.o
    0x200000c4   COMPRESSED   0x0000000c   Data   RW         9872    .data               port.o
    0x200000d0   COMPRESSED   0x00000004   Data   RW        10697    .data               sockets.o
    0x200000d4   COMPRESSED   0x00000010   Data   RW        10976    .data               tcpip.o
    0x200000e4   COMPRESSED   0x00000010   Data   RW        11446    .data               mem.o
    0x200000f4   COMPRESSED   0x00000004   Data   RW        11543    .data               memp.o
    0x200000f8   COMPRESSED   0x00000004   Data   RW        11544    .data               memp.o
    0x200000fc   COMPRESSED   0x00000004   Data   RW        11545    .data               memp.o
    0x20000100   COMPRESSED   0x00000004   Data   RW        11546    .data               memp.o
    0x20000104   COMPRESSED   0x00000004   Data   RW        11547    .data               memp.o
    0x20000108   COMPRESSED   0x00000004   Data   RW        11548    .data               memp.o
    0x2000010c   COMPRESSED   0x00000004   Data   RW        11549    .data               memp.o
    0x20000110   COMPRESSED   0x00000004   Data   RW        11550    .data               memp.o
    0x20000114   COMPRESSED   0x00000004   Data   RW        11551    .data               memp.o
    0x20000118   COMPRESSED   0x00000004   Data   RW        11552    .data               memp.o
    0x2000011c   COMPRESSED   0x00000004   Data   RW        11553    .data               memp.o
    0x20000120   COMPRESSED   0x00000004   Data   RW        11554    .data               memp.o
    0x20000124   COMPRESSED   0x00000004   Data   RW        11555    .data               memp.o
    0x20000128   COMPRESSED   0x0000000c   Data   RW        11675    .data               netif.o
    0x20000134   COMPRESSED   0x00000020   Data   RW        12176    .data               tcp.o
    0x20000154   COMPRESSED   0x00000024   Data   RW        12441    .data               tcp_in.o
    0x20000178   COMPRESSED   0x0000000c   Data   RW        12694    .data               timeouts.o
    0x20000184   COMPRESSED   0x00000008   Data   RW        12794    .data               udp.o
    0x2000018c   COMPRESSED   0x00000001   Data   RW        12971    .data               etharp.o
    0x2000018d   COMPRESSED   0x00000001   PAD
    0x2000018e   COMPRESSED   0x00000002   Data   RW        13144    .data               ip4.o
    0x20000190   COMPRESSED   0x00000008   Data   RW        13293    .data               ip4_frag.o
    0x20000198   COMPRESSED   0x00000010   Data   RW        13552    .data               ethernetif.o
    0x200001a8   COMPRESSED   0x00000014   Data   RW        13635    .data               sys_arch.o
    0x200001bc   COMPRESSED   0x00000018   Data   RW        13822    .data               cm_backtrace.o
    0x200001d4   COMPRESSED   0x00000054   Data   RW        13978    .data               sx127x_driver.o
    0x20000228   COMPRESSED   0x0000000e   Data   RW        14146    .data               bsp_i2c_ee.o
    0x20000236   COMPRESSED   0x00000002   PAD
    0x20000238   COMPRESSED   0x00000004   Data   RW        14305    .data               mc_w.l(rand.o)
    0x2000023c   COMPRESSED   0x00000004   Data   RW        14617    .data               mc_w.l(errno.o)
    0x20000240   COMPRESSED   0x00000004   Data   RW        14643    .data               mc_w.l(stdout.o)
    0x20000244   COMPRESSED   0x00000004   Data   RW        14650    .data               mc_w.l(mvars.o)
    0x20000248        -       0x00000080   Zero   RW         7755    .bss                bsp_debug_usart.o
    0x200002c8        -       0x00006188   Zero   RW         8031    .bss                bsp_eth.o
    0x20006450        -       0x00000010   Zero   RW         8413    .bss                apptask.o
    0x20006460        -       0x00000010   Zero   RW         8414    .bss                apptask.o
    0x20006470        -       0x00000014   Zero   RW         8415    .bss                apptask.o
    0x20006484        -       0x00000065   Zero   RW         8481    .bss                servertoanchor.o
    0x200064e9   COMPRESSED   0x00000003   PAD
    0x200064ec        -       0x00000020   Zero   RW         8624    .bss                rtc.o
    0x2000650c   COMPRESSED   0x00000014   PAD
    0x20006520        -       0x00000400   Zero   RW         8768    .bss                malloc.o
    0x20006920        -       0x00000040   Zero   RW         8769    .bss                malloc.o
    0x20006960        -       0x0000001b   Zero   RW         8856    .bss                stmflash.o
    0x2000697b   COMPRESSED   0x00000001   PAD
    0x2000697c        -       0x0000004c   Zero   RW         8963    .bss                time.o
    0x200069c8        -       0x00000058   Zero   RW         9028    .bss                spi.o
    0x20006a20        -       0x00000050   Zero   RW         9324    .bss                queue.o
    0x20006a70        -       0x000002e4   Zero   RW         9514    .bss                tasks.o
    0x20006d54        -       0x00009000   Zero   RW         9808    .bss                heap_4.o
    0x2000fd54        -       0x00000040   Zero   RW        10696    .bss                sockets.o
    0x2000fd94        -       0x00000018   Zero   RW        11409    .bss                ip.o
    0x2000fdac        -       0x00003c13   Zero   RW        11445    .bss                mem.o
    0x200139bf        -       0x00000083   Zero   RW        11516    .bss                memp.o
    0x20013a42        -       0x00000393   Zero   RW        11517    .bss                memp.o
    0x20013dd5        -       0x000000ab   Zero   RW        11518    .bss                memp.o
    0x20013e80        -       0x00000963   Zero   RW        11519    .bss                memp.o
    0x200147e3        -       0x000000a3   Zero   RW        11520    .bss                memp.o
    0x20014886        -       0x0000016b   Zero   RW        11521    .bss                memp.o
    0x200149f1        -       0x00000023   Zero   RW        11522    .bss                memp.o
    0x20014a14        -       0x000000a3   Zero   RW        11523    .bss                memp.o
    0x20014ab7        -       0x00000083   Zero   RW        11524    .bss                memp.o
    0x20014b3a        -       0x00000083   Zero   RW        11525    .bss                memp.o
    0x20014bbd        -       0x00000063   Zero   RW        11526    .bss                memp.o
    0x20014c20        -       0x00000193   Zero   RW        11527    .bss                memp.o
    0x20014db3        -       0x00010d4f   Zero   RW        11528    .bss                memp.o
    0x20025b02   COMPRESSED   0x00000002   PAD
    0x20025b04        -       0x00000010   Zero   RW        12440    .bss                tcp_in.o
    0x20025b14        -       0x000000f0   Zero   RW        12969    .bss                etharp.o
    0x20025c04        -       0x00000050   Zero   RW        13634    .bss                sys_arch.o
    0x20025c54        -       0x00000134   Zero   RW        13819    .bss                cm_backtrace.o
    0x20025d88        -       0x00000258   Zero   RW        14145    .bss                bsp_i2c_ee.o
    0x20025fe0        -       0x00000400   Zero   RW            1    STACK               startup_stm32f429xx.o


==============================================================================

Image component sizes


      Code (inc. data)   RO Data    RW Data    ZI Data      Debug   Object Name

      1940        762          0          0          0      48602   api_lib.o
      4850       1458          3          0          0      34695   api_msg.o
       476        122          0         40         52       4495   apptask.o
       708         88          0          1          0       5187   board.o
       472         48          0          0        128      45734   bsp_debug_usart.o
       814        190          0          0      24968       5784   bsp_eth.o
       612         96          0         14        600      13415   bsp_i2c_ee.o
        56          8          0          0          0       8962   bsp_led.o
      1800        388       2289         24        308       8876   cm_backtrace.o
        12          0          0          0          0        476   cmb_fault.o
         8          0          0          0          0       1066   def.o
        28          4         68          0          0       7662   err.o
      2124        512         65          1        240      12667   etharp.o
       308         58         12          0          0       2650   ethernet.o
      1000        204          0         16          0       5568   ethernetif.o
         0          0          0          0          0       1476   event_groups.o
       576        130          0         24      36864       4243   heap_4.o
       118          0          0          0          0       2459   iacs_queue.o
       568        158          0          0          0       4302   icmp.o
       160          0          0          0          0       2719   inet_chksum.o
        34          0          0          0          0       1616   init.o
         0          0          0          0         24       3178   ip.o
       810         92          0          2          0       5500   ip4.o
        46          0          4          0          0       8438   ip4_addr.o
      2084        462          0          8          0      11970   ip4_frag.o
       136          0          0          0          0       3406   list.o
       248          8          0          0          0        944   lora_demo.o
       128         40          0          4          0       5835   main.o
       412         46         12         20       1088       6627   malloc.o
      1600        602          0         16      15379       7589   mem.o
       358        148        208         52      74051      10832   memp.o
       190         54          0          0          0      11207   netbuf.o
         0          0          0          0          0       2052   netdb.o
       870        278          0         12          0      13800   netif.o
       200         12          0          1          0       1108   network.o
      2172        820          0          0          0      20030   pbuf.o
      1018        362          0         12          0      11121   port.o
        32          0          0          0          0       1570   public.o
      1846        350          0          0         80      14403   queue.o
       656         40         36          0         32       5182   rtc.o
      2104        416          0         12        101      15927   servertoanchor.o
      2544        428          0          4         64      31415   sockets.o
       216         28          0          0         88       1834   spi.o
        36          8        428          0       1024        992   startup_stm32f429xx.o
       136         16          0          4          0       4438   stm32f4xx_hal.o
       568        270          0          0          0      31497   stm32f4xx_hal_cortex.o
      2270        250          0          0          0      12697   stm32f4xx_hal_eth.o
      1560        438          0          0          0       5502   stm32f4xx_hal_gpio.o
      2306        238          0          0          0      10997   stm32f4xx_hal_i2c.o
       200         78          0          0          0       1307   stm32f4xx_hal_i2c_ex.o
       336         66          0          0          0       3355   stm32f4xx_hal_iwdg.o
         2          0          0          0          0        570   stm32f4xx_hal_msp_template.o
        24          4          0          0          0        583   stm32f4xx_hal_pwr.o
       136         14          0          0          0       1384   stm32f4xx_hal_pwr_ex.o
      2264        192         16          0          0       6915   stm32f4xx_hal_rcc.o
       948         96          0          0          0       1872   stm32f4xx_hal_rcc_ex.o
      1768        330          0          0          0       8132   stm32f4xx_hal_rtc.o
       340        130          0          0          0       2107   stm32f4xx_hal_rtc_ex.o
      1346        120          0          0          0       4077   stm32f4xx_hal_spi.o
      1106        268          0          0          0       6995   stm32f4xx_hal_tim.o
         4          0          0          0          0       1694   stm32f4xx_hal_tim_ex.o
      1732        168          0          0          0       9179   stm32f4xx_hal_uart.o
       432        282          0          0          0      30854   stm32f4xx_it.o
         0          0          0         17         27       2824   stmflash.o
      1590         66          0         84          0      15976   sx127x_driver.o
       314         50          0          0          0       5423   sx127x_hal.o
       938        196          0         20         80      15328   sys_arch.o
        84         18          0          4          0     816791   system_stm32f4xx.o
      2906        738          0         60        740      30680   tasks.o
      5218       1726        201         32          0      39930   tcp.o
      4760       1050          0         36         16      20887   tcp_in.o
      5944       1946         85          0          0      34526   tcp_out.o
       572        194          0         16          0      10337   tcpip.o
       176         44          0          1         76       3971   time.o
       556        188         24         12          0       7307   timeouts.o
      2080        826          0          8          0      14080   udp.o
       448         54          0          4          0      31286   udpecho.o

    ----------------------------------------------------------------------
     77524      18476       3496        568     156056    1611115   Object Totals
         0          0         32          0          0          0   (incl. Generated)
        90          0         13          7         26          0   (incl. Padding)

    ----------------------------------------------------------------------

      Code (inc. data)   RO Data    RW Data    ZI Data      Debug   Library Member Name

        86          0          0          0          0          0   __dczerorl2.o
         0          0          0          0          0          0   entry.o
         0          0          0          0          0          0   entry10a.o
         0          0          0          0          0          0   entry11a.o
         8          4          0          0          0          0   entry2.o
         4          0          0          0          0          0   entry5.o
         0          0          0          0          0          0   entry7b.o
         0          0          0          0          0          0   entry8b.o
         8          4          0          0          0          0   entry9a.o
         8          4          0          4          0         68   errno.o
        30          0          0          0          0          0   handlers.o
        36          8          0          0          0         68   init.o
         0          0          0          0          0          0   iusefp.o
        30          0          0          0          0         68   llshl.o
        32          0          0          0          0         68   llushr.o
        80          4          0          0          0         76   malloc.o
        26          0          0          0          0         80   memcmp.o
        64          0          0          0          0         76   memmovea.o
        36          0          0          0          0        108   memseta.o
         0          0          0          4          0          0   mvars.o
      1204         60          0          0          0        504   printf8.o
        36         10          0          4          0        136   rand.o
         0          0          0          4          0          0   stdout.o
        98          0          0          0          0         92   uldiv.o
       186          0          0          0          0        176   depilogue.o
        50          0          0          0          0         76   dfixui.o
        26          0          0          0          0         76   dfltui.o
       228          0          0          0          0         96   dmul.o

    ----------------------------------------------------------------------
      2280         94          0         16          0       1768   Library Totals
         4          0          0          0          0          0   (incl. Padding)

    ----------------------------------------------------------------------

      Code (inc. data)   RO Data    RW Data    ZI Data      Debug   Library Name

      1786         94          0         16          0       1344   mc_w.l
       490          0          0          0          0        424   mf_w.l

    ----------------------------------------------------------------------
      2280         94          0         16          0       1768   Library Totals

    ----------------------------------------------------------------------

==============================================================================


      Code (inc. data)   RO Data    RW Data    ZI Data      Debug   

     79804      18570       3496        584     156056    1558135   Grand Totals
     79804      18570       3496        108     156056    1558135   ELF Image Totals (compressed)
     79804      18570       3496        108          0          0   ROM Totals

==============================================================================

    Total RO  Size (Code + RO Data)                83300 (  81.35kB)
    Total RW  Size (RW Data + ZI Data)            156640 ( 152.97kB)
    Total ROM Size (Code + RO Data + RW Data)      83408 (  81.45kB)

==============================================================================

