<!doctype html public "-//w3c//dtd html 4.0 transitional//en">
<html><head>
<title>Static Call Graph - [..\OBJ\HD-Robot-Ctrl.axf]</title></head>
<body><HR>
<H1>Static Call Graph for image ..\OBJ\HD-Robot-Ctrl.axf</H1><HR>
<BR><P>#&#060CALLGRAPH&#062# ARM Linker, 5060750: Last Updated: Wed Dec 16 13:48:25 2020
<BR><P>
<H3>Maximum Stack Usage =        720 bytes + Unknown(Cycles, Untraceable Function Pointers)</H3><H3>
Call chain for Maximum Stack Depth:</H3>
main &rArr; UDP_RecvDataHandle &rArr; UWB_DistanceToAngle &rArr; udp_UWB_senddata &rArr; udp_send &rArr; udp_sendto &rArr; udp_sendto_if &rArr; ip_output_if &rArr; ip_frag &rArr; pbuf_alloc &rArr; pbuf_free &rArr; mem_free &rArr; plug_holes &rArr; __2printf
<P>
<H3>
Mutually Recursive functions
</H3> <LI><a href="#[1f]">ADC_IRQHandler</a>&nbsp;&nbsp;&nbsp;&rArr;&nbsp;&nbsp;&nbsp;<a href="#[1f]">ADC_IRQHandler</a><BR>
</UL>
<P>
<H3>
Function Pointers
</H3><UL>
 <LI><a href="#[1f]">ADC_IRQHandler</a> from startup_stm32f429xx.o(.text) referenced from startup_stm32f429xx.o(RESET)
 <LI><a href="#[7]">BusFault_Handler</a> from stm32f4xx_it.o(i.BusFault_Handler) referenced from startup_stm32f429xx.o(RESET)
 <LI><a href="#[21]">CAN1_RX0_IRQHandler</a> from startup_stm32f429xx.o(.text) referenced from startup_stm32f429xx.o(RESET)
 <LI><a href="#[22]">CAN1_RX1_IRQHandler</a> from startup_stm32f429xx.o(.text) referenced from startup_stm32f429xx.o(RESET)
 <LI><a href="#[23]">CAN1_SCE_IRQHandler</a> from startup_stm32f429xx.o(.text) referenced from startup_stm32f429xx.o(RESET)
 <LI><a href="#[20]">CAN1_TX_IRQHandler</a> from startup_stm32f429xx.o(.text) referenced from startup_stm32f429xx.o(RESET)
 <LI><a href="#[4d]">CAN2_RX0_IRQHandler</a> from startup_stm32f429xx.o(.text) referenced from startup_stm32f429xx.o(RESET)
 <LI><a href="#[4e]">CAN2_RX1_IRQHandler</a> from startup_stm32f429xx.o(.text) referenced from startup_stm32f429xx.o(RESET)
 <LI><a href="#[4f]">CAN2_SCE_IRQHandler</a> from startup_stm32f429xx.o(.text) referenced from startup_stm32f429xx.o(RESET)
 <LI><a href="#[4c]">CAN2_TX_IRQHandler</a> from startup_stm32f429xx.o(.text) referenced from startup_stm32f429xx.o(RESET)
 <LI><a href="#[5b]">DCMI_IRQHandler</a> from startup_stm32f429xx.o(.text) referenced from startup_stm32f429xx.o(RESET)
 <LI><a href="#[18]">DMA1_Stream0_IRQHandler</a> from startup_stm32f429xx.o(.text) referenced from startup_stm32f429xx.o(RESET)
 <LI><a href="#[19]">DMA1_Stream1_IRQHandler</a> from startup_stm32f429xx.o(.text) referenced from startup_stm32f429xx.o(RESET)
 <LI><a href="#[1a]">DMA1_Stream2_IRQHandler</a> from startup_stm32f429xx.o(.text) referenced from startup_stm32f429xx.o(RESET)
 <LI><a href="#[1b]">DMA1_Stream3_IRQHandler</a> from startup_stm32f429xx.o(.text) referenced from startup_stm32f429xx.o(RESET)
 <LI><a href="#[1c]">DMA1_Stream4_IRQHandler</a> from startup_stm32f429xx.o(.text) referenced from startup_stm32f429xx.o(RESET)
 <LI><a href="#[1d]">DMA1_Stream5_IRQHandler</a> from startup_stm32f429xx.o(.text) referenced from startup_stm32f429xx.o(RESET)
 <LI><a href="#[1e]">DMA1_Stream6_IRQHandler</a> from startup_stm32f429xx.o(.text) referenced from startup_stm32f429xx.o(RESET)
 <LI><a href="#[3c]">DMA1_Stream7_IRQHandler</a> from startup_stm32f429xx.o(.text) referenced from startup_stm32f429xx.o(RESET)
 <LI><a href="#[66]">DMA2D_IRQHandler</a> from startup_stm32f429xx.o(.text) referenced from startup_stm32f429xx.o(RESET)
 <LI><a href="#[45]">DMA2_Stream0_IRQHandler</a> from startup_stm32f429xx.o(.text) referenced from startup_stm32f429xx.o(RESET)
 <LI><a href="#[46]">DMA2_Stream1_IRQHandler</a> from startup_stm32f429xx.o(.text) referenced from startup_stm32f429xx.o(RESET)
 <LI><a href="#[47]">DMA2_Stream2_IRQHandler</a> from startup_stm32f429xx.o(.text) referenced from startup_stm32f429xx.o(RESET)
 <LI><a href="#[48]">DMA2_Stream3_IRQHandler</a> from startup_stm32f429xx.o(.text) referenced from startup_stm32f429xx.o(RESET)
 <LI><a href="#[49]">DMA2_Stream4_IRQHandler</a> from startup_stm32f429xx.o(.text) referenced from startup_stm32f429xx.o(RESET)
 <LI><a href="#[51]">DMA2_Stream5_IRQHandler</a> from startup_stm32f429xx.o(.text) referenced from startup_stm32f429xx.o(RESET)
 <LI><a href="#[52]">DMA2_Stream6_IRQHandler</a> from startup_stm32f429xx.o(.text) referenced from startup_stm32f429xx.o(RESET)
 <LI><a href="#[53]">DMA2_Stream7_IRQHandler</a> from startup_stm32f429xx.o(.text) referenced from startup_stm32f429xx.o(RESET)
 <LI><a href="#[a]">DebugMon_Handler</a> from stm32f4xx_it.o(i.DebugMon_Handler) referenced from startup_stm32f429xx.o(RESET)
 <LI><a href="#[4a]">ETH_IRQHandler</a> from lan8720.o(i.ETH_IRQHandler) referenced from startup_stm32f429xx.o(RESET)
 <LI><a href="#[4b]">ETH_WKUP_IRQHandler</a> from startup_stm32f429xx.o(.text) referenced from startup_stm32f429xx.o(RESET)
 <LI><a href="#[13]">EXTI0_IRQHandler</a> from startup_stm32f429xx.o(.text) referenced from startup_stm32f429xx.o(RESET)
 <LI><a href="#[35]">EXTI15_10_IRQHandler</a> from startup_stm32f429xx.o(.text) referenced from startup_stm32f429xx.o(RESET)
 <LI><a href="#[14]">EXTI1_IRQHandler</a> from startup_stm32f429xx.o(.text) referenced from startup_stm32f429xx.o(RESET)
 <LI><a href="#[15]">EXTI2_IRQHandler</a> from startup_stm32f429xx.o(.text) referenced from startup_stm32f429xx.o(RESET)
 <LI><a href="#[16]">EXTI3_IRQHandler</a> from startup_stm32f429xx.o(.text) referenced from startup_stm32f429xx.o(RESET)
 <LI><a href="#[17]">EXTI4_IRQHandler</a> from startup_stm32f429xx.o(.text) referenced from startup_stm32f429xx.o(RESET)
 <LI><a href="#[24]">EXTI9_5_IRQHandler</a> from stm32f4xx_it.o(i.EXTI9_5_IRQHandler) referenced from startup_stm32f429xx.o(RESET)
 <LI><a href="#[11]">FLASH_IRQHandler</a> from startup_stm32f429xx.o(.text) referenced from startup_stm32f429xx.o(RESET)
 <LI><a href="#[3d]">FMC_IRQHandler</a> from startup_stm32f429xx.o(.text) referenced from startup_stm32f429xx.o(RESET)
 <LI><a href="#[5d]">FPU_IRQHandler</a> from startup_stm32f429xx.o(.text) referenced from startup_stm32f429xx.o(RESET)
 <LI><a href="#[5c]">HASH_RNG_IRQHandler</a> from startup_stm32f429xx.o(.text) referenced from startup_stm32f429xx.o(RESET)
 <LI><a href="#[5]">HardFault_Handler</a> from stm32f4xx_it.o(i.HardFault_Handler) referenced from startup_stm32f429xx.o(RESET)
 <LI><a href="#[2d]">I2C1_ER_IRQHandler</a> from startup_stm32f429xx.o(.text) referenced from startup_stm32f429xx.o(RESET)
 <LI><a href="#[2c]">I2C1_EV_IRQHandler</a> from startup_stm32f429xx.o(.text) referenced from startup_stm32f429xx.o(RESET)
 <LI><a href="#[2f]">I2C2_ER_IRQHandler</a> from startup_stm32f429xx.o(.text) referenced from startup_stm32f429xx.o(RESET)
 <LI><a href="#[2e]">I2C2_EV_IRQHandler</a> from startup_stm32f429xx.o(.text) referenced from startup_stm32f429xx.o(RESET)
 <LI><a href="#[56]">I2C3_ER_IRQHandler</a> from startup_stm32f429xx.o(.text) referenced from startup_stm32f429xx.o(RESET)
 <LI><a href="#[55]">I2C3_EV_IRQHandler</a> from startup_stm32f429xx.o(.text) referenced from startup_stm32f429xx.o(RESET)
 <LI><a href="#[65]">LTDC_ER_IRQHandler</a> from startup_stm32f429xx.o(.text) referenced from startup_stm32f429xx.o(RESET)
 <LI><a href="#[64]">LTDC_IRQHandler</a> from startup_stm32f429xx.o(.text) referenced from startup_stm32f429xx.o(RESET)
 <LI><a href="#[6]">MemManage_Handler</a> from stm32f4xx_it.o(i.MemManage_Handler) referenced from startup_stm32f429xx.o(RESET)
 <LI><a href="#[4]">NMI_Handler</a> from stm32f4xx_it.o(i.NMI_Handler) referenced from startup_stm32f429xx.o(RESET)
 <LI><a href="#[50]">OTG_FS_IRQHandler</a> from startup_stm32f429xx.o(.text) referenced from startup_stm32f429xx.o(RESET)
 <LI><a href="#[37]">OTG_FS_WKUP_IRQHandler</a> from startup_stm32f429xx.o(.text) referenced from startup_stm32f429xx.o(RESET)
 <LI><a href="#[58]">OTG_HS_EP1_IN_IRQHandler</a> from startup_stm32f429xx.o(.text) referenced from startup_stm32f429xx.o(RESET)
 <LI><a href="#[57]">OTG_HS_EP1_OUT_IRQHandler</a> from startup_stm32f429xx.o(.text) referenced from startup_stm32f429xx.o(RESET)
 <LI><a href="#[5a]">OTG_HS_IRQHandler</a> from startup_stm32f429xx.o(.text) referenced from startup_stm32f429xx.o(RESET)
 <LI><a href="#[59]">OTG_HS_WKUP_IRQHandler</a> from startup_stm32f429xx.o(.text) referenced from startup_stm32f429xx.o(RESET)
 <LI><a href="#[e]">PVD_IRQHandler</a> from startup_stm32f429xx.o(.text) referenced from startup_stm32f429xx.o(RESET)
 <LI><a href="#[b]">PendSV_Handler</a> from stm32f4xx_it.o(i.PendSV_Handler) referenced from startup_stm32f429xx.o(RESET)
 <LI><a href="#[12]">RCC_IRQHandler</a> from startup_stm32f429xx.o(.text) referenced from startup_stm32f429xx.o(RESET)
 <LI><a href="#[36]">RTC_Alarm_IRQHandler</a> from startup_stm32f429xx.o(.text) referenced from startup_stm32f429xx.o(RESET)
 <LI><a href="#[10]">RTC_WKUP_IRQHandler</a> from startup_stm32f429xx.o(.text) referenced from startup_stm32f429xx.o(RESET)
 <LI><a href="#[3]">Reset_Handler</a> from startup_stm32f429xx.o(.text) referenced from startup_stm32f429xx.o(RESET)
 <LI><a href="#[63]">SAI1_IRQHandler</a> from startup_stm32f429xx.o(.text) referenced from startup_stm32f429xx.o(RESET)
 <LI><a href="#[3e]">SDIO_IRQHandler</a> from startup_stm32f429xx.o(.text) referenced from startup_stm32f429xx.o(RESET)
 <LI><a href="#[30]">SPI1_IRQHandler</a> from startup_stm32f429xx.o(.text) referenced from startup_stm32f429xx.o(RESET)
 <LI><a href="#[31]">SPI2_IRQHandler</a> from startup_stm32f429xx.o(.text) referenced from startup_stm32f429xx.o(RESET)
 <LI><a href="#[40]">SPI3_IRQHandler</a> from startup_stm32f429xx.o(.text) referenced from startup_stm32f429xx.o(RESET)
 <LI><a href="#[60]">SPI4_IRQHandler</a> from startup_stm32f429xx.o(.text) referenced from startup_stm32f429xx.o(RESET)
 <LI><a href="#[61]">SPI5_IRQHandler</a> from startup_stm32f429xx.o(.text) referenced from startup_stm32f429xx.o(RESET)
 <LI><a href="#[62]">SPI6_IRQHandler</a> from startup_stm32f429xx.o(.text) referenced from startup_stm32f429xx.o(RESET)
 <LI><a href="#[9]">SVC_Handler</a> from stm32f4xx_it.o(i.SVC_Handler) referenced from startup_stm32f429xx.o(RESET)
 <LI><a href="#[c]">SysTick_Handler</a> from stm32f4xx_it.o(i.SysTick_Handler) referenced from startup_stm32f429xx.o(RESET)
 <LI><a href="#[68]">SystemInit</a> from system_stm32f4xx.o(i.SystemInit) referenced from startup_stm32f429xx.o(.text)
 <LI><a href="#[f]">TAMP_STAMP_IRQHandler</a> from startup_stm32f429xx.o(.text) referenced from startup_stm32f429xx.o(RESET)
 <LI><a href="#[25]">TIM1_BRK_TIM9_IRQHandler</a> from startup_stm32f429xx.o(.text) referenced from startup_stm32f429xx.o(RESET)
 <LI><a href="#[28]">TIM1_CC_IRQHandler</a> from startup_stm32f429xx.o(.text) referenced from startup_stm32f429xx.o(RESET)
 <LI><a href="#[27]">TIM1_TRG_COM_TIM11_IRQHandler</a> from startup_stm32f429xx.o(.text) referenced from startup_stm32f429xx.o(RESET)
 <LI><a href="#[26]">TIM1_UP_TIM10_IRQHandler</a> from startup_stm32f429xx.o(.text) referenced from startup_stm32f429xx.o(RESET)
 <LI><a href="#[29]">TIM2_IRQHandler</a> from startup_stm32f429xx.o(.text) referenced from startup_stm32f429xx.o(RESET)
 <LI><a href="#[2a]">TIM3_IRQHandler</a> from timer.o(i.TIM3_IRQHandler) referenced from startup_stm32f429xx.o(RESET)
 <LI><a href="#[2b]">TIM4_IRQHandler</a> from startup_stm32f429xx.o(.text) referenced from startup_stm32f429xx.o(RESET)
 <LI><a href="#[3f]">TIM5_IRQHandler</a> from startup_stm32f429xx.o(.text) referenced from startup_stm32f429xx.o(RESET)
 <LI><a href="#[43]">TIM6_DAC_IRQHandler</a> from timer.o(i.TIM6_DAC_IRQHandler) referenced from startup_stm32f429xx.o(RESET)
 <LI><a href="#[44]">TIM7_IRQHandler</a> from startup_stm32f429xx.o(.text) referenced from startup_stm32f429xx.o(RESET)
 <LI><a href="#[38]">TIM8_BRK_TIM12_IRQHandler</a> from startup_stm32f429xx.o(.text) referenced from startup_stm32f429xx.o(RESET)
 <LI><a href="#[3b]">TIM8_CC_IRQHandler</a> from startup_stm32f429xx.o(.text) referenced from startup_stm32f429xx.o(RESET)
 <LI><a href="#[3a]">TIM8_TRG_COM_TIM14_IRQHandler</a> from startup_stm32f429xx.o(.text) referenced from startup_stm32f429xx.o(RESET)
 <LI><a href="#[39]">TIM8_UP_TIM13_IRQHandler</a> from startup_stm32f429xx.o(.text) referenced from startup_stm32f429xx.o(RESET)
 <LI><a href="#[41]">UART4_IRQHandler</a> from startup_stm32f429xx.o(.text) referenced from startup_stm32f429xx.o(RESET)
 <LI><a href="#[42]">UART5_IRQHandler</a> from startup_stm32f429xx.o(.text) referenced from startup_stm32f429xx.o(RESET)
 <LI><a href="#[5e]">UART7_IRQHandler</a> from startup_stm32f429xx.o(.text) referenced from startup_stm32f429xx.o(RESET)
 <LI><a href="#[5f]">UART8_IRQHandler</a> from startup_stm32f429xx.o(.text) referenced from startup_stm32f429xx.o(RESET)
 <LI><a href="#[32]">USART1_IRQHandler</a> from startup_stm32f429xx.o(.text) referenced from startup_stm32f429xx.o(RESET)
 <LI><a href="#[33]">USART2_IRQHandler</a> from startup_stm32f429xx.o(.text) referenced from startup_stm32f429xx.o(RESET)
 <LI><a href="#[34]">USART3_IRQHandler</a> from startup_stm32f429xx.o(.text) referenced from startup_stm32f429xx.o(RESET)
 <LI><a href="#[54]">USART6_IRQHandler</a> from startup_stm32f429xx.o(.text) referenced from startup_stm32f429xx.o(RESET)
 <LI><a href="#[8]">UsageFault_Handler</a> from stm32f4xx_it.o(i.UsageFault_Handler) referenced from startup_stm32f429xx.o(RESET)
 <LI><a href="#[d]">WWDG_IRQHandler</a> from startup_stm32f429xx.o(.text) referenced from startup_stm32f429xx.o(RESET)
 <LI><a href="#[69]">__main</a> from entry.o(.ARM.Collect$$$$00000000) referenced from startup_stm32f429xx.o(.text)
 <LI><a href="#[6b]">_sputc</a> from printfa.o(i._sputc) referenced from printfa.o(i.__0sprintf)
 <LI><a href="#[6c]">arp_timer</a> from timers.o(i.arp_timer) referenced from timers.o(i.arp_timer)
 <LI><a href="#[6c]">arp_timer</a> from timers.o(i.arp_timer) referenced from timers.o(i.sys_timeouts_init)
 <LI><a href="#[6d]">etharp_output</a> from etharp.o(i.etharp_output) referenced from ethernetif.o(i.ethernetif_init)
 <LI><a href="#[71]">ethernet_input</a> from etharp.o(i.ethernet_input) referenced from lwip_comm.o(i.lwip_comm_init)
 <LI><a href="#[72]">ethernetif_init</a> from ethernetif.o(i.ethernetif_init) referenced from lwip_comm.o(i.lwip_comm_init)
 <LI><a href="#[6a]">fputc</a> from usart.o(i.fputc) referenced from printfa.o(i.__0printf)
 <LI><a href="#[70]">ip_reass_timer</a> from timers.o(i.ip_reass_timer) referenced from timers.o(i.ip_reass_timer)
 <LI><a href="#[70]">ip_reass_timer</a> from timers.o(i.ip_reass_timer) referenced from timers.o(i.sys_timeouts_init)
 <LI><a href="#[6f]">ipfrag_free_pbuf_custom</a> from ip_frag.o(i.ipfrag_free_pbuf_custom) referenced from ip_frag.o(i.ip_frag)
 <LI><a href="#[6e]">low_level_output</a> from ethernetif.o(i.low_level_output) referenced from ethernetif.o(i.ethernetif_init)
 <LI><a href="#[67]">main</a> from main.o(i.main) referenced from entry9a.o(.ARM.Collect$$$$0000000B)
 <LI><a href="#[1]">my_mem_init</a> from malloc.o(i.my_mem_init) referenced 2 times from malloc.o(.data)
 <LI><a href="#[2]">my_mem_perused</a> from malloc.o(i.my_mem_perused) referenced 2 times from malloc.o(.data)
 <LI><a href="#[73]">tcp_recv_null</a> from tcp.o(i.tcp_recv_null) referenced from tcp.o(i.tcp_alloc)
 <LI><a href="#[74]">tcpip_tcp_timer</a> from timers.o(i.tcpip_tcp_timer) referenced from timers.o(i.tcp_timer_needed)
 <LI><a href="#[74]">tcpip_tcp_timer</a> from timers.o(i.tcpip_tcp_timer) referenced from timers.o(i.tcpip_tcp_timer)
 <LI><a href="#[75]">udp_demo_recv</a> from udp_demo.o(i.udp_demo_recv) referenced from udp_demo.o(i.udp_create)
</UL>
<P>
<H3>
Global Symbols
</H3>
<P><STRONG><a name="[69]"></a>__main</STRONG> (Thumb, 0 bytes, Stack size unknown bytes, entry.o(.ARM.Collect$$$$00000000))
<BR>[Address Reference Count : 1]<UL><LI> startup_stm32f429xx.o(.text)
</UL>
<P><STRONG><a name="[1b1]"></a>_main_stk</STRONG> (Thumb, 0 bytes, Stack size unknown bytes, entry2.o(.ARM.Collect$$$$00000001))

<P><STRONG><a name="[76]"></a>_main_scatterload</STRONG> (Thumb, 0 bytes, Stack size unknown bytes, entry5.o(.ARM.Collect$$$$00000004))
<BR><BR>[Calls]<UL><LI><a href="#[77]">&gt;&gt;</a>&nbsp;&nbsp;&nbsp;__scatterload
</UL>

<P><STRONG><a name="[90]"></a>__main_after_scatterload</STRONG> (Thumb, 0 bytes, Stack size unknown bytes, entry5.o(.ARM.Collect$$$$00000004))
<BR><BR>[Called By]<UL><LI><a href="#[77]">&gt;&gt;</a>&nbsp;&nbsp;&nbsp;__scatterload
</UL>

<P><STRONG><a name="[1b2]"></a>_main_clock</STRONG> (Thumb, 0 bytes, Stack size unknown bytes, entry7b.o(.ARM.Collect$$$$00000008))

<P><STRONG><a name="[1b3]"></a>_main_cpp_init</STRONG> (Thumb, 0 bytes, Stack size unknown bytes, entry8b.o(.ARM.Collect$$$$0000000A))

<P><STRONG><a name="[1b4]"></a>_main_init</STRONG> (Thumb, 0 bytes, Stack size unknown bytes, entry9a.o(.ARM.Collect$$$$0000000B))

<P><STRONG><a name="[1b5]"></a>__rt_final_cpp</STRONG> (Thumb, 0 bytes, Stack size unknown bytes, entry10a.o(.ARM.Collect$$$$0000000D))

<P><STRONG><a name="[1b6]"></a>__rt_final_exit</STRONG> (Thumb, 0 bytes, Stack size unknown bytes, entry11a.o(.ARM.Collect$$$$0000000F))

<P><STRONG><a name="[1b7]"></a>WFI_SET</STRONG> (Thumb, 2 bytes, Stack size 0 bytes, sys.o(.emb_text), UNUSED)

<P><STRONG><a name="[df]"></a>INTX_DISABLE</STRONG> (Thumb, 4 bytes, Stack size 0 bytes, sys.o(.emb_text))
<BR><BR>[Called By]<UL><LI><a href="#[de]">&gt;&gt;</a>&nbsp;&nbsp;&nbsp;LAN8720_Init
</UL>

<P><STRONG><a name="[e1]"></a>INTX_ENABLE</STRONG> (Thumb, 4 bytes, Stack size 0 bytes, sys.o(.emb_text))
<BR><BR>[Called By]<UL><LI><a href="#[de]">&gt;&gt;</a>&nbsp;&nbsp;&nbsp;LAN8720_Init
</UL>

<P><STRONG><a name="[1b8]"></a>MSR_MSP</STRONG> (Thumb, 6 bytes, Stack size 0 bytes, sys.o(.emb_text), UNUSED)

<P><STRONG><a name="[3]"></a>Reset_Handler</STRONG> (Thumb, 8 bytes, Stack size 0 bytes, startup_stm32f429xx.o(.text))
<BR>[Address Reference Count : 1]<UL><LI> startup_stm32f429xx.o(RESET)
</UL>
<P><STRONG><a name="[1f]"></a>ADC_IRQHandler</STRONG> (Thumb, 0 bytes, Stack size 0 bytes, startup_stm32f429xx.o(.text))
<BR><BR>[Calls]<UL><LI><a href="#[1f]">&gt;&gt;</a>&nbsp;&nbsp;&nbsp;ADC_IRQHandler
</UL>
<BR>[Called By]<UL><LI><a href="#[1f]">&gt;&gt;</a>&nbsp;&nbsp;&nbsp;ADC_IRQHandler
</UL>
<BR>[Address Reference Count : 1]<UL><LI> startup_stm32f429xx.o(RESET)
</UL>
<P><STRONG><a name="[21]"></a>CAN1_RX0_IRQHandler</STRONG> (Thumb, 0 bytes, Stack size 0 bytes, startup_stm32f429xx.o(.text))
<BR>[Address Reference Count : 1]<UL><LI> startup_stm32f429xx.o(RESET)
</UL>
<P><STRONG><a name="[22]"></a>CAN1_RX1_IRQHandler</STRONG> (Thumb, 0 bytes, Stack size 0 bytes, startup_stm32f429xx.o(.text))
<BR>[Address Reference Count : 1]<UL><LI> startup_stm32f429xx.o(RESET)
</UL>
<P><STRONG><a name="[23]"></a>CAN1_SCE_IRQHandler</STRONG> (Thumb, 0 bytes, Stack size 0 bytes, startup_stm32f429xx.o(.text))
<BR>[Address Reference Count : 1]<UL><LI> startup_stm32f429xx.o(RESET)
</UL>
<P><STRONG><a name="[20]"></a>CAN1_TX_IRQHandler</STRONG> (Thumb, 0 bytes, Stack size 0 bytes, startup_stm32f429xx.o(.text))
<BR>[Address Reference Count : 1]<UL><LI> startup_stm32f429xx.o(RESET)
</UL>
<P><STRONG><a name="[4d]"></a>CAN2_RX0_IRQHandler</STRONG> (Thumb, 0 bytes, Stack size 0 bytes, startup_stm32f429xx.o(.text))
<BR>[Address Reference Count : 1]<UL><LI> startup_stm32f429xx.o(RESET)
</UL>
<P><STRONG><a name="[4e]"></a>CAN2_RX1_IRQHandler</STRONG> (Thumb, 0 bytes, Stack size 0 bytes, startup_stm32f429xx.o(.text))
<BR>[Address Reference Count : 1]<UL><LI> startup_stm32f429xx.o(RESET)
</UL>
<P><STRONG><a name="[4f]"></a>CAN2_SCE_IRQHandler</STRONG> (Thumb, 0 bytes, Stack size 0 bytes, startup_stm32f429xx.o(.text))
<BR>[Address Reference Count : 1]<UL><LI> startup_stm32f429xx.o(RESET)
</UL>
<P><STRONG><a name="[4c]"></a>CAN2_TX_IRQHandler</STRONG> (Thumb, 0 bytes, Stack size 0 bytes, startup_stm32f429xx.o(.text))
<BR>[Address Reference Count : 1]<UL><LI> startup_stm32f429xx.o(RESET)
</UL>
<P><STRONG><a name="[5b]"></a>DCMI_IRQHandler</STRONG> (Thumb, 0 bytes, Stack size 0 bytes, startup_stm32f429xx.o(.text))
<BR>[Address Reference Count : 1]<UL><LI> startup_stm32f429xx.o(RESET)
</UL>
<P><STRONG><a name="[18]"></a>DMA1_Stream0_IRQHandler</STRONG> (Thumb, 0 bytes, Stack size 0 bytes, startup_stm32f429xx.o(.text))
<BR>[Address Reference Count : 1]<UL><LI> startup_stm32f429xx.o(RESET)
</UL>
<P><STRONG><a name="[19]"></a>DMA1_Stream1_IRQHandler</STRONG> (Thumb, 0 bytes, Stack size 0 bytes, startup_stm32f429xx.o(.text))
<BR>[Address Reference Count : 1]<UL><LI> startup_stm32f429xx.o(RESET)
</UL>
<P><STRONG><a name="[1a]"></a>DMA1_Stream2_IRQHandler</STRONG> (Thumb, 0 bytes, Stack size 0 bytes, startup_stm32f429xx.o(.text))
<BR>[Address Reference Count : 1]<UL><LI> startup_stm32f429xx.o(RESET)
</UL>
<P><STRONG><a name="[1b]"></a>DMA1_Stream3_IRQHandler</STRONG> (Thumb, 0 bytes, Stack size 0 bytes, startup_stm32f429xx.o(.text))
<BR>[Address Reference Count : 1]<UL><LI> startup_stm32f429xx.o(RESET)
</UL>
<P><STRONG><a name="[1c]"></a>DMA1_Stream4_IRQHandler</STRONG> (Thumb, 0 bytes, Stack size 0 bytes, startup_stm32f429xx.o(.text))
<BR>[Address Reference Count : 1]<UL><LI> startup_stm32f429xx.o(RESET)
</UL>
<P><STRONG><a name="[1d]"></a>DMA1_Stream5_IRQHandler</STRONG> (Thumb, 0 bytes, Stack size 0 bytes, startup_stm32f429xx.o(.text))
<BR>[Address Reference Count : 1]<UL><LI> startup_stm32f429xx.o(RESET)
</UL>
<P><STRONG><a name="[1e]"></a>DMA1_Stream6_IRQHandler</STRONG> (Thumb, 0 bytes, Stack size 0 bytes, startup_stm32f429xx.o(.text))
<BR>[Address Reference Count : 1]<UL><LI> startup_stm32f429xx.o(RESET)
</UL>
<P><STRONG><a name="[3c]"></a>DMA1_Stream7_IRQHandler</STRONG> (Thumb, 0 bytes, Stack size 0 bytes, startup_stm32f429xx.o(.text))
<BR>[Address Reference Count : 1]<UL><LI> startup_stm32f429xx.o(RESET)
</UL>
<P><STRONG><a name="[66]"></a>DMA2D_IRQHandler</STRONG> (Thumb, 0 bytes, Stack size 0 bytes, startup_stm32f429xx.o(.text))
<BR>[Address Reference Count : 1]<UL><LI> startup_stm32f429xx.o(RESET)
</UL>
<P><STRONG><a name="[45]"></a>DMA2_Stream0_IRQHandler</STRONG> (Thumb, 0 bytes, Stack size 0 bytes, startup_stm32f429xx.o(.text))
<BR>[Address Reference Count : 1]<UL><LI> startup_stm32f429xx.o(RESET)
</UL>
<P><STRONG><a name="[46]"></a>DMA2_Stream1_IRQHandler</STRONG> (Thumb, 0 bytes, Stack size 0 bytes, startup_stm32f429xx.o(.text))
<BR>[Address Reference Count : 1]<UL><LI> startup_stm32f429xx.o(RESET)
</UL>
<P><STRONG><a name="[47]"></a>DMA2_Stream2_IRQHandler</STRONG> (Thumb, 0 bytes, Stack size 0 bytes, startup_stm32f429xx.o(.text))
<BR>[Address Reference Count : 1]<UL><LI> startup_stm32f429xx.o(RESET)
</UL>
<P><STRONG><a name="[48]"></a>DMA2_Stream3_IRQHandler</STRONG> (Thumb, 0 bytes, Stack size 0 bytes, startup_stm32f429xx.o(.text))
<BR>[Address Reference Count : 1]<UL><LI> startup_stm32f429xx.o(RESET)
</UL>
<P><STRONG><a name="[49]"></a>DMA2_Stream4_IRQHandler</STRONG> (Thumb, 0 bytes, Stack size 0 bytes, startup_stm32f429xx.o(.text))
<BR>[Address Reference Count : 1]<UL><LI> startup_stm32f429xx.o(RESET)
</UL>
<P><STRONG><a name="[51]"></a>DMA2_Stream5_IRQHandler</STRONG> (Thumb, 0 bytes, Stack size 0 bytes, startup_stm32f429xx.o(.text))
<BR>[Address Reference Count : 1]<UL><LI> startup_stm32f429xx.o(RESET)
</UL>
<P><STRONG><a name="[52]"></a>DMA2_Stream6_IRQHandler</STRONG> (Thumb, 0 bytes, Stack size 0 bytes, startup_stm32f429xx.o(.text))
<BR>[Address Reference Count : 1]<UL><LI> startup_stm32f429xx.o(RESET)
</UL>
<P><STRONG><a name="[53]"></a>DMA2_Stream7_IRQHandler</STRONG> (Thumb, 0 bytes, Stack size 0 bytes, startup_stm32f429xx.o(.text))
<BR>[Address Reference Count : 1]<UL><LI> startup_stm32f429xx.o(RESET)
</UL>
<P><STRONG><a name="[4b]"></a>ETH_WKUP_IRQHandler</STRONG> (Thumb, 0 bytes, Stack size 0 bytes, startup_stm32f429xx.o(.text))
<BR>[Address Reference Count : 1]<UL><LI> startup_stm32f429xx.o(RESET)
</UL>
<P><STRONG><a name="[13]"></a>EXTI0_IRQHandler</STRONG> (Thumb, 0 bytes, Stack size 0 bytes, startup_stm32f429xx.o(.text))
<BR>[Address Reference Count : 1]<UL><LI> startup_stm32f429xx.o(RESET)
</UL>
<P><STRONG><a name="[35]"></a>EXTI15_10_IRQHandler</STRONG> (Thumb, 0 bytes, Stack size 0 bytes, startup_stm32f429xx.o(.text))
<BR>[Address Reference Count : 1]<UL><LI> startup_stm32f429xx.o(RESET)
</UL>
<P><STRONG><a name="[14]"></a>EXTI1_IRQHandler</STRONG> (Thumb, 0 bytes, Stack size 0 bytes, startup_stm32f429xx.o(.text))
<BR>[Address Reference Count : 1]<UL><LI> startup_stm32f429xx.o(RESET)
</UL>
<P><STRONG><a name="[15]"></a>EXTI2_IRQHandler</STRONG> (Thumb, 0 bytes, Stack size 0 bytes, startup_stm32f429xx.o(.text))
<BR>[Address Reference Count : 1]<UL><LI> startup_stm32f429xx.o(RESET)
</UL>
<P><STRONG><a name="[16]"></a>EXTI3_IRQHandler</STRONG> (Thumb, 0 bytes, Stack size 0 bytes, startup_stm32f429xx.o(.text))
<BR>[Address Reference Count : 1]<UL><LI> startup_stm32f429xx.o(RESET)
</UL>
<P><STRONG><a name="[17]"></a>EXTI4_IRQHandler</STRONG> (Thumb, 0 bytes, Stack size 0 bytes, startup_stm32f429xx.o(.text))
<BR>[Address Reference Count : 1]<UL><LI> startup_stm32f429xx.o(RESET)
</UL>
<P><STRONG><a name="[11]"></a>FLASH_IRQHandler</STRONG> (Thumb, 0 bytes, Stack size 0 bytes, startup_stm32f429xx.o(.text))
<BR>[Address Reference Count : 1]<UL><LI> startup_stm32f429xx.o(RESET)
</UL>
<P><STRONG><a name="[3d]"></a>FMC_IRQHandler</STRONG> (Thumb, 0 bytes, Stack size 0 bytes, startup_stm32f429xx.o(.text))
<BR>[Address Reference Count : 1]<UL><LI> startup_stm32f429xx.o(RESET)
</UL>
<P><STRONG><a name="[5d]"></a>FPU_IRQHandler</STRONG> (Thumb, 0 bytes, Stack size 0 bytes, startup_stm32f429xx.o(.text))
<BR>[Address Reference Count : 1]<UL><LI> startup_stm32f429xx.o(RESET)
</UL>
<P><STRONG><a name="[5c]"></a>HASH_RNG_IRQHandler</STRONG> (Thumb, 0 bytes, Stack size 0 bytes, startup_stm32f429xx.o(.text))
<BR>[Address Reference Count : 1]<UL><LI> startup_stm32f429xx.o(RESET)
</UL>
<P><STRONG><a name="[2d]"></a>I2C1_ER_IRQHandler</STRONG> (Thumb, 0 bytes, Stack size 0 bytes, startup_stm32f429xx.o(.text))
<BR>[Address Reference Count : 1]<UL><LI> startup_stm32f429xx.o(RESET)
</UL>
<P><STRONG><a name="[2c]"></a>I2C1_EV_IRQHandler</STRONG> (Thumb, 0 bytes, Stack size 0 bytes, startup_stm32f429xx.o(.text))
<BR>[Address Reference Count : 1]<UL><LI> startup_stm32f429xx.o(RESET)
</UL>
<P><STRONG><a name="[2f]"></a>I2C2_ER_IRQHandler</STRONG> (Thumb, 0 bytes, Stack size 0 bytes, startup_stm32f429xx.o(.text))
<BR>[Address Reference Count : 1]<UL><LI> startup_stm32f429xx.o(RESET)
</UL>
<P><STRONG><a name="[2e]"></a>I2C2_EV_IRQHandler</STRONG> (Thumb, 0 bytes, Stack size 0 bytes, startup_stm32f429xx.o(.text))
<BR>[Address Reference Count : 1]<UL><LI> startup_stm32f429xx.o(RESET)
</UL>
<P><STRONG><a name="[56]"></a>I2C3_ER_IRQHandler</STRONG> (Thumb, 0 bytes, Stack size 0 bytes, startup_stm32f429xx.o(.text))
<BR>[Address Reference Count : 1]<UL><LI> startup_stm32f429xx.o(RESET)
</UL>
<P><STRONG><a name="[55]"></a>I2C3_EV_IRQHandler</STRONG> (Thumb, 0 bytes, Stack size 0 bytes, startup_stm32f429xx.o(.text))
<BR>[Address Reference Count : 1]<UL><LI> startup_stm32f429xx.o(RESET)
</UL>
<P><STRONG><a name="[65]"></a>LTDC_ER_IRQHandler</STRONG> (Thumb, 0 bytes, Stack size 0 bytes, startup_stm32f429xx.o(.text))
<BR>[Address Reference Count : 1]<UL><LI> startup_stm32f429xx.o(RESET)
</UL>
<P><STRONG><a name="[64]"></a>LTDC_IRQHandler</STRONG> (Thumb, 0 bytes, Stack size 0 bytes, startup_stm32f429xx.o(.text))
<BR>[Address Reference Count : 1]<UL><LI> startup_stm32f429xx.o(RESET)
</UL>
<P><STRONG><a name="[50]"></a>OTG_FS_IRQHandler</STRONG> (Thumb, 0 bytes, Stack size 0 bytes, startup_stm32f429xx.o(.text))
<BR>[Address Reference Count : 1]<UL><LI> startup_stm32f429xx.o(RESET)
</UL>
<P><STRONG><a name="[37]"></a>OTG_FS_WKUP_IRQHandler</STRONG> (Thumb, 0 bytes, Stack size 0 bytes, startup_stm32f429xx.o(.text))
<BR>[Address Reference Count : 1]<UL><LI> startup_stm32f429xx.o(RESET)
</UL>
<P><STRONG><a name="[58]"></a>OTG_HS_EP1_IN_IRQHandler</STRONG> (Thumb, 0 bytes, Stack size 0 bytes, startup_stm32f429xx.o(.text))
<BR>[Address Reference Count : 1]<UL><LI> startup_stm32f429xx.o(RESET)
</UL>
<P><STRONG><a name="[57]"></a>OTG_HS_EP1_OUT_IRQHandler</STRONG> (Thumb, 0 bytes, Stack size 0 bytes, startup_stm32f429xx.o(.text))
<BR>[Address Reference Count : 1]<UL><LI> startup_stm32f429xx.o(RESET)
</UL>
<P><STRONG><a name="[5a]"></a>OTG_HS_IRQHandler</STRONG> (Thumb, 0 bytes, Stack size 0 bytes, startup_stm32f429xx.o(.text))
<BR>[Address Reference Count : 1]<UL><LI> startup_stm32f429xx.o(RESET)
</UL>
<P><STRONG><a name="[59]"></a>OTG_HS_WKUP_IRQHandler</STRONG> (Thumb, 0 bytes, Stack size 0 bytes, startup_stm32f429xx.o(.text))
<BR>[Address Reference Count : 1]<UL><LI> startup_stm32f429xx.o(RESET)
</UL>
<P><STRONG><a name="[e]"></a>PVD_IRQHandler</STRONG> (Thumb, 0 bytes, Stack size 0 bytes, startup_stm32f429xx.o(.text))
<BR>[Address Reference Count : 1]<UL><LI> startup_stm32f429xx.o(RESET)
</UL>
<P><STRONG><a name="[12]"></a>RCC_IRQHandler</STRONG> (Thumb, 0 bytes, Stack size 0 bytes, startup_stm32f429xx.o(.text))
<BR>[Address Reference Count : 1]<UL><LI> startup_stm32f429xx.o(RESET)
</UL>
<P><STRONG><a name="[36]"></a>RTC_Alarm_IRQHandler</STRONG> (Thumb, 0 bytes, Stack size 0 bytes, startup_stm32f429xx.o(.text))
<BR>[Address Reference Count : 1]<UL><LI> startup_stm32f429xx.o(RESET)
</UL>
<P><STRONG><a name="[10]"></a>RTC_WKUP_IRQHandler</STRONG> (Thumb, 0 bytes, Stack size 0 bytes, startup_stm32f429xx.o(.text))
<BR>[Address Reference Count : 1]<UL><LI> startup_stm32f429xx.o(RESET)
</UL>
<P><STRONG><a name="[63]"></a>SAI1_IRQHandler</STRONG> (Thumb, 0 bytes, Stack size 0 bytes, startup_stm32f429xx.o(.text))
<BR>[Address Reference Count : 1]<UL><LI> startup_stm32f429xx.o(RESET)
</UL>
<P><STRONG><a name="[3e]"></a>SDIO_IRQHandler</STRONG> (Thumb, 0 bytes, Stack size 0 bytes, startup_stm32f429xx.o(.text))
<BR>[Address Reference Count : 1]<UL><LI> startup_stm32f429xx.o(RESET)
</UL>
<P><STRONG><a name="[30]"></a>SPI1_IRQHandler</STRONG> (Thumb, 0 bytes, Stack size 0 bytes, startup_stm32f429xx.o(.text))
<BR>[Address Reference Count : 1]<UL><LI> startup_stm32f429xx.o(RESET)
</UL>
<P><STRONG><a name="[31]"></a>SPI2_IRQHandler</STRONG> (Thumb, 0 bytes, Stack size 0 bytes, startup_stm32f429xx.o(.text))
<BR>[Address Reference Count : 1]<UL><LI> startup_stm32f429xx.o(RESET)
</UL>
<P><STRONG><a name="[40]"></a>SPI3_IRQHandler</STRONG> (Thumb, 0 bytes, Stack size 0 bytes, startup_stm32f429xx.o(.text))
<BR>[Address Reference Count : 1]<UL><LI> startup_stm32f429xx.o(RESET)
</UL>
<P><STRONG><a name="[60]"></a>SPI4_IRQHandler</STRONG> (Thumb, 0 bytes, Stack size 0 bytes, startup_stm32f429xx.o(.text))
<BR>[Address Reference Count : 1]<UL><LI> startup_stm32f429xx.o(RESET)
</UL>
<P><STRONG><a name="[61]"></a>SPI5_IRQHandler</STRONG> (Thumb, 0 bytes, Stack size 0 bytes, startup_stm32f429xx.o(.text))
<BR>[Address Reference Count : 1]<UL><LI> startup_stm32f429xx.o(RESET)
</UL>
<P><STRONG><a name="[62]"></a>SPI6_IRQHandler</STRONG> (Thumb, 0 bytes, Stack size 0 bytes, startup_stm32f429xx.o(.text))
<BR>[Address Reference Count : 1]<UL><LI> startup_stm32f429xx.o(RESET)
</UL>
<P><STRONG><a name="[f]"></a>TAMP_STAMP_IRQHandler</STRONG> (Thumb, 0 bytes, Stack size 0 bytes, startup_stm32f429xx.o(.text))
<BR>[Address Reference Count : 1]<UL><LI> startup_stm32f429xx.o(RESET)
</UL>
<P><STRONG><a name="[25]"></a>TIM1_BRK_TIM9_IRQHandler</STRONG> (Thumb, 0 bytes, Stack size 0 bytes, startup_stm32f429xx.o(.text))
<BR>[Address Reference Count : 1]<UL><LI> startup_stm32f429xx.o(RESET)
</UL>
<P><STRONG><a name="[28]"></a>TIM1_CC_IRQHandler</STRONG> (Thumb, 0 bytes, Stack size 0 bytes, startup_stm32f429xx.o(.text))
<BR>[Address Reference Count : 1]<UL><LI> startup_stm32f429xx.o(RESET)
</UL>
<P><STRONG><a name="[27]"></a>TIM1_TRG_COM_TIM11_IRQHandler</STRONG> (Thumb, 0 bytes, Stack size 0 bytes, startup_stm32f429xx.o(.text))
<BR>[Address Reference Count : 1]<UL><LI> startup_stm32f429xx.o(RESET)
</UL>
<P><STRONG><a name="[26]"></a>TIM1_UP_TIM10_IRQHandler</STRONG> (Thumb, 0 bytes, Stack size 0 bytes, startup_stm32f429xx.o(.text))
<BR>[Address Reference Count : 1]<UL><LI> startup_stm32f429xx.o(RESET)
</UL>
<P><STRONG><a name="[29]"></a>TIM2_IRQHandler</STRONG> (Thumb, 0 bytes, Stack size 0 bytes, startup_stm32f429xx.o(.text))
<BR>[Address Reference Count : 1]<UL><LI> startup_stm32f429xx.o(RESET)
</UL>
<P><STRONG><a name="[2b]"></a>TIM4_IRQHandler</STRONG> (Thumb, 0 bytes, Stack size 0 bytes, startup_stm32f429xx.o(.text))
<BR>[Address Reference Count : 1]<UL><LI> startup_stm32f429xx.o(RESET)
</UL>
<P><STRONG><a name="[3f]"></a>TIM5_IRQHandler</STRONG> (Thumb, 0 bytes, Stack size 0 bytes, startup_stm32f429xx.o(.text))
<BR>[Address Reference Count : 1]<UL><LI> startup_stm32f429xx.o(RESET)
</UL>
<P><STRONG><a name="[44]"></a>TIM7_IRQHandler</STRONG> (Thumb, 0 bytes, Stack size 0 bytes, startup_stm32f429xx.o(.text))
<BR>[Address Reference Count : 1]<UL><LI> startup_stm32f429xx.o(RESET)
</UL>
<P><STRONG><a name="[38]"></a>TIM8_BRK_TIM12_IRQHandler</STRONG> (Thumb, 0 bytes, Stack size 0 bytes, startup_stm32f429xx.o(.text))
<BR>[Address Reference Count : 1]<UL><LI> startup_stm32f429xx.o(RESET)
</UL>
<P><STRONG><a name="[3b]"></a>TIM8_CC_IRQHandler</STRONG> (Thumb, 0 bytes, Stack size 0 bytes, startup_stm32f429xx.o(.text))
<BR>[Address Reference Count : 1]<UL><LI> startup_stm32f429xx.o(RESET)
</UL>
<P><STRONG><a name="[3a]"></a>TIM8_TRG_COM_TIM14_IRQHandler</STRONG> (Thumb, 0 bytes, Stack size 0 bytes, startup_stm32f429xx.o(.text))
<BR>[Address Reference Count : 1]<UL><LI> startup_stm32f429xx.o(RESET)
</UL>
<P><STRONG><a name="[39]"></a>TIM8_UP_TIM13_IRQHandler</STRONG> (Thumb, 0 bytes, Stack size 0 bytes, startup_stm32f429xx.o(.text))
<BR>[Address Reference Count : 1]<UL><LI> startup_stm32f429xx.o(RESET)
</UL>
<P><STRONG><a name="[41]"></a>UART4_IRQHandler</STRONG> (Thumb, 0 bytes, Stack size 0 bytes, startup_stm32f429xx.o(.text))
<BR>[Address Reference Count : 1]<UL><LI> startup_stm32f429xx.o(RESET)
</UL>
<P><STRONG><a name="[42]"></a>UART5_IRQHandler</STRONG> (Thumb, 0 bytes, Stack size 0 bytes, startup_stm32f429xx.o(.text))
<BR>[Address Reference Count : 1]<UL><LI> startup_stm32f429xx.o(RESET)
</UL>
<P><STRONG><a name="[5e]"></a>UART7_IRQHandler</STRONG> (Thumb, 0 bytes, Stack size 0 bytes, startup_stm32f429xx.o(.text))
<BR>[Address Reference Count : 1]<UL><LI> startup_stm32f429xx.o(RESET)
</UL>
<P><STRONG><a name="[5f]"></a>UART8_IRQHandler</STRONG> (Thumb, 0 bytes, Stack size 0 bytes, startup_stm32f429xx.o(.text))
<BR>[Address Reference Count : 1]<UL><LI> startup_stm32f429xx.o(RESET)
</UL>
<P><STRONG><a name="[32]"></a>USART1_IRQHandler</STRONG> (Thumb, 0 bytes, Stack size 0 bytes, startup_stm32f429xx.o(.text))
<BR>[Address Reference Count : 1]<UL><LI> startup_stm32f429xx.o(RESET)
</UL>
<P><STRONG><a name="[33]"></a>USART2_IRQHandler</STRONG> (Thumb, 0 bytes, Stack size 0 bytes, startup_stm32f429xx.o(.text))
<BR>[Address Reference Count : 1]<UL><LI> startup_stm32f429xx.o(RESET)
</UL>
<P><STRONG><a name="[34]"></a>USART3_IRQHandler</STRONG> (Thumb, 0 bytes, Stack size 0 bytes, startup_stm32f429xx.o(.text))
<BR>[Address Reference Count : 1]<UL><LI> startup_stm32f429xx.o(RESET)
</UL>
<P><STRONG><a name="[54]"></a>USART6_IRQHandler</STRONG> (Thumb, 0 bytes, Stack size 0 bytes, startup_stm32f429xx.o(.text))
<BR>[Address Reference Count : 1]<UL><LI> startup_stm32f429xx.o(RESET)
</UL>
<P><STRONG><a name="[d]"></a>WWDG_IRQHandler</STRONG> (Thumb, 0 bytes, Stack size 0 bytes, startup_stm32f429xx.o(.text))
<BR>[Address Reference Count : 1]<UL><LI> startup_stm32f429xx.o(RESET)
</UL>
<P><STRONG><a name="[78]"></a>__aeabi_uldivmod</STRONG> (Thumb, 98 bytes, Stack size 40 bytes, uldiv.o(.text), UNUSED)
<BR><BR>[Calls]<UL><LI><a href="#[79]">&gt;&gt;</a>&nbsp;&nbsp;&nbsp;__aeabi_llsr
<LI><a href="#[7a]">&gt;&gt;</a>&nbsp;&nbsp;&nbsp;__aeabi_llsl
</UL>
<BR>[Called By]<UL><LI><a href="#[10e]">&gt;&gt;</a>&nbsp;&nbsp;&nbsp;_printf_core
<LI><a href="#[11c]">&gt;&gt;</a>&nbsp;&nbsp;&nbsp;_fp_digits
</UL>

<P><STRONG><a name="[ee]"></a>__aeabi_memcpy</STRONG> (Thumb, 36 bytes, Stack size 0 bytes, memcpya.o(.text))
<BR><BR>[Called By]<UL><LI><a href="#[f9]">&gt;&gt;</a>&nbsp;&nbsp;&nbsp;UDP_RecvDataHandle
<LI><a href="#[ed]">&gt;&gt;</a>&nbsp;&nbsp;&nbsp;STMFLASH_NetworkPara_Config_Read
<LI><a href="#[156]">&gt;&gt;</a>&nbsp;&nbsp;&nbsp;ip_reass_free_complete_datagram
<LI><a href="#[153]">&gt;&gt;</a>&nbsp;&nbsp;&nbsp;ip_reass_enqueue_new_datagram
<LI><a href="#[14c]">&gt;&gt;</a>&nbsp;&nbsp;&nbsp;ip_reass
<LI><a href="#[143]">&gt;&gt;</a>&nbsp;&nbsp;&nbsp;ip_frag
<LI><a href="#[13b]">&gt;&gt;</a>&nbsp;&nbsp;&nbsp;icmp_send_response
<LI><a href="#[6e]">&gt;&gt;</a>&nbsp;&nbsp;&nbsp;low_level_output
<LI><a href="#[139]">&gt;&gt;</a>&nbsp;&nbsp;&nbsp;low_level_input
<LI><a href="#[132]">&gt;&gt;</a>&nbsp;&nbsp;&nbsp;pbuf_copy
<LI><a href="#[75]">&gt;&gt;</a>&nbsp;&nbsp;&nbsp;udp_demo_recv
<LI><a href="#[180]">&gt;&gt;</a>&nbsp;&nbsp;&nbsp;pbuf_copy_partial
</UL>

<P><STRONG><a name="[ea]"></a>__aeabi_memcpy4</STRONG> (Thumb, 0 bytes, Stack size 0 bytes, memcpya.o(.text))
<BR><BR>[Called By]<UL><LI><a href="#[f2]">&gt;&gt;</a>&nbsp;&nbsp;&nbsp;STMFLASH_RightDistanceOffset_Write
<LI><a href="#[ec]">&gt;&gt;</a>&nbsp;&nbsp;&nbsp;STMFLASH_LeftDistanceOffset_Write
<LI><a href="#[eb]">&gt;&gt;</a>&nbsp;&nbsp;&nbsp;STMFLASH_HeaderDistanceOffset_Write
<LI><a href="#[103]">&gt;&gt;</a>&nbsp;&nbsp;&nbsp;UWB_DistanceToAngle
<LI><a href="#[e9]">&gt;&gt;</a>&nbsp;&nbsp;&nbsp;STMFLASH_DistanceOffset_Read
<LI><a href="#[ef]">&gt;&gt;</a>&nbsp;&nbsp;&nbsp;STMFLASH_NetworkPara_Config_Write
</UL>

<P><STRONG><a name="[1b9]"></a>__aeabi_memcpy8</STRONG> (Thumb, 0 bytes, Stack size 0 bytes, memcpya.o(.text), UNUSED)

<P><STRONG><a name="[7c]"></a>__aeabi_memset</STRONG> (Thumb, 14 bytes, Stack size 0 bytes, memseta.o(.text))
<BR><BR>[Called By]<UL><LI><a href="#[7d]">&gt;&gt;</a>&nbsp;&nbsp;&nbsp;_memset$wrapper
<LI><a href="#[7b]">&gt;&gt;</a>&nbsp;&nbsp;&nbsp;__aeabi_memclr
</UL>

<P><STRONG><a name="[1ba]"></a>__aeabi_memset4</STRONG> (Thumb, 0 bytes, Stack size 0 bytes, memseta.o(.text), UNUSED)

<P><STRONG><a name="[1bb]"></a>__aeabi_memset8</STRONG> (Thumb, 0 bytes, Stack size 0 bytes, memseta.o(.text), UNUSED)

<P><STRONG><a name="[7b]"></a>__aeabi_memclr</STRONG> (Thumb, 4 bytes, Stack size 0 bytes, memseta.o(.text))
<BR><BR>[Calls]<UL><LI><a href="#[7c]">&gt;&gt;</a>&nbsp;&nbsp;&nbsp;__aeabi_memset
</UL>
<BR>[Called By]<UL><LI><a href="#[f9]">&gt;&gt;</a>&nbsp;&nbsp;&nbsp;UDP_RecvDataHandle
<LI><a href="#[75]">&gt;&gt;</a>&nbsp;&nbsp;&nbsp;udp_demo_recv
</UL>

<P><STRONG><a name="[e5]"></a>__aeabi_memclr4</STRONG> (Thumb, 0 bytes, Stack size 0 bytes, memseta.o(.text))
<BR><BR>[Called By]<UL><LI><a href="#[f2]">&gt;&gt;</a>&nbsp;&nbsp;&nbsp;STMFLASH_RightDistanceOffset_Write
<LI><a href="#[ec]">&gt;&gt;</a>&nbsp;&nbsp;&nbsp;STMFLASH_LeftDistanceOffset_Write
<LI><a href="#[eb]">&gt;&gt;</a>&nbsp;&nbsp;&nbsp;STMFLASH_HeaderDistanceOffset_Write
<LI><a href="#[103]">&gt;&gt;</a>&nbsp;&nbsp;&nbsp;UWB_DistanceToAngle
<LI><a href="#[10c]">&gt;&gt;</a>&nbsp;&nbsp;&nbsp;Upgrade_CleanWrite
<LI><a href="#[ed]">&gt;&gt;</a>&nbsp;&nbsp;&nbsp;STMFLASH_NetworkPara_Config_Read
<LI><a href="#[e9]">&gt;&gt;</a>&nbsp;&nbsp;&nbsp;STMFLASH_DistanceOffset_Read
<LI><a href="#[e4]">&gt;&gt;</a>&nbsp;&nbsp;&nbsp;STMFLASH_Anchors_Distance_Read
<LI><a href="#[fc]">&gt;&gt;</a>&nbsp;&nbsp;&nbsp;Upgrade_StatusWrite
<LI><a href="#[ef]">&gt;&gt;</a>&nbsp;&nbsp;&nbsp;STMFLASH_NetworkPara_Config_Write
<LI><a href="#[e7]">&gt;&gt;</a>&nbsp;&nbsp;&nbsp;STMFLASH_Anchors_Distance_Write
<LI><a href="#[153]">&gt;&gt;</a>&nbsp;&nbsp;&nbsp;ip_reass_enqueue_new_datagram
<LI><a href="#[1ab]">&gt;&gt;</a>&nbsp;&nbsp;&nbsp;udp_new
<LI><a href="#[186]">&gt;&gt;</a>&nbsp;&nbsp;&nbsp;tcp_alloc
</UL>

<P><STRONG><a name="[1bc]"></a>__aeabi_memclr8</STRONG> (Thumb, 0 bytes, Stack size 0 bytes, memseta.o(.text), UNUSED)

<P><STRONG><a name="[7d]"></a>_memset$wrapper</STRONG> (Thumb, 18 bytes, Stack size 8 bytes, memseta.o(.text), UNUSED)
<BR><BR>[Calls]<UL><LI><a href="#[7c]">&gt;&gt;</a>&nbsp;&nbsp;&nbsp;__aeabi_memset
</UL>

<P><STRONG><a name="[fa]"></a>strstr</STRONG> (Thumb, 36 bytes, Stack size 12 bytes, strstr.o(.text))
<BR><BR>[Stack]<UL><LI>Max Depth = 12<LI>Call Chain = strstr
</UL>
<BR>[Called By]<UL><LI><a href="#[f9]">&gt;&gt;</a>&nbsp;&nbsp;&nbsp;UDP_RecvDataHandle
</UL>

<P><STRONG><a name="[101]"></a>strlen</STRONG> (Thumb, 14 bytes, Stack size 0 bytes, strlen.o(.text))
<BR><BR>[Called By]<UL><LI><a href="#[103]">&gt;&gt;</a>&nbsp;&nbsp;&nbsp;UWB_DistanceToAngle
<LI><a href="#[f9]">&gt;&gt;</a>&nbsp;&nbsp;&nbsp;UDP_RecvDataHandle
</UL>

<P><STRONG><a name="[135]"></a>memcmp</STRONG> (Thumb, 26 bytes, Stack size 12 bytes, memcmp.o(.text))
<BR><BR>[Stack]<UL><LI>Max Depth = 12<LI>Call Chain = memcmp
</UL>
<BR>[Called By]<UL><LI><a href="#[71]">&gt;&gt;</a>&nbsp;&nbsp;&nbsp;ethernet_input
</UL>

<P><STRONG><a name="[7e]"></a>atoi</STRONG> (Thumb, 26 bytes, Stack size 16 bytes, atoi.o(.text))
<BR><BR>[Stack]<UL><LI>Max Depth = 88<LI>Call Chain = atoi &rArr; strtol &rArr; _strtoul
</UL>
<BR>[Calls]<UL><LI><a href="#[80]">&gt;&gt;</a>&nbsp;&nbsp;&nbsp;strtol
<LI><a href="#[7f]">&gt;&gt;</a>&nbsp;&nbsp;&nbsp;__aeabi_errno_addr
</UL>
<BR>[Called By]<UL><LI><a href="#[f9]">&gt;&gt;</a>&nbsp;&nbsp;&nbsp;UDP_RecvDataHandle
</UL>

<P><STRONG><a name="[81]"></a>__aeabi_dadd</STRONG> (Thumb, 322 bytes, Stack size 48 bytes, dadd.o(.text))
<BR><BR>[Stack]<UL><LI>Max Depth = 88<LI>Call Chain = __aeabi_dadd &rArr; _double_epilogue &rArr; _double_round
</UL>
<BR>[Calls]<UL><LI><a href="#[82]">&gt;&gt;</a>&nbsp;&nbsp;&nbsp;__aeabi_lasr
<LI><a href="#[7a]">&gt;&gt;</a>&nbsp;&nbsp;&nbsp;__aeabi_llsl
<LI><a href="#[84]">&gt;&gt;</a>&nbsp;&nbsp;&nbsp;_double_round
<LI><a href="#[83]">&gt;&gt;</a>&nbsp;&nbsp;&nbsp;_double_epilogue
</UL>
<BR>[Called By]<UL><LI><a href="#[85]">&gt;&gt;</a>&nbsp;&nbsp;&nbsp;__aeabi_dsub
<LI><a href="#[86]">&gt;&gt;</a>&nbsp;&nbsp;&nbsp;__aeabi_drsub
<LI><a href="#[103]">&gt;&gt;</a>&nbsp;&nbsp;&nbsp;UWB_DistanceToAngle
<LI><a href="#[10b]">&gt;&gt;</a>&nbsp;&nbsp;&nbsp;__hardfp_acos
<LI><a href="#[113]">&gt;&gt;</a>&nbsp;&nbsp;&nbsp;__kernel_poly
<LI><a href="#[115]">&gt;&gt;</a>&nbsp;&nbsp;&nbsp;__mathlib_dbl_infnan2
<LI><a href="#[110]">&gt;&gt;</a>&nbsp;&nbsp;&nbsp;__mathlib_dbl_infnan
<LI><a href="#[11c]">&gt;&gt;</a>&nbsp;&nbsp;&nbsp;_fp_digits
<LI><a href="#[10a]">&gt;&gt;</a>&nbsp;&nbsp;&nbsp;__hardfp_pow
</UL>

<P><STRONG><a name="[85]"></a>__aeabi_dsub</STRONG> (Thumb, 6 bytes, Stack size 0 bytes, dadd.o(.text))
<BR><BR>[Stack]<UL><LI>Max Depth = 88<LI>Call Chain = __aeabi_dsub &rArr; __aeabi_dadd &rArr; _double_epilogue &rArr; _double_round
</UL>
<BR>[Calls]<UL><LI><a href="#[81]">&gt;&gt;</a>&nbsp;&nbsp;&nbsp;__aeabi_dadd
</UL>
<BR>[Called By]<UL><LI><a href="#[103]">&gt;&gt;</a>&nbsp;&nbsp;&nbsp;UWB_DistanceToAngle
<LI><a href="#[10b]">&gt;&gt;</a>&nbsp;&nbsp;&nbsp;__hardfp_acos
<LI><a href="#[10a]">&gt;&gt;</a>&nbsp;&nbsp;&nbsp;__hardfp_pow
</UL>

<P><STRONG><a name="[86]"></a>__aeabi_drsub</STRONG> (Thumb, 6 bytes, Stack size 0 bytes, dadd.o(.text))
<BR><BR>[Stack]<UL><LI>Max Depth = 88<LI>Call Chain = __aeabi_drsub &rArr; __aeabi_dadd &rArr; _double_epilogue &rArr; _double_round
</UL>
<BR>[Calls]<UL><LI><a href="#[81]">&gt;&gt;</a>&nbsp;&nbsp;&nbsp;__aeabi_dadd
</UL>
<BR>[Called By]<UL><LI><a href="#[103]">&gt;&gt;</a>&nbsp;&nbsp;&nbsp;UWB_DistanceToAngle
<LI><a href="#[10b]">&gt;&gt;</a>&nbsp;&nbsp;&nbsp;__hardfp_acos
<LI><a href="#[10a]">&gt;&gt;</a>&nbsp;&nbsp;&nbsp;__hardfp_pow
</UL>

<P><STRONG><a name="[87]"></a>__aeabi_dmul</STRONG> (Thumb, 228 bytes, Stack size 48 bytes, dmul.o(.text))
<BR><BR>[Stack]<UL><LI>Max Depth = 88<LI>Call Chain = __aeabi_dmul &rArr; _double_epilogue &rArr; _double_round
</UL>
<BR>[Calls]<UL><LI><a href="#[83]">&gt;&gt;</a>&nbsp;&nbsp;&nbsp;_double_epilogue
</UL>
<BR>[Called By]<UL><LI><a href="#[103]">&gt;&gt;</a>&nbsp;&nbsp;&nbsp;UWB_DistanceToAngle
<LI><a href="#[10b]">&gt;&gt;</a>&nbsp;&nbsp;&nbsp;__hardfp_acos
<LI><a href="#[113]">&gt;&gt;</a>&nbsp;&nbsp;&nbsp;__kernel_poly
<LI><a href="#[119]">&gt;&gt;</a>&nbsp;&nbsp;&nbsp;__mathlib_dbl_underflow
<LI><a href="#[117]">&gt;&gt;</a>&nbsp;&nbsp;&nbsp;__mathlib_dbl_overflow
<LI><a href="#[11c]">&gt;&gt;</a>&nbsp;&nbsp;&nbsp;_fp_digits
<LI><a href="#[10a]">&gt;&gt;</a>&nbsp;&nbsp;&nbsp;__hardfp_pow
</UL>

<P><STRONG><a name="[88]"></a>__aeabi_ddiv</STRONG> (Thumb, 222 bytes, Stack size 32 bytes, ddiv.o(.text))
<BR><BR>[Stack]<UL><LI>Max Depth = 40<LI>Call Chain = __aeabi_ddiv &rArr; _double_round
</UL>
<BR>[Calls]<UL><LI><a href="#[84]">&gt;&gt;</a>&nbsp;&nbsp;&nbsp;_double_round
</UL>
<BR>[Called By]<UL><LI><a href="#[103]">&gt;&gt;</a>&nbsp;&nbsp;&nbsp;UWB_DistanceToAngle
<LI><a href="#[10b]">&gt;&gt;</a>&nbsp;&nbsp;&nbsp;__hardfp_acos
<LI><a href="#[112]">&gt;&gt;</a>&nbsp;&nbsp;&nbsp;__mathlib_dbl_invalid
<LI><a href="#[116]">&gt;&gt;</a>&nbsp;&nbsp;&nbsp;__mathlib_dbl_divzero
<LI><a href="#[11c]">&gt;&gt;</a>&nbsp;&nbsp;&nbsp;_fp_digits
<LI><a href="#[10a]">&gt;&gt;</a>&nbsp;&nbsp;&nbsp;__hardfp_pow
</UL>

<P><STRONG><a name="[89]"></a>__aeabi_i2d</STRONG> (Thumb, 34 bytes, Stack size 16 bytes, dflti.o(.text))
<BR><BR>[Stack]<UL><LI>Max Depth = 56<LI>Call Chain = __aeabi_i2d &rArr; _double_epilogue &rArr; _double_round
</UL>
<BR>[Calls]<UL><LI><a href="#[83]">&gt;&gt;</a>&nbsp;&nbsp;&nbsp;_double_epilogue
</UL>
<BR>[Called By]<UL><LI><a href="#[f9]">&gt;&gt;</a>&nbsp;&nbsp;&nbsp;UDP_RecvDataHandle
<LI><a href="#[10a]">&gt;&gt;</a>&nbsp;&nbsp;&nbsp;__hardfp_pow
</UL>

<P><STRONG><a name="[8a]"></a>__aeabi_ui2d</STRONG> (Thumb, 26 bytes, Stack size 16 bytes, dfltui.o(.text))
<BR><BR>[Stack]<UL><LI>Max Depth = 56<LI>Call Chain = __aeabi_ui2d &rArr; _double_epilogue &rArr; _double_round
</UL>
<BR>[Calls]<UL><LI><a href="#[83]">&gt;&gt;</a>&nbsp;&nbsp;&nbsp;_double_epilogue
</UL>
<BR>[Called By]<UL><LI><a href="#[103]">&gt;&gt;</a>&nbsp;&nbsp;&nbsp;UWB_DistanceToAngle
</UL>

<P><STRONG><a name="[109]"></a>__aeabi_f2d</STRONG> (Thumb, 38 bytes, Stack size 0 bytes, f2d.o(.text))
<BR><BR>[Called By]<UL><LI><a href="#[103]">&gt;&gt;</a>&nbsp;&nbsp;&nbsp;UWB_DistanceToAngle
</UL>

<P><STRONG><a name="[1bd]"></a>__aeabi_cdcmpeq</STRONG> (Thumb, 0 bytes, Stack size 0 bytes, cdcmple.o(.text), UNUSED)

<P><STRONG><a name="[170]"></a>__aeabi_cdcmple</STRONG> (Thumb, 48 bytes, Stack size 0 bytes, cdcmple.o(.text))
<BR><BR>[Called By]<UL><LI><a href="#[67]">&gt;&gt;</a>&nbsp;&nbsp;&nbsp;main
</UL>

<P><STRONG><a name="[107]"></a>__aeabi_cdrcmple</STRONG> (Thumb, 48 bytes, Stack size 0 bytes, cdrcmple.o(.text))
<BR><BR>[Called By]<UL><LI><a href="#[103]">&gt;&gt;</a>&nbsp;&nbsp;&nbsp;UWB_DistanceToAngle
<LI><a href="#[67]">&gt;&gt;</a>&nbsp;&nbsp;&nbsp;main
<LI><a href="#[11c]">&gt;&gt;</a>&nbsp;&nbsp;&nbsp;_fp_digits
<LI><a href="#[10a]">&gt;&gt;</a>&nbsp;&nbsp;&nbsp;__hardfp_pow
</UL>

<P><STRONG><a name="[8b]"></a>__aeabi_d2f</STRONG> (Thumb, 56 bytes, Stack size 8 bytes, d2f.o(.text))
<BR><BR>[Stack]<UL><LI>Max Depth = 8<LI>Call Chain = __aeabi_d2f
</UL>
<BR>[Calls]<UL><LI><a href="#[8c]">&gt;&gt;</a>&nbsp;&nbsp;&nbsp;_float_round
</UL>
<BR>[Called By]<UL><LI><a href="#[103]">&gt;&gt;</a>&nbsp;&nbsp;&nbsp;UWB_DistanceToAngle
</UL>

<P><STRONG><a name="[1be]"></a>__aeabi_uidiv</STRONG> (Thumb, 0 bytes, Stack size 12 bytes, uidiv.o(.text), UNUSED)

<P><STRONG><a name="[11f]"></a>__aeabi_uidivmod</STRONG> (Thumb, 44 bytes, Stack size 12 bytes, uidiv.o(.text), UNUSED)
<BR><BR>[Called By]<UL><LI><a href="#[10e]">&gt;&gt;</a>&nbsp;&nbsp;&nbsp;_printf_core
</UL>

<P><STRONG><a name="[7a]"></a>__aeabi_llsl</STRONG> (Thumb, 30 bytes, Stack size 0 bytes, llshl.o(.text))
<BR><BR>[Called By]<UL><LI><a href="#[81]">&gt;&gt;</a>&nbsp;&nbsp;&nbsp;__aeabi_dadd
<LI><a href="#[83]">&gt;&gt;</a>&nbsp;&nbsp;&nbsp;_double_epilogue
<LI><a href="#[8f]">&gt;&gt;</a>&nbsp;&nbsp;&nbsp;__aeabi_d2ulz
<LI><a href="#[78]">&gt;&gt;</a>&nbsp;&nbsp;&nbsp;__aeabi_uldivmod
</UL>

<P><STRONG><a name="[1bf]"></a>_ll_shift_l</STRONG> (Thumb, 0 bytes, Stack size 0 bytes, llshl.o(.text), UNUSED)

<P><STRONG><a name="[79]"></a>__aeabi_llsr</STRONG> (Thumb, 32 bytes, Stack size 0 bytes, llushr.o(.text))
<BR><BR>[Called By]<UL><LI><a href="#[92]">&gt;&gt;</a>&nbsp;&nbsp;&nbsp;_dsqrt
<LI><a href="#[83]">&gt;&gt;</a>&nbsp;&nbsp;&nbsp;_double_epilogue
<LI><a href="#[8f]">&gt;&gt;</a>&nbsp;&nbsp;&nbsp;__aeabi_d2ulz
<LI><a href="#[78]">&gt;&gt;</a>&nbsp;&nbsp;&nbsp;__aeabi_uldivmod
</UL>

<P><STRONG><a name="[1c0]"></a>_ll_ushift_r</STRONG> (Thumb, 0 bytes, Stack size 0 bytes, llushr.o(.text), UNUSED)

<P><STRONG><a name="[82]"></a>__aeabi_lasr</STRONG> (Thumb, 36 bytes, Stack size 0 bytes, llsshr.o(.text))
<BR><BR>[Called By]<UL><LI><a href="#[81]">&gt;&gt;</a>&nbsp;&nbsp;&nbsp;__aeabi_dadd
</UL>

<P><STRONG><a name="[1c1]"></a>_ll_sshift_r</STRONG> (Thumb, 0 bytes, Stack size 0 bytes, llsshr.o(.text), UNUSED)

<P><STRONG><a name="[80]"></a>strtol</STRONG> (Thumb, 112 bytes, Stack size 32 bytes, strtol.o(.text))
<BR><BR>[Stack]<UL><LI>Max Depth = 72<LI>Call Chain = strtol &rArr; _strtoul
</UL>
<BR>[Calls]<UL><LI><a href="#[8d]">&gt;&gt;</a>&nbsp;&nbsp;&nbsp;__rt_ctype_table
<LI><a href="#[7f]">&gt;&gt;</a>&nbsp;&nbsp;&nbsp;__aeabi_errno_addr
<LI><a href="#[8e]">&gt;&gt;</a>&nbsp;&nbsp;&nbsp;_strtoul
</UL>
<BR>[Called By]<UL><LI><a href="#[7e]">&gt;&gt;</a>&nbsp;&nbsp;&nbsp;atoi
</UL>

<P><STRONG><a name="[1c2]"></a>__I$use$fp</STRONG> (Thumb, 0 bytes, Stack size 0 bytes, iusefp.o(.text), UNUSED)

<P><STRONG><a name="[8c]"></a>_float_round</STRONG> (Thumb, 18 bytes, Stack size 0 bytes, fepilogue.o(.text))
<BR><BR>[Called By]<UL><LI><a href="#[8b]">&gt;&gt;</a>&nbsp;&nbsp;&nbsp;__aeabi_d2f
</UL>

<P><STRONG><a name="[1c3]"></a>_float_epilogue</STRONG> (Thumb, 92 bytes, Stack size 4 bytes, fepilogue.o(.text), UNUSED)

<P><STRONG><a name="[84]"></a>_double_round</STRONG> (Thumb, 30 bytes, Stack size 8 bytes, depilogue.o(.text))
<BR><BR>[Stack]<UL><LI>Max Depth = 8<LI>Call Chain = _double_round
</UL>
<BR>[Called By]<UL><LI><a href="#[88]">&gt;&gt;</a>&nbsp;&nbsp;&nbsp;__aeabi_ddiv
<LI><a href="#[81]">&gt;&gt;</a>&nbsp;&nbsp;&nbsp;__aeabi_dadd
<LI><a href="#[92]">&gt;&gt;</a>&nbsp;&nbsp;&nbsp;_dsqrt
<LI><a href="#[83]">&gt;&gt;</a>&nbsp;&nbsp;&nbsp;_double_epilogue
</UL>

<P><STRONG><a name="[83]"></a>_double_epilogue</STRONG> (Thumb, 156 bytes, Stack size 32 bytes, depilogue.o(.text))
<BR><BR>[Stack]<UL><LI>Max Depth = 40<LI>Call Chain = _double_epilogue &rArr; _double_round
</UL>
<BR>[Calls]<UL><LI><a href="#[79]">&gt;&gt;</a>&nbsp;&nbsp;&nbsp;__aeabi_llsr
<LI><a href="#[7a]">&gt;&gt;</a>&nbsp;&nbsp;&nbsp;__aeabi_llsl
<LI><a href="#[84]">&gt;&gt;</a>&nbsp;&nbsp;&nbsp;_double_round
</UL>
<BR>[Called By]<UL><LI><a href="#[8a]">&gt;&gt;</a>&nbsp;&nbsp;&nbsp;__aeabi_ui2d
<LI><a href="#[87]">&gt;&gt;</a>&nbsp;&nbsp;&nbsp;__aeabi_dmul
<LI><a href="#[81]">&gt;&gt;</a>&nbsp;&nbsp;&nbsp;__aeabi_dadd
<LI><a href="#[89]">&gt;&gt;</a>&nbsp;&nbsp;&nbsp;__aeabi_i2d
</UL>

<P><STRONG><a name="[11a]"></a>__ARM_scalbn</STRONG> (Thumb, 46 bytes, Stack size 16 bytes, dscalb.o(.text))
<BR><BR>[Stack]<UL><LI>Max Depth = 16<LI>Call Chain = __ARM_scalbn
</UL>
<BR>[Called By]<UL><LI><a href="#[10a]">&gt;&gt;</a>&nbsp;&nbsp;&nbsp;__hardfp_pow
</UL>

<P><STRONG><a name="[1c4]"></a>scalbn</STRONG> (Thumb, 0 bytes, Stack size 16 bytes, dscalb.o(.text), UNUSED)

<P><STRONG><a name="[8f]"></a>__aeabi_d2ulz</STRONG> (Thumb, 48 bytes, Stack size 0 bytes, dfixul.o(.text), UNUSED)
<BR><BR>[Calls]<UL><LI><a href="#[79]">&gt;&gt;</a>&nbsp;&nbsp;&nbsp;__aeabi_llsr
<LI><a href="#[7a]">&gt;&gt;</a>&nbsp;&nbsp;&nbsp;__aeabi_llsl
</UL>
<BR>[Called By]<UL><LI><a href="#[11c]">&gt;&gt;</a>&nbsp;&nbsp;&nbsp;_fp_digits
</UL>

<P><STRONG><a name="[77]"></a>__scatterload</STRONG> (Thumb, 28 bytes, Stack size 0 bytes, init.o(.text))
<BR><BR>[Calls]<UL><LI><a href="#[90]">&gt;&gt;</a>&nbsp;&nbsp;&nbsp;__main_after_scatterload
</UL>
<BR>[Called By]<UL><LI><a href="#[76]">&gt;&gt;</a>&nbsp;&nbsp;&nbsp;_main_scatterload
</UL>

<P><STRONG><a name="[1c5]"></a>__scatterload_rt2</STRONG> (Thumb, 0 bytes, Stack size 0 bytes, init.o(.text), UNUSED)

<P><STRONG><a name="[8d]"></a>__rt_ctype_table</STRONG> (Thumb, 4 bytes, Stack size 0 bytes, ctype_o.o(.text))
<BR><BR>[Called By]<UL><LI><a href="#[80]">&gt;&gt;</a>&nbsp;&nbsp;&nbsp;strtol
</UL>

<P><STRONG><a name="[8e]"></a>_strtoul</STRONG> (Thumb, 158 bytes, Stack size 40 bytes, _strtoul.o(.text))
<BR><BR>[Stack]<UL><LI>Max Depth = 40<LI>Call Chain = _strtoul
</UL>
<BR>[Calls]<UL><LI><a href="#[7f]">&gt;&gt;</a>&nbsp;&nbsp;&nbsp;__aeabi_errno_addr
<LI><a href="#[91]">&gt;&gt;</a>&nbsp;&nbsp;&nbsp;_chval
</UL>
<BR>[Called By]<UL><LI><a href="#[80]">&gt;&gt;</a>&nbsp;&nbsp;&nbsp;strtol
</UL>

<P><STRONG><a name="[92]"></a>_dsqrt</STRONG> (Thumb, 162 bytes, Stack size 32 bytes, dsqrt.o(.text))
<BR><BR>[Stack]<UL><LI>Max Depth = 40<LI>Call Chain = _dsqrt &rArr; _double_round
</UL>
<BR>[Calls]<UL><LI><a href="#[79]">&gt;&gt;</a>&nbsp;&nbsp;&nbsp;__aeabi_llsr
<LI><a href="#[84]">&gt;&gt;</a>&nbsp;&nbsp;&nbsp;_double_round
</UL>
<BR>[Called By]<UL><LI><a href="#[114]">&gt;&gt;</a>&nbsp;&nbsp;&nbsp;sqrt
</UL>

<P><STRONG><a name="[91]"></a>_chval</STRONG> (Thumb, 28 bytes, Stack size 0 bytes, _chval.o(.text))
<BR><BR>[Called By]<UL><LI><a href="#[8e]">&gt;&gt;</a>&nbsp;&nbsp;&nbsp;_strtoul
</UL>

<P><STRONG><a name="[1c6]"></a>__decompress</STRONG> (Thumb, 0 bytes, Stack size unknown bytes, __dczerorl2.o(.text), UNUSED)

<P><STRONG><a name="[1c7]"></a>__decompress1</STRONG> (Thumb, 86 bytes, Stack size unknown bytes, __dczerorl2.o(.text), UNUSED)

<P><STRONG><a name="[7]"></a>BusFault_Handler</STRONG> (Thumb, 4 bytes, Stack size 0 bytes, stm32f4xx_it.o(i.BusFault_Handler))
<BR>[Address Reference Count : 1]<UL><LI> startup_stm32f429xx.o(RESET)
</UL>
<P><STRONG><a name="[a]"></a>DebugMon_Handler</STRONG> (Thumb, 2 bytes, Stack size 0 bytes, stm32f4xx_it.o(i.DebugMon_Handler))
<BR>[Address Reference Count : 1]<UL><LI> startup_stm32f429xx.o(RESET)
</UL>
<P><STRONG><a name="[93]"></a>Debug_USART1_Init</STRONG> (Thumb, 50 bytes, Stack size 8 bytes, usart.o(i.Debug_USART1_Init))
<BR><BR>[Stack]<UL><LI>Max Depth = 96<LI>Call Chain = Debug_USART1_Init &rArr; HAL_UART_Init &rArr; HAL_UART_MspInit &rArr; HAL_NVIC_SetPriority &rArr; NVIC_SetPriority
</UL>
<BR>[Calls]<UL><LI><a href="#[95]">&gt;&gt;</a>&nbsp;&nbsp;&nbsp;_Error_Handler
<LI><a href="#[94]">&gt;&gt;</a>&nbsp;&nbsp;&nbsp;HAL_UART_Init
</UL>
<BR>[Called By]<UL><LI><a href="#[67]">&gt;&gt;</a>&nbsp;&nbsp;&nbsp;main
</UL>

<P><STRONG><a name="[171]"></a>Distance_DefaultPara_Config</STRONG> (Thumb, 72 bytes, Stack size 0 bytes, distancehandle.o(i.Distance_DefaultPara_Config))
<BR><BR>[Called By]<UL><LI><a href="#[67]">&gt;&gt;</a>&nbsp;&nbsp;&nbsp;main
</UL>

<P><STRONG><a name="[99]"></a>ETH_GetRxPktSize</STRONG> (Thumb, 36 bytes, Stack size 0 bytes, lan8720.o(i.ETH_GetRxPktSize))
<BR><BR>[Called By]<UL><LI><a href="#[4a]">&gt;&gt;</a>&nbsp;&nbsp;&nbsp;ETH_IRQHandler
</UL>

<P><STRONG><a name="[4a]"></a>ETH_IRQHandler</STRONG> (Thumb, 48 bytes, Stack size 8 bytes, lan8720.o(i.ETH_IRQHandler))
<BR><BR>[Stack]<UL><LI>Max Depth = 200<LI>Call Chain = ETH_IRQHandler &rArr; lwip_pkt_handle &rArr; ethernetif_input &rArr; low_level_input &rArr; pbuf_alloc &rArr; pbuf_free &rArr; mem_free &rArr; plug_holes &rArr; __2printf
</UL>
<BR>[Calls]<UL><LI><a href="#[98]">&gt;&gt;</a>&nbsp;&nbsp;&nbsp;lwip_pkt_handle
<LI><a href="#[99]">&gt;&gt;</a>&nbsp;&nbsp;&nbsp;ETH_GetRxPktSize
</UL>
<BR>[Address Reference Count : 1]<UL><LI> startup_stm32f429xx.o(RESET)
</UL>
<P><STRONG><a name="[9e]"></a>ETH_Mem_Malloc</STRONG> (Thumb, 68 bytes, Stack size 8 bytes, lan8720.o(i.ETH_Mem_Malloc))
<BR><BR>[Stack]<UL><LI>Max Depth = 56<LI>Call Chain = ETH_Mem_Malloc &rArr; mymalloc &rArr; my_mem_malloc
</UL>
<BR>[Calls]<UL><LI><a href="#[9f]">&gt;&gt;</a>&nbsp;&nbsp;&nbsp;mymalloc
</UL>
<BR>[Called By]<UL><LI><a href="#[15c]">&gt;&gt;</a>&nbsp;&nbsp;&nbsp;lwip_comm_init
</UL>

<P><STRONG><a name="[24]"></a>EXTI9_5_IRQHandler</STRONG> (Thumb, 12 bytes, Stack size 8 bytes, stm32f4xx_it.o(i.EXTI9_5_IRQHandler))
<BR><BR>[Stack]<UL><LI>Max Depth = 24<LI>Call Chain = EXTI9_5_IRQHandler &rArr; HAL_GPIO_EXTI_IRQHandler &rArr; HAL_GPIO_EXTI_Callback
</UL>
<BR>[Calls]<UL><LI><a href="#[a0]">&gt;&gt;</a>&nbsp;&nbsp;&nbsp;HAL_GPIO_EXTI_IRQHandler
</UL>
<BR>[Address Reference Count : 1]<UL><LI> startup_stm32f429xx.o(RESET)
</UL>
<P><STRONG><a name="[b3]"></a>FLASH_Erase_Sector</STRONG> (Thumb, 104 bytes, Stack size 8 bytes, stm32f4xx_hal_flash_ex.o(i.FLASH_Erase_Sector))
<BR><BR>[Stack]<UL><LI>Max Depth = 8<LI>Call Chain = FLASH_Erase_Sector
</UL>
<BR>[Called By]<UL><LI><a href="#[b1]">&gt;&gt;</a>&nbsp;&nbsp;&nbsp;HAL_FLASHEx_Erase
</UL>

<P><STRONG><a name="[b4]"></a>FLASH_FlushCaches</STRONG> (Thumb, 114 bytes, Stack size 0 bytes, stm32f4xx_hal_flash_ex.o(i.FLASH_FlushCaches))
<BR><BR>[Called By]<UL><LI><a href="#[b1]">&gt;&gt;</a>&nbsp;&nbsp;&nbsp;HAL_FLASHEx_Erase
</UL>

<P><STRONG><a name="[a1]"></a>FLASH_WaitForLastOperation</STRONG> (Thumb, 102 bytes, Stack size 16 bytes, stm32f4xx_hal_flash.o(i.FLASH_WaitForLastOperation))
<BR><BR>[Stack]<UL><LI>Max Depth = 16<LI>Call Chain = FLASH_WaitForLastOperation
</UL>
<BR>[Calls]<UL><LI><a href="#[a2]">&gt;&gt;</a>&nbsp;&nbsp;&nbsp;HAL_GetTick
<LI><a href="#[a3]">&gt;&gt;</a>&nbsp;&nbsp;&nbsp;FLASH_SetErrorCode
</UL>
<BR>[Called By]<UL><LI><a href="#[b5]">&gt;&gt;</a>&nbsp;&nbsp;&nbsp;HAL_FLASH_Program
<LI><a href="#[b1]">&gt;&gt;</a>&nbsp;&nbsp;&nbsp;HAL_FLASHEx_Erase
<LI><a href="#[e8]">&gt;&gt;</a>&nbsp;&nbsp;&nbsp;STMFLASH_Write
</UL>

<P><STRONG><a name="[a4]"></a>GPIO_Init_Config</STRONG> (Thumb, 62 bytes, Stack size 32 bytes, gpio.o(i.GPIO_Init_Config))
<BR><BR>[Stack]<UL><LI>Max Depth = 56<LI>Call Chain = GPIO_Init_Config &rArr; HAL_GPIO_Init
</UL>
<BR>[Calls]<UL><LI><a href="#[a5]">&gt;&gt;</a>&nbsp;&nbsp;&nbsp;HAL_GPIO_Init
</UL>
<BR>[Called By]<UL><LI><a href="#[67]">&gt;&gt;</a>&nbsp;&nbsp;&nbsp;main
</UL>

<P><STRONG><a name="[97]"></a>HAL_Delay</STRONG> (Thumb, 26 bytes, Stack size 16 bytes, stm32f4xx_hal.o(i.HAL_Delay))
<BR><BR>[Stack]<UL><LI>Max Depth = 16<LI>Call Chain = HAL_Delay
</UL>
<BR>[Calls]<UL><LI><a href="#[a2]">&gt;&gt;</a>&nbsp;&nbsp;&nbsp;HAL_GetTick
</UL>
<BR>[Called By]<UL><LI><a href="#[a6]">&gt;&gt;</a>&nbsp;&nbsp;&nbsp;HAL_ETH_Init
<LI><a href="#[9d]">&gt;&gt;</a>&nbsp;&nbsp;&nbsp;ETH_MACTransmissionEnable
<LI><a href="#[9c]">&gt;&gt;</a>&nbsp;&nbsp;&nbsp;ETH_MACReceptionEnable
<LI><a href="#[9a]">&gt;&gt;</a>&nbsp;&nbsp;&nbsp;ETH_MACDMAConfig
<LI><a href="#[96]">&gt;&gt;</a>&nbsp;&nbsp;&nbsp;ETH_FlushTransmitFIFO
</UL>

<P><STRONG><a name="[159]"></a>HAL_ETH_DMARxDescListInit</STRONG> (Thumb, 140 bytes, Stack size 16 bytes, stm32f4xx_hal_eth.o(i.HAL_ETH_DMARxDescListInit))
<BR><BR>[Stack]<UL><LI>Max Depth = 16<LI>Call Chain = HAL_ETH_DMARxDescListInit
</UL>
<BR>[Called By]<UL><LI><a href="#[137]">&gt;&gt;</a>&nbsp;&nbsp;&nbsp;low_level_init
</UL>

<P><STRONG><a name="[158]"></a>HAL_ETH_DMATxDescListInit</STRONG> (Thumb, 132 bytes, Stack size 16 bytes, stm32f4xx_hal_eth.o(i.HAL_ETH_DMATxDescListInit))
<BR><BR>[Stack]<UL><LI>Max Depth = 16<LI>Call Chain = HAL_ETH_DMATxDescListInit
</UL>
<BR>[Called By]<UL><LI><a href="#[137]">&gt;&gt;</a>&nbsp;&nbsp;&nbsp;low_level_init
</UL>

<P><STRONG><a name="[15a]"></a>HAL_ETH_GetReceivedFrame</STRONG> (Thumb, 178 bytes, Stack size 0 bytes, stm32f4xx_hal_eth.o(i.HAL_ETH_GetReceivedFrame))
<BR><BR>[Called By]<UL><LI><a href="#[139]">&gt;&gt;</a>&nbsp;&nbsp;&nbsp;low_level_input
</UL>

<P><STRONG><a name="[a6]"></a>HAL_ETH_Init</STRONG> (Thumb, 598 bytes, Stack size 32 bytes, stm32f4xx_hal_eth.o(i.HAL_ETH_Init))
<BR><BR>[Stack]<UL><LI>Max Depth = 248<LI>Call Chain = HAL_ETH_Init &rArr; ETH_MACDMAConfig &rArr; HAL_Delay
</UL>
<BR>[Calls]<UL><LI><a href="#[97]">&gt;&gt;</a>&nbsp;&nbsp;&nbsp;HAL_Delay
<LI><a href="#[a8]">&gt;&gt;</a>&nbsp;&nbsp;&nbsp;HAL_RCC_GetHCLKFreq
<LI><a href="#[a2]">&gt;&gt;</a>&nbsp;&nbsp;&nbsp;HAL_GetTick
<LI><a href="#[a9]">&gt;&gt;</a>&nbsp;&nbsp;&nbsp;HAL_ETH_WritePHYRegister
<LI><a href="#[aa]">&gt;&gt;</a>&nbsp;&nbsp;&nbsp;HAL_ETH_ReadPHYRegister
<LI><a href="#[9a]">&gt;&gt;</a>&nbsp;&nbsp;&nbsp;ETH_MACDMAConfig
<LI><a href="#[a7]">&gt;&gt;</a>&nbsp;&nbsp;&nbsp;HAL_ETH_MspInit
</UL>
<BR>[Called By]<UL><LI><a href="#[de]">&gt;&gt;</a>&nbsp;&nbsp;&nbsp;LAN8720_Init
</UL>

<P><STRONG><a name="[a7]"></a>HAL_ETH_MspInit</STRONG> (Thumb, 298 bytes, Stack size 32 bytes, lan8720.o(i.HAL_ETH_MspInit))
<BR><BR>[Stack]<UL><LI>Max Depth = 80<LI>Call Chain = HAL_ETH_MspInit &rArr; HAL_NVIC_SetPriority &rArr; NVIC_SetPriority
</UL>
<BR>[Calls]<UL><LI><a href="#[ab]">&gt;&gt;</a>&nbsp;&nbsp;&nbsp;HAL_GPIO_WritePin
<LI><a href="#[a5]">&gt;&gt;</a>&nbsp;&nbsp;&nbsp;HAL_GPIO_Init
<LI><a href="#[ad]">&gt;&gt;</a>&nbsp;&nbsp;&nbsp;HAL_NVIC_EnableIRQ
<LI><a href="#[ac]">&gt;&gt;</a>&nbsp;&nbsp;&nbsp;HAL_NVIC_SetPriority
</UL>
<BR>[Called By]<UL><LI><a href="#[a6]">&gt;&gt;</a>&nbsp;&nbsp;&nbsp;HAL_ETH_Init
</UL>

<P><STRONG><a name="[aa]"></a>HAL_ETH_ReadPHYRegister</STRONG> (Thumb, 146 bytes, Stack size 24 bytes, stm32f4xx_hal_eth.o(i.HAL_ETH_ReadPHYRegister))
<BR><BR>[Stack]<UL><LI>Max Depth = 24<LI>Call Chain = HAL_ETH_ReadPHYRegister
</UL>
<BR>[Calls]<UL><LI><a href="#[a2]">&gt;&gt;</a>&nbsp;&nbsp;&nbsp;HAL_GetTick
</UL>
<BR>[Called By]<UL><LI><a href="#[a6]">&gt;&gt;</a>&nbsp;&nbsp;&nbsp;HAL_ETH_Init
</UL>

<P><STRONG><a name="[ae]"></a>HAL_ETH_Start</STRONG> (Thumb, 82 bytes, Stack size 8 bytes, stm32f4xx_hal_eth.o(i.HAL_ETH_Start))
<BR><BR>[Stack]<UL><LI>Max Depth = 40<LI>Call Chain = HAL_ETH_Start &rArr; ETH_MACTransmissionEnable &rArr; HAL_Delay
</UL>
<BR>[Calls]<UL><LI><a href="#[9d]">&gt;&gt;</a>&nbsp;&nbsp;&nbsp;ETH_MACTransmissionEnable
<LI><a href="#[9c]">&gt;&gt;</a>&nbsp;&nbsp;&nbsp;ETH_MACReceptionEnable
<LI><a href="#[96]">&gt;&gt;</a>&nbsp;&nbsp;&nbsp;ETH_FlushTransmitFIFO
<LI><a href="#[af]">&gt;&gt;</a>&nbsp;&nbsp;&nbsp;ETH_DMATransmissionEnable
<LI><a href="#[b0]">&gt;&gt;</a>&nbsp;&nbsp;&nbsp;ETH_DMAReceptionEnable
</UL>
<BR>[Called By]<UL><LI><a href="#[137]">&gt;&gt;</a>&nbsp;&nbsp;&nbsp;low_level_init
</UL>

<P><STRONG><a name="[15b]"></a>HAL_ETH_TransmitFrame</STRONG> (Thumb, 318 bytes, Stack size 16 bytes, stm32f4xx_hal_eth.o(i.HAL_ETH_TransmitFrame))
<BR><BR>[Stack]<UL><LI>Max Depth = 16<LI>Call Chain = HAL_ETH_TransmitFrame
</UL>
<BR>[Called By]<UL><LI><a href="#[6e]">&gt;&gt;</a>&nbsp;&nbsp;&nbsp;low_level_output
</UL>

<P><STRONG><a name="[a9]"></a>HAL_ETH_WritePHYRegister</STRONG> (Thumb, 144 bytes, Stack size 24 bytes, stm32f4xx_hal_eth.o(i.HAL_ETH_WritePHYRegister))
<BR><BR>[Stack]<UL><LI>Max Depth = 24<LI>Call Chain = HAL_ETH_WritePHYRegister
</UL>
<BR>[Calls]<UL><LI><a href="#[a2]">&gt;&gt;</a>&nbsp;&nbsp;&nbsp;HAL_GetTick
</UL>
<BR>[Called By]<UL><LI><a href="#[a6]">&gt;&gt;</a>&nbsp;&nbsp;&nbsp;HAL_ETH_Init
</UL>

<P><STRONG><a name="[b1]"></a>HAL_FLASHEx_Erase</STRONG> (Thumb, 166 bytes, Stack size 24 bytes, stm32f4xx_hal_flash_ex.o(i.HAL_FLASHEx_Erase))
<BR><BR>[Stack]<UL><LI>Max Depth = 40<LI>Call Chain = HAL_FLASHEx_Erase &rArr; FLASH_WaitForLastOperation
</UL>
<BR>[Calls]<UL><LI><a href="#[b2]">&gt;&gt;</a>&nbsp;&nbsp;&nbsp;FLASH_MassErase
<LI><a href="#[b4]">&gt;&gt;</a>&nbsp;&nbsp;&nbsp;FLASH_FlushCaches
<LI><a href="#[b3]">&gt;&gt;</a>&nbsp;&nbsp;&nbsp;FLASH_Erase_Sector
<LI><a href="#[a1]">&gt;&gt;</a>&nbsp;&nbsp;&nbsp;FLASH_WaitForLastOperation
</UL>
<BR>[Called By]<UL><LI><a href="#[e8]">&gt;&gt;</a>&nbsp;&nbsp;&nbsp;STMFLASH_Write
</UL>

<P><STRONG><a name="[f5]"></a>HAL_FLASH_Lock</STRONG> (Thumb, 16 bytes, Stack size 0 bytes, stm32f4xx_hal_flash.o(i.HAL_FLASH_Lock))
<BR><BR>[Called By]<UL><LI><a href="#[e8]">&gt;&gt;</a>&nbsp;&nbsp;&nbsp;STMFLASH_Write
</UL>

<P><STRONG><a name="[b5]"></a>HAL_FLASH_Program</STRONG> (Thumb, 142 bytes, Stack size 24 bytes, stm32f4xx_hal_flash.o(i.HAL_FLASH_Program))
<BR><BR>[Stack]<UL><LI>Max Depth = 40<LI>Call Chain = HAL_FLASH_Program &rArr; FLASH_WaitForLastOperation
</UL>
<BR>[Calls]<UL><LI><a href="#[a1]">&gt;&gt;</a>&nbsp;&nbsp;&nbsp;FLASH_WaitForLastOperation
<LI><a href="#[b8]">&gt;&gt;</a>&nbsp;&nbsp;&nbsp;FLASH_Program_Word
<LI><a href="#[b7]">&gt;&gt;</a>&nbsp;&nbsp;&nbsp;FLASH_Program_HalfWord
<LI><a href="#[b9]">&gt;&gt;</a>&nbsp;&nbsp;&nbsp;FLASH_Program_DoubleWord
<LI><a href="#[b6]">&gt;&gt;</a>&nbsp;&nbsp;&nbsp;FLASH_Program_Byte
</UL>
<BR>[Called By]<UL><LI><a href="#[e8]">&gt;&gt;</a>&nbsp;&nbsp;&nbsp;STMFLASH_Write
</UL>

<P><STRONG><a name="[f3]"></a>HAL_FLASH_Unlock</STRONG> (Thumb, 32 bytes, Stack size 0 bytes, stm32f4xx_hal_flash.o(i.HAL_FLASH_Unlock))
<BR><BR>[Called By]<UL><LI><a href="#[e8]">&gt;&gt;</a>&nbsp;&nbsp;&nbsp;STMFLASH_Write
</UL>

<P><STRONG><a name="[ba]"></a>HAL_GPIO_EXTI_Callback</STRONG> (Thumb, 10 bytes, Stack size 8 bytes, stm32f4xx_hal_gpio.o(i.HAL_GPIO_EXTI_Callback))
<BR><BR>[Stack]<UL><LI>Max Depth = 8<LI>Call Chain = HAL_GPIO_EXTI_Callback
</UL>
<BR>[Called By]<UL><LI><a href="#[a0]">&gt;&gt;</a>&nbsp;&nbsp;&nbsp;HAL_GPIO_EXTI_IRQHandler
</UL>

<P><STRONG><a name="[a0]"></a>HAL_GPIO_EXTI_IRQHandler</STRONG> (Thumb, 24 bytes, Stack size 8 bytes, stm32f4xx_hal_gpio.o(i.HAL_GPIO_EXTI_IRQHandler))
<BR><BR>[Stack]<UL><LI>Max Depth = 16<LI>Call Chain = HAL_GPIO_EXTI_IRQHandler &rArr; HAL_GPIO_EXTI_Callback
</UL>
<BR>[Calls]<UL><LI><a href="#[ba]">&gt;&gt;</a>&nbsp;&nbsp;&nbsp;HAL_GPIO_EXTI_Callback
</UL>
<BR>[Called By]<UL><LI><a href="#[24]">&gt;&gt;</a>&nbsp;&nbsp;&nbsp;EXTI9_5_IRQHandler
</UL>

<P><STRONG><a name="[a5]"></a>HAL_GPIO_Init</STRONG> (Thumb, 486 bytes, Stack size 24 bytes, stm32f4xx_hal_gpio.o(i.HAL_GPIO_Init))
<BR><BR>[Stack]<UL><LI>Max Depth = 24<LI>Call Chain = HAL_GPIO_Init
</UL>
<BR>[Called By]<UL><LI><a href="#[a4]">&gt;&gt;</a>&nbsp;&nbsp;&nbsp;GPIO_Init_Config
<LI><a href="#[a7]">&gt;&gt;</a>&nbsp;&nbsp;&nbsp;HAL_ETH_MspInit
<LI><a href="#[d7]">&gt;&gt;</a>&nbsp;&nbsp;&nbsp;HAL_UART_MspInit
</UL>

<P><STRONG><a name="[172]"></a>HAL_GPIO_TogglePin</STRONG> (Thumb, 8 bytes, Stack size 0 bytes, stm32f4xx_hal_gpio.o(i.HAL_GPIO_TogglePin))
<BR><BR>[Called By]<UL><LI><a href="#[16f]">&gt;&gt;</a>&nbsp;&nbsp;&nbsp;udp_create
<LI><a href="#[67]">&gt;&gt;</a>&nbsp;&nbsp;&nbsp;main
</UL>

<P><STRONG><a name="[ab]"></a>HAL_GPIO_WritePin</STRONG> (Thumb, 12 bytes, Stack size 0 bytes, stm32f4xx_hal_gpio.o(i.HAL_GPIO_WritePin))
<BR><BR>[Called By]<UL><LI><a href="#[de]">&gt;&gt;</a>&nbsp;&nbsp;&nbsp;LAN8720_Init
<LI><a href="#[a7]">&gt;&gt;</a>&nbsp;&nbsp;&nbsp;HAL_ETH_MspInit
</UL>

<P><STRONG><a name="[a2]"></a>HAL_GetTick</STRONG> (Thumb, 6 bytes, Stack size 0 bytes, stm32f4xx_hal.o(i.HAL_GetTick))
<BR><BR>[Called By]<UL><LI><a href="#[da]">&gt;&gt;</a>&nbsp;&nbsp;&nbsp;UART_WaitOnFlagUntilTimeout
<LI><a href="#[ca]">&gt;&gt;</a>&nbsp;&nbsp;&nbsp;HAL_RCC_OscConfig
<LI><a href="#[c6]">&gt;&gt;</a>&nbsp;&nbsp;&nbsp;HAL_RCC_ClockConfig
<LI><a href="#[c5]">&gt;&gt;</a>&nbsp;&nbsp;&nbsp;HAL_PWREx_EnableOverDrive
<LI><a href="#[97]">&gt;&gt;</a>&nbsp;&nbsp;&nbsp;HAL_Delay
<LI><a href="#[67]">&gt;&gt;</a>&nbsp;&nbsp;&nbsp;main
<LI><a href="#[a9]">&gt;&gt;</a>&nbsp;&nbsp;&nbsp;HAL_ETH_WritePHYRegister
<LI><a href="#[aa]">&gt;&gt;</a>&nbsp;&nbsp;&nbsp;HAL_ETH_ReadPHYRegister
<LI><a href="#[a6]">&gt;&gt;</a>&nbsp;&nbsp;&nbsp;HAL_ETH_Init
<LI><a href="#[a1]">&gt;&gt;</a>&nbsp;&nbsp;&nbsp;FLASH_WaitForLastOperation
<LI><a href="#[bd]">&gt;&gt;</a>&nbsp;&nbsp;&nbsp;HAL_IWDG_Refresh
</UL>

<P><STRONG><a name="[bb]"></a>HAL_IWDG_Init</STRONG> (Thumb, 76 bytes, Stack size 8 bytes, stm32f4xx_hal_iwdg.o(i.HAL_IWDG_Init))
<BR><BR>[Stack]<UL><LI>Max Depth = 8<LI>Call Chain = HAL_IWDG_Init
</UL>
<BR>[Calls]<UL><LI><a href="#[bc]">&gt;&gt;</a>&nbsp;&nbsp;&nbsp;HAL_IWDG_MspInit
</UL>
<BR>[Called By]<UL><LI><a href="#[dc]">&gt;&gt;</a>&nbsp;&nbsp;&nbsp;IWDG_Init
</UL>

<P><STRONG><a name="[bc]"></a>HAL_IWDG_MspInit</STRONG> (Thumb, 2 bytes, Stack size 0 bytes, stm32f4xx_hal_iwdg.o(i.HAL_IWDG_MspInit))
<BR><BR>[Called By]<UL><LI><a href="#[bb]">&gt;&gt;</a>&nbsp;&nbsp;&nbsp;HAL_IWDG_Init
</UL>

<P><STRONG><a name="[bd]"></a>HAL_IWDG_Refresh</STRONG> (Thumb, 100 bytes, Stack size 16 bytes, stm32f4xx_hal_iwdg.o(i.HAL_IWDG_Refresh))
<BR><BR>[Stack]<UL><LI>Max Depth = 16<LI>Call Chain = HAL_IWDG_Refresh
</UL>
<BR>[Calls]<UL><LI><a href="#[a2]">&gt;&gt;</a>&nbsp;&nbsp;&nbsp;HAL_GetTick
</UL>
<BR>[Called By]<UL><LI><a href="#[db]">&gt;&gt;</a>&nbsp;&nbsp;&nbsp;IWDG_Feed
</UL>

<P><STRONG><a name="[dd]"></a>HAL_IWDG_Start</STRONG> (Thumb, 56 bytes, Stack size 0 bytes, stm32f4xx_hal_iwdg.o(i.HAL_IWDG_Start))
<BR><BR>[Called By]<UL><LI><a href="#[dc]">&gt;&gt;</a>&nbsp;&nbsp;&nbsp;IWDG_Init
</UL>

<P><STRONG><a name="[f7]"></a>HAL_IncTick</STRONG> (Thumb, 12 bytes, Stack size 0 bytes, stm32f4xx_hal.o(i.HAL_IncTick))
<BR><BR>[Called By]<UL><LI><a href="#[c]">&gt;&gt;</a>&nbsp;&nbsp;&nbsp;SysTick_Handler
</UL>

<P><STRONG><a name="[be]"></a>HAL_Init</STRONG> (Thumb, 54 bytes, Stack size 8 bytes, stm32f4xx_hal.o(i.HAL_Init))
<BR><BR>[Stack]<UL><LI>Max Depth = 72<LI>Call Chain = HAL_Init &rArr; HAL_InitTick &rArr; HAL_NVIC_SetPriority &rArr; NVIC_SetPriority
</UL>
<BR>[Calls]<UL><LI><a href="#[c0]">&gt;&gt;</a>&nbsp;&nbsp;&nbsp;HAL_InitTick
<LI><a href="#[bf]">&gt;&gt;</a>&nbsp;&nbsp;&nbsp;HAL_NVIC_SetPriorityGrouping
<LI><a href="#[c1]">&gt;&gt;</a>&nbsp;&nbsp;&nbsp;HAL_MspInit
</UL>
<BR>[Called By]<UL><LI><a href="#[67]">&gt;&gt;</a>&nbsp;&nbsp;&nbsp;main
</UL>

<P><STRONG><a name="[c0]"></a>HAL_InitTick</STRONG> (Thumb, 36 bytes, Stack size 16 bytes, stm32f4xx_hal.o(i.HAL_InitTick))
<BR><BR>[Stack]<UL><LI>Max Depth = 64<LI>Call Chain = HAL_InitTick &rArr; HAL_NVIC_SetPriority &rArr; NVIC_SetPriority
</UL>
<BR>[Calls]<UL><LI><a href="#[c2]">&gt;&gt;</a>&nbsp;&nbsp;&nbsp;HAL_SYSTICK_Config
<LI><a href="#[a8]">&gt;&gt;</a>&nbsp;&nbsp;&nbsp;HAL_RCC_GetHCLKFreq
<LI><a href="#[ac]">&gt;&gt;</a>&nbsp;&nbsp;&nbsp;HAL_NVIC_SetPriority
</UL>
<BR>[Called By]<UL><LI><a href="#[c6]">&gt;&gt;</a>&nbsp;&nbsp;&nbsp;HAL_RCC_ClockConfig
<LI><a href="#[be]">&gt;&gt;</a>&nbsp;&nbsp;&nbsp;HAL_Init
</UL>

<P><STRONG><a name="[c1]"></a>HAL_MspInit</STRONG> (Thumb, 2 bytes, Stack size 0 bytes, stm32f4xx_hal_msp_template.o(i.HAL_MspInit))
<BR><BR>[Called By]<UL><LI><a href="#[be]">&gt;&gt;</a>&nbsp;&nbsp;&nbsp;HAL_Init
</UL>

<P><STRONG><a name="[ad]"></a>HAL_NVIC_EnableIRQ</STRONG> (Thumb, 26 bytes, Stack size 0 bytes, stm32f4xx_hal_cortex.o(i.HAL_NVIC_EnableIRQ))
<BR><BR>[Called By]<UL><LI><a href="#[cc]">&gt;&gt;</a>&nbsp;&nbsp;&nbsp;HAL_TIM_Base_MspInit
<LI><a href="#[a7]">&gt;&gt;</a>&nbsp;&nbsp;&nbsp;HAL_ETH_MspInit
<LI><a href="#[d7]">&gt;&gt;</a>&nbsp;&nbsp;&nbsp;HAL_UART_MspInit
</UL>

<P><STRONG><a name="[ac]"></a>HAL_NVIC_SetPriority</STRONG> (Thumb, 124 bytes, Stack size 40 bytes, stm32f4xx_hal_cortex.o(i.HAL_NVIC_SetPriority))
<BR><BR>[Stack]<UL><LI>Max Depth = 48<LI>Call Chain = HAL_NVIC_SetPriority &rArr; NVIC_SetPriority
</UL>
<BR>[Calls]<UL><LI><a href="#[c4]">&gt;&gt;</a>&nbsp;&nbsp;&nbsp;NVIC_SetPriority
<LI><a href="#[c3]">&gt;&gt;</a>&nbsp;&nbsp;&nbsp;NVIC_GetPriorityGrouping
</UL>
<BR>[Called By]<UL><LI><a href="#[c0]">&gt;&gt;</a>&nbsp;&nbsp;&nbsp;HAL_InitTick
<LI><a href="#[cc]">&gt;&gt;</a>&nbsp;&nbsp;&nbsp;HAL_TIM_Base_MspInit
<LI><a href="#[a7]">&gt;&gt;</a>&nbsp;&nbsp;&nbsp;HAL_ETH_MspInit
<LI><a href="#[d7]">&gt;&gt;</a>&nbsp;&nbsp;&nbsp;HAL_UART_MspInit
</UL>

<P><STRONG><a name="[bf]"></a>HAL_NVIC_SetPriorityGrouping</STRONG> (Thumb, 32 bytes, Stack size 0 bytes, stm32f4xx_hal_cortex.o(i.HAL_NVIC_SetPriorityGrouping))
<BR><BR>[Called By]<UL><LI><a href="#[be]">&gt;&gt;</a>&nbsp;&nbsp;&nbsp;HAL_Init
<LI><a href="#[67]">&gt;&gt;</a>&nbsp;&nbsp;&nbsp;main
</UL>

<P><STRONG><a name="[c5]"></a>HAL_PWREx_EnableOverDrive</STRONG> (Thumb, 152 bytes, Stack size 16 bytes, stm32f4xx_hal_pwr_ex.o(i.HAL_PWREx_EnableOverDrive))
<BR><BR>[Stack]<UL><LI>Max Depth = 16<LI>Call Chain = HAL_PWREx_EnableOverDrive
</UL>
<BR>[Calls]<UL><LI><a href="#[a2]">&gt;&gt;</a>&nbsp;&nbsp;&nbsp;HAL_GetTick
</UL>
<BR>[Called By]<UL><LI><a href="#[f6]">&gt;&gt;</a>&nbsp;&nbsp;&nbsp;Stm32_Clock_Init
</UL>

<P><STRONG><a name="[c6]"></a>HAL_RCC_ClockConfig</STRONG> (Thumb, 680 bytes, Stack size 16 bytes, stm32f4xx_hal_rcc.o(i.HAL_RCC_ClockConfig))
<BR><BR>[Stack]<UL><LI>Max Depth = 80<LI>Call Chain = HAL_RCC_ClockConfig &rArr; HAL_InitTick &rArr; HAL_NVIC_SetPriority &rArr; NVIC_SetPriority
</UL>
<BR>[Calls]<UL><LI><a href="#[c0]">&gt;&gt;</a>&nbsp;&nbsp;&nbsp;HAL_InitTick
<LI><a href="#[a2]">&gt;&gt;</a>&nbsp;&nbsp;&nbsp;HAL_GetTick
</UL>
<BR>[Called By]<UL><LI><a href="#[f6]">&gt;&gt;</a>&nbsp;&nbsp;&nbsp;Stm32_Clock_Init
</UL>

<P><STRONG><a name="[a8]"></a>HAL_RCC_GetHCLKFreq</STRONG> (Thumb, 42 bytes, Stack size 8 bytes, stm32f4xx_hal_rcc.o(i.HAL_RCC_GetHCLKFreq))
<BR><BR>[Stack]<UL><LI>Max Depth = 24<LI>Call Chain = HAL_RCC_GetHCLKFreq &rArr; HAL_RCC_GetSysClockFreq
</UL>
<BR>[Calls]<UL><LI><a href="#[c7]">&gt;&gt;</a>&nbsp;&nbsp;&nbsp;HAL_RCC_GetSysClockFreq
</UL>
<BR>[Called By]<UL><LI><a href="#[c9]">&gt;&gt;</a>&nbsp;&nbsp;&nbsp;HAL_RCC_GetPCLK2Freq
<LI><a href="#[c8]">&gt;&gt;</a>&nbsp;&nbsp;&nbsp;HAL_RCC_GetPCLK1Freq
<LI><a href="#[c0]">&gt;&gt;</a>&nbsp;&nbsp;&nbsp;HAL_InitTick
<LI><a href="#[a6]">&gt;&gt;</a>&nbsp;&nbsp;&nbsp;HAL_ETH_Init
</UL>

<P><STRONG><a name="[c8]"></a>HAL_RCC_GetPCLK1Freq</STRONG> (Thumb, 36 bytes, Stack size 8 bytes, stm32f4xx_hal_rcc.o(i.HAL_RCC_GetPCLK1Freq))
<BR><BR>[Stack]<UL><LI>Max Depth = 32<LI>Call Chain = HAL_RCC_GetPCLK1Freq &rArr; HAL_RCC_GetHCLKFreq &rArr; HAL_RCC_GetSysClockFreq
</UL>
<BR>[Calls]<UL><LI><a href="#[a8]">&gt;&gt;</a>&nbsp;&nbsp;&nbsp;HAL_RCC_GetHCLKFreq
</UL>
<BR>[Called By]<UL><LI><a href="#[d8]">&gt;&gt;</a>&nbsp;&nbsp;&nbsp;UART_SetConfig
</UL>

<P><STRONG><a name="[c9]"></a>HAL_RCC_GetPCLK2Freq</STRONG> (Thumb, 36 bytes, Stack size 8 bytes, stm32f4xx_hal_rcc.o(i.HAL_RCC_GetPCLK2Freq))
<BR><BR>[Stack]<UL><LI>Max Depth = 32<LI>Call Chain = HAL_RCC_GetPCLK2Freq &rArr; HAL_RCC_GetHCLKFreq &rArr; HAL_RCC_GetSysClockFreq
</UL>
<BR>[Calls]<UL><LI><a href="#[a8]">&gt;&gt;</a>&nbsp;&nbsp;&nbsp;HAL_RCC_GetHCLKFreq
</UL>
<BR>[Called By]<UL><LI><a href="#[d8]">&gt;&gt;</a>&nbsp;&nbsp;&nbsp;UART_SetConfig
</UL>

<P><STRONG><a name="[c7]"></a>HAL_RCC_GetSysClockFreq</STRONG> (Thumb, 168 bytes, Stack size 16 bytes, stm32f4xx_hal_rcc.o(i.HAL_RCC_GetSysClockFreq))
<BR><BR>[Stack]<UL><LI>Max Depth = 16<LI>Call Chain = HAL_RCC_GetSysClockFreq
</UL>
<BR>[Called By]<UL><LI><a href="#[a8]">&gt;&gt;</a>&nbsp;&nbsp;&nbsp;HAL_RCC_GetHCLKFreq
</UL>

<P><STRONG><a name="[ca]"></a>HAL_RCC_OscConfig</STRONG> (Thumb, 1032 bytes, Stack size 16 bytes, stm32f4xx_hal_rcc.o(i.HAL_RCC_OscConfig))
<BR><BR>[Stack]<UL><LI>Max Depth = 16<LI>Call Chain = HAL_RCC_OscConfig
</UL>
<BR>[Calls]<UL><LI><a href="#[a2]">&gt;&gt;</a>&nbsp;&nbsp;&nbsp;HAL_GetTick
</UL>
<BR>[Called By]<UL><LI><a href="#[f6]">&gt;&gt;</a>&nbsp;&nbsp;&nbsp;Stm32_Clock_Init
</UL>

<P><STRONG><a name="[123]"></a>HAL_SYSTICK_CLKSourceConfig</STRONG> (Thumb, 40 bytes, Stack size 0 bytes, stm32f4xx_hal_cortex.o(i.HAL_SYSTICK_CLKSourceConfig))
<BR><BR>[Called By]<UL><LI><a href="#[122]">&gt;&gt;</a>&nbsp;&nbsp;&nbsp;delay_init
</UL>

<P><STRONG><a name="[c2]"></a>HAL_SYSTICK_Config</STRONG> (Thumb, 52 bytes, Stack size 16 bytes, stm32f4xx_hal_cortex.o(i.HAL_SYSTICK_Config))
<BR><BR>[Stack]<UL><LI>Max Depth = 24<LI>Call Chain = HAL_SYSTICK_Config &rArr; NVIC_SetPriority
</UL>
<BR>[Calls]<UL><LI><a href="#[c4]">&gt;&gt;</a>&nbsp;&nbsp;&nbsp;NVIC_SetPriority
</UL>
<BR>[Called By]<UL><LI><a href="#[c0]">&gt;&gt;</a>&nbsp;&nbsp;&nbsp;HAL_InitTick
</UL>

<P><STRONG><a name="[d3]"></a>HAL_TIMEx_BreakCallback</STRONG> (Thumb, 2 bytes, Stack size 0 bytes, stm32f4xx_hal_tim_ex.o(i.HAL_TIMEx_BreakCallback))
<BR><BR>[Called By]<UL><LI><a href="#[ce]">&gt;&gt;</a>&nbsp;&nbsp;&nbsp;HAL_TIM_IRQHandler
</UL>

<P><STRONG><a name="[d5]"></a>HAL_TIMEx_CommutationCallback</STRONG> (Thumb, 2 bytes, Stack size 0 bytes, stm32f4xx_hal_tim_ex.o(i.HAL_TIMEx_CommutationCallback))
<BR><BR>[Called By]<UL><LI><a href="#[ce]">&gt;&gt;</a>&nbsp;&nbsp;&nbsp;HAL_TIM_IRQHandler
</UL>

<P><STRONG><a name="[cb]"></a>HAL_TIM_Base_Init</STRONG> (Thumb, 52 bytes, Stack size 8 bytes, stm32f4xx_hal_tim.o(i.HAL_TIM_Base_Init))
<BR><BR>[Stack]<UL><LI>Max Depth = 72<LI>Call Chain = HAL_TIM_Base_Init &rArr; HAL_TIM_Base_MspInit &rArr; HAL_NVIC_SetPriority &rArr; NVIC_SetPriority
</UL>
<BR>[Calls]<UL><LI><a href="#[cd]">&gt;&gt;</a>&nbsp;&nbsp;&nbsp;TIM_Base_SetConfig
<LI><a href="#[cc]">&gt;&gt;</a>&nbsp;&nbsp;&nbsp;HAL_TIM_Base_MspInit
</UL>
<BR>[Called By]<UL><LI><a href="#[f8]">&gt;&gt;</a>&nbsp;&nbsp;&nbsp;TIM3_Init
<LI><a href="#[e2]">&gt;&gt;</a>&nbsp;&nbsp;&nbsp;MX_TIM6_Init
</UL>

<P><STRONG><a name="[cc]"></a>HAL_TIM_Base_MspInit</STRONG> (Thumb, 102 bytes, Stack size 16 bytes, timer.o(i.HAL_TIM_Base_MspInit))
<BR><BR>[Stack]<UL><LI>Max Depth = 64<LI>Call Chain = HAL_TIM_Base_MspInit &rArr; HAL_NVIC_SetPriority &rArr; NVIC_SetPriority
</UL>
<BR>[Calls]<UL><LI><a href="#[ad]">&gt;&gt;</a>&nbsp;&nbsp;&nbsp;HAL_NVIC_EnableIRQ
<LI><a href="#[ac]">&gt;&gt;</a>&nbsp;&nbsp;&nbsp;HAL_NVIC_SetPriority
</UL>
<BR>[Called By]<UL><LI><a href="#[cb]">&gt;&gt;</a>&nbsp;&nbsp;&nbsp;HAL_TIM_Base_Init
</UL>

<P><STRONG><a name="[e3]"></a>HAL_TIM_Base_Start_IT</STRONG> (Thumb, 30 bytes, Stack size 0 bytes, stm32f4xx_hal_tim.o(i.HAL_TIM_Base_Start_IT))
<BR><BR>[Called By]<UL><LI><a href="#[f8]">&gt;&gt;</a>&nbsp;&nbsp;&nbsp;TIM3_Init
<LI><a href="#[e2]">&gt;&gt;</a>&nbsp;&nbsp;&nbsp;MX_TIM6_Init
</UL>

<P><STRONG><a name="[cf]"></a>HAL_TIM_IC_CaptureCallback</STRONG> (Thumb, 2 bytes, Stack size 0 bytes, stm32f4xx_hal_tim.o(i.HAL_TIM_IC_CaptureCallback))
<BR><BR>[Called By]<UL><LI><a href="#[ce]">&gt;&gt;</a>&nbsp;&nbsp;&nbsp;HAL_TIM_IRQHandler
</UL>

<P><STRONG><a name="[ce]"></a>HAL_TIM_IRQHandler</STRONG> (Thumb, 406 bytes, Stack size 8 bytes, stm32f4xx_hal_tim.o(i.HAL_TIM_IRQHandler))
<BR><BR>[Stack]<UL><LI>Max Depth = 96<LI>Call Chain = HAL_TIM_IRQHandler &rArr; HAL_TIM_PeriodElapsedCallback &rArr; lwip_periodic_handle &rArr; sys_check_timeouts &rArr; memp_free &rArr; __2printf
</UL>
<BR>[Calls]<UL><LI><a href="#[d4]">&gt;&gt;</a>&nbsp;&nbsp;&nbsp;HAL_TIM_TriggerCallback
<LI><a href="#[d1]">&gt;&gt;</a>&nbsp;&nbsp;&nbsp;HAL_TIM_PWM_PulseFinishedCallback
<LI><a href="#[d0]">&gt;&gt;</a>&nbsp;&nbsp;&nbsp;HAL_TIM_OC_DelayElapsedCallback
<LI><a href="#[cf]">&gt;&gt;</a>&nbsp;&nbsp;&nbsp;HAL_TIM_IC_CaptureCallback
<LI><a href="#[d5]">&gt;&gt;</a>&nbsp;&nbsp;&nbsp;HAL_TIMEx_CommutationCallback
<LI><a href="#[d3]">&gt;&gt;</a>&nbsp;&nbsp;&nbsp;HAL_TIMEx_BreakCallback
<LI><a href="#[d2]">&gt;&gt;</a>&nbsp;&nbsp;&nbsp;HAL_TIM_PeriodElapsedCallback
</UL>
<BR>[Called By]<UL><LI><a href="#[43]">&gt;&gt;</a>&nbsp;&nbsp;&nbsp;TIM6_DAC_IRQHandler
<LI><a href="#[2a]">&gt;&gt;</a>&nbsp;&nbsp;&nbsp;TIM3_IRQHandler
</UL>

<P><STRONG><a name="[d0]"></a>HAL_TIM_OC_DelayElapsedCallback</STRONG> (Thumb, 2 bytes, Stack size 0 bytes, stm32f4xx_hal_tim.o(i.HAL_TIM_OC_DelayElapsedCallback))
<BR><BR>[Called By]<UL><LI><a href="#[ce]">&gt;&gt;</a>&nbsp;&nbsp;&nbsp;HAL_TIM_IRQHandler
</UL>

<P><STRONG><a name="[d1]"></a>HAL_TIM_PWM_PulseFinishedCallback</STRONG> (Thumb, 2 bytes, Stack size 0 bytes, stm32f4xx_hal_tim.o(i.HAL_TIM_PWM_PulseFinishedCallback))
<BR><BR>[Called By]<UL><LI><a href="#[ce]">&gt;&gt;</a>&nbsp;&nbsp;&nbsp;HAL_TIM_IRQHandler
</UL>

<P><STRONG><a name="[d2]"></a>HAL_TIM_PeriodElapsedCallback</STRONG> (Thumb, 40 bytes, Stack size 8 bytes, timer.o(i.HAL_TIM_PeriodElapsedCallback))
<BR><BR>[Stack]<UL><LI>Max Depth = 88<LI>Call Chain = HAL_TIM_PeriodElapsedCallback &rArr; lwip_periodic_handle &rArr; sys_check_timeouts &rArr; memp_free &rArr; __2printf
</UL>
<BR>[Calls]<UL><LI><a href="#[d6]">&gt;&gt;</a>&nbsp;&nbsp;&nbsp;lwip_periodic_handle
</UL>
<BR>[Called By]<UL><LI><a href="#[ce]">&gt;&gt;</a>&nbsp;&nbsp;&nbsp;HAL_TIM_IRQHandler
</UL>

[...]
</UL>

<P><STRONG><a name="[142]"></a>lwip_standard_chksum</STRONG> (Thumb, 94 bytes, Stack size 24 bytes, inet_chksum.o(i.lwip_standard_chksum))
<BR><BR>[Stack]<UL><LI>Max Depth = 24<LI>Call Chain = lwip_standard_chksum
</UL>
<BR>[Called By]<UL><LI><a href="#[13d]">&gt;&gt;</a>&nbsp;&nbsp;&nbsp;inet_chksum_pbuf
<LI><a href="#[13f]">&gt;&gt;</a>&nbsp;&nbsp;&nbsp;inet_chksum
</UL>

<P><STRONG><a name="[145]"></a>ip_frag_alloc_pbuf_custom_ref</STRONG> (Thumb, 10 bytes, Stack size 8 bytes, ip_frag.o(i.ip_frag_alloc_pbuf_custom_ref))
<BR><BR>[Stack]<UL><LI>Max Depth = 48<LI>Call Chain = ip_frag_alloc_pbuf_custom_ref &rArr; memp_malloc &rArr; __2printf
</UL>
<BR>[Calls]<UL><LI><a href="#[149]">&gt;&gt;</a>&nbsp;&nbsp;&nbsp;memp_malloc
</UL>
<BR>[Called By]<UL><LI><a href="#[143]">&gt;&gt;</a>&nbsp;&nbsp;&nbsp;ip_frag
</UL>

<P><STRONG><a name="[147]"></a>ip_frag_free_pbuf_custom_ref</STRONG> (Thumb, 38 bytes, Stack size 8 bytes, ip_frag.o(i.ip_frag_free_pbuf_custom_ref))
<BR><BR>[Stack]<UL><LI>Max Depth = 48<LI>Call Chain = ip_frag_free_pbuf_custom_ref &rArr; memp_free &rArr; __2printf
</UL>
<BR>[Calls]<UL><LI><a href="#[14a]">&gt;&gt;</a>&nbsp;&nbsp;&nbsp;memp_free
<LI><a href="#[fd]">&gt;&gt;</a>&nbsp;&nbsp;&nbsp;__2printf
</UL>
<BR>[Called By]<UL><LI><a href="#[6f]">&gt;&gt;</a>&nbsp;&nbsp;&nbsp;ipfrag_free_pbuf_custom
<LI><a href="#[143]">&gt;&gt;</a>&nbsp;&nbsp;&nbsp;ip_frag
</UL>

<P><STRONG><a name="[154]"></a>ip_reass_chain_frag_into_datagram_and_validate</STRONG> (Thumb, 502 bytes, Stack size 48 bytes, ip_frag.o(i.ip_reass_chain_frag_into_datagram_and_validate))
<BR><BR>[Stack]<UL><LI>Max Depth = 136<LI>Call Chain = ip_reass_chain_frag_into_datagram_and_validate &rArr; pbuf_free &rArr; mem_free &rArr; plug_holes &rArr; __2printf
</UL>
<BR>[Calls]<UL><LI><a href="#[151]">&gt;&gt;</a>&nbsp;&nbsp;&nbsp;pbuf_clen
<LI><a href="#[144]">&gt;&gt;</a>&nbsp;&nbsp;&nbsp;lwip_ntohs
<LI><a href="#[126]">&gt;&gt;</a>&nbsp;&nbsp;&nbsp;pbuf_free
<LI><a href="#[fd]">&gt;&gt;</a>&nbsp;&nbsp;&nbsp;__2printf
</UL>
<BR>[Called By]<UL><LI><a href="#[14c]">&gt;&gt;</a>&nbsp;&nbsp;&nbsp;ip_reass
</UL>

<P><STRONG><a name="[155]"></a>ip_reass_dequeue_datagram</STRONG> (Thumb, 62 bytes, Stack size 16 bytes, ip_frag.o(i.ip_reass_dequeue_datagram))
<BR><BR>[Stack]<UL><LI>Max Depth = 56<LI>Call Chain = ip_reass_dequeue_datagram &rArr; memp_free &rArr; __2printf
</UL>
<BR>[Calls]<UL><LI><a href="#[14a]">&gt;&gt;</a>&nbsp;&nbsp;&nbsp;memp_free
<LI><a href="#[fd]">&gt;&gt;</a>&nbsp;&nbsp;&nbsp;__2printf
</UL>
<BR>[Called By]<UL><LI><a href="#[156]">&gt;&gt;</a>&nbsp;&nbsp;&nbsp;ip_reass_free_complete_datagram
<LI><a href="#[14c]">&gt;&gt;</a>&nbsp;&nbsp;&nbsp;ip_reass
</UL>

<P><STRONG><a name="[153]"></a>ip_reass_enqueue_new_datagram</STRONG> (Thumb, 80 bytes, Stack size 16 bytes, ip_frag.o(i.ip_reass_enqueue_new_datagram))
<BR><BR>[Stack]<UL><LI>Max Depth = 456<LI>Call Chain = ip_reass_enqueue_new_datagram &rArr; ip_reass_remove_oldest_datagram &rArr; ip_reass_free_complete_datagram &rArr; icmp_time_exceeded &rArr; icmp_send_response &rArr; ip_output &rArr; ip_output_if &rArr; ip_frag &rArr; pbuf_alloc &rArr; pbuf_free &rArr; mem_free &rArr; plug_holes &rArr; __2printf
</UL>
<BR>[Calls]<UL><LI><a href="#[149]">&gt;&gt;</a>&nbsp;&nbsp;&nbsp;memp_malloc
<LI><a href="#[152]">&gt;&gt;</a>&nbsp;&nbsp;&nbsp;ip_reass_remove_oldest_datagram
<LI><a href="#[e5]">&gt;&gt;</a>&nbsp;&nbsp;&nbsp;__aeabi_memclr4
<LI><a href="#[ee]">&gt;&gt;</a>&nbsp;&nbsp;&nbsp;__aeabi_memcpy
</UL>
<BR>[Called By]<UL><LI><a href="#[14c]">&gt;&gt;</a>&nbsp;&nbsp;&nbsp;ip_reass
</UL>

<P><STRONG><a name="[156]"></a>ip_reass_free_complete_datagram</STRONG> (Thumb, 274 bytes, Stack size 32 bytes, ip_frag.o(i.ip_reass_free_complete_datagram))
<BR><BR>[Stack]<UL><LI>Max Depth = 400<LI>Call Chain = ip_reass_free_complete_datagram &rArr; icmp_time_exceeded &rArr; icmp_send_response &rArr; ip_output &rArr; ip_output_if &rArr; ip_frag &rArr; pbuf_alloc &rArr; pbuf_free &rArr; mem_free &rArr; plug_holes &rArr; __2printf
</UL>
<BR>[Calls]<UL><LI><a href="#[151]">&gt;&gt;</a>&nbsp;&nbsp;&nbsp;pbuf_clen
<LI><a href="#[155]">&gt;&gt;</a>&nbsp;&nbsp;&nbsp;ip_reass_dequeue_datagram
<LI><a href="#[141]">&gt;&gt;</a>&nbsp;&nbsp;&nbsp;icmp_time_exceeded
<LI><a href="#[126]">&gt;&gt;</a>&nbsp;&nbsp;&nbsp;pbuf_free
<LI><a href="#[fd]">&gt;&gt;</a>&nbsp;&nbsp;&nbsp;__2printf
<LI><a href="#[ee]">&gt;&gt;</a>&nbsp;&nbsp;&nbsp;__aeabi_memcpy
</UL>
<BR>[Called By]<UL><LI><a href="#[157]">&gt;&gt;</a>&nbsp;&nbsp;&nbsp;ip_reass_tmr
<LI><a href="#[152]">&gt;&gt;</a>&nbsp;&nbsp;&nbsp;ip_reass_remove_oldest_datagram
</UL>

<P><STRONG><a name="[152]"></a>ip_reass_remove_oldest_datagram</STRONG> (Thumb, 118 bytes, Stack size 40 bytes, ip_frag.o(i.ip_reass_remove_oldest_datagram))
<BR><BR>[Stack]<UL><LI>Max Depth = 440<LI>Call Chain = ip_reass_remove_oldest_datagram &rArr; ip_reass_free_complete_datagram &rArr; icmp_time_exceeded &rArr; icmp_send_response &rArr; ip_output &rArr; ip_output_if &rArr; ip_frag &rArr; pbuf_alloc &rArr; pbuf_free &rArr; mem_free &rArr; plug_holes &rArr; __2printf
</UL>
<BR>[Calls]<UL><LI><a href="#[156]">&gt;&gt;</a>&nbsp;&nbsp;&nbsp;ip_reass_free_complete_datagram
</UL>
<BR>[Called By]<UL><LI><a href="#[153]">&gt;&gt;</a>&nbsp;&nbsp;&nbsp;ip_reass_enqueue_new_datagram
<LI><a href="#[14c]">&gt;&gt;</a>&nbsp;&nbsp;&nbsp;ip_reass
</UL>

<P><STRONG><a name="[6f]"></a>ipfrag_free_pbuf_custom</STRONG> (Thumb, 74 bytes, Stack size 16 bytes, ip_frag.o(i.ipfrag_free_pbuf_custom))
<BR><BR>[Stack]<UL><LI>Max Depth = 104<LI>Call Chain = ipfrag_free_pbuf_custom &rArr; pbuf_free &rArr; mem_free &rArr; plug_holes &rArr; __2printf
</UL>
<BR>[Calls]<UL><LI><a href="#[147]">&gt;&gt;</a>&nbsp;&nbsp;&nbsp;ip_frag_free_pbuf_custom_ref
<LI><a href="#[126]">&gt;&gt;</a>&nbsp;&nbsp;&nbsp;pbuf_free
<LI><a href="#[fd]">&gt;&gt;</a>&nbsp;&nbsp;&nbsp;__2printf
</UL>
<BR>[Address Reference Count : 1]<UL><LI> ip_frag.o(i.ip_frag)
</UL>
<P><STRONG><a name="[174]"></a>plug_holes</STRONG> (Thumb, 218 bytes, Stack size 16 bytes, mem.o(i.plug_holes))
<BR><BR>[Stack]<UL><LI>Max Depth = 40<LI>Call Chain = plug_holes &rArr; __2printf
</UL>
<BR>[Calls]<UL><LI><a href="#[fd]">&gt;&gt;</a>&nbsp;&nbsp;&nbsp;__2printf
</UL>
<BR>[Called By]<UL><LI><a href="#[173]">&gt;&gt;</a>&nbsp;&nbsp;&nbsp;mem_free
</UL>

<P><STRONG><a name="[18b]"></a>tcp_close_shutdown</STRONG> (Thumb, 456 bytes, Stack size 24 bytes, tcp.o(i.tcp_close_shutdown))
<BR><BR>[Stack]<UL><LI>Max Depth = 424<LI>Call Chain = tcp_close_shutdown &rArr; tcp_pcb_remove &rArr; tcp_output &rArr; tcp_output_segment &rArr; ip_output &rArr; ip_output_if &rArr; ip_frag &rArr; pbuf_alloc &rArr; pbuf_free &rArr; mem_free &rArr; plug_holes &rArr; __2printf
</UL>
<BR>[Calls]<UL><LI><a href="#[14a]">&gt;&gt;</a>&nbsp;&nbsp;&nbsp;memp_free
<LI><a href="#[18d]">&gt;&gt;</a>&nbsp;&nbsp;&nbsp;tcp_timer_needed
<LI><a href="#[18e]">&gt;&gt;</a>&nbsp;&nbsp;&nbsp;tcp_send_fin
<LI><a href="#[185]">&gt;&gt;</a>&nbsp;&nbsp;&nbsp;tcp_rst
<LI><a href="#[18f]">&gt;&gt;</a>&nbsp;&nbsp;&nbsp;tcp_output
<LI><a href="#[183]">&gt;&gt;</a>&nbsp;&nbsp;&nbsp;tcp_pcb_remove
<LI><a href="#[18c]">&gt;&gt;</a>&nbsp;&nbsp;&nbsp;tcp_pcb_purge
<LI><a href="#[fd]">&gt;&gt;</a>&nbsp;&nbsp;&nbsp;__2printf
</UL>
<BR>[Called By]<UL><LI><a href="#[18a]">&gt;&gt;</a>&nbsp;&nbsp;&nbsp;tcp_close
</UL>

<P><STRONG><a name="[188]"></a>tcp_kill_prio</STRONG> (Thumb, 76 bytes, Stack size 24 bytes, tcp.o(i.tcp_kill_prio))
<BR><BR>[Stack]<UL><LI>Max Depth = 472<LI>Call Chain = tcp_kill_prio &rArr; tcp_abort &rArr; tcp_abandon &rArr; tcp_pcb_remove &rArr; tcp_output &rArr; tcp_output_segment &rArr; ip_output &rArr; ip_output_if &rArr; ip_frag &rArr; pbuf_alloc &rArr; pbuf_free &rArr; mem_free &rArr; plug_holes &rArr; __2printf
</UL>
<BR>[Calls]<UL><LI><a href="#[17e]">&gt;&gt;</a>&nbsp;&nbsp;&nbsp;tcp_abort
</UL>
<BR>[Called By]<UL><LI><a href="#[186]">&gt;&gt;</a>&nbsp;&nbsp;&nbsp;tcp_alloc
</UL>

<P><STRONG><a name="[187]"></a>tcp_kill_timewait</STRONG> (Thumb, 50 bytes, Stack size 16 bytes, tcp.o(i.tcp_kill_timewait))
<BR><BR>[Stack]<UL><LI>Max Depth = 464<LI>Call Chain = tcp_kill_timewait &rArr; tcp_abort &rArr; tcp_abandon &rArr; tcp_pcb_remove &rArr; tcp_output &rArr; tcp_output_segment &rArr; ip_output &rArr; ip_output_if &rArr; ip_frag &rArr; pbuf_alloc &rArr; pbuf_free &rArr; mem_free &rArr; plug_holes &rArr; __2printf
</UL>
<BR>[Calls]<UL><LI><a href="#[17e]">&gt;&gt;</a>&nbsp;&nbsp;&nbsp;tcp_abort
</UL>
<BR>[Called By]<UL><LI><a href="#[186]">&gt;&gt;</a>&nbsp;&nbsp;&nbsp;tcp_alloc
</UL>

<P><STRONG><a name="[197]"></a>tcp_listen_input</STRONG> (Thumb, 268 bytes, Stack size 24 bytes, tcp_in.o(i.tcp_listen_input))
<BR><BR>[Stack]<UL><LI>Max Depth = 512<LI>Call Chain = tcp_listen_input &rArr; tcp_alloc &rArr; tcp_kill_prio &rArr; tcp_abort &rArr; tcp_abandon &rArr; tcp_pcb_remove &rArr; tcp_output &rArr; tcp_output_segment &rArr; ip_output &rArr; ip_output_if &rArr; ip_frag &rArr; pbuf_alloc &rArr; pbuf_free &rArr; mem_free &rArr; plug_holes &rArr; __2printf
</UL>
<BR>[Calls]<UL><LI><a href="#[19b]">&gt;&gt;</a>&nbsp;&nbsp;&nbsp;tcp_parseopt
<LI><a href="#[18d]">&gt;&gt;</a>&nbsp;&nbsp;&nbsp;tcp_timer_needed
<LI><a href="#[185]">&gt;&gt;</a>&nbsp;&nbsp;&nbsp;tcp_rst
<LI><a href="#[18f]">&gt;&gt;</a>&nbsp;&nbsp;&nbsp;tcp_output
<LI><a href="#[193]">&gt;&gt;</a>&nbsp;&nbsp;&nbsp;tcp_enqueue_flags
<LI><a href="#[192]">&gt;&gt;</a>&nbsp;&nbsp;&nbsp;tcp_eff_send_mss
<LI><a href="#[186]">&gt;&gt;</a>&nbsp;&nbsp;&nbsp;tcp_alloc
<LI><a href="#[182]">&gt;&gt;</a>&nbsp;&nbsp;&nbsp;tcp_abandon
</UL>
<BR>[Called By]<UL><LI><a href="#[14f]">&gt;&gt;</a>&nbsp;&nbsp;&nbsp;tcp_input
</UL>

<P><STRONG><a name="[19b]"></a>tcp_parseopt</STRONG> (Thumb, 178 bytes, Stack size 32 bytes, tcp_in.o(i.tcp_parseopt))
<BR><BR>[Stack]<UL><LI>Max Depth = 36<LI>Call Chain = tcp_parseopt &rArr; lwip_ntohs
</UL>
<BR>[Calls]<UL><LI><a href="#[144]">&gt;&gt;</a>&nbsp;&nbsp;&nbsp;lwip_ntohs
</UL>
<BR>[Called By]<UL><LI><a href="#[198]">&gt;&gt;</a>&nbsp;&nbsp;&nbsp;tcp_process
<LI><a href="#[197]">&gt;&gt;</a>&nbsp;&nbsp;&nbsp;tcp_listen_input
</UL>

<P><STRONG><a name="[198]"></a>tcp_process</STRONG> (Thumb, 1622 bytes, Stack size 32 bytes, tcp_in.o(i.tcp_process))
<BR><BR>[Stack]<UL><LI>Max Depth = 480<LI>Call Chain = tcp_process &rArr; tcp_abort &rArr; tcp_abandon &rArr; tcp_pcb_remove &rArr; tcp_output &rArr; tcp_output_segment &rArr; ip_output &rArr; ip_output_if &rArr; ip_frag &rArr; pbuf_alloc &rArr; pbuf_free &rArr; mem_free &rArr; plug_holes &rArr; __2printf
</UL>
<BR>[Calls]<UL><LI><a href="#[16b]">&gt;&gt;</a>&nbsp;&nbsp;&nbsp;lwip_ntohl
<LI><a href="#[19f]">&gt;&gt;</a>&nbsp;&nbsp;&nbsp;tcp_rexmit
<LI><a href="#[19e]">&gt;&gt;</a>&nbsp;&nbsp;&nbsp;tcp_receive
<LI><a href="#[19b]">&gt;&gt;</a>&nbsp;&nbsp;&nbsp;tcp_parseopt
<LI><a href="#[18d]">&gt;&gt;</a>&nbsp;&nbsp;&nbsp;tcp_timer_needed
<LI><a href="#[185]">&gt;&gt;</a>&nbsp;&nbsp;&nbsp;tcp_rst
<LI><a href="#[191]">&gt;&gt;</a>&nbsp;&nbsp;&nbsp;tcp_seg_free
<LI><a href="#[18c]">&gt;&gt;</a>&nbsp;&nbsp;&nbsp;tcp_pcb_purge
<LI><a href="#[192]">&gt;&gt;</a>&nbsp;&nbsp;&nbsp;tcp_eff_send_mss
<LI><a href="#[17e]">&gt;&gt;</a>&nbsp;&nbsp;&nbsp;tcp_abort
<LI><a href="#[fd]">&gt;&gt;</a>&nbsp;&nbsp;&nbsp;__2printf
</UL>
<BR>[Called By]<UL><LI><a href="#[14f]">&gt;&gt;</a>&nbsp;&nbsp;&nbsp;tcp_input
</UL>

<P><STRONG><a name="[19e]"></a>tcp_receive</STRONG> (Thumb, 2092 bytes, Stack size 40 bytes, tcp_in.o(i.tcp_receive))
<BR><BR>[Stack]<UL><LI>Max Depth = 384<LI>Call Chain = tcp_receive &rArr; tcp_send_empty_ack &rArr; ip_output &rArr; ip_output_if &rArr; ip_frag &rArr; pbuf_alloc &rArr; pbuf_free &rArr; mem_free &rArr; plug_holes &rArr; __2printf
</UL>
<BR>[Calls]<UL><LI><a href="#[16b]">&gt;&gt;</a>&nbsp;&nbsp;&nbsp;lwip_ntohl
<LI><a href="#[151]">&gt;&gt;</a>&nbsp;&nbsp;&nbsp;pbuf_clen
<LI><a href="#[14b]">&gt;&gt;</a>&nbsp;&nbsp;&nbsp;pbuf_realloc
<LI><a href="#[144]">&gt;&gt;</a>&nbsp;&nbsp;&nbsp;lwip_ntohs
<LI><a href="#[12b]">&gt;&gt;</a>&nbsp;&nbsp;&nbsp;pbuf_header
<LI><a href="#[128]">&gt;&gt;</a>&nbsp;&nbsp;&nbsp;lwip_htons
<LI><a href="#[19c]">&gt;&gt;</a>&nbsp;&nbsp;&nbsp;tcp_send_empty_ack
<LI><a href="#[1a0]">&gt;&gt;</a>&nbsp;&nbsp;&nbsp;tcp_rexmit_fast
<LI><a href="#[1a1]">&gt;&gt;</a>&nbsp;&nbsp;&nbsp;tcp_update_rcv_ann_wnd
<LI><a href="#[191]">&gt;&gt;</a>&nbsp;&nbsp;&nbsp;tcp_seg_free
<LI><a href="#[fd]">&gt;&gt;</a>&nbsp;&nbsp;&nbsp;__2printf
</UL>
<BR>[Called By]<UL><LI><a href="#[198]">&gt;&gt;</a>&nbsp;&nbsp;&nbsp;tcp_process
</UL>

<P><STRONG><a name="[196]"></a>tcp_timewait_input</STRONG> (Thumb, 140 bytes, Stack size 16 bytes, tcp_in.o(i.tcp_timewait_input))
<BR><BR>[Stack]<UL><LI>Max Depth = 400<LI>Call Chain = tcp_timewait_input &rArr; tcp_output &rArr; tcp_output_segment &rArr; ip_output &rArr; ip_output_if &rArr; ip_frag &rArr; pbuf_alloc &rArr; pbuf_free &rArr; mem_free &rArr; plug_holes &rArr; __2printf
</UL>
<BR>[Calls]<UL><LI><a href="#[185]">&gt;&gt;</a>&nbsp;&nbsp;&nbsp;tcp_rst
<LI><a href="#[18f]">&gt;&gt;</a>&nbsp;&nbsp;&nbsp;tcp_output
</UL>
<BR>[Called By]<UL><LI><a href="#[14f]">&gt;&gt;</a>&nbsp;&nbsp;&nbsp;tcp_input
</UL>

<P><STRONG><a name="[190]"></a>tcp_create_segment</STRONG> (Thumb, 172 bytes, Stack size 40 bytes, tcp_out.o(i.tcp_create_segment))
<BR><BR>[Stack]<UL><LI>Max Depth = 136<LI>Call Chain = tcp_create_segment &rArr; tcp_seg_free &rArr; pbuf_free &rArr; mem_free &rArr; plug_holes &rArr; __2printf
</UL>
<BR>[Calls]<UL><LI><a href="#[149]">&gt;&gt;</a>&nbsp;&nbsp;&nbsp;memp_malloc
<LI><a href="#[16c]">&gt;&gt;</a>&nbsp;&nbsp;&nbsp;lwip_htonl
<LI><a href="#[12b]">&gt;&gt;</a>&nbsp;&nbsp;&nbsp;pbuf_header
<LI><a href="#[128]">&gt;&gt;</a>&nbsp;&nbsp;&nbsp;lwip_htons
<LI><a href="#[126]">&gt;&gt;</a>&nbsp;&nbsp;&nbsp;pbuf_free
<LI><a href="#[191]">&gt;&gt;</a>&nbsp;&nbsp;&nbsp;tcp_seg_free
</UL>
<BR>[Called By]<UL><LI><a href="#[193]">&gt;&gt;</a>&nbsp;&nbsp;&nbsp;tcp_enqueue_flags
</UL>

<P><STRONG><a name="[19a]"></a>tcp_output_alloc_header</STRONG> (Thumb, 148 bytes, Stack size 32 bytes, tcp_out.o(i.tcp_output_alloc_header))
<BR><BR>[Stack]<UL><LI>Max Depth = 160<LI>Call Chain = tcp_output_alloc_header &rArr; pbuf_alloc &rArr; pbuf_free &rArr; mem_free &rArr; plug_holes &rArr; __2printf
</UL>
<BR>[Calls]<UL><LI><a href="#[16c]">&gt;&gt;</a>&nbsp;&nbsp;&nbsp;lwip_htonl
<LI><a href="#[128]">&gt;&gt;</a>&nbsp;&nbsp;&nbsp;lwip_htons
<LI><a href="#[131]">&gt;&gt;</a>&nbsp;&nbsp;&nbsp;pbuf_alloc
<LI><a href="#[fd]">&gt;&gt;</a>&nbsp;&nbsp;&nbsp;__2printf
</UL>
<BR>[Called By]<UL><LI><a href="#[19c]">&gt;&gt;</a>&nbsp;&nbsp;&nbsp;tcp_send_empty_ack
<LI><a href="#[1a5]">&gt;&gt;</a>&nbsp;&nbsp;&nbsp;tcp_zero_window_probe
<LI><a href="#[199]">&gt;&gt;</a>&nbsp;&nbsp;&nbsp;tcp_keepalive
</UL>

<P><STRONG><a name="[19d]"></a>tcp_output_segment</STRONG> (Thumb, 202 bytes, Stack size 40 bytes, tcp_out.o(i.tcp_output_segment))
<BR><BR>[Stack]<UL><LI>Max Depth = 352<LI>Call Chain = tcp_output_segment &rArr; ip_output &rArr; ip_output_if &rArr; ip_frag &rArr; pbuf_alloc &rArr; pbuf_free &rArr; mem_free &rArr; plug_holes &rArr; __2printf
</UL>
<BR>[Calls]<UL><LI><a href="#[16b]">&gt;&gt;</a>&nbsp;&nbsp;&nbsp;lwip_ntohl
<LI><a href="#[16c]">&gt;&gt;</a>&nbsp;&nbsp;&nbsp;lwip_htonl
<LI><a href="#[150]">&gt;&gt;</a>&nbsp;&nbsp;&nbsp;ip_route
<LI><a href="#[140]">&gt;&gt;</a>&nbsp;&nbsp;&nbsp;ip_output
<LI><a href="#[128]">&gt;&gt;</a>&nbsp;&nbsp;&nbsp;lwip_htons
<LI><a href="#[192]">&gt;&gt;</a>&nbsp;&nbsp;&nbsp;tcp_eff_send_mss
</UL>
<BR>[Called By]<UL><LI><a href="#[18f]">&gt;&gt;</a>&nbsp;&nbsp;&nbsp;tcp_output
</UL>

<P><STRONG><a name="[6c]"></a>arp_timer</STRONG> (Thumb, 22 bytes, Stack size 8 bytes, timers.o(i.arp_timer))
<BR><BR>[Stack]<UL><LI>Max Depth = 120<LI>Call Chain = arp_timer &rArr; etharp_tmr &rArr; etharp_free_entry &rArr; pbuf_free &rArr; mem_free &rArr; plug_holes &rArr; __2printf
</UL>
<BR>[Calls]<UL><LI><a href="#[120]">&gt;&gt;</a>&nbsp;&nbsp;&nbsp;etharp_tmr
<LI><a href="#[121]">&gt;&gt;</a>&nbsp;&nbsp;&nbsp;sys_timeout
</UL>
<BR>[Address Reference Count : 2]<UL><LI> timers.o(i.sys_timeouts_init)
<LI> timers.o(i.arp_timer)
</UL>
<P><STRONG><a name="[70]"></a>ip_reass_timer</STRONG> (Thumb, 22 bytes, Stack size 8 bytes, timers.o(i.ip_reass_timer))
<BR><BR>[Stack]<UL><LI>Max Depth = 424<LI>Call Chain = ip_reass_timer &rArr; ip_reass_tmr &rArr; ip_reass_free_complete_datagram &rArr; icmp_time_exceeded &rArr; icmp_send_response &rArr; ip_output &rArr; ip_output_if &rArr; ip_frag &rArr; pbuf_alloc &rArr; pbuf_free &rArr; mem_free &rArr; plug_holes &rArr; __2printf
</UL>
<BR>[Calls]<UL><LI><a href="#[157]">&gt;&gt;</a>&nbsp;&nbsp;&nbsp;ip_reass_tmr
<LI><a href="#[121]">&gt;&gt;</a>&nbsp;&nbsp;&nbsp;sys_timeout
</UL>
<BR>[Address Reference Count : 2]<UL><LI> timers.o(i.sys_timeouts_init)
<LI> timers.o(i.ip_reass_timer)
</UL>
<P><STRONG><a name="[74]"></a>tcpip_tcp_timer</STRONG> (Thumb, 40 bytes, Stack size 8 bytes, timers.o(i.tcpip_tcp_timer))
<BR><BR>[Stack]<UL><LI>Max Depth = 512<LI>Call Chain = tcpip_tcp_timer &rArr; tcp_tmr &rArr; tcp_fasttmr &rArr; tcp_process_refused_data &rArr; tcp_recv_null &rArr; tcp_close &rArr; tcp_close_shutdown &rArr; tcp_pcb_remove &rArr; tcp_output &rArr; tcp_output_segment &rArr; ip_output &rArr; ip_output_if &rArr; ip_frag &rArr; pbuf_alloc &rArr; pbuf_free &rArr; mem_free &rArr; plug_holes &rArr; __2printf
</UL>
<BR>[Calls]<UL><LI><a href="#[121]">&gt;&gt;</a>&nbsp;&nbsp;&nbsp;sys_timeout
<LI><a href="#[1a6]">&gt;&gt;</a>&nbsp;&nbsp;&nbsp;tcp_tmr
</UL>
<BR>[Address Reference Count : 2]<UL><LI> timers.o(i.tcp_timer_needed)
<LI> timers.o(i.tcpip_tcp_timer)
</UL>
<P><STRONG><a name="[1a9]"></a>udp_new_port</STRONG> (Thumb, 80 bytes, Stack size 8 bytes, udp.o(i.udp_new_port))
<BR><BR>[Stack]<UL><LI>Max Depth = 8<LI>Call Chain = udp_new_port
</UL>
<BR>[Called By]<UL><LI><a href="#[1a8]">&gt;&gt;</a>&nbsp;&nbsp;&nbsp;udp_bind
</UL>

<P><STRONG><a name="[11c]"></a>_fp_digits</STRONG> (Thumb, 366 bytes, Stack size 64 bytes, printfa.o(i._fp_digits), UNUSED)
<BR><BR>[Calls]<UL><LI><a href="#[87]">&gt;&gt;</a>&nbsp;&nbsp;&nbsp;__aeabi_dmul
<LI><a href="#[88]">&gt;&gt;</a>&nbsp;&nbsp;&nbsp;__aeabi_ddiv
<LI><a href="#[81]">&gt;&gt;</a>&nbsp;&nbsp;&nbsp;__aeabi_dadd
<LI><a href="#[107]">&gt;&gt;</a>&nbsp;&nbsp;&nbsp;__aeabi_cdrcmple
<LI><a href="#[8f]">&gt;&gt;</a>&nbsp;&nbsp;&nbsp;__aeabi_d2ulz
<LI><a href="#[78]">&gt;&gt;</a>&nbsp;&nbsp;&nbsp;__aeabi_uldivmod
</UL>
<BR>[Called By]<UL><LI><a href="#[10e]">&gt;&gt;</a>&nbsp;&nbsp;&nbsp;_printf_core
</UL>

<P><STRONG><a name="[10e]"></a>_printf_core</STRONG> (Thumb, 1744 bytes, Stack size 136 bytes, printfa.o(i._printf_core), UNUSED)
<BR><BR>[Calls]<UL><LI><a href="#[11f]">&gt;&gt;</a>&nbsp;&nbsp;&nbsp;__aeabi_uidivmod
<LI><a href="#[11d]">&gt;&gt;</a>&nbsp;&nbsp;&nbsp;_printf_pre_padding
<LI><a href="#[11e]">&gt;&gt;</a>&nbsp;&nbsp;&nbsp;_printf_post_padding
<LI><a href="#[11c]">&gt;&gt;</a>&nbsp;&nbsp;&nbsp;_fp_digits
<LI><a href="#[78]">&gt;&gt;</a>&nbsp;&nbsp;&nbsp;__aeabi_uldivmod
</UL>
<BR>[Called By]<UL><LI><a href="#[10f]">&gt;&gt;</a>&nbsp;&nbsp;&nbsp;__0sprintf
<LI><a href="#[10d]">&gt;&gt;</a>&nbsp;&nbsp;&nbsp;__0printf
</UL>

<P><STRONG><a name="[11e]"></a>_printf_post_padding</STRONG> (Thumb, 36 bytes, Stack size 24 bytes, printfa.o(i._printf_post_padding), UNUSED)
<BR><BR>[Called By]<UL><LI><a href="#[10e]">&gt;&gt;</a>&nbsp;&nbsp;&nbsp;_printf_core
</UL>

<P><STRONG><a name="[11d]"></a>_printf_pre_padding</STRONG> (Thumb, 46 bytes, Stack size 24 bytes, printfa.o(i._printf_pre_padding), UNUSED)
<BR><BR>[Called By]<UL><LI><a href="#[10e]">&gt;&gt;</a>&nbsp;&nbsp;&nbsp;_printf_core
</UL>

<P><STRONG><a name="[6b]"></a>_sputc</STRONG> (Thumb, 10 bytes, Stack size 0 bytes, printfa.o(i._sputc))
<BR><BR>[Called By]<UL><LI><a href="#[10f]">&gt;&gt;</a>&nbsp;&nbsp;&nbsp;__0sprintf
</UL>
<BR>[Address Reference Count : 1]<UL><LI> printfa.o(i.__0sprintf)
</UL><P>
<H3>
Undefined Global Symbols
</H3><HR></body></html>
