<html>
<body>
<pre>
<h1>µVision Build Log</h1>
<h2>Tool Versions:</h2>
IDE-Version: ¦ÌVision V5.25.2.0
Copyright (C) 2018 ARM Ltd and ARM Germany GmbH. All rights reserved.
License Information: xiaoxiang jia, xihua, LIC=NQQMM-XI0AH-BSVYX-HGF6W-C1LVH-37P8E
 
Tool Versions:
Toolchain:       MDK-ARM Plus  Version: 5.25.2.0
Toolchain Path:  D:\tools\keil\ARM\ARMCC\Bin
C Compiler:      Armcc.exe V5.06 update 6 (build 750)
Assembler:       Armasm.exe V5.06 update 6 (build 750)
Linker/Locator:  ArmLink.exe V5.06 update 6 (build 750)
Library Manager: ArmAr.exe V5.06 update 6 (build 750)
Hex Converter:   FromElf.exe V5.06 update 6 (build 750)
CPU DLL:         SARMCM3.DLL V5.25.2.0
Dialog DLL:      DCM.DLL V1.17.1.0
Target DLL:      Segger\JL2CM3.dll V2.99.29.0
Dialog DLL:      TCM.DLL V1.35.1.0
 
<h2>Project:</h2>
G:\git_test\ShipLocation\HD-Vessel-Bootloader V1.0.0\USER\HD-Robot-Anchor.uvprojx
Project File Date:  12/09/2020

<h2>Output:</h2>
*** Using Compiler 'V5.06 update 6 (build 750)', folder: 'D:\tools\keil\ARM\ARMCC\Bin'
Build target 'HD-Robot-Anchor'
compiling main.c...
..\SYSTEM\sys\sys.h(126): warning:  #47-D: incompatible redefinition of macro "SYS_REBOOT"  (declared at line 7 of "sys_Debug.h")
  #define SYS_REBOOT()\
..\HARDWARE\Libdw1000\libdw1000Reg.h(74): warning:  #1-D: last line of file ends without a newline
  #endif
.\DistanceHandle\DistanceHandle.h(36): warning:  #1-D: last line of file ends without a newline
  #endif  //!__DISTANCEHANDLE__H__
.\upgrade\upgrade.h(108): warning:  #1-D: last line of file ends without a newline
  #endif
main.c: 4 warnings, 0 errors
linking...
Program Size: Code=54952 RO-data=928 RW-data=300 ZI-data=31701164  
FromELF: creating hex file...
"..\OBJ\NETWORK.axf" - 0 Error(s), 4 Warning(s).

<h2>Software Packages used:</h2>

Package Vendor: Keil
                http://www.keil.com/pack/Keil.STM32F4xx_DFP.2.12.0.pack
                Keil.STM32F4xx_DFP.2.12.0
                STMicroelectronics STM32F4 Series Device Support, Drivers and Examples

<h2>Collection of Component include folders:</h2>
  .\RTE\_HD-Robot-Anchor
  D:\tools\keil\ARM\PACK\Keil\STM32F4xx_DFP\2.12.0\Drivers\CMSIS\Device\ST\STM32F4xx\Include

<h2>Collection of Component Files used:</h2>
Build Time Elapsed:  00:00:04
</pre>
</body>
</html>
