Archive member included to satisfy reference by file (symbol)

d:/tools/gcc/9 2020-q2-update/bin/../lib/gcc/arm-none-eabi/9.3.1/../../../../arm-none-eabi/lib/thumb/v7e-m+fp/hard\libc_nano.a(lib_a-exit.o)
                              d:/tools/gcc/9 2020-q2-update/bin/../lib/gcc/arm-none-eabi/9.3.1/../../../../arm-none-eabi/lib/thumb/v7e-m+fp/hard/crt0.o (exit)
d:/tools/gcc/9 2020-q2-update/bin/../lib/gcc/arm-none-eabi/9.3.1/../../../../arm-none-eabi/lib/thumb/v7e-m+fp/hard\libc_nano.a(lib_a-impure.o)
                              d:/tools/gcc/9 2020-q2-update/bin/../lib/gcc/arm-none-eabi/9.3.1/../../../../arm-none-eabi/lib/thumb/v7e-m+fp/hard\libc_nano.a(lib_a-exit.o) (_global_impure_ptr)
d:/tools/gcc/9 2020-q2-update/bin/../lib/gcc/arm-none-eabi/9.3.1/../../../../arm-none-eabi/lib/thumb/v7e-m+fp/hard\libc_nano.a(lib_a-init.o)
                              d:/tools/gcc/9 2020-q2-update/bin/../lib/gcc/arm-none-eabi/9.3.1/../../../../arm-none-eabi/lib/thumb/v7e-m+fp/hard/crt0.o (__libc_init_array)
d:/tools/gcc/9 2020-q2-update/bin/../lib/gcc/arm-none-eabi/9.3.1/../../../../arm-none-eabi/lib/thumb/v7e-m+fp/hard\libc_nano.a(lib_a-memset.o)
                              d:/tools/gcc/9 2020-q2-update/bin/../lib/gcc/arm-none-eabi/9.3.1/../../../../arm-none-eabi/lib/thumb/v7e-m+fp/hard/crt0.o (memset)
d:/tools/gcc/9 2020-q2-update/bin/../lib/gcc/arm-none-eabi/9.3.1/../../../../arm-none-eabi/lib/thumb/v7e-m+fp/hard\libnosys.a(_exit.o)
                              d:/tools/gcc/9 2020-q2-update/bin/../lib/gcc/arm-none-eabi/9.3.1/../../../../arm-none-eabi/lib/thumb/v7e-m+fp/hard\libc_nano.a(lib_a-exit.o) (_exit)
d:/tools/gcc/9 2020-q2-update/bin/../lib/gcc/arm-none-eabi/9.3.1/thumb/v7e-m+fp/hard\libgcc.a(_aeabi_uldivmod.o)
                              build/stm32f4xx_hal_uart.o (__aeabi_uldivmod)
d:/tools/gcc/9 2020-q2-update/bin/../lib/gcc/arm-none-eabi/9.3.1/thumb/v7e-m+fp/hard\libgcc.a(_udivmoddi4.o)
                              d:/tools/gcc/9 2020-q2-update/bin/../lib/gcc/arm-none-eabi/9.3.1/thumb/v7e-m+fp/hard\libgcc.a(_aeabi_uldivmod.o) (__udivmoddi4)
d:/tools/gcc/9 2020-q2-update/bin/../lib/gcc/arm-none-eabi/9.3.1/thumb/v7e-m+fp/hard\libgcc.a(_dvmd_tls.o)
                              d:/tools/gcc/9 2020-q2-update/bin/../lib/gcc/arm-none-eabi/9.3.1/thumb/v7e-m+fp/hard\libgcc.a(_aeabi_uldivmod.o) (__aeabi_ldiv0)

Allocating common symbols
Common symbol       size              file

hdma_memtomem_dma2_stream0
                    0x60              build/main.o
uwTick              0x4               build/stm32f4xx_hal.o
pFlash              0x20              build/stm32f4xx_hal_flash.o
huart1              0x40              build/main.o

Discarded input sections

 .text          0x00000000        0x0 d:/tools/gcc/9 2020-q2-update/bin/../lib/gcc/arm-none-eabi/9.3.1/thumb/v7e-m+fp/hard/crti.o
 .data          0x00000000        0x0 d:/tools/gcc/9 2020-q2-update/bin/../lib/gcc/arm-none-eabi/9.3.1/thumb/v7e-m+fp/hard/crti.o
 .bss           0x00000000        0x0 d:/tools/gcc/9 2020-q2-update/bin/../lib/gcc/arm-none-eabi/9.3.1/thumb/v7e-m+fp/hard/crti.o
 .data          0x00000000        0x4 d:/tools/gcc/9 2020-q2-update/bin/../lib/gcc/arm-none-eabi/9.3.1/thumb/v7e-m+fp/hard/crtbegin.o
 .text          0x00000000       0x7c d:/tools/gcc/9 2020-q2-update/bin/../lib/gcc/arm-none-eabi/9.3.1/../../../../arm-none-eabi/lib/thumb/v7e-m+fp/hard/crt0.o
 .data          0x00000000        0x0 d:/tools/gcc/9 2020-q2-update/bin/../lib/gcc/arm-none-eabi/9.3.1/../../../../arm-none-eabi/lib/thumb/v7e-m+fp/hard/crt0.o
 .bss           0x00000000        0x0 d:/tools/gcc/9 2020-q2-update/bin/../lib/gcc/arm-none-eabi/9.3.1/../../../../arm-none-eabi/lib/thumb/v7e-m+fp/hard/crt0.o
 .ARM.extab     0x00000000        0x0 d:/tools/gcc/9 2020-q2-update/bin/../lib/gcc/arm-none-eabi/9.3.1/../../../../arm-none-eabi/lib/thumb/v7e-m+fp/hard/crt0.o
 .ARM.exidx     0x00000000       0x10 d:/tools/gcc/9 2020-q2-update/bin/../lib/gcc/arm-none-eabi/9.3.1/../../../../arm-none-eabi/lib/thumb/v7e-m+fp/hard/crt0.o
 .ARM.attributes
                0x00000000       0x1c d:/tools/gcc/9 2020-q2-update/bin/../lib/gcc/arm-none-eabi/9.3.1/../../../../arm-none-eabi/lib/thumb/v7e-m+fp/hard/crt0.o
 .text          0x00000000        0x0 build/main.o
 .data          0x00000000        0x0 build/main.o
 .bss           0x00000000        0x0 build/main.o
 .text.Error_Handler
                0x00000000        0x2 build/main.o
 .text          0x00000000        0x0 build/stm32f4xx_it.o
 .data          0x00000000        0x0 build/stm32f4xx_it.o
 .bss           0x00000000        0x0 build/stm32f4xx_it.o
 .text          0x00000000        0x0 build/stm32f4xx_hal_msp.o
 .data          0x00000000        0x0 build/stm32f4xx_hal_msp.o
 .bss           0x00000000        0x0 build/stm32f4xx_hal_msp.o
 .text.HAL_UART_MspDeInit
                0x00000000       0x34 build/stm32f4xx_hal_msp.o
 .text          0x00000000        0x0 build/stm32f4xx_hal_tim.o
[...]
Memory Configuration

Name             Origin             Length             Attributes
RAM              0x20000000         0x00030000         xrw
CCMRAM           0x10000000         0x00010000         xrw
FLASH            0x08000000         0x00080000         xr
*default*        0x00000000         0xffffffff

Linker script and memory map

LOAD d:/tools/gcc/9 2020-q2-update/bin/../lib/gcc/arm-none-eabi/9.3.1/thumb/v7e-m+fp/hard/crti.o
LOAD d:/tools/gcc/9 2020-q2-update/bin/../lib/gcc/arm-none-eabi/9.3.1/thumb/v7e-m+fp/hard/crtbegin.o
LOAD d:/tools/gcc/9 2020-q2-update/bin/../lib/gcc/arm-none-eabi/9.3.1/../../../../arm-none-eabi/lib/thumb/v7e-m+fp/hard/crt0.o
LOAD build/main.o
LOAD build/stm32f4xx_it.o
LOAD build/stm32f4xx_hal_msp.o
LOAD build/stm32f4xx_hal_tim.o
LOAD build/stm32f4xx_hal_tim_ex.o
LOAD build/stm32f4xx_hal_uart.o
LOAD build/stm32f4xx_hal_rcc.o
LOAD build/stm32f4xx_hal_rcc_ex.o
LOAD build/stm32f4xx_hal_flash.o
LOAD build/stm32f4xx_hal_flash_ex.o
LOAD build/stm32f4xx_hal_flash_ramfunc.o
LOAD build/stm32f4xx_hal_gpio.o
LOAD build/stm32f4xx_hal_dma_ex.o
LOAD build/stm32f4xx_hal_dma.o
LOAD build/stm32f4xx_hal_pwr.o
LOAD build/stm32f4xx_hal_pwr_ex.o
LOAD build/stm32f4xx_hal_cortex.o
LOAD build/stm32f4xx_hal.o
LOAD build/stm32f4xx_hal_exti.o
LOAD build/system_stm32f4xx.o
LOAD build/startup_stm32f429xx.o
LOAD d:/tools/gcc/9 2020-q2-update/bin/../lib/gcc/arm-none-eabi/9.3.1/../../../../arm-none-eabi/lib/thumb/v7e-m+fp/hard\libc_nano.a
LOAD d:/tools/gcc/9 2020-q2-update/bin/../lib/gcc/arm-none-eabi/9.3.1/../../../../arm-none-eabi/lib/thumb/v7e-m+fp/hard\libm.a
LOAD d:/tools/gcc/9 2020-q2-update/bin/../lib/gcc/arm-none-eabi/9.3.1/../../../../arm-none-eabi/lib/thumb/v7e-m+fp/hard\libnosys.a
START GROUP
LOAD d:/tools/gcc/9 2020-q2-update/bin/../lib/gcc/arm-none-eabi/9.3.1/thumb/v7e-m+fp/hard\libgcc.a
LOAD d:/tools/gcc/9 2020-q2-update/bin/../lib/gcc/arm-none-eabi/9.3.1/../../../../arm-none-eabi/lib/thumb/v7e-m+fp/hard\libc_nano.a
END GROUP
START GROUP
LOAD d:/tools/gcc/9 2020-q2-update/bin/../lib/gcc/arm-none-eabi/9.3.1/thumb/v7e-m+fp/hard\libgcc.a
LOAD d:/tools/gcc/9 2020-q2-update/bin/../lib/gcc/arm-none-eabi/9.3.1/../../../../arm-none-eabi/lib/thumb/v7e-m+fp/hard\libc_nano.a
END GROUP
LOAD d:/tools/gcc/9 2020-q2-update/bin/../lib/gcc/arm-none-eabi/9.3.1/thumb/v7e-m+fp/hard/crtend.o
LOAD d:/tools/gcc/9 2020-q2-update/bin/../lib/gcc/arm-none-eabi/9.3.1/thumb/v7e-m+fp/hard/crtn.o
                0x20030000                _estack = 0x20030000
                0x00000200                _Min_Heap_Size = 0x200
                0x00000400                _Min_Stack_Size = 0x400

.isr_vector     0x08000000      0x1ac
                0x08000000                . = ALIGN (0x4)
 *(.isr_vector)
 .isr_vector    0x08000000      0x1ac build/startup_stm32f429xx.o
                0x08000000                g_pfnVectors
                0x080001ac                . = ALIGN (0x4)

.text           0x080001ac     0x17d0
                0x080001ac                . = ALIGN (0x4)
 *(.text)
 .text          0x080001ac       0x40 d:/tools/gcc/9 2020-q2-update/bin/../lib/gcc/arm-none-eabi/9.3.1/thumb/v7e-m+fp/hard/crtbegin.o
 .text          0x080001ec       0x30 d:/tools/gcc/9 2020-q2-update/bin/../lib/gcc/arm-none-eabi/9.3.1/thumb/v7e-m+fp/hard\libgcc.a(_aeabi_uldivmod.o)
                0x080001ec                __aeabi_uldivmod
 .text          0x0800021c      0x2c4 d:/tools/gcc/9 2020-q2-update/bin/../lib/gcc/arm-none-eabi/9.3.1/thumb/v7e-m+fp/hard\libgcc.a(_udivmoddi4.o)
                0x0800021c                __udivmoddi4
 .text          0x080004e0        0x4 d:/tools/gcc/9 2020-q2-update/bin/../lib/gcc/arm-none-eabi/9.3.1/thumb/v7e-m+fp/hard\libgcc.a(_dvmd_tls.o)
                0x080004e0                __aeabi_idiv0
                0x080004e0                __aeabi_ldiv0
 *(.text*)
 .text.MX_GPIO_Init
                0x080004e4       0x58 build/main.o
 .text.MX_DMA_Init
                0x0800053c       0x60 build/main.o
 .text.MX_USART1_UART_Init
                0x0800059c       0x2c build/main.o
 .text.SystemClock_Config
                0x080005c8       0xa0 build/main.o
                0x080005c8                SystemClock_Config
 .text.main     0x08000668       0x18 build/main.o
                0x08000668                main
 .text.NMI_Handler
                0x08000680        0x2 build/stm32f4xx_it.o
                0x08000680                NMI_Handler
 .text.HardFault_Handler
                0x08000682        0x2 build/stm32f4xx_it.o
                0x08000682                HardFault_Handler
 .text.MemManage_Handler
                0x08000684        0x2 build/stm32f4xx_it.o
                0x08000684                MemManage_Handler
 .text.BusFault_Handler
                0x08000686        0x2 build/stm32f4xx_it.o
                0x08000686                BusFault_Handler
 .text.UsageFault_Handler
                0x08000688        0x2 build/stm32f4xx_it.o
                0x08000688                UsageFault_Handler
 .text.SVC_Handler
                0x0800068a        0x2 build/stm32f4xx_it.o
                0x0800068a                SVC_Handler
 .text.DebugMon_Handler
                0x0800068c        0x2 build/stm32f4xx_it.o
                0x0800068c                DebugMon_Handler
 .text.PendSV_Handler
                0x0800068e        0x2 build/stm32f4xx_it.o
                0x0800068e                PendSV_Handler
 .text.SysTick_Handler
                0x08000690        0x8 build/stm32f4xx_it.o
                0x08000690                SysTick_Handler
 .text.USART1_IRQHandler
                0x08000698       0x10 build/stm32f4xx_it.o
                0x08000698                USART1_IRQHandler
 .text.HAL_MspInit
                0x080006a8       0x38 build/stm32f4xx_hal_msp.o
                0x080006a8                HAL_MspInit
 .text.HAL_UART_MspInit
                0x080006e0       0x84 build/stm32f4xx_hal_msp.o
                0x080006e0                HAL_UART_MspInit
 .text.UART_EndRxTransfer
                0x08000764       0x1c build/stm32f4xx_hal_uart.o
 .text.UART_Transmit_IT
                0x08000780       0x66 build/stm32f4xx_hal_uart.o
 *fill*         0x080007e6        0x2 
 .text.UART_SetConfig
                0x080007e8      0x1e8 build/stm32f4xx_hal_uart.o
 .text.HAL_UART_Init
                0x080009d0       0x5e build/stm32f4xx_hal_uart.o
                0x080009d0                HAL_UART_Init
 .text.HAL_UART_TxCpltCallback
                0x08000a2e        0x2 build/stm32f4xx_hal_uart.o
                0x08000a2e                HAL_UART_TxCpltCallback
 .text.UART_EndTransmit_IT
                0x08000a30       0x1a build/stm32f4xx_hal_uart.o
 .text.HAL_UART_RxCpltCallback
                0x08000a4a        0x2 build/stm32f4xx_hal_uart.o
                0x08000a4a                HAL_UART_RxCpltCallback
 .text.UART_Receive_IT
                0x08000a4c       0x9e build/stm32f4xx_hal_uart.o
 .text.HAL_UART_ErrorCallback
                0x08000aea        0x2 build/stm32f4xx_hal_uart.o
                0x08000aea                HAL_UART_ErrorCallback
 .text.HAL_UART_IRQHandler
                0x08000aec      0x128 build/stm32f4xx_hal_uart.o
                0x08000aec                HAL_UART_IRQHandler
 .text.UART_DMAAbortOnError
                0x08000c14       0x10 build/stm32f4xx_hal_uart.o
 .text.HAL_RCC_OscConfig
                0x08000c24      0x3ec build/stm32f4xx_hal_rcc.o
                0x08000c24                HAL_RCC_OscConfig
 .text.HAL_RCC_MCOConfig
                0x08001010       0x9c build/stm32f4xx_hal_rcc.o
                0x08001010                HAL_RCC_MCOConfig
 .text.HAL_RCC_GetSysClockFreq
                0x080010ac       0xa0 build/stm32f4xx_hal_rcc.o
                0x080010ac                HAL_RCC_GetSysClockFreq
 .text.HAL_RCC_ClockConfig
                0x0800114c      0x160 build/stm32f4xx_hal_rcc.o
                0x0800114c                HAL_RCC_ClockConfig
 .text.HAL_RCC_GetHCLKFreq
                0x080012ac        0xc build/stm32f4xx_hal_rcc.o
                0x080012ac                HAL_RCC_GetHCLKFreq
 .text.HAL_RCC_GetPCLK1Freq
                0x080012b8       0x20 build/stm32f4xx_hal_rcc.o
                0x080012b8                HAL_RCC_GetPCLK1Freq
 .text.HAL_RCC_GetPCLK2Freq
                0x080012d8       0x20 build/stm32f4xx_hal_rcc.o
                0x080012d8                HAL_RCC_GetPCLK2Freq
 .text.HAL_GPIO_Init
                0x080012f8      0x1e4 build/stm32f4xx_hal_gpio.o
                0x080012f8                HAL_GPIO_Init
 .text.DMA_CalcBaseAndBitshift
                0x080014dc       0x44 build/stm32f4xx_hal_dma.o
 .text.DMA_CheckFifoParam
                0x08001520       0x8e build/stm32f4xx_hal_dma.o
 *fill*         0x080015ae        0x2 
 .text.HAL_DMA_Init
                0x080015b0       0xcc build/stm32f4xx_hal_dma.o
                0x080015b0                HAL_DMA_Init
 .text.HAL_DMA_Abort_IT
                0x0800167c       0x26 build/stm32f4xx_hal_dma.o
                0x0800167c                HAL_DMA_Abort_IT
 *fill*         0x080016a2        0x2 
 .text.HAL_PWREx_EnableOverDrive
                0x080016a4       0x80 build/stm32f4xx_hal_pwr_ex.o
                0x080016a4                HAL_PWREx_EnableOverDrive
 .text.HAL_NVIC_SetPriorityGrouping
                0x08001724       0x24 build/stm32f4xx_hal_cortex.o
                0x08001724                HAL_NVIC_SetPriorityGrouping
 .text.HAL_NVIC_SetPriority
                0x08001748       0x68 build/stm32f4xx_hal_cortex.o
                0x08001748                HAL_NVIC_SetPriority
 .text.HAL_NVIC_EnableIRQ
                0x080017b0       0x1c build/stm32f4xx_hal_cortex.o
                0x080017b0                HAL_NVIC_EnableIRQ
 .text.HAL_SYSTICK_Config
                0x080017cc       0x2c build/stm32f4xx_hal_cortex.o
                0x080017cc                HAL_SYSTICK_Config
 .text.HAL_InitTick
                0x080017f8       0x4c build/stm32f4xx_hal.o
                0x080017f8                HAL_InitTick
 .text.HAL_Init
                0x08001844       0x34 build/stm32f4xx_hal.o
                0x08001844                HAL_Init
 .text.HAL_IncTick
                0x08001878       0x18 build/stm32f4xx_hal.o
                0x08001878                HAL_IncTick
 .text.HAL_GetTick
                0x08001890        0xc build/stm32f4xx_hal.o
                0x08001890                HAL_GetTick
 .text.SystemInit
                0x0800189c       0x1c build/system_stm32f4xx.o
                0x0800189c                SystemInit
 .text.Reset_Handler
                0x080018b8       0x50 build/startup_stm32f429xx.o
                0x080018b8                Reset_Handler
 .text.Default_Handler
                0x08001908        0x2 build/startup_stm32f429xx.o
                0x08001908                RTC_Alarm_IRQHandler
                0x08001908                HASH_RNG_IRQHandler
                0x08001908                EXTI2_IRQHandler
                0x08001908                TIM8_CC_IRQHandler
                0x08001908                UART8_IRQHandler
                0x08001908                SPI4_IRQHandler
                0x08001908                TIM1_CC_IRQHandler
                0x08001908                DMA2_Stream5_IRQHandler
                0x08001908                DMA1_Stream5_IRQHandler
                0x08001908                PVD_IRQHandler
                0x08001908                SDIO_IRQHandler
                0x08001908                TAMP_STAMP_IRQHandler
                0x08001908                CAN2_RX1_IRQHandler
                0x08001908                EXTI3_IRQHandler
                0x08001908                TIM8_TRG_COM_TIM14_IRQHandler
                0x08001908                TIM1_UP_TIM10_IRQHandler
                0x08001908                TIM8_UP_TIM13_IRQHandler
                0x08001908                I2C3_ER_IRQHandler
                0x08001908                EXTI0_IRQHandler
                0x08001908                I2C2_EV_IRQHandler
                0x08001908                DMA1_Stream2_IRQHandler
                0x08001908                CAN1_RX0_IRQHandler
                0x08001908                FPU_IRQHandler
                0x08001908                OTG_HS_WKUP_IRQHandler
                0x08001908                LTDC_ER_IRQHandler
                0x08001908                CAN2_SCE_IRQHandler
                0x08001908                DMA2_Stream2_IRQHandler
                0x08001908                SPI1_IRQHandler
                0x08001908                TIM6_DAC_IRQHandler
                0x08001908                TIM1_BRK_TIM9_IRQHandler
                0x08001908                DCMI_IRQHandler
                0x08001908                CAN2_RX0_IRQHandler
                0x08001908                DMA2_Stream3_IRQHandler
                0x08001908                USART6_IRQHandler
                0x08001908                USART3_IRQHandler
                0x08001908                CAN1_RX1_IRQHandler
                0x08001908                UART5_IRQHandler
                0x08001908                DMA2_Stream0_IRQHandler
                0x08001908                TIM4_IRQHandler
                0x08001908                I2C1_EV_IRQHandler
                0x08001908                DMA1_Stream6_IRQHandler
                0x08001908                DMA1_Stream1_IRQHandler
                0x08001908                UART4_IRQHandler
                0x08001908                TIM3_IRQHandler
                0x08001908                RCC_IRQHandler
                0x08001908                TIM8_BRK_TIM12_IRQHandler
                0x08001908                Default_Handler
                0x08001908                EXTI15_10_IRQHandler
                0x08001908                ADC_IRQHandler
                0x08001908                DMA1_Stream7_IRQHandler
                0x08001908                SPI5_IRQHandler
                0x08001908                TIM7_IRQHandler
                0x08001908                CAN2_TX_IRQHandler
                0x08001908                TIM5_IRQHandler
                0x08001908                DMA2_Stream7_IRQHandler
                0x08001908                I2C3_EV_IRQHandler
                0x08001908                EXTI9_5_IRQHandler
                0x08001908                RTC_WKUP_IRQHandler
                0x08001908                LTDC_IRQHandler
                0x08001908                ETH_WKUP_IRQHandler
                0x08001908                SPI2_IRQHandler
                0x08001908                OTG_HS_EP1_IN_IRQHandler
                0x08001908                DMA1_Stream0_IRQHandler
                0x08001908                CAN1_TX_IRQHandler
                0x08001908                EXTI4_IRQHandler
                0x08001908                ETH_IRQHandler
                0x08001908                OTG_HS_EP1_OUT_IRQHandler
                0x08001908                WWDG_IRQHandler
                0x08001908                SPI6_IRQHandler
                0x08001908                TIM2_IRQHandler
                0x08001908                OTG_FS_WKUP_IRQHandler
                0x08001908                TIM1_TRG_COM_TIM11_IRQHandler
                0x08001908                OTG_HS_IRQHandler
                0x08001908                DMA2D_IRQHandler
                0x08001908                EXTI1_IRQHandler
                0x08001908                UART7_IRQHandler
                0x08001908                USART2_IRQHandler
                0x08001908                I2C2_ER_IRQHandler
                0x08001908                DMA2_Stream1_IRQHandler
                0x08001908                CAN1_SCE_IRQHandler
                0x08001908                FLASH_IRQHandler
                0x08001908                DMA2_Stream4_IRQHandler
                0x08001908                OTG_FS_IRQHandler
                0x08001908                SPI3_IRQHandler
                0x08001908                DMA1_Stream4_IRQHandler
                0x08001908                I2C1_ER_IRQHandler
                0x08001908                FMC_IRQHandler
                0x08001908                DMA2_Stream6_IRQHandler
                0x08001908                SAI1_IRQHandler
                0x08001908                DMA1_Stream3_IRQHandler
 *fill*         0x0800190a        0x2 
 .text.__libc_init_array
                0x0800190c       0x48 d:/tools/gcc/9 2020-q2-update/bin/../lib/gcc/arm-none-eabi/9.3.1/../../../../arm-none-eabi/lib/thumb/v7e-m+fp/hard\libc_nano.a(lib_a-init.o)
                0x0800190c                __libc_init_array
 .text.memset   0x08001954       0x10 d:/tools/gcc/9 2020-q2-update/bin/../lib/gcc/arm-none-eabi/9.3.1/../../../../arm-none-eabi/lib/thumb/v7e-m+fp/hard\libc_nano.a(lib_a-memset.o)
                0x08001954                memset
 *(.glue_7)
 .glue_7        0x08001964        0x0 linker stubs
 *(.glue_7t)
 .glue_7t       0x08001964        0x0 linker stubs
 *(.eh_frame)
 .eh_frame      0x08001964        0x0 d:/tools/gcc/9 2020-q2-update/bin/../lib/gcc/arm-none-eabi/9.3.1/thumb/v7e-m+fp/hard/crtbegin.o
 *(.init)
 .init          0x08001964        0x4 d:/tools/gcc/9 2020-q2-update/bin/../lib/gcc/arm-none-eabi/9.3.1/thumb/v7e-m+fp/hard/crti.o
                0x08001964                _init
 .init          0x08001968        0x8 d:/tools/gcc/9 2020-q2-update/bin/../lib/gcc/arm-none-eabi/9.3.1/thumb/v7e-m+fp/hard/crtn.o
 *(.fini)
 .fini          0x08001970        0x4 d:/tools/gcc/9 2020-q2-update/bin/../lib/gcc/arm-none-eabi/9.3.1/thumb/v7e-m+fp/hard/crti.o
                0x08001970                _fini
 .fini          0x08001974        0x8 d:/tools/gcc/9 2020-q2-update/bin/../lib/gcc/arm-none-eabi/9.3.1/thumb/v7e-m+fp/hard/crtn.o
                0x0800197c                . = ALIGN (0x4)
                0x0800197c                _etext = .

.vfp11_veneer   0x0800197c        0x0
 .vfp11_veneer  0x0800197c        0x0 linker stubs

.v4_bx          0x0800197c        0x0
 .v4_bx         0x0800197c        0x0 linker stubs

.iplt           0x0800197c        0x0
 .iplt          0x0800197c        0x0 d:/tools/gcc/9 2020-q2-update/bin/../lib/gcc/arm-none-eabi/9.3.1/thumb/v7e-m+fp/hard/crtbegin.o

.rodata         0x0800197c       0x20
                0x0800197c                . = ALIGN (0x4)
 *(.rodata)
 *(.rodata*)
 .rodata.flagBitshiftOffset.7892
                0x0800197c        0x8 build/stm32f4xx_hal_dma.o
 .rodata.AHBPrescTable
                0x08001984       0x10 build/system_stm32f4xx.o
                0x08001984                AHBPrescTable
 .rodata.APBPrescTable
                0x08001994        0x8 build/system_stm32f4xx.o
                0x08001994                APBPrescTable
                0x0800199c                . = ALIGN (0x4)

.ARM.extab
 *(.ARM.extab* .gnu.linkonce.armextab.*)

.ARM            0x0800199c        0x8
                0x0800199c                __exidx_start = .
 *(.ARM.exidx*)
 .ARM.exidx     0x0800199c        0x8 d:/tools/gcc/9 2020-q2-update/bin/../lib/gcc/arm-none-eabi/9.3.1/thumb/v7e-m+fp/hard\libgcc.a(_udivmoddi4.o)
                0x080019a4                __exidx_end = .

.rel.dyn        0x080019a4        0x0
 .rel.iplt      0x080019a4        0x0 d:/tools/gcc/9 2020-q2-update/bin/../lib/gcc/arm-none-eabi/9.3.1/thumb/v7e-m+fp/hard/crtbegin.o

.preinit_array  0x080019a4        0x0
                0x080019a4                PROVIDE (__preinit_array_start = .)
 *(.preinit_array*)
                0x080019a4                PROVIDE (__preinit_array_end = .)

.init_array     0x080019a4        0x4
                0x080019a4                PROVIDE (__init_array_start = .)
 *(SORT_BY_NAME(.init_array.*))
 *(.init_array*)
 .init_array    0x080019a4        0x4 d:/tools/gcc/9 2020-q2-update/bin/../lib/gcc/arm-none-eabi/9.3.1/thumb/v7e-m+fp/hard/crtbegin.o
                0x080019a8                PROVIDE (__init_array_end = .)

.fini_array     0x080019a8        0x4
                [!provide]                PROVIDE (__fini_array_start = .)
 *(SORT_BY_NAME(.fini_array.*))
 *(.fini_array*)
 .fini_array    0x080019a8        0x4 d:/tools/gcc/9 2020-q2-update/bin/../lib/gcc/arm-none-eabi/9.3.1/thumb/v7e-m+fp/hard/crtbegin.o
                [!provide]                PROVIDE (__fini_array_end = .)
                0x080019ac                _sidata = LOADADDR (.data)

.data           0x20000000        0xc load address 0x080019ac
                0x20000000                . = ALIGN (0x4)
                0x20000000                _sdata = .
 *(.data)
 *(.data*)
 .data.uwTickFreq
                0x20000000        0x1 build/stm32f4xx_hal.o
                0x20000000                uwTickFreq
 *fill*         0x20000001        0x3 
 .data.uwTickPrio
                0x20000004        0x4 build/stm32f4xx_hal.o
                0x20000004                uwTickPrio
 .data.SystemCoreClock
                0x20000008        0x4 build/system_stm32f4xx.o
                0x20000008                SystemCoreClock
                0x2000000c                . = ALIGN (0x4)
                0x2000000c                _edata = .
                0x080019b8                _siccmram = LOADADDR (.ccmram)

.igot.plt       0x2000000c        0x0 load address 0x080019b8
 .igot.plt      0x2000000c        0x0 d:/tools/gcc/9 2020-q2-update/bin/../lib/gcc/arm-none-eabi/9.3.1/thumb/v7e-m+fp/hard/crtbegin.o

.ccmram         0x10000000        0x0 load address 0x080019b8
                0x10000000                . = ALIGN (0x4)
                0x10000000                _sccmram = .
 *(.ccmram)
 *(.ccmram*)
                0x10000000                . = ALIGN (0x4)
                0x10000000                _eccmram = .
                0x10000000                . = ALIGN (0x4)

.bss            0x2000000c       0xc0
                0x2000000c                _sbss = .
                0x2000000c                __bss_start__ = _sbss
 *(.bss)
 .bss           0x2000000c       0x1c d:/tools/gcc/9 2020-q2-update/bin/../lib/gcc/arm-none-eabi/9.3.1/thumb/v7e-m+fp/hard/crtbegin.o
 *(.bss*)
 *(COMMON)
 COMMON         0x20000028       0xa0 build/main.o
                0x20000028                hdma_memtomem_dma2_stream0
                0x20000088                huart1
 COMMON         0x200000c8        0x4 build/stm32f4xx_hal.o
                0x200000c8                uwTick
                0x200000cc                . = ALIGN (0x4)
                0x200000cc                _ebss = .
                0x200000cc                __bss_end__ = _ebss

._user_heap_stack
                0x200000cc      0x604
                0x200000d0                . = ALIGN (0x8)
 *fill*         0x200000cc        0x4 
                [!provide]                PROVIDE (end = .)
                [!provide]                PROVIDE (_end = .)
                0x200002d0                . = (. + _Min_Heap_Size)
 *fill*         0x200000d0      0x200 
                0x200006d0                . = (. + _Min_Stack_Size)
 *fill*         0x200002d0      0x400 
                0x200006d0                . = ALIGN (0x8)

/DISCARD/
 libc.a(*)
 libm.a(*)
 libgcc.a(*)

.ARM.attributes
                0x00000000       0x30
 *(.ARM.attributes)
 .ARM.attributes
                0x00000000       0x1e d:/tools/gcc/9 2020-q2-update/bin/../lib/gcc/arm-none-eabi/9.3.1/thumb/v7e-m+fp/hard/crti.o
 .ARM.attributes
                0x0000001e       0x34 d:/tools/gcc/9 2020-q2-update/bin/../lib/gcc/arm-none-eabi/9.3.1/thumb/v7e-m+fp/hard/crtbegin.o
 .ARM.attributes
                0x00000052       0x34 build/main.o
 .ARM.attributes
                0x00000086       0x34 build/stm32f4xx_it.o
 .ARM.attributes
                0x000000ba       0x34 build/stm32f4xx_hal_msp.o
 .ARM.attributes
                0x000000ee       0x34 build/stm32f4xx_hal_uart.o
 .ARM.attributes
                0x00000122       0x34 build/stm32f4xx_hal_rcc.o
 .ARM.attributes
                0x00000156       0x34 build/stm32f4xx_hal_gpio.o
 .ARM.attributes
                0x0000018a       0x34 build/stm32f4xx_hal_dma.o
 .ARM.attributes
                0x000001be       0x34 build/stm32f4xx_hal_pwr_ex.o
 .ARM.attributes
                0x000001f2       0x34 build/stm32f4xx_hal_cortex.o
 .ARM.attributes
                0x00000226       0x34 build/stm32f4xx_hal.o
 .ARM.attributes
                0x0000025a       0x34 build/system_stm32f4xx.o
 .ARM.attributes
                0x0000028e       0x21 build/startup_stm32f429xx.o
 .ARM.attributes
                0x000002af       0x34 d:/tools/gcc/9 2020-q2-update/bin/../lib/gcc/arm-none-eabi/9.3.1/../../../../arm-none-eabi/lib/thumb/v7e-m+fp/hard\libc_nano.a(lib_a-init.o)
 .ARM.attributes
                0x000002e3       0x34 d:/tools/gcc/9 2020-q2-update/bin/../lib/gcc/arm-none-eabi/9.3.1/../../../../arm-none-eabi/lib/thumb/v7e-m+fp/hard\libc_nano.a(lib_a-memset.o)
 .ARM.attributes
                0x00000317       0x1e d:/tools/gcc/9 2020-q2-update/bin/../lib/gcc/arm-none-eabi/9.3.1/thumb/v7e-m+fp/hard\libgcc.a(_aeabi_uldivmod.o)
 .ARM.attributes
                0x00000335       0x34 d:/tools/gcc/9 2020-q2-update/bin/../lib/gcc/arm-none-eabi/9.3.1/thumb/v7e-m+fp/hard\libgcc.a(_udivmoddi4.o)
 .ARM.attributes
                0x00000369       0x1e d:/tools/gcc/9 2020-q2-update/bin/../lib/gcc/arm-none-eabi/9.3.1/thumb/v7e-m+fp/hard\libgcc.a(_dvmd_tls.o)
 .ARM.attributes
                0x00000387       0x1e d:/tools/gcc/9 2020-q2-update/bin/../lib/gcc/arm-none-eabi/9.3.1/thumb/v7e-m+fp/hard/crtn.o
OUTPUT(build/stm32_UART_makefile.elf elf32-littlearm)
LOAD linker stubs
LOAD d:/tools/gcc/9 2020-q2-update/bin/../lib/gcc/arm-none-eabi/9.3.1/../../../../arm-none-eabi/lib/thumb/v7e-m+fp/hard\libc.a
LOAD d:/tools/gcc/9 2020-q2-update/bin/../lib/gcc/arm-none-eabi/9.3.1/../../../../arm-none-eabi/lib/thumb/v7e-m+fp/hard\libm.a
LOAD d:/tools/gcc/9 2020-q2-update/bin/../lib/gcc/arm-none-eabi/9.3.1/thumb/v7e-m+fp/hard\libgcc.a

.debug_info     0x00000000     0x9003
 .debug_info    0x00000000      0xe98 build/main.o
 .debug_info    0x00000e98      0x7db build/stm32f4xx_it.o
 .debug_info    0x00001673      0xe1f build/stm32f4xx_hal_msp.o
 .debug_info    0x00002492     0x1b31 build/stm32f4xx_hal_uart.o
 .debug_info    0x00003fc3      0xc66 build/stm32f4xx_hal_rcc.o
 .debug_info    0x00004c29      0x937 build/stm32f4xx_hal_gpio.o
 .debug_info    0x00005560      0xc8b build/stm32f4xx_hal_dma.o
 .debug_info    0x000061eb      0x940 build/stm32f4xx_hal_pwr_ex.o
 .debug_info    0x00006b2b     0x1274 build/stm32f4xx_hal_cortex.o
 .debug_info    0x00007d9f      0xbe4 build/stm32f4xx_hal.o
 .debug_info    0x00008983      0x65e build/system_stm32f4xx.o
 .debug_info    0x00008fe1       0x22 build/startup_stm32f429xx.o

.debug_abbrev   0x00000000     0x1a1d
 .debug_abbrev  0x00000000      0x245 build/main.o
 .debug_abbrev  0x00000245      0x197 build/stm32f4xx_it.o
 .debug_abbrev  0x000003dc      0x1e9 build/stm32f4xx_hal_msp.o
 .debug_abbrev  0x000005c5      0x318 build/stm32f4xx_hal_uart.o
 .debug_abbrev  0x000008dd      0x2cd build/stm32f4xx_hal_rcc.o
 .debug_abbrev  0x00000baa      0x258 build/stm32f4xx_hal_gpio.o
 .debug_abbrev  0x00000e02      0x312 build/stm32f4xx_hal_dma.o
 .debug_abbrev  0x00001114      0x1e9 build/stm32f4xx_hal_pwr_ex.o
 .debug_abbrev  0x000012fd      0x3a8 build/stm32f4xx_hal_cortex.o
 .debug_abbrev  0x000016a5      0x21c build/stm32f4xx_hal.o
 .debug_abbrev  0x000018c1      0x14a build/system_stm32f4xx.o
 .debug_abbrev  0x00001a0b       0x12 build/startup_stm32f429xx.o

.debug_loc      0x00000000     0x484a
 .debug_loc     0x00000000       0xe9 build/main.o
 .debug_loc     0x000000e9       0x40 build/stm32f4xx_it.o
 .debug_loc     0x00000129      0x114 build/stm32f4xx_hal_msp.o
 .debug_loc     0x0000023d     0x1d79 build/stm32f4xx_hal_uart.o
 .debug_loc     0x00001fb6      0x6c7 build/stm32f4xx_hal_rcc.o
 .debug_loc     0x0000267d      0x5c7 build/stm32f4xx_hal_gpio.o
 .debug_loc     0x00002c44      0xd6d build/stm32f4xx_hal_dma.o
 .debug_loc     0x000039b1      0x378 build/stm32f4xx_hal_pwr_ex.o
 .debug_loc     0x00003d29      0x7d4 build/stm32f4xx_hal_cortex.o
 .debug_loc     0x000044fd      0x1e1 build/stm32f4xx_hal.o
 .debug_loc     0x000046de      0x16c build/system_stm32f4xx.o

.debug_aranges  0x00000000      0x678
 .debug_aranges
                0x00000000       0x48 build/main.o
 .debug_aranges
                0x00000048       0x68 build/stm32f4xx_it.o
 .debug_aranges
                0x000000b0       0x30 build/stm32f4xx_hal_msp.o
 .debug_aranges
                0x000000e0      0x1d0 build/stm32f4xx_hal_uart.o
 .debug_aranges
                0x000002b0       0x88 build/stm32f4xx_hal_rcc.o
 .debug_aranges
                0x00000338       0x58 build/stm32f4xx_hal_gpio.o
 .debug_aranges
                0x00000390       0x90 build/stm32f4xx_hal_dma.o
 .debug_aranges
                0x00000420       0x60 build/stm32f4xx_hal_pwr_ex.o
 .debug_aranges
                0x00000480       0xa8 build/stm32f4xx_hal_cortex.o
 .debug_aranges
                0x00000528      0x100 build/stm32f4xx_hal.o
 .debug_aranges
                0x00000628       0x28 build/system_stm32f4xx.o
 .debug_aranges
                0x00000650       0x28 build/startup_stm32f429xx.o

.debug_ranges   0x00000000      0x638
 .debug_ranges  0x00000000       0x38 build/main.o
 .debug_ranges  0x00000038       0x58 build/stm32f4xx_it.o
 .debug_ranges  0x00000090       0x20 build/stm32f4xx_hal_msp.o
 .debug_ranges  0x000000b0      0x1c0 build/stm32f4xx_hal_uart.o
 .debug_ranges  0x00000270       0x90 build/stm32f4xx_hal_rcc.o
 .debug_ranges  0x00000300       0x48 build/stm32f4xx_hal_gpio.o
 .debug_ranges  0x00000348       0x80 build/stm32f4xx_hal_dma.o
 .debug_ranges  0x000003c8       0x50 build/stm32f4xx_hal_pwr_ex.o
 .debug_ranges  0x00000418       0xf8 build/stm32f4xx_hal_cortex.o
 .debug_ranges  0x00000510       0xf0 build/stm32f4xx_hal.o
 .debug_ranges  0x00000600       0x18 build/system_stm32f4xx.o
 .debug_ranges  0x00000618       0x20 build/startup_stm32f429xx.o

.debug_line     0x00000000     0x5a82
 .debug_line    0x00000000      0x450 build/main.o
 .debug_line    0x00000450      0x2c9 build/stm32f4xx_it.o
 .debug_line    0x00000719      0x2b4 build/stm32f4xx_hal_msp.o
 .debug_line    0x000009cd     0x1c3f build/stm32f4xx_hal_uart.o
 .debug_line    0x0000260c      0xb0a build/stm32f4xx_hal_rcc.o
 .debug_line    0x00003116      0x714 build/stm32f4xx_hal_gpio.o
 .debug_line    0x0000382a      0xdfd build/stm32f4xx_hal_dma.o
 .debug_line    0x00004627      0x49e build/stm32f4xx_hal_pwr_ex.o
 .debug_line    0x00004ac5      0x778 build/stm32f4xx_hal_cortex.o
 .debug_line    0x0000523d      0x573 build/stm32f4xx_hal.o
 .debug_line    0x000057b0      0x25f build/system_stm32f4xx.o
 .debug_line    0x00005a0f       0x73 build/startup_stm32f429xx.o

.debug_str      0x00000000     0x2485
 .debug_str     0x00000000      0x9a5 build/main.o
                                0xa45 (size before relaxing)
 .debug_str     0x000009a5       0xd5 build/stm32f4xx_it.o
                                0x747 (size before relaxing)
 .debug_str     0x00000a7a      0x5ec build/stm32f4xx_hal_msp.o
                                0xde3 (size before relaxing)
 .debug_str     0x00001066      0x5ab build/stm32f4xx_hal_uart.o
                                0xcdb (size before relaxing)
 .debug_str     0x00001611      0x18e build/stm32f4xx_hal_rcc.o
                                0x78b (size before relaxing)
 .debug_str     0x0000179f      0x153 build/stm32f4xx_hal_gpio.o
                                0x5ad (size before relaxing)
 .debug_str     0x000018f2      0x2c3 build/stm32f4xx_hal_dma.o
                                0x820 (size before relaxing)
 .debug_str     0x00001bb5      0x18f build/stm32f4xx_hal_pwr_ex.o
                                0x598 (size before relaxing)
 .debug_str     0x00001d44      0x477 build/stm32f4xx_hal_cortex.o
                                0xd38 (size before relaxing)
 .debug_str     0x000021bb      0x264 build/stm32f4xx_hal.o
                                0xc47 (size before relaxing)
 .debug_str     0x0000241f       0x42 build/system_stm32f4xx.o
                                0x411 (size before relaxing)
 .debug_str     0x00002461       0x24 build/startup_stm32f429xx.o
                                 0x59 (size before relaxing)

.comment        0x00000000       0x4c
 .comment       0x00000000       0x4c build/main.o
                                 0x4d (size before relaxing)
 .comment       0x0000004c       0x4d build/stm32f4xx_it.o
 .comment       0x0000004c       0x4d build/stm32f4xx_hal_msp.o
 .comment       0x0000004c       0x4d build/stm32f4xx_hal_uart.o
 .comment       0x0000004c       0x4d build/stm32f4xx_hal_rcc.o
 .comment       0x0000004c       0x4d build/stm32f4xx_hal_gpio.o
 .comment       0x0000004c       0x4d build/stm32f4xx_hal_dma.o
 .comment       0x0000004c       0x4d build/stm32f4xx_hal_pwr_ex.o
 .comment       0x0000004c       0x4d build/stm32f4xx_hal_cortex.o
 .comment       0x0000004c       0x4d build/stm32f4xx_hal.o
 .comment       0x0000004c       0x4d build/system_stm32f4xx.o

.debug_frame    0x00000000      0xfc0
 .debug_frame   0x00000000       0xa8 build/main.o
 .debug_frame   0x000000a8       0xc0 build/stm32f4xx_it.o
 .debug_frame   0x00000168       0x60 build/stm32f4xx_hal_msp.o
 .debug_frame   0x000001c8      0x4ec build/stm32f4xx_hal_uart.o
 .debug_frame   0x000006b4      0x174 build/stm32f4xx_hal_rcc.o
 .debug_frame   0x00000828       0xd8 build/stm32f4xx_hal_gpio.o
 .debug_frame   0x00000900      0x188 build/stm32f4xx_hal_dma.o
 .debug_frame   0x00000a88       0xf4 build/stm32f4xx_hal_pwr_ex.o
 .debug_frame   0x00000b7c      0x15c build/stm32f4xx_hal_cortex.o
 .debug_frame   0x00000cd8      0x20c build/stm32f4xx_hal.o
 .debug_frame   0x00000ee4       0x30 build/system_stm32f4xx.o
 .debug_frame   0x00000f14       0x2c d:/tools/gcc/9 2020-q2-update/bin/../lib/gcc/arm-none-eabi/9.3.1/../../../../arm-none-eabi/lib/thumb/v7e-m+fp/hard\libc_nano.a(lib_a-init.o)
 .debug_frame   0x00000f40       0x20 d:/tools/gcc/9 2020-q2-update/bin/../lib/gcc/arm-none-eabi/9.3.1/../../../../arm-none-eabi/lib/thumb/v7e-m+fp/hard\libc_nano.a(lib_a-memset.o)
 .debug_frame   0x00000f60       0x2c d:/tools/gcc/9 2020-q2-update/bin/../lib/gcc/arm-none-eabi/9.3.1/thumb/v7e-m+fp/hard\libgcc.a(_aeabi_uldivmod.o)
 .debug_frame   0x00000f8c       0x34 d:/tools/gcc/9 2020-q2-update/bin/../lib/gcc/arm-none-eabi/9.3.1/thumb/v7e-m+fp/hard\libgcc.a(_udivmoddi4.o)

Cross Reference Table

Symbol                                            File
ADC_IRQHandler                                    build/startup_stm32f429xx.o
AHBPrescTable                                     build/system_stm32f4xx.o
                                                  build/stm32f4xx_hal_rcc.o
APBPrescTable                                     build/system_stm32f4xx.o
                                                  build/stm32f4xx_hal_rcc.o
BusFault_Handler                                  build/stm32f4xx_it.o
CAN1_RX0_IRQHandler                               build/startup_stm32f429xx.o
CAN1_RX1_IRQHandler                               build/startup_stm32f429xx.o
CAN1_SCE_IRQHandler                               build/startup_stm32f429xx.o
CAN1_TX_IRQHandler                                build/startup_stm32f429xx.o
CAN2_RX0_IRQHandler                               build/startup_stm32f429xx.o
CAN2_RX1_IRQHandler                               build/startup_stm32f429xx.o
CAN2_SCE_IRQHandler                               build/startup_stm32f429xx.o
CAN2_TX_IRQHandler                                build/startup_stm32f429xx.o
DCMI_IRQHandler                                   build/startup_stm32f429xx.o
DMA1_Stream0_IRQHandler                           build/startup_stm32f429xx.o
DMA1_Stream1_IRQHandler                           build/startup_stm32f429xx.o
DMA1_Stream2_IRQHandler                           build/startup_stm32f429xx.o
DMA1_Stream3_IRQHandler                           build/startup_stm32f429xx.o
DMA1_Stream4_IRQHandler                           build/startup_stm32f429xx.o
DMA1_Stream5_IRQHandler                           build/startup_stm32f429xx.o
DMA1_Stream6_IRQHandler                           build/startup_stm32f429xx.o
DMA1_Stream7_IRQHandler                           build/startup_stm32f429xx.o
DMA2D_IRQHandler                                  build/startup_stm32f429xx.o
DMA2_Stream0_IRQHandler                           build/startup_stm32f429xx.o
DMA2_Stream1_IRQHandler                           build/startup_stm32f429xx.o
DMA2_Stream2_IRQHandler                           build/startup_stm32f429xx.o
DMA2_Stream3_IRQHandler                           build/startup_stm32f429xx.o
DMA2_Stream4_IRQHandler                           build/startup_stm32f429xx.o
DMA2_Stream5_IRQHandler                           build/startup_stm32f429xx.o
DMA2_Stream6_IRQHandler                           build/startup_stm32f429xx.o
DMA2_Stream7_IRQHandler                           build/startup_stm32f429xx.o
DebugMon_Handler                                  build/stm32f4xx_it.o
Default_Handler                                   build/startup_stm32f429xx.o
ETH_IRQHandler                                    build/startup_stm32f429xx.o
ETH_WKUP_IRQHandler                               build/startup_stm32f429xx.o
EXTI0_IRQHandler                                  build/startup_stm32f429xx.o
EXTI15_10_IRQHandler                              build/startup_stm32f429xx.o
EXTI1_IRQHandler                                  build/startup_stm32f429xx.o
EXTI2_IRQHandler                                  build/startup_stm32f429xx.o
EXTI3_IRQHandler                                  build/startup_stm32f429xx.o
EXTI4_IRQHandler                                  build/startup_stm32f429xx.o
EXTI9_5_IRQHandler                                build/startup_stm32f429xx.o
Error_Handler                                     build/main.o
FLASH_Erase_Sector                                build/stm32f4xx_hal_flash_ex.o
                                                  build/stm32f4xx_hal_flash.o
FLASH_FlushCaches                                 build/stm32f4xx_hal_flash_ex.o
                                                  build/stm32f4xx_hal_flash.o
FLASH_IRQHandler                                  build/startup_stm32f429xx.o
FLASH_WaitForLastOperation                        build/stm32f4xx_hal_flash.o
                                                  build/stm32f4xx_hal_flash_ex.o
FMC_IRQHandler                                    build/startup_stm32f429xx.o
FPU_IRQHandler                                    build/startup_stm32f429xx.o
HAL_DBGMCU_DisableDBGSleepMode                    build/stm32f4xx_hal.o
HAL_DBGMCU_DisableDBGStandbyMode                  build/stm32f4xx_hal.o
HAL_DBGMCU_DisableDBGStopMode                     build/stm32f4xx_hal.o
HAL_DBGMCU_EnableDBGSleepMode                     build/stm32f4xx_hal.o
HAL_DBGMCU_EnableDBGStandbyMode                   build/stm32f4xx_hal.o
HAL_DBGMCU_EnableDBGStopMode                      build/stm32f4xx_hal.o
HAL_DMAEx_ChangeMemory                            build/stm32f4xx_hal_dma_ex.o
HAL_DMAEx_MultiBufferStart                        build/stm32f4xx_hal_dma_ex.o
HAL_DMAEx_MultiBufferStart_IT                     build/stm32f4xx_hal_dma_ex.o
HAL_DMA_Abort                                     build/stm32f4xx_hal_dma.o
                                                  build/stm32f4xx_hal_uart.o
HAL_DMA_Abort_IT                                  build/stm32f4xx_hal_dma.o
                                                  build/stm32f4xx_hal_uart.o
HAL_DMA_DeInit                                    build/stm32f4xx_hal_dma.o
HAL_DMA_GetError                                  build/stm32f4xx_hal_dma.o
                                                  build/stm32f4xx_hal_uart.o
HAL_DMA_GetState                                  build/stm32f4xx_hal_dma.o
HAL_DMA_IRQHandler                                build/stm32f4xx_hal_dma.o
HAL_DMA_Init                                      build/stm32f4xx_hal_dma.o
                                                  build/main.o
HAL_DMA_PollForTransfer                           build/stm32f4xx_hal_dma.o
HAL_DMA_RegisterCallback                          build/stm32f4xx_hal_dma.o
HAL_DMA_Start                                     build/stm32f4xx_hal_dma.o
HAL_DMA_Start_IT                                  build/stm32f4xx_hal_dma.o
                                                  build/stm32f4xx_hal_uart.o
HAL_DMA_UnRegisterCallback                        build/stm32f4xx_hal_dma.o
HAL_DeInit                                        build/stm32f4xx_hal.o
HAL_Delay                                         build/stm32f4xx_hal.o
HAL_DisableCompensationCell                       build/stm32f4xx_hal.o
HAL_DisableMemorySwappingBank                     build/stm32f4xx_hal.o
HAL_EXTI_ClearConfigLine                          build/stm32f4xx_hal_exti.o
HAL_EXTI_ClearPending                             build/stm32f4xx_hal_exti.o
HAL_EXTI_GenerateSWI                              build/stm32f4xx_hal_exti.o
HAL_EXTI_GetConfigLine                            build/stm32f4xx_hal_exti.o
HAL_EXTI_GetHandle                                build/stm32f4xx_hal_exti.o
HAL_EXTI_GetPending                               build/stm32f4xx_hal_exti.o
HAL_EXTI_IRQHandler                               build/stm32f4xx_hal_exti.o
HAL_EXTI_RegisterCallback                         build/stm32f4xx_hal_exti.o
HAL_EXTI_SetConfigLine                            build/stm32f4xx_hal_exti.o
HAL_EnableCompensationCell                        build/stm32f4xx_hal.o
HAL_EnableMemorySwappingBank                      build/stm32f4xx_hal.o
HAL_FLASHEx_AdvOBGetConfig                        build/stm32f4xx_hal_flash_ex.o
HAL_FLASHEx_AdvOBProgram                          build/stm32f4xx_hal_flash_ex.o
HAL_FLASHEx_Erase                                 build/stm32f4xx_hal_flash_ex.o
HAL_FLASHEx_Erase_IT                              build/stm32f4xx_hal_flash_ex.o
HAL_FLASHEx_OBGetConfig                           build/stm32f4xx_hal_flash_ex.o
HAL_FLASHEx_OBProgram                             build/stm32f4xx_hal_flash_ex.o
HAL_FLASHEx_OB_DeSelectPCROP                      build/stm32f4xx_hal_flash_ex.o
HAL_FLASHEx_OB_GetBank2WRP                        build/stm32f4xx_hal_flash_ex.o
HAL_FLASHEx_OB_SelectPCROP                        build/stm32f4xx_hal_flash_ex.o
HAL_FLASH_EndOfOperationCallback                  build/stm32f4xx_hal_flash.o
HAL_FLASH_GetError                                build/stm32f4xx_hal_flash.o
HAL_FLASH_IRQHandler                              build/stm32f4xx_hal_flash.o
HAL_FLASH_Lock                                    build/stm32f4xx_hal_flash.o
HAL_FLASH_OB_Launch                               build/stm32f4xx_hal_flash.o
HAL_FLASH_OB_Lock                                 build/stm32f4xx_hal_flash.o
HAL_FLASH_OB_Unlock                               build/stm32f4xx_hal_flash.o
HAL_FLASH_OperationErrorCallback                  build/stm32f4xx_hal_flash.o
HAL_FLASH_Program                                 build/stm32f4xx_hal_flash.o
HAL_FLASH_Program_IT                              build/stm32f4xx_hal_flash.o
HAL_FLASH_Unlock                                  build/stm32f4xx_hal_flash.o
HAL_GPIO_DeInit                                   build/stm32f4xx_hal_gpio.o
                                                  build/stm32f4xx_hal_msp.o
HAL_GPIO_EXTI_Callback                            build/stm32f4xx_hal_gpio.o
HAL_GPIO_EXTI_IRQHandler                          build/stm32f4xx_hal_gpio.o
HAL_GPIO_Init                                     build/stm32f4xx_hal_gpio.o
                                                  build/stm32f4xx_hal_rcc.o
                                                  build/stm32f4xx_hal_msp.o
                                                  build/main.o
HAL_GPIO_LockPin                                  build/stm32f4xx_hal_gpio.o
HAL_GPIO_ReadPin                                  build/stm32f4xx_hal_gpio.o
HAL_GPIO_TogglePin                                build/stm32f4xx_hal_gpio.o
HAL_GPIO_WritePin                                 build/stm32f4xx_hal_gpio.o
HAL_GetDEVID                                      build/stm32f4xx_hal.o
HAL_GetHalVersion                                 build/stm32f4xx_hal.o
HAL_GetREVID                                      build/stm32f4xx_hal.o
HAL_GetTick                                       build/stm32f4xx_hal.o
                                                  build/stm32f4xx_hal_pwr_ex.o
                                                  build/stm32f4xx_hal_dma.o
                                                  build/stm32f4xx_hal_flash.o
                                                  build/stm32f4xx_hal_rcc_ex.o
                                                  build/stm32f4xx_hal_rcc.o
                                                  build/stm32f4xx_hal_uart.o
HAL_GetTickFreq                                   build/stm32f4xx_hal.o
HAL_GetTickPrio                                   build/stm32f4xx_hal.o
HAL_GetUIDw0                                      build/stm32f4xx_hal.o
HAL_GetUIDw1                                      build/stm32f4xx_hal.o
HAL_GetUIDw2                                      build/stm32f4xx_hal.o
HAL_HalfDuplex_EnableReceiver                     build/stm32f4xx_hal_uart.o
HAL_HalfDuplex_EnableTransmitter                  build/stm32f4xx_hal_uart.o
HAL_HalfDuplex_Init                               build/stm32f4xx_hal_uart.o
HAL_IncTick                                       build/stm32f4xx_hal.o
                                                  build/stm32f4xx_it.o
HAL_Init                                          build/stm32f4xx_hal.o
                                                  build/main.o
HAL_InitTick                                      build/stm32f4xx_hal.o
                                                  build/stm32f4xx_hal_rcc_ex.o
                                                  build/stm32f4xx_hal_rcc.o
HAL_LIN_Init                                      build/stm32f4xx_hal_uart.o
HAL_LIN_SendBreak                                 build/stm32f4xx_hal_uart.o
HAL_MPU_ConfigRegion                              build/stm32f4xx_hal_cortex.o
HAL_MPU_Disable                                   build/stm32f4xx_hal_cortex.o
HAL_MPU_Enable                                    build/stm32f4xx_hal_cortex.o
HAL_MspDeInit                                     build/stm32f4xx_hal.o
HAL_MspInit                                       build/stm32f4xx_hal_msp.o
HAL_MultiProcessor_EnterMuteMode                  build/stm32f4xx_hal_uart.o
HAL_MultiProcessor_ExitMuteMode                   build/stm32f4xx_hal_uart.o
HAL_MultiProcessor_Init                           build/stm32f4xx_hal_uart.o
HAL_NVIC_ClearPendingIRQ                          build/stm32f4xx_hal_cortex.o
HAL_NVIC_DisableIRQ                               build/stm32f4xx_hal_cortex.o
                                                  build/stm32f4xx_hal_msp.o
HAL_NVIC_EnableIRQ                                build/stm32f4xx_hal_cortex.o
                                                  build/stm32f4xx_hal_msp.o
HAL_NVIC_GetActive                                build/stm32f4xx_hal_cortex.o
HAL_NVIC_GetPendingIRQ                            build/stm32f4xx_hal_cortex.o
HAL_NVIC_GetPriority                              build/stm32f4xx_hal_cortex.o
HAL_NVIC_GetPriorityGrouping                      build/stm32f4xx_hal_cortex.o
HAL_NVIC_SetPendingIRQ                            build/stm32f4xx_hal_cortex.o
HAL_NVIC_SetPriority                              build/stm32f4xx_hal_cortex.o
                                                  build/stm32f4xx_hal.o
                                                  build/stm32f4xx_hal_msp.o
HAL_NVIC_SetPriorityGrouping                      build/stm32f4xx_hal_cortex.o
                                                  build/stm32f4xx_hal.o
HAL_NVIC_SystemReset                              build/stm32f4xx_hal_cortex.o
HAL_PWREx_ControlVoltageScaling                   build/stm32f4xx_hal_pwr_ex.o
HAL_PWREx_DisableBkUpReg                          build/stm32f4xx_hal_pwr_ex.o
HAL_PWREx_DisableFlashPowerDown                   build/stm32f4xx_hal_pwr_ex.o
HAL_PWREx_DisableOverDrive                        build/stm32f4xx_hal_pwr_ex.o
HAL_PWREx_EnableBkUpReg                           build/stm32f4xx_hal_pwr_ex.o
HAL_PWREx_EnableFlashPowerDown                    build/stm32f4xx_hal_pwr_ex.o
HAL_PWREx_EnableOverDrive                         build/stm32f4xx_hal_pwr_ex.o
                                                  build/main.o
HAL_PWREx_EnterUnderDriveSTOPMode                 build/stm32f4xx_hal_pwr_ex.o
HAL_PWREx_GetVoltageRange                         build/stm32f4xx_hal_pwr_ex.o
HAL_PWR_ConfigPVD                                 build/stm32f4xx_hal_pwr.o
HAL_PWR_DeInit                                    build/stm32f4xx_hal_pwr.o
HAL_PWR_DisableBkUpAccess                         build/stm32f4xx_hal_pwr.o
HAL_PWR_DisablePVD                                build/stm32f4xx_hal_pwr.o
HAL_PWR_DisableSEVOnPend                          build/stm32f4xx_hal_pwr.o
HAL_PWR_DisableSleepOnExit                        build/stm32f4xx_hal_pwr.o
HAL_PWR_DisableWakeUpPin                          build/stm32f4xx_hal_pwr.o
HAL_PWR_EnableBkUpAccess                          build/stm32f4xx_hal_pwr.o
HAL_PWR_EnablePVD                                 build/stm32f4xx_hal_pwr.o
HAL_PWR_EnableSEVOnPend                           build/stm32f4xx_hal_pwr.o
HAL_PWR_EnableSleepOnExit                         build/stm32f4xx_hal_pwr.o
HAL_PWR_EnableWakeUpPin                           build/stm32f4xx_hal_pwr.o
HAL_PWR_EnterSLEEPMode                            build/stm32f4xx_hal_pwr.o
HAL_PWR_EnterSTANDBYMode                          build/stm32f4xx_hal_pwr.o
HAL_PWR_EnterSTOPMode                             build/stm32f4xx_hal_pwr.o
HAL_PWR_PVDCallback                               build/stm32f4xx_hal_pwr.o
HAL_PWR_PVD_IRQHandler                            build/stm32f4xx_hal_pwr.o
HAL_RCCEx_DisablePLLI2S                           build/stm32f4xx_hal_rcc_ex.o
HAL_RCCEx_DisablePLLSAI                           build/stm32f4xx_hal_rcc_ex.o
HAL_RCCEx_EnablePLLI2S                            build/stm32f4xx_hal_rcc_ex.o
HAL_RCCEx_EnablePLLSAI                            build/stm32f4xx_hal_rcc_ex.o
HAL_RCCEx_GetPeriphCLKConfig                      build/stm32f4xx_hal_rcc_ex.o
HAL_RCCEx_GetPeriphCLKFreq                        build/stm32f4xx_hal_rcc_ex.o
HAL_RCCEx_PeriphCLKConfig                         build/stm32f4xx_hal_rcc_ex.o
HAL_RCC_CSSCallback                               build/stm32f4xx_hal_rcc.o
HAL_RCC_ClockConfig                               build/stm32f4xx_hal_rcc.o
                                                  build/main.o
HAL_RCC_DeInit                                    build/stm32f4xx_hal_rcc_ex.o
                                                  build/stm32f4xx_hal_rcc.o
HAL_RCC_DisableCSS                                build/stm32f4xx_hal_rcc.o
HAL_RCC_EnableCSS                                 build/stm32f4xx_hal_rcc.o
HAL_RCC_GetClockConfig                            build/stm32f4xx_hal_rcc.o
HAL_RCC_GetHCLKFreq                               build/stm32f4xx_hal_rcc.o
HAL_RCC_GetOscConfig                              build/stm32f4xx_hal_rcc.o
HAL_RCC_GetPCLK1Freq                              build/stm32f4xx_hal_rcc.o
                                                  build/stm32f4xx_hal_uart.o
HAL_RCC_GetPCLK2Freq                              build/stm32f4xx_hal_rcc.o
                                                  build/stm32f4xx_hal_uart.o
HAL_RCC_GetSysClockFreq                           build/stm32f4xx_hal_rcc.o
HAL_RCC_MCOConfig                                 build/stm32f4xx_hal_rcc.o
                                                  build/main.o
HAL_RCC_NMI_IRQHandler                            build/stm32f4xx_hal_rcc.o
HAL_RCC_OscConfig                                 build/stm32f4xx_hal_rcc.o
                                                  build/main.o
HAL_ResumeTick                                    build/stm32f4xx_hal.o
HAL_SYSTICK_CLKSourceConfig                       build/stm32f4xx_hal_cortex.o
HAL_SYSTICK_Callback                              build/stm32f4xx_hal_cortex.o
HAL_SYSTICK_Config                                build/stm32f4xx_hal_cortex.o
                                                  build/stm32f4xx_hal.o
HAL_SYSTICK_IRQHandler                            build/stm32f4xx_hal_cortex.o
HAL_SetTickFreq                                   build/stm32f4xx_hal.o
HAL_SuspendTick                                   build/stm32f4xx_hal.o
HAL_UART_Abort                                    build/stm32f4xx_hal_uart.o
HAL_UART_AbortCpltCallback                        build/stm32f4xx_hal_uart.o
HAL_UART_AbortReceive                             build/stm32f4xx_hal_uart.o
HAL_UART_AbortReceiveCpltCallback                 build/stm32f4xx_hal_uart.o
HAL_UART_AbortReceive_IT                          build/stm32f4xx_hal_uart.o
HAL_UART_AbortTransmit                            build/stm32f4xx_hal_uart.o
HAL_UART_AbortTransmitCpltCallback                build/stm32f4xx_hal_uart.o
HAL_UART_AbortTransmit_IT                         build/stm32f4xx_hal_uart.o
HAL_UART_Abort_IT                                 build/stm32f4xx_hal_uart.o
HAL_UART_DMAPause                                 build/stm32f4xx_hal_uart.o
HAL_UART_DMAResume                                build/stm32f4xx_hal_uart.o
HAL_UART_DMAStop                                  build/stm32f4xx_hal_uart.o
HAL_UART_DeInit                                   build/stm32f4xx_hal_uart.o
HAL_UART_ErrorCallback                            build/stm32f4xx_hal_uart.o
HAL_UART_GetError                                 build/stm32f4xx_hal_uart.o
HAL_UART_GetState                                 build/stm32f4xx_hal_uart.o
HAL_UART_IRQHandler                               build/stm32f4xx_hal_uart.o
                                                  build/stm32f4xx_it.o
HAL_UART_Init                                     build/stm32f4xx_hal_uart.o
                                                  build/main.o
HAL_UART_MspDeInit                                build/stm32f4xx_hal_msp.o
HAL_UART_MspInit                                  build/stm32f4xx_hal_msp.o
HAL_UART_Receive                                  build/stm32f4xx_hal_uart.o
HAL_UART_Receive_DMA                              build/stm32f4xx_hal_uart.o
HAL_UART_Receive_IT                               build/stm32f4xx_hal_uart.o
HAL_UART_RxCpltCallback                           build/stm32f4xx_hal_uart.o
HAL_UART_RxHalfCpltCallback                       build/stm32f4xx_hal_uart.o
HAL_UART_Transmit                                 build/stm32f4xx_hal_uart.o
HAL_UART_Transmit_DMA                             build/stm32f4xx_hal_uart.o
HAL_UART_Transmit_IT                              build/stm32f4xx_hal_uart.o
HAL_UART_TxCpltCallback                           build/stm32f4xx_hal_uart.o
HAL_UART_TxHalfCpltCallback                       build/stm32f4xx_hal_uart.o
HASH_RNG_IRQHandler                               build/startup_stm32f429xx.o
HardFault_Handler                                 build/stm32f4xx_it.o
I2C1_ER_IRQHandler                                build/startup_stm32f429xx.o
I2C1_EV_IRQHandler                                build/startup_stm32f429xx.o
I2C2_ER_IRQHandler                                build/startup_stm32f429xx.o
I2C2_EV_IRQHandler                                build/startup_stm32f429xx.o
I2C3_ER_IRQHandler                                build/startup_stm32f429xx.o
I2C3_EV_IRQHandler                                build/startup_stm32f429xx.o
LTDC_ER_IRQHandler                                build/startup_stm32f429xx.o
LTDC_IRQHandler                                   build/startup_stm32f429xx.o
MemManage_Handler                                 build/stm32f4xx_it.o
NMI_Handler                                       build/stm32f4xx_it.o
OTG_FS_IRQHandler                                 build/startup_stm32f429xx.o
OTG_FS_WKUP_IRQHandler                            build/startup_stm32f429xx.o
OTG_HS_EP1_IN_IRQHandler                          build/startup_stm32f429xx.o
OTG_HS_EP1_OUT_IRQHandler                         build/startup_stm32f429xx.o
OTG_HS_IRQHandler                                 build/startup_stm32f429xx.o
OTG_HS_WKUP_IRQHandler                            build/startup_stm32f429xx.o
PVD_IRQHandler                                    build/startup_stm32f429xx.o
PendSV_Handler                                    build/stm32f4xx_it.o
RCC_IRQHandler                                    build/startup_stm32f429xx.o
RTC_Alarm_IRQHandler                              build/startup_stm32f429xx.o
RTC_WKUP_IRQHandler                               build/startup_stm32f429xx.o
Reset_Handler                                     build/startup_stm32f429xx.o
SAI1_IRQHandler                                   build/startup_stm32f429xx.o
SDIO_IRQHandler                                   build/startup_stm32f429xx.o
SPI1_IRQHandler                                   build/startup_stm32f429xx.o
SPI2_IRQHandler                                   build/startup_stm32f429xx.o
SPI3_IRQHandler                                   build/startup_stm32f429xx.o
SPI4_IRQHandler                                   build/startup_stm32f429xx.o
SPI5_IRQHandler                                   build/startup_stm32f429xx.o
SPI6_IRQHandler                                   build/startup_stm32f429xx.o
SVC_Handler                                       build/stm32f4xx_it.o
SysTick_Handler                                   build/stm32f4xx_it.o
SystemClock_Config                                build/main.o
SystemCoreClock                                   build/system_stm32f4xx.o
                                                  build/stm32f4xx_hal.o
                                                  build/stm32f4xx_hal_dma.o
                                                  build/stm32f4xx_hal_rcc_ex.o
                                                  build/stm32f4xx_hal_rcc.o
SystemCoreClockUpdate                             build/system_stm32f4xx.o
SystemInit                                        build/system_stm32f4xx.o
                                                  build/startup_stm32f429xx.o
TAMP_STAMP_IRQHandler                             build/startup_stm32f429xx.o
TIM1_BRK_TIM9_IRQHandler                          build/startup_stm32f429xx.o
TIM1_CC_IRQHandler                                build/startup_stm32f429xx.o
TIM1_TRG_COM_TIM11_IRQHandler                     build/startup_stm32f429xx.o
TIM1_UP_TIM10_IRQHandler                          build/startup_stm32f429xx.o
TIM2_IRQHandler                                   build/startup_stm32f429xx.o
TIM3_IRQHandler                                   build/startup_stm32f429xx.o
TIM4_IRQHandler                                   build/startup_stm32f429xx.o
TIM5_IRQHandler                                   build/startup_stm32f429xx.o
TIM6_DAC_IRQHandler                               build/startup_stm32f429xx.o
TIM7_IRQHandler                                   build/startup_stm32f429xx.o
TIM8_BRK_TIM12_IRQHandler                         build/startup_stm32f429xx.o
TIM8_CC_IRQHandler                                build/startup_stm32f429xx.o
TIM8_TRG_COM_TIM14_IRQHandler                     build/startup_stm32f429xx.o
TIM8_UP_TIM13_IRQHandler                          build/startup_stm32f429xx.o
UART4_IRQHandler                                  build/startup_stm32f429xx.o
UART5_IRQHandler                                  build/startup_stm32f429xx.o
UART7_IRQHandler                                  build/startup_stm32f429xx.o
UART8_IRQHandler                                  build/startup_stm32f429xx.o
USART1_IRQHandler                                 build/stm32f4xx_it.o
USART2_IRQHandler                                 build/startup_stm32f429xx.o
USART3_IRQHandler                                 build/startup_stm32f429xx.o
USART6_IRQHandler                                 build/startup_stm32f429xx.o
UsageFault_Handler                                build/stm32f4xx_it.o
WWDG_IRQHandler                                   build/startup_stm32f429xx.o
__aeabi_idiv0                                     d:/tools/gcc/9 2020-q2-update/bin/../lib/gcc/arm-none-eabi/9.3.1/thumb/v7e-m+fp/hard\libgcc.a(_dvmd_tls.o)
__aeabi_ldiv0                                     d:/tools/gcc/9 2020-q2-update/bin/../lib/gcc/arm-none-eabi/9.3.1/thumb/v7e-m+fp/hard\libgcc.a(_dvmd_tls.o)
                                                  d:/tools/gcc/9 2020-q2-update/bin/../lib/gcc/arm-none-eabi/9.3.1/thumb/v7e-m+fp/hard\libgcc.a(_aeabi_uldivmod.o)
__aeabi_uldivmod                                  d:/tools/gcc/9 2020-q2-update/bin/../lib/gcc/arm-none-eabi/9.3.1/thumb/v7e-m+fp/hard\libgcc.a(_aeabi_uldivmod.o)
                                                  build/stm32f4xx_hal_rcc.o
                                                  build/stm32f4xx_hal_uart.o
__bss_end__                                       d:/tools/gcc/9 2020-q2-update/bin/../lib/gcc/arm-none-eabi/9.3.1/../../../../arm-none-eabi/lib/thumb/v7e-m+fp/hard/crt0.o
__bss_start__                                     d:/tools/gcc/9 2020-q2-update/bin/../lib/gcc/arm-none-eabi/9.3.1/../../../../arm-none-eabi/lib/thumb/v7e-m+fp/hard/crt0.o
__call_exitprocs                                  d:/tools/gcc/9 2020-q2-update/bin/../lib/gcc/arm-none-eabi/9.3.1/../../../../arm-none-eabi/lib/thumb/v7e-m+fp/hard\libc_nano.a(lib_a-exit.o)
__deregister_frame_info                           d:/tools/gcc/9 2020-q2-update/bin/../lib/gcc/arm-none-eabi/9.3.1/thumb/v7e-m+fp/hard/crtbegin.o
__dso_handle                                      d:/tools/gcc/9 2020-q2-update/bin/../lib/gcc/arm-none-eabi/9.3.1/thumb/v7e-m+fp/hard/crtbegin.o
__init_array_end                                  d:/tools/gcc/9 2020-q2-update/bin/../lib/gcc/arm-none-eabi/9.3.1/../../../../arm-none-eabi/lib/thumb/v7e-m+fp/hard\libc_nano.a(lib_a-init.o)
__init_array_start                                d:/tools/gcc/9 2020-q2-update/bin/../lib/gcc/arm-none-eabi/9.3.1/../../../../arm-none-eabi/lib/thumb/v7e-m+fp/hard\libc_nano.a(lib_a-init.o)
__libc_fini_array                                 d:/tools/gcc/9 2020-q2-update/bin/../lib/gcc/arm-none-eabi/9.3.1/../../../../arm-none-eabi/lib/thumb/v7e-m+fp/hard/crt0.o
__libc_init_array                                 d:/tools/gcc/9 2020-q2-update/bin/../lib/gcc/arm-none-eabi/9.3.1/../../../../arm-none-eabi/lib/thumb/v7e-m+fp/hard\libc_nano.a(lib_a-init.o)
                                                  build/startup_stm32f429xx.o
                                                  d:/tools/gcc/9 2020-q2-update/bin/../lib/gcc/arm-none-eabi/9.3.1/../../../../arm-none-eabi/lib/thumb/v7e-m+fp/hard/crt0.o
__preinit_array_end                               d:/tools/gcc/9 2020-q2-update/bin/../lib/gcc/arm-none-eabi/9.3.1/../../../../arm-none-eabi/lib/thumb/v7e-m+fp/hard\libc_nano.a(lib_a-init.o)
__preinit_array_start                             d:/tools/gcc/9 2020-q2-update/bin/../lib/gcc/arm-none-eabi/9.3.1/../../../../arm-none-eabi/lib/thumb/v7e-m+fp/hard\libc_nano.a(lib_a-init.o)
__register_frame_info                             d:/tools/gcc/9 2020-q2-update/bin/../lib/gcc/arm-none-eabi/9.3.1/thumb/v7e-m+fp/hard/crtbegin.o
__sf_fake_stderr                                  d:/tools/gcc/9 2020-q2-update/bin/../lib/gcc/arm-none-eabi/9.3.1/../../../../arm-none-eabi/lib/thumb/v7e-m+fp/hard\libc_nano.a(lib_a-impure.o)
__sf_fake_stdin                                   d:/tools/gcc/9 2020-q2-update/bin/../lib/gcc/arm-none-eabi/9.3.1/../../../../arm-none-eabi/lib/thumb/v7e-m+fp/hard\libc_nano.a(lib_a-impure.o)
__sf_fake_stdout                                  d:/tools/gcc/9 2020-q2-update/bin/../lib/gcc/arm-none-eabi/9.3.1/../../../../arm-none-eabi/lib/thumb/v7e-m+fp/hard\libc_nano.a(lib_a-impure.o)
__stack                                           d:/tools/gcc/9 2020-q2-update/bin/../lib/gcc/arm-none-eabi/9.3.1/../../../../arm-none-eabi/lib/thumb/v7e-m+fp/hard/crt0.o
__udivmoddi4                                      d:/tools/gcc/9 2020-q2-update/bin/../lib/gcc/arm-none-eabi/9.3.1/thumb/v7e-m+fp/hard\libgcc.a(_udivmoddi4.o)
                                                  d:/tools/gcc/9 2020-q2-update/bin/../lib/gcc/arm-none-eabi/9.3.1/thumb/v7e-m+fp/hard\libgcc.a(_aeabi_uldivmod.o)
_ebss                                             build/startup_stm32f429xx.o
_edata                                            build/startup_stm32f429xx.o
_estack                                           build/startup_stm32f429xx.o
_exit                                             d:/tools/gcc/9 2020-q2-update/bin/../lib/gcc/arm-none-eabi/9.3.1/../../../../arm-none-eabi/lib/thumb/v7e-m+fp/hard\libnosys.a(_exit.o)
                                                  d:/tools/gcc/9 2020-q2-update/bin/../lib/gcc/arm-none-eabi/9.3.1/../../../../arm-none-eabi/lib/thumb/v7e-m+fp/hard\libc_nano.a(lib_a-exit.o)
_fini                                             d:/tools/gcc/9 2020-q2-update/bin/../lib/gcc/arm-none-eabi/9.3.1/thumb/v7e-m+fp/hard/crti.o
_global_impure_ptr                                d:/tools/gcc/9 2020-q2-update/bin/../lib/gcc/arm-none-eabi/9.3.1/../../../../arm-none-eabi/lib/thumb/v7e-m+fp/hard\libc_nano.a(lib_a-impure.o)
                                                  d:/tools/gcc/9 2020-q2-update/bin/../lib/gcc/arm-none-eabi/9.3.1/../../../../arm-none-eabi/lib/thumb/v7e-m+fp/hard\libc_nano.a(lib_a-exit.o)
_impure_ptr                                       d:/tools/gcc/9 2020-q2-update/bin/../lib/gcc/arm-none-eabi/9.3.1/../../../../arm-none-eabi/lib/thumb/v7e-m+fp/hard\libc_nano.a(lib_a-impure.o)
_init                                             d:/tools/gcc/9 2020-q2-update/bin/../lib/gcc/arm-none-eabi/9.3.1/thumb/v7e-m+fp/hard/crti.o
                                                  d:/tools/gcc/9 2020-q2-update/bin/../lib/gcc/arm-none-eabi/9.3.1/../../../../arm-none-eabi/lib/thumb/v7e-m+fp/hard\libc_nano.a(lib_a-init.o)
_mainCRTStartup                                   d:/tools/gcc/9 2020-q2-update/bin/../lib/gcc/arm-none-eabi/9.3.1/../../../../arm-none-eabi/lib/thumb/v7e-m+fp/hard/crt0.o
_sbss                                             build/startup_stm32f429xx.o
_sdata                                            build/startup_stm32f429xx.o
_sidata                                           build/startup_stm32f429xx.o
_stack_init                                       d:/tools/gcc/9 2020-q2-update/bin/../lib/gcc/arm-none-eabi/9.3.1/../../../../arm-none-eabi/lib/thumb/v7e-m+fp/hard/crt0.o
_start                                            d:/tools/gcc/9 2020-q2-update/bin/../lib/gcc/arm-none-eabi/9.3.1/../../../../arm-none-eabi/lib/thumb/v7e-m+fp/hard/crt0.o
atexit                                            d:/tools/gcc/9 2020-q2-update/bin/../lib/gcc/arm-none-eabi/9.3.1/../../../../arm-none-eabi/lib/thumb/v7e-m+fp/hard/crt0.o
exit                                              d:/tools/gcc/9 2020-q2-update/bin/../lib/gcc/arm-none-eabi/9.3.1/../../../../arm-none-eabi/lib/thumb/v7e-m+fp/hard\libc_nano.a(lib_a-exit.o)
                                                  d:/tools/gcc/9 2020-q2-update/bin/../lib/gcc/arm-none-eabi/9.3.1/../../../../arm-none-eabi/lib/thumb/v7e-m+fp/hard/crt0.o
g_pfnVectors                                      build/startup_stm32f429xx.o
hardware_init_hook                                d:/tools/gcc/9 2020-q2-update/bin/../lib/gcc/arm-none-eabi/9.3.1/../../../../arm-none-eabi/lib/thumb/v7e-m+fp/hard/crt0.o
hdma_memtomem_dma2_stream0                        build/main.o
huart1                                            build/main.o
                                                  build/stm32f4xx_it.o
main                                              build/main.o
                                                  build/startup_stm32f429xx.o
                                                  d:/tools/gcc/9 2020-q2-update/bin/../lib/gcc/arm-none-eabi/9.3.1/../../../../arm-none-eabi/lib/thumb/v7e-m+fp/hard/crt0.o
memset                                            d:/tools/gcc/9 2020-q2-update/bin/../lib/gcc/arm-none-eabi/9.3.1/../../../../arm-none-eabi/lib/thumb/v7e-m+fp/hard\libc_nano.a(lib_a-memset.o)
                                                  build/main.o
                                                  d:/tools/gcc/9 2020-q2-update/bin/../lib/gcc/arm-none-eabi/9.3.1/../../../../arm-none-eabi/lib/thumb/v7e-m+fp/hard/crt0.o
pFlash                                            build/stm32f4xx_hal_flash.o
                                                  build/stm32f4xx_hal_flash_ex.o
software_init_hook                                d:/tools/gcc/9 2020-q2-update/bin/../lib/gcc/arm-none-eabi/9.3.1/../../../../arm-none-eabi/lib/thumb/v7e-m+fp/hard/crt0.o
uwTick                                            build/stm32f4xx_hal.o
uwTickFreq                                        build/stm32f4xx_hal.o
uwTickPrio                                        build/stm32f4xx_hal.o
                                                  build/stm32f4xx_hal_rcc_ex.o
                                                  build/stm32f4xx_hal_rcc.o
